 
****************************************
check_design summary:
Version:     R-2020.09-SP5
Date:        Wed Sep 13 21:23:40 2023
****************************************

                   Name                                            Total
--------------------------------------------------------------------------------
Inputs/Outputs                                                    128
    Unconnected ports (LINT-28)                                    32
    Feedthrough (LINT-29)                                          64
    Shorted outputs (LINT-31)                                      32

Cells                                                               9
    Cells do not drive (LINT-1)                                     9

Nets                                                                6
    Unloaded nets (LINT-2)                                          6
--------------------------------------------------------------------------------

Warning: In design 'alu', cell 'B_19' does not drive any nets. (LINT-1)
Warning: In design 'alu', cell 'B_20' does not drive any nets. (LINT-1)
Warning: In design 'alu', cell 'C553' does not drive any nets. (LINT-1)
Warning: In design 'alu', cell 'C554' does not drive any nets. (LINT-1)
Warning: In design 'alu', cell 'C651' does not drive any nets. (LINT-1)
Warning: In design 'alu', cell 'C653' does not drive any nets. (LINT-1)
Warning: In design 'alu', cell 'C654' does not drive any nets. (LINT-1)
Warning: In design 'alu', cell 'B_23' does not drive any nets. (LINT-1)
Warning: In design 'alu', cell 'B_24' does not drive any nets. (LINT-1)
Warning: In design 'top_pipe', net 'top0/EXE_alu_overflow' driven by pin 'top0/EXE_stage/alu_overflow' has no loads. (LINT-2)
Warning: In design 'top_pipe', net 'top0/EXE_rs_addr[0]' driven by pin 'top0/ID_EXE/EXE_rs_addr[0]' has no loads. (LINT-2)
Warning: In design 'top_pipe', net 'top0/EXE_rs_addr[1]' driven by pin 'top0/ID_EXE/EXE_rs_addr[1]' has no loads. (LINT-2)
Warning: In design 'top_pipe', net 'top0/EXE_rs_addr[2]' driven by pin 'top0/ID_EXE/EXE_rs_addr[2]' has no loads. (LINT-2)
Warning: In design 'top_pipe', net 'top0/EXE_rs_addr[3]' driven by pin 'top0/ID_EXE/EXE_rs_addr[3]' has no loads. (LINT-2)
Warning: In design 'top_pipe', net 'top0/EXE_rs_addr[4]' driven by pin 'top0/ID_EXE/EXE_rs_addr[4]' has no loads. (LINT-2)
Warning: In design 'controller', port 'instn[25]' is not connected to any nets. (LINT-28)
Warning: In design 'controller', port 'instn[24]' is not connected to any nets. (LINT-28)
Warning: In design 'controller', port 'instn[23]' is not connected to any nets. (LINT-28)
Warning: In design 'controller', port 'instn[22]' is not connected to any nets. (LINT-28)
Warning: In design 'controller', port 'instn[21]' is not connected to any nets. (LINT-28)
Warning: In design 'controller', port 'instn[20]' is not connected to any nets. (LINT-28)
Warning: In design 'controller', port 'instn[19]' is not connected to any nets. (LINT-28)
Warning: In design 'controller', port 'instn[18]' is not connected to any nets. (LINT-28)
Warning: In design 'controller', port 'instn[17]' is not connected to any nets. (LINT-28)
Warning: In design 'controller', port 'instn[16]' is not connected to any nets. (LINT-28)
Warning: In design 'controller', port 'instn[15]' is not connected to any nets. (LINT-28)
Warning: In design 'controller', port 'instn[14]' is not connected to any nets. (LINT-28)
Warning: In design 'controller', port 'instn[13]' is not connected to any nets. (LINT-28)
Warning: In design 'controller', port 'instn[12]' is not connected to any nets. (LINT-28)
Warning: In design 'controller', port 'instn[11]' is not connected to any nets. (LINT-28)
Warning: In design 'controller', port 'instn[10]' is not connected to any nets. (LINT-28)
Warning: In design 'controller', port 'instn[9]' is not connected to any nets. (LINT-28)
Warning: In design 'controller', port 'instn[8]' is not connected to any nets. (LINT-28)
Warning: In design 'controller', port 'instn[7]' is not connected to any nets. (LINT-28)
Warning: In design 'controller', port 'instn[6]' is not connected to any nets. (LINT-28)
Warning: In design 'controller', port 'instn[5]' is not connected to any nets. (LINT-28)
Warning: In design 'controller', port 'instn[4]' is not connected to any nets. (LINT-28)
Warning: In design 'controller', port 'instn[3]' is not connected to any nets. (LINT-28)
Warning: In design 'controller', port 'instn[2]' is not connected to any nets. (LINT-28)
Warning: In design 'controller', port 'instn[1]' is not connected to any nets. (LINT-28)
Warning: In design 'controller', port 'instn[0]' is not connected to any nets. (LINT-28)
Warning: In design 'alu', port 'opcode[5]' is not connected to any nets. (LINT-28)
Warning: In design 'alu', port 'opcode[4]' is not connected to any nets. (LINT-28)
Warning: In design 'alu', port 'opcode[3]' is not connected to any nets. (LINT-28)
Warning: In design 'alu', port 'opcode[2]' is not connected to any nets. (LINT-28)
Warning: In design 'alu', port 'opcode[1]' is not connected to any nets. (LINT-28)
Warning: In design 'alu', port 'opcode[0]' is not connected to any nets. (LINT-28)
Warning: In design 'ID_stage', input port 'instn[25]' is connected directly to output port 'rs_addr[4]'. (LINT-29)
Warning: In design 'ID_stage', input port 'instn[24]' is connected directly to output port 'rs_addr[3]'. (LINT-29)
Warning: In design 'ID_stage', input port 'instn[23]' is connected directly to output port 'rs_addr[2]'. (LINT-29)
Warning: In design 'ID_stage', input port 'instn[22]' is connected directly to output port 'rs_addr[1]'. (LINT-29)
Warning: In design 'ID_stage', input port 'instn[21]' is connected directly to output port 'rs_addr[0]'. (LINT-29)
Warning: In design 'ID_stage', input port 'instn[20]' is connected directly to output port 'rt_addr[4]'. (LINT-29)
Warning: In design 'ID_stage', input port 'instn[19]' is connected directly to output port 'rt_addr[3]'. (LINT-29)
Warning: In design 'ID_stage', input port 'instn[18]' is connected directly to output port 'rt_addr[2]'. (LINT-29)
Warning: In design 'ID_stage', input port 'instn[17]' is connected directly to output port 'rt_addr[1]'. (LINT-29)
Warning: In design 'ID_stage', input port 'instn[16]' is connected directly to output port 'rt_addr[0]'. (LINT-29)
Warning: In design 'ID_stage', input port 'instn[15]' is connected directly to output port 'immd[15]'. (LINT-29)
Warning: In design 'ID_stage', input port 'instn[15]' is connected directly to output port 'immd[16]'. (LINT-29)
Warning: In design 'ID_stage', input port 'instn[15]' is connected directly to output port 'immd[17]'. (LINT-29)
Warning: In design 'ID_stage', input port 'instn[15]' is connected directly to output port 'immd[18]'. (LINT-29)
Warning: In design 'ID_stage', input port 'instn[15]' is connected directly to output port 'immd[19]'. (LINT-29)
Warning: In design 'ID_stage', input port 'instn[15]' is connected directly to output port 'immd[20]'. (LINT-29)
Warning: In design 'ID_stage', input port 'instn[15]' is connected directly to output port 'immd[21]'. (LINT-29)
Warning: In design 'ID_stage', input port 'instn[15]' is connected directly to output port 'immd[22]'. (LINT-29)
Warning: In design 'ID_stage', input port 'instn[15]' is connected directly to output port 'immd[23]'. (LINT-29)
Warning: In design 'ID_stage', input port 'instn[15]' is connected directly to output port 'immd[24]'. (LINT-29)
Warning: In design 'ID_stage', input port 'instn[15]' is connected directly to output port 'immd[25]'. (LINT-29)
Warning: In design 'ID_stage', input port 'instn[15]' is connected directly to output port 'immd[26]'. (LINT-29)
Warning: In design 'ID_stage', input port 'instn[15]' is connected directly to output port 'immd[27]'. (LINT-29)
Warning: In design 'ID_stage', input port 'instn[15]' is connected directly to output port 'immd[28]'. (LINT-29)
Warning: In design 'ID_stage', input port 'instn[15]' is connected directly to output port 'immd[29]'. (LINT-29)
Warning: In design 'ID_stage', input port 'instn[15]' is connected directly to output port 'immd[30]'. (LINT-29)
Warning: In design 'ID_stage', input port 'instn[15]' is connected directly to output port 'immd[31]'. (LINT-29)
Warning: In design 'ID_stage', input port 'instn[15]' is connected directly to output port 'rd_addr[4]'. (LINT-29)
Warning: In design 'ID_stage', input port 'instn[14]' is connected directly to output port 'immd[14]'. (LINT-29)
Warning: In design 'ID_stage', input port 'instn[14]' is connected directly to output port 'rd_addr[3]'. (LINT-29)
Warning: In design 'ID_stage', input port 'instn[13]' is connected directly to output port 'immd[13]'. (LINT-29)
Warning: In design 'ID_stage', input port 'instn[13]' is connected directly to output port 'rd_addr[2]'. (LINT-29)
Warning: In design 'ID_stage', input port 'instn[12]' is connected directly to output port 'immd[12]'. (LINT-29)
Warning: In design 'ID_stage', input port 'instn[12]' is connected directly to output port 'rd_addr[1]'. (LINT-29)
Warning: In design 'ID_stage', input port 'instn[11]' is connected directly to output port 'immd[11]'. (LINT-29)
Warning: In design 'ID_stage', input port 'instn[11]' is connected directly to output port 'rd_addr[0]'. (LINT-29)
Warning: In design 'ID_stage', input port 'instn[10]' is connected directly to output port 'immd[10]'. (LINT-29)
Warning: In design 'ID_stage', input port 'instn[10]' is connected directly to output port 'shamt[4]'. (LINT-29)
Warning: In design 'ID_stage', input port 'instn[9]' is connected directly to output port 'immd[9]'. (LINT-29)
Warning: In design 'ID_stage', input port 'instn[9]' is connected directly to output port 'shamt[3]'. (LINT-29)
Warning: In design 'ID_stage', input port 'instn[8]' is connected directly to output port 'immd[8]'. (LINT-29)
Warning: In design 'ID_stage', input port 'instn[8]' is connected directly to output port 'shamt[2]'. (LINT-29)
Warning: In design 'ID_stage', input port 'instn[7]' is connected directly to output port 'immd[7]'. (LINT-29)
Warning: In design 'ID_stage', input port 'instn[7]' is connected directly to output port 'shamt[1]'. (LINT-29)
Warning: In design 'ID_stage', input port 'instn[6]' is connected directly to output port 'immd[6]'. (LINT-29)
Warning: In design 'ID_stage', input port 'instn[6]' is connected directly to output port 'shamt[0]'. (LINT-29)
Warning: In design 'ID_stage', input port 'instn[5]' is connected directly to output port 'immd[5]'. (LINT-29)
Warning: In design 'ID_stage', input port 'instn[5]' is connected directly to output port 'funct[5]'. (LINT-29)
Warning: In design 'ID_stage', input port 'instn[4]' is connected directly to output port 'immd[4]'. (LINT-29)
Warning: In design 'ID_stage', input port 'instn[4]' is connected directly to output port 'funct[4]'. (LINT-29)
Warning: In design 'ID_stage', input port 'instn[3]' is connected directly to output port 'immd[3]'. (LINT-29)
Warning: In design 'ID_stage', input port 'instn[3]' is connected directly to output port 'funct[3]'. (LINT-29)
Warning: In design 'ID_stage', input port 'instn[2]' is connected directly to output port 'immd[2]'. (LINT-29)
Warning: In design 'ID_stage', input port 'instn[2]' is connected directly to output port 'funct[2]'. (LINT-29)
Warning: In design 'ID_stage', input port 'instn[1]' is connected directly to output port 'immd[1]'. (LINT-29)
Warning: In design 'ID_stage', input port 'instn[1]' is connected directly to output port 'funct[1]'. (LINT-29)
Warning: In design 'ID_stage', input port 'instn[0]' is connected directly to output port 'immd[0]'. (LINT-29)
Warning: In design 'ID_stage', input port 'instn[0]' is connected directly to output port 'funct[0]'. (LINT-29)
Warning: In design 'controller', input port 'instn[31]' is connected directly to output port 'opcode[5]'. (LINT-29)
Warning: In design 'controller', input port 'instn[30]' is connected directly to output port 'opcode[4]'. (LINT-29)
Warning: In design 'controller', input port 'instn[29]' is connected directly to output port 'opcode[3]'. (LINT-29)
Warning: In design 'controller', input port 'instn[28]' is connected directly to output port 'opcode[2]'. (LINT-29)
Warning: In design 'controller', input port 'instn[27]' is connected directly to output port 'opcode[1]'. (LINT-29)
Warning: In design 'controller', input port 'instn[26]' is connected directly to output port 'opcode[0]'. (LINT-29)
Warning: In design 'ID_stage', output port 'rd_addr[4]' is connected directly to output port 'immd[15]'. (LINT-31)
Warning: In design 'ID_stage', output port 'rd_addr[4]' is connected directly to output port 'immd[16]'. (LINT-31)
Warning: In design 'ID_stage', output port 'rd_addr[4]' is connected directly to output port 'immd[17]'. (LINT-31)
Warning: In design 'ID_stage', output port 'rd_addr[4]' is connected directly to output port 'immd[18]'. (LINT-31)
Warning: In design 'ID_stage', output port 'rd_addr[4]' is connected directly to output port 'immd[19]'. (LINT-31)
Warning: In design 'ID_stage', output port 'rd_addr[4]' is connected directly to output port 'immd[20]'. (LINT-31)
Warning: In design 'ID_stage', output port 'rd_addr[4]' is connected directly to output port 'immd[21]'. (LINT-31)
Warning: In design 'ID_stage', output port 'rd_addr[4]' is connected directly to output port 'immd[22]'. (LINT-31)
Warning: In design 'ID_stage', output port 'rd_addr[4]' is connected directly to output port 'immd[23]'. (LINT-31)
Warning: In design 'ID_stage', output port 'rd_addr[4]' is connected directly to output port 'immd[24]'. (LINT-31)
Warning: In design 'ID_stage', output port 'rd_addr[4]' is connected directly to output port 'immd[25]'. (LINT-31)
Warning: In design 'ID_stage', output port 'rd_addr[4]' is connected directly to output port 'immd[26]'. (LINT-31)
Warning: In design 'ID_stage', output port 'rd_addr[4]' is connected directly to output port 'immd[27]'. (LINT-31)
Warning: In design 'ID_stage', output port 'rd_addr[4]' is connected directly to output port 'immd[28]'. (LINT-31)
Warning: In design 'ID_stage', output port 'rd_addr[4]' is connected directly to output port 'immd[29]'. (LINT-31)
Warning: In design 'ID_stage', output port 'rd_addr[4]' is connected directly to output port 'immd[30]'. (LINT-31)
Warning: In design 'ID_stage', output port 'rd_addr[4]' is connected directly to output port 'immd[31]'. (LINT-31)
Warning: In design 'ID_stage', output port 'rd_addr[3]' is connected directly to output port 'immd[14]'. (LINT-31)
Warning: In design 'ID_stage', output port 'rd_addr[2]' is connected directly to output port 'immd[13]'. (LINT-31)
Warning: In design 'ID_stage', output port 'rd_addr[1]' is connected directly to output port 'immd[12]'. (LINT-31)
Warning: In design 'ID_stage', output port 'rd_addr[0]' is connected directly to output port 'immd[11]'. (LINT-31)
Warning: In design 'ID_stage', output port 'shamt[4]' is connected directly to output port 'immd[10]'. (LINT-31)
Warning: In design 'ID_stage', output port 'shamt[3]' is connected directly to output port 'immd[9]'. (LINT-31)
Warning: In design 'ID_stage', output port 'shamt[2]' is connected directly to output port 'immd[8]'. (LINT-31)
Warning: In design 'ID_stage', output port 'shamt[1]' is connected directly to output port 'immd[7]'. (LINT-31)
Warning: In design 'ID_stage', output port 'shamt[0]' is connected directly to output port 'immd[6]'. (LINT-31)
Warning: In design 'ID_stage', output port 'funct[5]' is connected directly to output port 'immd[5]'. (LINT-31)
Warning: In design 'ID_stage', output port 'funct[4]' is connected directly to output port 'immd[4]'. (LINT-31)
Warning: In design 'ID_stage', output port 'funct[3]' is connected directly to output port 'immd[3]'. (LINT-31)
Warning: In design 'ID_stage', output port 'funct[2]' is connected directly to output port 'immd[2]'. (LINT-31)
Warning: In design 'ID_stage', output port 'funct[1]' is connected directly to output port 'immd[1]'. (LINT-31)
Warning: In design 'ID_stage', output port 'funct[0]' is connected directly to output port 'immd[0]'. (LINT-31)
1
