 
****************************************
Report : timing
        -path full
        -delay min
        -max_paths 4
Design : top_pipe
Version: R-2020.09-SP5
Date   : Wed Sep 13 21:28:13 2023
****************************************

 # A fanout number of 1000 was used for high fanout net computations.

Operating Conditions: PVT_1P08V_125C   Library: slow_vdd1v2
Wire Load Model Mode: enclosed

  Startpoint: top0/IF_stage/PC/PC_out_reg_1_
              (rising edge-triggered flip-flop clocked by clk)
  Endpoint: top0/IF_ID/ID_PC_reg_1_
            (rising edge-triggered flip-flop clocked by clk)
  Path Group: clk
  Path Type: min

  Des/Clust/Port     Wire Load Model       Library
  ------------------------------------------------
  PC                 Small                 slow_vdd1v2
  top                Small                 slow_vdd1v2

  Point                                                   Incr       Path
  --------------------------------------------------------------------------
  clock clk (rise edge)                                   0.00       0.00
  clock network delay (ideal)                             0.00       0.00
  top0/IF_stage/PC/PC_out_reg_1_/CK (DFFQXL)              0.00       0.00 r
  top0/IF_stage/PC/PC_out_reg_1_/Q (DFFQXL)               0.10       0.10 f
  top0/IF_stage/PC/PC_out[1] (PC)                         0.00       0.10 f
  top0/IF_stage/PC_add[1] (IF_stage)                      0.00       0.10 f
  top0/IF_ID/IF_PC[1] (IF_ID)                             0.00       0.10 f
  top0/IF_ID/ID_PC_reg_1_/RN (DFFTRXL)                    0.01       0.11 f
  data arrival time                                                  0.11

  clock clk (rise edge)                                   0.00       0.00
  clock network delay (ideal)                             0.00       0.00
  top0/IF_ID/ID_PC_reg_1_/CK (DFFTRXL)                    0.00       0.00 r
  library hold time                                      -0.01      -0.01
  data required time                                                -0.01
  --------------------------------------------------------------------------
  data required time                                                -0.01
  data arrival time                                                 -0.11
  --------------------------------------------------------------------------
  slack (MET)                                                        0.12


  Startpoint: top0/IF_stage/PC/PC_out_reg_0_
              (rising edge-triggered flip-flop clocked by clk)
  Endpoint: top0/IF_ID/ID_PC_reg_0_
            (rising edge-triggered flip-flop clocked by clk)
  Path Group: clk
  Path Type: min

  Des/Clust/Port     Wire Load Model       Library
  ------------------------------------------------
  PC                 Small                 slow_vdd1v2
  top                Small                 slow_vdd1v2

  Point                                                   Incr       Path
  --------------------------------------------------------------------------
  clock clk (rise edge)                                   0.00       0.00
  clock network delay (ideal)                             0.00       0.00
  top0/IF_stage/PC/PC_out_reg_0_/CK (DFFQXL)              0.00       0.00 r
  top0/IF_stage/PC/PC_out_reg_0_/Q (DFFQXL)               0.10       0.10 f
  top0/IF_stage/PC/PC_out[0] (PC)                         0.00       0.10 f
  top0/IF_stage/PC_add[0] (IF_stage)                      0.00       0.10 f
  top0/IF_ID/IF_PC[0] (IF_ID)                             0.00       0.10 f
  top0/IF_ID/ID_PC_reg_0_/RN (DFFTRXL)                    0.01       0.11 f
  data arrival time                                                  0.11

  clock clk (rise edge)                                   0.00       0.00
  clock network delay (ideal)                             0.00       0.00
  top0/IF_ID/ID_PC_reg_0_/CK (DFFTRXL)                    0.00       0.00 r
  library hold time                                      -0.01      -0.01
  data required time                                                -0.01
  --------------------------------------------------------------------------
  data required time                                                -0.01
  data arrival time                                                 -0.11
  --------------------------------------------------------------------------
  slack (MET)                                                        0.12


  Startpoint: top0/ID_stage/dcache/clk_gate_data_out1_reg/latch
              (negative level-sensitive latch clocked by clk)
  Endpoint: top0/ID_stage/dcache/clk_gate_data_out1_reg/main_gate
            (gating element for clock clk)
  Path Group: clk
  Path Type: min

  Des/Clust/Port     Wire Load Model       Library
  ------------------------------------------------
  top_pipe           Large                 slow_vdd1v2
  SNPS_CLOCK_GATE_HIGH_dsram_mydesign_0_mydesign_0
                     Small                 slow_vdd1v2

  Point                                                   Incr       Path
  --------------------------------------------------------------------------
  clock clk (fall edge)                                   2.00       2.00
  clock network delay (ideal)                             0.00       2.00
  top0/ID_stage/dcache/clk_gate_data_out1_reg/latch/GN (TLATNXL)
                                                          0.00 #     2.00 f
  top0/ID_stage/dcache/clk_gate_data_out1_reg/latch/Q (TLATNXL)
                                                          0.11       2.11 r
  top0/ID_stage/dcache/clk_gate_data_out1_reg/main_gate/A (AND2XL)
                                                          0.01       2.12 r
  data arrival time                                                  2.12

  clock clk (fall edge)                                   2.00       2.00
  clock network delay (ideal)                             0.00       2.00
  top0/ID_stage/dcache/clk_gate_data_out1_reg/main_gate/B (AND2XL)
                                                          0.00       2.00 f
  clock gating hold time                                  0.00       2.00
  data required time                                                 2.00
  --------------------------------------------------------------------------
  data required time                                                 2.00
  data arrival time                                                 -2.12
  --------------------------------------------------------------------------
  slack (MET)                                                        0.12


  Startpoint: top0/ID_stage/dcache/clk_gate_data_out1_reg_0/latch
              (negative level-sensitive latch clocked by clk)
  Endpoint: top0/ID_stage/dcache/clk_gate_data_out1_reg_0/main_gate
            (gating element for clock clk)
  Path Group: clk
  Path Type: min

  Des/Clust/Port     Wire Load Model       Library
  ------------------------------------------------
  top_pipe           Large                 slow_vdd1v2
  SNPS_CLOCK_GATE_HIGH_dsram_mydesign_0_mydesign_1027
                     Small                 slow_vdd1v2

  Point                                                   Incr       Path
  --------------------------------------------------------------------------
  clock clk (fall edge)                                   2.00       2.00
  clock network delay (ideal)                             0.00       2.00
  top0/ID_stage/dcache/clk_gate_data_out1_reg_0/latch/GN (TLATNXL)
                                                          0.00 #     2.00 f
  top0/ID_stage/dcache/clk_gate_data_out1_reg_0/latch/Q (TLATNXL)
                                                          0.11       2.11 r
  top0/ID_stage/dcache/clk_gate_data_out1_reg_0/main_gate/A (AND2XL)
                                                          0.01       2.12 r
  data arrival time                                                  2.12

  clock clk (fall edge)                                   2.00       2.00
  clock network delay (ideal)                             0.00       2.00
  top0/ID_stage/dcache/clk_gate_data_out1_reg_0/main_gate/B (AND2XL)
                                                          0.00       2.00 f
  clock gating hold time                                  0.00       2.00
  data required time                                                 2.00
  --------------------------------------------------------------------------
  data required time                                                 2.00
  data arrival time                                                 -2.12
  --------------------------------------------------------------------------
  slack (MET)                                                        0.12


1
