 
****************************************
Report : timing
        -path full
        -delay min
        -max_paths 4
Design : enigma
Version: R-2020.09-SP5
Date   : Thu Oct 16 14:53:08 2025
****************************************

Operating Conditions: PVT_1P08V_125C   Library: slow_vdd1v2
Wire Load Model Mode: enclosed

  Startpoint: G_ROTOR_3__G_OTHER_u_cellk/clk_gate_shift_o_reg/latch
              (negative level-sensitive latch clocked by clk)
  Endpoint: G_ROTOR_3__G_OTHER_u_cellk/clk_gate_shift_o_reg/main_gate
            (gating element for clock clk)
  Path Group: clk
  Path Type: min

  Des/Clust/Port     Wire Load Model       Library
  ------------------------------------------------
  enigma             Large                 slow_vdd1v2
  SNPS_CLOCK_GATE_HIGH_RotorA_cell_mydesign_0_mydesign_3
                     Small                 slow_vdd1v2

  Point                                                   Incr       Path
  --------------------------------------------------------------------------
  clock clk (fall edge)                                   1.65       1.65
  clock network delay (ideal)                             0.00       1.65
  G_ROTOR_3__G_OTHER_u_cellk/clk_gate_shift_o_reg/latch/GN (TLATNXL)
                                                          0.00       1.65 f
  G_ROTOR_3__G_OTHER_u_cellk/clk_gate_shift_o_reg/latch/Q (TLATNXL)
                                                          0.11       1.76 r
  G_ROTOR_3__G_OTHER_u_cellk/clk_gate_shift_o_reg/main_gate/A (AND2XL)
                                                          0.01       1.77 r
  data arrival time                                                  1.77

  clock clk (fall edge)                                   1.65       1.65
  clock network delay (ideal)                             0.00       1.65
  G_ROTOR_3__G_OTHER_u_cellk/clk_gate_shift_o_reg/main_gate/B (AND2XL)
                                                          0.00       1.65 f
  clock gating hold time                                  0.00       1.65
  data required time                                                 1.65
  --------------------------------------------------------------------------
  data required time                                                 1.65
  data arrival time                                                 -1.77
  --------------------------------------------------------------------------
  slack (MET)                                                        0.12


  Startpoint: G_ROTOR_2__G_OTHER_u_cellk/clk_gate_shift_o_reg/latch
              (negative level-sensitive latch clocked by clk)
  Endpoint: G_ROTOR_2__G_OTHER_u_cellk/clk_gate_shift_o_reg/main_gate
            (gating element for clock clk)
  Path Group: clk
  Path Type: min

  Des/Clust/Port     Wire Load Model       Library
  ------------------------------------------------
  enigma             Large                 slow_vdd1v2
  SNPS_CLOCK_GATE_HIGH_RotorA_cell_mydesign_0_mydesign_2
                     Small                 slow_vdd1v2

  Point                                                   Incr       Path
  --------------------------------------------------------------------------
  clock clk (fall edge)                                   1.65       1.65
  clock network delay (ideal)                             0.00       1.65
  G_ROTOR_2__G_OTHER_u_cellk/clk_gate_shift_o_reg/latch/GN (TLATNXL)
                                                          0.00       1.65 f
  G_ROTOR_2__G_OTHER_u_cellk/clk_gate_shift_o_reg/latch/Q (TLATNXL)
                                                          0.11       1.76 r
  G_ROTOR_2__G_OTHER_u_cellk/clk_gate_shift_o_reg/main_gate/A (AND2XL)
                                                          0.01       1.77 r
  data arrival time                                                  1.77

  clock clk (fall edge)                                   1.65       1.65
  clock network delay (ideal)                             0.00       1.65
  G_ROTOR_2__G_OTHER_u_cellk/clk_gate_shift_o_reg/main_gate/B (AND2XL)
                                                          0.00       1.65 f
  clock gating hold time                                  0.00       1.65
  data required time                                                 1.65
  --------------------------------------------------------------------------
  data required time                                                 1.65
  data arrival time                                                 -1.77
  --------------------------------------------------------------------------
  slack (MET)                                                        0.12


  Startpoint: G_ROTOR_1__G_OTHER_u_cellk/clk_gate_shift_o_reg/latch
              (negative level-sensitive latch clocked by clk)
  Endpoint: G_ROTOR_1__G_OTHER_u_cellk/clk_gate_shift_o_reg/main_gate
            (gating element for clock clk)
  Path Group: clk
  Path Type: min

  Des/Clust/Port     Wire Load Model       Library
  ------------------------------------------------
  enigma             Large                 slow_vdd1v2
  SNPS_CLOCK_GATE_HIGH_RotorA_cell_mydesign_0_mydesign_1
                     Small                 slow_vdd1v2

  Point                                                   Incr       Path
  --------------------------------------------------------------------------
  clock clk (fall edge)                                   1.65       1.65
  clock network delay (ideal)                             0.00       1.65
  G_ROTOR_1__G_OTHER_u_cellk/clk_gate_shift_o_reg/latch/GN (TLATNXL)
                                                          0.00       1.65 f
  G_ROTOR_1__G_OTHER_u_cellk/clk_gate_shift_o_reg/latch/Q (TLATNXL)
                                                          0.11       1.76 r
  G_ROTOR_1__G_OTHER_u_cellk/clk_gate_shift_o_reg/main_gate/A (AND2XL)
                                                          0.01       1.77 r
  data arrival time                                                  1.77

  clock clk (fall edge)                                   1.65       1.65
  clock network delay (ideal)                             0.00       1.65
  G_ROTOR_1__G_OTHER_u_cellk/clk_gate_shift_o_reg/main_gate/B (AND2XL)
                                                          0.00       1.65 f
  clock gating hold time                                  0.00       1.65
  data required time                                                 1.65
  --------------------------------------------------------------------------
  data required time                                                 1.65
  data arrival time                                                 -1.77
  --------------------------------------------------------------------------
  slack (MET)                                                        0.12


  Startpoint: G_ROTOR_0__G_OTHER_u_cellk/clk_gate_shift_o_reg/latch
              (negative level-sensitive latch clocked by clk)
  Endpoint: G_ROTOR_0__G_OTHER_u_cellk/clk_gate_shift_o_reg/main_gate
            (gating element for clock clk)
  Path Group: clk
  Path Type: min

  Des/Clust/Port     Wire Load Model       Library
  ------------------------------------------------
  enigma             Large                 slow_vdd1v2
  SNPS_CLOCK_GATE_HIGH_RotorA_cell_mydesign_0_mydesign_0
                     Small                 slow_vdd1v2

  Point                                                   Incr       Path
  --------------------------------------------------------------------------
  clock clk (fall edge)                                   1.65       1.65
  clock network delay (ideal)                             0.00       1.65
  G_ROTOR_0__G_OTHER_u_cellk/clk_gate_shift_o_reg/latch/GN (TLATNXL)
                                                          0.00       1.65 f
  G_ROTOR_0__G_OTHER_u_cellk/clk_gate_shift_o_reg/latch/Q (TLATNXL)
                                                          0.11       1.76 r
  G_ROTOR_0__G_OTHER_u_cellk/clk_gate_shift_o_reg/main_gate/A (AND2XL)
                                                          0.01       1.77 r
  data arrival time                                                  1.77

  clock clk (fall edge)                                   1.65       1.65
  clock network delay (ideal)                             0.00       1.65
  G_ROTOR_0__G_OTHER_u_cellk/clk_gate_shift_o_reg/main_gate/B (AND2XL)
                                                          0.00       1.65 f
  clock gating hold time                                  0.00       1.65
  data required time                                                 1.65
  --------------------------------------------------------------------------
  data required time                                                 1.65
  data arrival time                                                 -1.77
  --------------------------------------------------------------------------
  slack (MET)                                                        0.12


1
