 
****************************************
Report : timing
        -path full
        -delay max
        -max_paths 4
Design : enigma
Version: R-2020.09-SP5
Date   : Thu Oct 23 23:41:35 2025
****************************************

Operating Conditions: PVT_1P08V_125C   Library: slow_vdd1v2
Wire Load Model Mode: enclosed

  Startpoint: load (input port clocked by clk)
  Endpoint: clk_gate_RotorB_reg_reg_48_/latch
            (negative level-sensitive latch clocked by clk)
  Path Group: clk
  Path Type: max

  Des/Clust/Port     Wire Load Model       Library
  ------------------------------------------------
  enigma             Large                 slow_vdd1v2

  Point                                                   Incr       Path
  --------------------------------------------------------------------------
  clock clk (rise edge)                                   0.00       0.00
  clock network delay (ideal)                             0.00       0.00
  input external delay                                    2.48       2.48 r
  load (in)                                               0.01       2.49 r
  U5444/Y (NAND2XL)                                       0.06       2.55 f
  U7557/Y (OAI32X1)                                       0.15       2.71 r
  U5445/Y (BUFX2)                                         0.13       2.84 r
  U4847/Y (BUFX3)                                         0.09       2.92 r
  clk_gate_RotorB_reg_reg_48_/EN (SNPS_CLOCK_GATE_HIGH_enigma_mydesign_30)
                                                          0.00       2.92 r
  clk_gate_RotorB_reg_reg_48_/latch/D (TLATNXL)           0.02       2.94 r
  data arrival time                                                  2.94

  clock clk (fall edge)                                   1.77       1.77
  clock network delay (ideal)                             0.00       1.77
  clk_gate_RotorB_reg_reg_48_/latch/GN (TLATNXL)          0.00       1.77 f
  time borrowed from endpoint                             1.16       2.94
  data required time                                                 2.94
  --------------------------------------------------------------------------
  data required time                                                 2.94
  data arrival time                                                 -2.94
  --------------------------------------------------------------------------
  slack (MET)                                                        0.00

  Time Borrowing Information
  --------------------------------------------------------------
  clk nominal pulse width                                 1.77   
  library setup time                                     -0.06   
  --------------------------------------------------------------
  max time borrow                                         1.71   
  actual time borrow                                      1.16   
  --------------------------------------------------------------


  Startpoint: load (input port clocked by clk)
  Endpoint: clk_gate_RotorB_reg_reg_47_/latch
            (negative level-sensitive latch clocked by clk)
  Path Group: clk
  Path Type: max

  Des/Clust/Port     Wire Load Model       Library
  ------------------------------------------------
  enigma             Large                 slow_vdd1v2

  Point                                                   Incr       Path
  --------------------------------------------------------------------------
  clock clk (rise edge)                                   0.00       0.00
  clock network delay (ideal)                             0.00       0.00
  input external delay                                    2.48       2.48 r
  load (in)                                               0.01       2.49 r
  U5444/Y (NAND2XL)                                       0.06       2.55 f
  U7557/Y (OAI32X1)                                       0.15       2.71 r
  U5445/Y (BUFX2)                                         0.13       2.84 r
  U4847/Y (BUFX3)                                         0.09       2.92 r
  clk_gate_RotorB_reg_reg_47_/EN (SNPS_CLOCK_GATE_HIGH_enigma_mydesign_29)
                                                          0.00       2.92 r
  clk_gate_RotorB_reg_reg_47_/latch/D (TLATNXL)           0.02       2.94 r
  data arrival time                                                  2.94

  clock clk (fall edge)                                   1.77       1.77
  clock network delay (ideal)                             0.00       1.77
  clk_gate_RotorB_reg_reg_47_/latch/GN (TLATNXL)          0.00       1.77 f
  time borrowed from endpoint                             1.16       2.94
  data required time                                                 2.94
  --------------------------------------------------------------------------
  data required time                                                 2.94
  data arrival time                                                 -2.94
  --------------------------------------------------------------------------
  slack (MET)                                                        0.00

  Time Borrowing Information
  --------------------------------------------------------------
  clk nominal pulse width                                 1.77   
  library setup time                                     -0.06   
  --------------------------------------------------------------
  max time borrow                                         1.71   
  actual time borrow                                      1.16   
  --------------------------------------------------------------


  Startpoint: load (input port clocked by clk)
  Endpoint: clk_gate_RotorB_reg_reg_45_/latch
            (negative level-sensitive latch clocked by clk)
  Path Group: clk
  Path Type: max

  Des/Clust/Port     Wire Load Model       Library
  ------------------------------------------------
  enigma             Large                 slow_vdd1v2

  Point                                                   Incr       Path
  --------------------------------------------------------------------------
  clock clk (rise edge)                                   0.00       0.00
  clock network delay (ideal)                             0.00       0.00
  input external delay                                    2.48       2.48 r
  load (in)                                               0.01       2.49 r
  U5444/Y (NAND2XL)                                       0.06       2.55 f
  U7557/Y (OAI32X1)                                       0.15       2.71 r
  U5445/Y (BUFX2)                                         0.13       2.84 r
  U4847/Y (BUFX3)                                         0.09       2.92 r
  clk_gate_RotorB_reg_reg_45_/EN (SNPS_CLOCK_GATE_HIGH_enigma_mydesign_28)
                                                          0.00       2.92 r
  clk_gate_RotorB_reg_reg_45_/latch/D (TLATNXL)           0.02       2.94 r
  data arrival time                                                  2.94

  clock clk (fall edge)                                   1.77       1.77
  clock network delay (ideal)                             0.00       1.77
  clk_gate_RotorB_reg_reg_45_/latch/GN (TLATNXL)          0.00       1.77 f
  time borrowed from endpoint                             1.16       2.94
  data required time                                                 2.94
  --------------------------------------------------------------------------
  data required time                                                 2.94
  data arrival time                                                 -2.94
  --------------------------------------------------------------------------
  slack (MET)                                                        0.00

  Time Borrowing Information
  --------------------------------------------------------------
  clk nominal pulse width                                 1.77   
  library setup time                                     -0.06   
  --------------------------------------------------------------
  max time borrow                                         1.71   
  actual time borrow                                      1.16   
  --------------------------------------------------------------


  Startpoint: load (input port clocked by clk)
  Endpoint: clk_gate_RotorB_reg_reg_43_/latch
            (negative level-sensitive latch clocked by clk)
  Path Group: clk
  Path Type: max

  Des/Clust/Port     Wire Load Model       Library
  ------------------------------------------------
  enigma             Large                 slow_vdd1v2

  Point                                                   Incr       Path
  --------------------------------------------------------------------------
  clock clk (rise edge)                                   0.00       0.00
  clock network delay (ideal)                             0.00       0.00
  input external delay                                    2.48       2.48 r
  load (in)                                               0.01       2.49 r
  U5444/Y (NAND2XL)                                       0.06       2.55 f
  U7557/Y (OAI32X1)                                       0.15       2.71 r
  U5445/Y (BUFX2)                                         0.13       2.84 r
  U4847/Y (BUFX3)                                         0.09       2.92 r
  clk_gate_RotorB_reg_reg_43_/EN (SNPS_CLOCK_GATE_HIGH_enigma_mydesign_27)
                                                          0.00       2.92 r
  clk_gate_RotorB_reg_reg_43_/latch/D (TLATNXL)           0.02       2.94 r
  data arrival time                                                  2.94

  clock clk (fall edge)                                   1.77       1.77
  clock network delay (ideal)                             0.00       1.77
  clk_gate_RotorB_reg_reg_43_/latch/GN (TLATNXL)          0.00       1.77 f
  time borrowed from endpoint                             1.16       2.94
  data required time                                                 2.94
  --------------------------------------------------------------------------
  data required time                                                 2.94
  data arrival time                                                 -2.94
  --------------------------------------------------------------------------
  slack (MET)                                                        0.00

  Time Borrowing Information
  --------------------------------------------------------------
  clk nominal pulse width                                 1.77   
  library setup time                                     -0.06   
  --------------------------------------------------------------
  max time borrow                                         1.71   
  actual time borrow                                      1.16   
  --------------------------------------------------------------


1
