
################################################################################
#
# This file has been generated by SpyGlass:
#     Report Name      : moresimple
#     Report Created by: u110022124
#     Report Created on:  Tue Sep 30 16:15:01 2025
#     Working Directory: /home/u110/u110022124/ICLAB/lab05/lab05/util
#     SpyGlass Version : SpyGlass_vR-2020.12-SP2
#     Policy Name      : SpyGlass(SpyGlass_vR-2020.12-SP2)
#                        erc(SpyGlass_vR-2020.12-SP2)
#                        latch(SpyGlass_vR-2020.12-SP2)
#                        lint(SpyGlass_vR-2020.12-SP2)
#                        morelint(SpyGlass_vR-2020.12-SP2)
#                        openmore(SpyGlass_vR-2020.12-SP2)
#                        simulation(SpyGlass_vR-2020.12-SP2)
#                        starc(SpyGlass_vR-2020.12-SP2)
#                        starc2005(SpyGlass_vR-2020.12-SP2)
#
#     Total Number of Generated Messages :          6
#     Number of Waived Messages          :          0
#     Number of Reported Messages        :          6
#     Number of Overlimit Messages       :          0
#
#
################################################################################

+++++++++++++++++++++++++++++++++++++++++++++++++++++++++++++++++++++++
MORESIMPLE REPORT:


############### BuiltIn -> RuleGroup=Blackbox Resolution ###############
+++++++++++++++++++++++++++++++++++++++++++++++++++++++++++++++++++++++++++++++++++++++
ID       Rule                Alias               Severity    File                    Line    Wt    Message
======================================================================================
[E]      ErrorAnalyzeBBox    ErrorAnalyzeBBox    Error       ../source/ID_stage.v    102     10    UnsynthesizedDU: Design Unit 'SRAM256x32s' (elaborated name 'SRAM256x32s') not synthesizable; SYNTH_5273 error(s) found during synthesis
+++++++++++++++++++++++++++++++++++++++++++++++++++++++++++++++++++++++++++++++++++++++


############### BuiltIn -> RuleGroup=Design Read ###############
+++++++++++++++++++++++++++++++++++++++++++++++++++++++++++++++++++++++++++++++++++++++
ID       Rule                    Alias                   Severity          File                                                                     Line    Wt      Message
======================================================================================
[2]      DetectTopDesignUnits    DetectTopDesignUnits    Info              ../source/top.v                                                          6       2       Module top is a top level design unit
[4]      SYNTH_5273                                      SynthesisError    ../source/SRAM256x32s_m.v                                                34      1000    SRAM256x32s -> Number of bits (8192) for net/variable 'memory' is greater than mthresh value 4096. Set the 'mthresh' option to a value greater than the indicated number of bits
[0]      WRN_69                  WRN_69                  Warning           ../source/SRAM256x32s_m.v                                                20      1000    Compiler directive `timescale found for module 'SRAM256x32s' (in the file ../source/SRAM256x32s_m.v at line 18) while previous modules do not
[1]      ElabSummary             ElabSummary             Info              ./spyglass-1/lint/lint_rtl/spyglass_reports/SpyGlass/elab_summary.rpt    0       2       Please refer file './spyglass-1/lint/lint_rtl/spyglass_reports/SpyGlass/elab_summary.rpt' for elab summary report
[5]      checkCMD_mthresh        checkCMD_mthresh        INFO              N.A.                                                                     0       10      '1' modules are unsynthesized and inferred as black-box due to mthresh value '4096', this may affect QOR
+++++++++++++++++++++++++++++++++++++++++++++++++++++++++++++++++++++++++++++++++++++++

################################################################################
#
# This file has been generated by SpyGlass:
#     Report Name      : moresimple
#     Report Created by: u110022124
#     Report Created on: Tue Sep 30 16:15:17 2025
#     Working Directory: /home/u110/u110022124/ICLAB/lab05/lab05/util
#     SpyGlass Version : SpyGlass_vR-2020.12-SP2
#     Policy Name      : SpyGlass(SpyGlass_vR-2020.12-SP2)
#                        auto-verify(SpyGlass_vR-2020.12-SP2)
#                        erc(SpyGlass_vR-2020.12-SP2)
#                        latch(SpyGlass_vR-2020.12-SP2)
#                        lint(SpyGlass_vR-2020.12-SP2)
#                        morelint(SpyGlass_vR-2020.12-SP2)
#                        openmore(SpyGlass_vR-2020.12-SP2)
#                        simulation(SpyGlass_vR-2020.12-SP2)
#                        starc(SpyGlass_vR-2020.12-SP2)
#                        starc2005(SpyGlass_vR-2020.12-SP2)
#
#     Total Number of Generated Primary Messages   :          7
#     Total Number of Generated Secondary Messages :          0
#     Number of Waived Primary Messages            :          0
#     Number of Waived Secondary Messages          :          0
#     Number of Reported Primary Messages          :          7
#     Number of Overlimit Messages                 :          0
#
#
################################################################################

++++++++++++++++++++++++++++++++++++++++++++++++++++++++++++++++++++++++++++++++++++++++++++++++++++++++++++++++
MORESIMPLE REPORT:


############### BuiltIn -> RuleGroup=Blackbox Resolution ###############
++++++++++++++++++++++++++++++++++++++++++++++++++++++++++++++++++++++++++++++++++++++++++++++++++++++++++++++++++++++++
ID       Rule                Alias               Severity    File                    Line    Wt    Secondary Msg Count    Message
========================================================================================================================
[F]      ErrorAnalyzeBBox    ErrorAnalyzeBBox    Error       ../source/ID_stage.v    102     10    NA                     UnsynthesizedDU: Design Unit 'SRAM256x32s' (elaborated name 'SRAM256x32s') not synthesizable; SYNTH_5273 error(s) found during synthesis
+++++++++++++++++++++++++++++++++++++++++++++++++++++++++++++++++++++++++++++++++++++++++++++++++++++++++++++++++++++++


############### BuiltIn -> RuleGroup=Design Read ###############
++++++++++++++++++++++++++++++++++++++++++++++++++++++++++++++++++++++++++++++++++++++++++++++++++++++++++++++++++++++++
ID       Rule                    Alias                   Severity          File                                                                           Line    Wt      Secondary Msg Count    Message
========================================================================================================================
[3]      DetectTopDesignUnits    DetectTopDesignUnits    Info              ../source/top.v                                                                6       2       NA                     Module top is a top level design unit
[5]      SYNTH_5273                                      SynthesisError    ../source/SRAM256x32s_m.v                                                      34      1000    NA                     SRAM256x32s -> Number of bits (8192) for net/variable 'memory' is greater than mthresh value 4096. Set the 'mthresh' option to a value greater than the indicated number of bits
[1]      WRN_69                  WRN_69                  Warning           ../source/SRAM256x32s_m.v                                                      20      1000    NA                     Compiler directive `timescale found for module 'SRAM256x32s' (in the file ../source/SRAM256x32s_m.v at line 18) while previous modules do not
[2]      ElabSummary             ElabSummary             Info              ./spyglass-1/lint/lint_turbo_rtl/spyglass_reports/SpyGlass/elab_summary.rpt    0       2       NA                     Please refer file './spyglass-1/lint/lint_turbo_rtl/spyglass_reports/SpyGlass/elab_summary.rpt' for elab summary report
[0]      TurboModeStatus         TurboModeStatus         Info              N.A.                                                                           0       10      NA                     Turbo-Mode is enabled in the current run as turbo_struct license feature successfully checked out
[6]      checkCMD_mthresh        checkCMD_mthresh        INFO              N.A.                                                                           0       10      NA                     '1' modules are unsynthesized and inferred as black-box due to mthresh value '4096', this may affect QOR
+++++++++++++++++++++++++++++++++++++++++++++++++++++++++++++++++++++++++++++++++++++++++++++++++++++++++++++++++++++++

################################################################################
#
# This file has been generated by SpyGlass:
#     Report Name      : moresimple
#     Report Created by: u110022124
#     Report Created on:  Tue Sep 30 16:15:28 2025
#     Working Directory: /home/u110/u110022124/ICLAB/lab05/lab05/util
#     SpyGlass Version : SpyGlass_vR-2020.12-SP2
#     Policy Name      : SpyGlass(SpyGlass_vR-2020.12-SP2)
#                        auto-verify(SpyGlass_vR-2020.12-SP2)
#
#     Total Number of Generated Messages :          7
#     Number of Waived Messages          :          0
#     Number of Reported Messages        :          7
#     Number of Overlimit Messages       :          0
#
#
################################################################################

+++++++++++++++++++++++++++++++++++++++++++++++++++++++++++++++++++++++
MORESIMPLE REPORT:


############### BuiltIn -> RuleGroup=Blackbox Resolution ###############
+++++++++++++++++++++++++++++++++++++++++++++++++++++++++++++++++++++++++++++++++++++++
ID       Rule                Alias               Severity    File                    Line    Wt    Message
======================================================================================
[1A]     ErrorAnalyzeBBox    ErrorAnalyzeBBox    Error       ../source/ID_stage.v    102     10    UnsynthesizedDU: Design Unit 'SRAM256x32s' (elaborated name 'SRAM256x32s') not synthesizable; SYNTH_5273 error(s) found during synthesis
+++++++++++++++++++++++++++++++++++++++++++++++++++++++++++++++++++++++++++++++++++++++


############### BuiltIn -> RuleGroup=Design Read ###############
+++++++++++++++++++++++++++++++++++++++++++++++++++++++++++++++++++++++++++++++++++++++
ID       Rule                    Alias                   Severity          File                                                                                Line    Wt      Message
======================================================================================
[2]      DetectTopDesignUnits    DetectTopDesignUnits    Info              ../source/top.v                                                                     6       2       Module top is a top level design unit
[3]      SYNTH_5273                                      SynthesisError    ../source/SRAM256x32s_m.v                                                           34      1000    SRAM256x32s -> Number of bits (8192) for net/variable 'memory' is greater than mthresh value 4096. Set the 'mthresh' option to a value greater than the indicated number of bits
[0]      WRN_69                  WRN_69                  Warning           ../source/SRAM256x32s_m.v                                                           20      1000    Compiler directive `timescale found for module 'SRAM256x32s' (in the file ../source/SRAM256x32s_m.v at line 18) while previous modules do not
[1]      ElabSummary             ElabSummary             Info              ./spyglass-1/lint/lint_functional_rtl/spyglass_reports/SpyGlass/elab_summary.rpt    0       2       Please refer file './spyglass-1/lint/lint_functional_rtl/spyglass_reports/SpyGlass/elab_summary.rpt' for elab summary report
[4]      checkCMD_mthresh        checkCMD_mthresh        INFO              N.A.                                                                                0       10      '1' modules are unsynthesized and inferred as black-box due to mthresh value '4096', this may affect QOR
+++++++++++++++++++++++++++++++++++++++++++++++++++++++++++++++++++++++++++++++++++++++


############### Non-BuiltIn -> Goal=lint/lint_functional_rtl ###############
+++++++++++++++++++++++++++++++++++++++++++++++++++++++++++++++++++++++++++++++++++++++
ID       Rule              Alias         Severity    File               Line    Wt    Message
======================================================================================
[19]     Av_initstate01    ResetState    Info        ../source/top.v    6       10    0 percent of sequential outputs are initialized with sets/resets and 0 percent sequential outputs are initialized by data path. Refer file: './spyglass-1/lint/lint_functional_rtl/spyglass_reports/auto-verify/auto_verify.reg' for details
+++++++++++++++++++++++++++++++++++++++++++++++++++++++++++++++++++++++++++++++++++++++

################################################################################
#
# This file has been generated by SpyGlass:
#     Report Name      : moresimple
#     Report Created by: u110022124
#     Report Created on:  Tue Sep 30 16:15:36 2025
#     Working Directory: /home/u110/u110022124/ICLAB/lab05/lab05/util
#     SpyGlass Version : SpyGlass_vR-2020.12-SP2
#     Policy Name      : SpyGlass(SpyGlass_vR-2020.12-SP2)
#                        lint(SpyGlass_vR-2020.12-SP2)
#
#     Total Number of Generated Messages :          7
#     Number of Waived Messages          :          0
#     Number of Reported Messages        :          7
#     Number of Overlimit Messages       :          0
#
#
################################################################################

+++++++++++++++++++++++++++++++++++++++++++++++++++++++++++++++++++++++
MORESIMPLE REPORT:


############### BuiltIn -> RuleGroup=Blackbox Resolution ###############
+++++++++++++++++++++++++++++++++++++++++++++++++++++++++++++++++++++++++++++++++++++++
ID       Rule                Alias               Severity    File                    Line    Wt    Message
======================================================================================
[6]      ErrorAnalyzeBBox    ErrorAnalyzeBBox    Error       ../source/ID_stage.v    102     10    UnsynthesizedDU: Design Unit 'SRAM256x32s' (elaborated name 'SRAM256x32s') not synthesizable; SYNTH_5273 error(s) found during synthesis
+++++++++++++++++++++++++++++++++++++++++++++++++++++++++++++++++++++++++++++++++++++++


############### BuiltIn -> RuleGroup=Design Read ###############
+++++++++++++++++++++++++++++++++++++++++++++++++++++++++++++++++++++++++++++++++++++++
ID       Rule                    Alias                   Severity          File                                                                          Line    Wt      Message
======================================================================================
[2]      DetectTopDesignUnits    DetectTopDesignUnits    Info              ../source/top.v                                                               6       2       Module top is a top level design unit
[3]      SYNTH_5273                                      SynthesisError    ../source/SRAM256x32s_m.v                                                     34      1000    SRAM256x32s -> Number of bits (8192) for net/variable 'memory' is greater than mthresh value 4096. Set the 'mthresh' option to a value greater than the indicated number of bits
[0]      WRN_69                  WRN_69                  Warning           ../source/SRAM256x32s_m.v                                                     20      1000    Compiler directive `timescale found for module 'SRAM256x32s' (in the file ../source/SRAM256x32s_m.v at line 18) while previous modules do not
[1]      ElabSummary             ElabSummary             Info              ./spyglass-1/lint/lint_abstract/spyglass_reports/SpyGlass/elab_summary.rpt    0       2       Please refer file './spyglass-1/lint/lint_abstract/spyglass_reports/SpyGlass/elab_summary.rpt' for elab summary report
[4]      checkCMD_mthresh        checkCMD_mthresh        INFO              N.A.                                                                          0       10      '1' modules are unsynthesized and inferred as black-box due to mthresh value '4096', this may affect QOR
+++++++++++++++++++++++++++++++++++++++++++++++++++++++++++++++++++++++++++++++++++++++


############### Non-BuiltIn -> Goal=lint/lint_abstract ###############
+++++++++++++++++++++++++++++++++++++++++++++++++++++++++++++++++++++++++++++++++++++++
ID       Rule               Alias    Severity    File                                                                                     Line    Wt    Message
======================================================================================
[5]      LINT_abstract01             Info        ./spyglass-1/lint/lint_abstract/spyglass_reports/abstract_view/top_lint_abstract.sgdc    0       2     Abstract view for design 'top' succesfully created
+++++++++++++++++++++++++++++++++++++++++++++++++++++++++++++++++++++++++++++++++++++++
