 
****************************************
Report : timing
        -path full
        -delay max
        -max_paths 4
Design : fir1_pipeline
Version: R-2020.09-SP5
Date   : Sat Oct 25 17:54:46 2025
****************************************

Operating Conditions: PVT_1P08V_125C   Library: slow_vdd1v2
Wire Load Model Mode: enclosed

  Startpoint: rst_n (input port clocked by clk)
  Endpoint: clk_gate_cnt_reg/latch
            (negative level-sensitive latch clocked by clk)
  Path Group: clk
  Path Type: max

  Des/Clust/Port     Wire Load Model       Library
  ------------------------------------------------
  fir1_pipeline      Large                 slow_vdd1v2

  Point                                                   Incr       Path
  --------------------------------------------------------------------------
  clock clk (rise edge)                                   0.00       0.00
  clock network delay (ideal)                             0.00       0.00
  input external delay                                    2.00       2.00 r
  rst_n (in)                                              0.03       2.03 r
  U2374/Y (NAND2XL)                                       0.07       2.11 f
  clk_gate_cnt_reg/EN (SNPS_CLOCK_GATE_HIGH_fir1_pipeline)
                                                          0.00       2.11 f
  clk_gate_cnt_reg/latch/D (TLATNXL)                      0.03       2.14 f
  data arrival time                                                  2.14

  clock clk (fall edge)                                   1.25       1.25
  clock network delay (ideal)                             0.00       1.25
  clk_gate_cnt_reg/latch/GN (TLATNXL)                     0.00       1.25 f
  time borrowed from endpoint                             0.89       2.14
  data required time                                                 2.14
  --------------------------------------------------------------------------
  data required time                                                 2.14
  data arrival time                                                 -2.14
  --------------------------------------------------------------------------
  slack (MET)                                                        0.00

  Time Borrowing Information
  --------------------------------------------------------------
  clk nominal pulse width                                 1.25   
  library setup time                                     -0.04   
  --------------------------------------------------------------
  max time borrow                                         1.21   
  actual time borrow                                      0.89   
  --------------------------------------------------------------


  Startpoint: DFF_reg_9__18_
              (rising edge-triggered flip-flop clocked by clk)
  Endpoint: pipe_reg_reg_1__30_
            (rising edge-triggered flip-flop clocked by clk)
  Path Group: clk
  Path Type: max

  Des/Clust/Port     Wire Load Model       Library
  ------------------------------------------------
  fir1_pipeline      Large                 slow_vdd1v2

  Point                                    Incr       Path
  -----------------------------------------------------------
  clock clk (rise edge)                    0.00       0.00
  clock network delay (ideal)              0.00       0.00
  DFF_reg_9__18_/CK (DFFRHQX1)             0.00       0.00 r
  DFF_reg_9__18_/Q (DFFRHQX1)              0.13       0.13 f
  U499/Y (INVX1)                           0.06       0.20 r
  U837/CO (ADDFX1)                         0.20       0.39 r
  U329/CO (ADDFXL)                         0.22       0.61 r
  U194/CO (ADDFXL)                         0.17       0.78 r
  U685/CO (ADDFX1)                         0.18       0.95 r
  U655/CO (ADDFX1)                         0.22       1.18 r
  U620/S (ADDFX1)                          0.28       1.46 f
  U1882/S (ADDFXL)                         0.21       1.67 r
  U393/Y (NAND2XL)                         0.08       1.75 f
  U2304/Y (NAND2XL)                        0.06       1.81 r
  U535/Y (AND2XL)                          0.08       1.89 r
  U2275/Y (OAI21XL)                        0.08       1.97 f
  U2169/Y (AOI21XL)                        0.07       2.04 r
  U1029/Y (OAI2BB1XL)                      0.09       2.14 f
  U2267/Y (OAI2BB1XL)                      0.08       2.21 f
  U2303/Y (NAND2XL)                        0.06       2.27 r
  U225/Y (XOR2XL)                          0.13       2.40 r
  pipe_reg_reg_1__30_/D (DFFRHQX1)         0.04       2.44 r
  data arrival time                                   2.44

  clock clk (rise edge)                    2.50       2.50
  clock network delay (ideal)              0.00       2.50
  pipe_reg_reg_1__30_/CK (DFFRHQX1)        0.00       2.50 r
  library setup time                      -0.06       2.44
  data required time                                  2.44
  -----------------------------------------------------------
  data required time                                  2.44
  data arrival time                                  -2.44
  -----------------------------------------------------------
  slack (MET)                                         0.00


  Startpoint: DFF_reg_3__20_
              (rising edge-triggered flip-flop clocked by clk)
  Endpoint: pipe_reg_reg_0__30_
            (rising edge-triggered flip-flop clocked by clk)
  Path Group: clk
  Path Type: max

  Des/Clust/Port     Wire Load Model       Library
  ------------------------------------------------
  fir1_pipeline      Large                 slow_vdd1v2

  Point                                    Incr       Path
  -----------------------------------------------------------
  clock clk (rise edge)                    0.00       0.00
  clock network delay (ideal)              0.00       0.00
  DFF_reg_3__20_/CK (DFFRHQX1)             0.00       0.00 r
  DFF_reg_3__20_/Q (DFFRHQX1)              0.15       0.15 r
  U1481/Y (INVXL)                          0.07       0.22 f
  U323/S (ADDFXL)                          0.23       0.45 r
  U3108/CO (ADDFX1)                        0.23       0.68 r
  U3109/CO (ADDFX1)                        0.22       0.90 r
  U632/S (ADDFX1)                          0.28       1.18 f
  U45/CO (ADDFX1)                          0.17       1.35 f
  U218/S (ADDFXL)                          0.22       1.57 r
  U2068/S (ADDFXL)                         0.21       1.77 f
  U1745/Y (NOR2XL)                         0.05       1.83 r
  U3631/Y (INVXL)                          0.06       1.88 f
  U1004/Y (OAI2BB1X1)                      0.07       1.95 f
  U1003/Y (NOR2XL)                         0.06       2.02 r
  U2284/Y (OAI2BB1X1)                      0.11       2.13 f
  U1076/Y (OAI21XL)                        0.07       2.19 r
  U1077/Y (NAND2XL)                        0.08       2.27 f
  U3411/Y (XOR2XL)                         0.12       2.40 r
  pipe_reg_reg_0__30_/D (DFFRHQX1)         0.04       2.44 r
  data arrival time                                   2.44

  clock clk (rise edge)                    2.50       2.50
  clock network delay (ideal)              0.00       2.50
  pipe_reg_reg_0__30_/CK (DFFRHQX1)        0.00       2.50 r
  library setup time                      -0.06       2.44
  data required time                                  2.44
  -----------------------------------------------------------
  data required time                                  2.44
  data arrival time                                  -2.44
  -----------------------------------------------------------
  slack (MET)                                         0.00


  Startpoint: DFF_reg_15__14_
              (rising edge-triggered flip-flop clocked by clk)
  Endpoint: y_reg_15_ (rising edge-triggered flip-flop clocked by clk)
  Path Group: clk
  Path Type: max

  Des/Clust/Port     Wire Load Model       Library
  ------------------------------------------------
  fir1_pipeline      Large                 slow_vdd1v2

  Point                                    Incr       Path
  -----------------------------------------------------------
  clock clk (rise edge)                    0.00       0.00
  clock network delay (ideal)              0.00       0.00
  DFF_reg_15__14_/CK (DFFRHQX1)            0.00       0.00 r
  DFF_reg_15__14_/Q (DFFRHQX1)             0.14       0.14 r
  U927/Y (INVXL)                           0.07       0.21 f
  U338/S (ADDFX1)                          0.25       0.45 r
  U2490/CO (ADDFX1)                        0.18       0.63 r
  U2488/CO (ADDFX1)                        0.22       0.85 r
  U622/CO (ADDFX1)                         0.23       1.08 r
  U2048/Y (OR2XL)                          0.06       1.14 r
  U1881/Y (AO22XL)                         0.11       1.24 r
  U573/S (ADDFX1)                          0.22       1.47 f
  U564/Y (XNOR2XL)                         0.12       1.59 r
  U2239/Y (OR2XL)                          0.06       1.65 r
  U1880/Y (INVXL)                          0.04       1.69 f
  U2058/Y (OAI21XL)                        0.07       1.76 r
  U1780/Y (AOI21XL)                        0.10       1.86 f
  U2288/Y (NAND2XL)                        0.06       1.93 r
  U2287/Y (NAND2XL)                        0.07       2.00 f
  U335/Y (NOR2BXL)                         0.06       2.06 r
  U1006/Y (NOR2BXL)                        0.09       2.15 r
  U1819/Y (OAI21XL)                        0.09       2.24 f
  U1818/Y (XNOR2XL)                        0.14       2.37 r
  y_reg_15_/RN (DFFTRXL)                   0.03       2.40 r
  data arrival time                                   2.40

  clock clk (rise edge)                    2.50       2.50
  clock network delay (ideal)              0.00       2.50
  y_reg_15_/CK (DFFTRXL)                   0.00       2.50 r
  library setup time                      -0.09       2.41
  data required time                                  2.41
  -----------------------------------------------------------
  data required time                                  2.41
  data arrival time                                  -2.40
  -----------------------------------------------------------
  slack (MET)                                         0.00


1
