 
****************************************
Report : timing
        -path full
        -delay max
        -max_paths 4
Design : fir1_parallel
Version: R-2020.09-SP5
Date   : Sat Oct 25 17:14:56 2025
****************************************

Operating Conditions: PVT_1P08V_125C   Library: slow_vdd1v2
Wire Load Model Mode: enclosed

  Startpoint: pipe1_reg_1__10_
              (rising edge-triggered flip-flop clocked by clk)
  Endpoint: y0_reg_13_ (rising edge-triggered flip-flop clocked by clk)
  Path Group: clk
  Path Type: max

  Des/Clust/Port     Wire Load Model       Library
  ------------------------------------------------
  fir1_parallel      Large                 slow_vdd1v2

  Point                                    Incr       Path
  -----------------------------------------------------------
  clock clk (rise edge)                    0.00       0.00
  clock network delay (ideal)              0.00       0.00
  pipe1_reg_1__10_/CK (DFFRHQX2)           0.00       0.00 r
  pipe1_reg_1__10_/Q (DFFRHQX2)            0.16       0.16 r
  U488/Y (INVX2)                           0.10       0.27 f
  U2893/S (ADDFX1)                         0.23       0.49 r
  U2950/CO (ADDFX1)                        0.22       0.72 r
  U2948/S (ADDFX1)                         0.28       1.00 f
  U719/S (ADDFX1)                          0.24       1.23 r
  U3031/S (ADDFXL)                         0.27       1.51 f
  U1215/Y (XOR3XL)                         0.21       1.72 r
  U1214/Y (XOR3XL)                         0.21       1.92 r
  U1222/Y (XOR2XL)                         0.11       2.04 r
  U3100/Y (OR2XL)                          0.06       2.09 r
  U3197/Y (AOI21XL)                        0.08       2.17 f
  U3199/Y (OAI21XL)                        0.08       2.25 r
  U3200/Y (AOI21XL)                        0.09       2.34 f
  U3201/Y (OAI21XL)                        0.08       2.42 r
  U3203/Y (AOI21XL)                        0.09       2.51 f
  U2062/Y (OAI21XL)                        0.09       2.60 r
  U2100/Y (AOI21XL)                        0.10       2.70 f
  U1445/Y (NAND2XL)                        0.06       2.76 r
  U1444/Y (NAND2XL)                        0.08       2.83 f
  U360/Y (NAND2X1)                         0.08       2.91 r
  U2035/Y (AOI21XL)                        0.08       2.99 f
  U2256/Y (XOR2XL)                         0.12       3.11 r
  y0_reg_13_/D (DFFQXL)                    0.03       3.14 r
  data arrival time                                   3.14

  clock clk (rise edge)                    3.20       3.20
  clock network delay (ideal)              0.00       3.20
  y0_reg_13_/CK (DFFQXL)                   0.00       3.20 r
  library setup time                      -0.06       3.14
  data required time                                  3.14
  -----------------------------------------------------------
  data required time                                  3.14
  data arrival time                                  -3.14
  -----------------------------------------------------------
  slack (MET)                                         0.00


  Startpoint: pipe1_reg_2__9_
              (rising edge-triggered flip-flop clocked by clk)
  Endpoint: y1_reg_15_ (rising edge-triggered flip-flop clocked by clk)
  Path Group: clk
  Path Type: max

  Des/Clust/Port     Wire Load Model       Library
  ------------------------------------------------
  fir1_parallel      Large                 slow_vdd1v2

  Point                                    Incr       Path
  -----------------------------------------------------------
  clock clk (rise edge)                    0.00       0.00
  clock network delay (ideal)              0.00       0.00
  pipe1_reg_2__9_/CK (DFFRHQX1)            0.00       0.00 r
  pipe1_reg_2__9_/Q (DFFRHQX1)             0.16       0.16 r
  U1372/Y (INVX1)                          0.10       0.26 f
  U835/CO (ADDFX1)                         0.18       0.44 f
  U4260/S (ADDFX1)                         0.27       0.70 r
  U4271/CO (ADDFX1)                        0.22       0.93 r
  U4269/CO (ADDFX1)                        0.22       1.15 r
  U4274/CO (ADDFX1)                        0.22       1.37 r
  U4378/CO (ADDFX1)                        0.23       1.60 r
  U4350/CO (ADDFX1)                        0.23       1.83 r
  U608/CO (ADDFX1)                         0.22       2.05 r
  U4366/CO (ADDFX1)                        0.18       2.23 r
  U577/CO (ADDFX1)                         0.22       2.45 r
  U383/Y (NAND2XL)                         0.08       2.53 f
  U370/Y (OAI21X1)                         0.10       2.62 r
  U212/Y (AOI21XL)                         0.09       2.72 f
  U211/Y (OAI21XL)                         0.09       2.81 r
  U2239/Y (NAND2XL)                        0.07       2.88 f
  U2104/Y (NAND2BXL)                       0.05       2.93 r
  U2099/Y (AOI21XL)                        0.05       2.99 f
  U2098/Y (XOR2XL)                         0.12       3.11 r
  y1_reg_15_/D (DFFQXL)                    0.03       3.14 r
  data arrival time                                   3.14

  clock clk (rise edge)                    3.20       3.20
  clock network delay (ideal)              0.00       3.20
  y1_reg_15_/CK (DFFQXL)                   0.00       3.20 r
  library setup time                      -0.06       3.14
  data required time                                  3.14
  -----------------------------------------------------------
  data required time                                  3.14
  data arrival time                                  -3.14
  -----------------------------------------------------------
  slack (MET)                                         0.00


  Startpoint: pipe1_reg_6__5_
              (rising edge-triggered flip-flop clocked by clk)
  Endpoint: y1_reg_11_ (rising edge-triggered flip-flop clocked by clk)
  Path Group: clk
  Path Type: max

  Des/Clust/Port     Wire Load Model       Library
  ------------------------------------------------
  fir1_parallel      Large                 slow_vdd1v2

  Point                                    Incr       Path
  -----------------------------------------------------------
  clock clk (rise edge)                    0.00       0.00
  clock network delay (ideal)              0.00       0.00
  pipe1_reg_6__5_/CK (DFFRHQX1)            0.00       0.00 r
  pipe1_reg_6__5_/Q (DFFRHQX1)             0.12       0.12 f
  U527/Y (INVX1)                           0.08       0.20 r
  U626/CO (ADDFX1)                         0.19       0.39 r
  U4675/CO (ADDFX1)                        0.23       0.62 r
  U779/CO (ADDFXL)                         0.22       0.84 r
  U4676/CO (ADDFX1)                        0.18       1.01 r
  U4679/CO (ADDFX1)                        0.23       1.24 r
  U999/S (ADDFX1)                          0.26       1.50 r
  U639/CO (ADDFX1)                         0.22       1.72 r
  U1034/CO (ADDFX1)                        0.17       1.90 r
  U605/CO (ADDFX1)                         0.18       2.08 r
  U2060/Y (XOR3XL)                         0.19       2.27 f
  U384/Y (NOR2XL)                          0.07       2.33 r
  U2270/Y (NOR2XL)                         0.07       2.40 f
  U1273/Y (INVXL)                          0.04       2.44 r
  U1193/Y (NOR2XL)                         0.05       2.49 f
  U1192/Y (NOR2XL)                         0.06       2.56 r
  U299/Y (NOR2BXL)                         0.06       2.61 f
  U1065/Y (NOR3XL)                         0.10       2.71 r
  U358/Y (NOR2BXL)                         0.09       2.80 f
  U2018/Y (INVXL)                          0.05       2.85 r
  U2139/Y (AOI31XL)                        0.12       2.96 f
  U2138/Y (XNOR2XL)                        0.15       3.11 r
  y1_reg_11_/D (DFFQXL)                    0.03       3.14 r
  data arrival time                                   3.14

  clock clk (rise edge)                    3.20       3.20
  clock network delay (ideal)              0.00       3.20
  y1_reg_11_/CK (DFFQXL)                   0.00       3.20 r
  library setup time                      -0.06       3.14
  data required time                                  3.14
  -----------------------------------------------------------
  data required time                                  3.14
  data arrival time                                  -3.14
  -----------------------------------------------------------
  slack (MET)                                         0.00


  Startpoint: pipe1_reg_1__10_
              (rising edge-triggered flip-flop clocked by clk)
  Endpoint: y0_reg_15_ (rising edge-triggered flip-flop clocked by clk)
  Path Group: clk
  Path Type: max

  Des/Clust/Port     Wire Load Model       Library
  ------------------------------------------------
  fir1_parallel      Large                 slow_vdd1v2

  Point                                    Incr       Path
  -----------------------------------------------------------
  clock clk (rise edge)                    0.00       0.00
  clock network delay (ideal)              0.00       0.00
  pipe1_reg_1__10_/CK (DFFRHQX2)           0.00       0.00 r
  pipe1_reg_1__10_/Q (DFFRHQX2)            0.16       0.16 r
  U488/Y (INVX2)                           0.10       0.27 f
  U2893/S (ADDFX1)                         0.23       0.49 r
  U2950/CO (ADDFX1)                        0.22       0.72 r
  U2948/S (ADDFX1)                         0.28       1.00 f
  U719/S (ADDFX1)                          0.24       1.23 r
  U3031/S (ADDFXL)                         0.27       1.51 f
  U1215/Y (XOR3XL)                         0.21       1.72 r
  U1214/Y (XOR3XL)                         0.21       1.92 r
  U1222/Y (XOR2XL)                         0.11       2.04 r
  U3100/Y (OR2XL)                          0.06       2.09 r
  U3197/Y (AOI21XL)                        0.08       2.17 f
  U3199/Y (OAI21XL)                        0.08       2.25 r
  U3200/Y (AOI21XL)                        0.09       2.34 f
  U3201/Y (OAI21XL)                        0.08       2.42 r
  U3203/Y (AOI21XL)                        0.09       2.51 f
  U2062/Y (OAI21XL)                        0.09       2.60 r
  U2100/Y (AOI21XL)                        0.10       2.70 f
  U1445/Y (NAND2XL)                        0.06       2.76 r
  U1444/Y (NAND2XL)                        0.08       2.83 f
  U2028/Y (NAND2XL)                        0.06       2.89 r
  U2027/Y (NAND2XL)                        0.08       2.97 f
  U2285/Y (AOI2BB2X1)                      0.08       3.05 r
  U2286/Y (NAND2XL)                        0.07       3.12 f
  y0_reg_15_/D (DFFQXL)                    0.03       3.15 f
  data arrival time                                   3.15

  clock clk (rise edge)                    3.20       3.20
  clock network delay (ideal)              0.00       3.20
  y0_reg_15_/CK (DFFQXL)                   0.00       3.20 r
  library setup time                      -0.04       3.16
  data required time                                  3.16
  -----------------------------------------------------------
  data required time                                  3.16
  data arrival time                                  -3.15
  -----------------------------------------------------------
  slack (MET)                                         0.01


1
