 
****************************************
Report : timing
        -path full
        -delay max
        -max_paths 1
Design : conv_top
Version: R-2020.09-SP5
Date   : Mon Aug 28 17:40:38 2023
****************************************

 # A fanout number of 1000 was used for high fanout net computations.

Operating Conditions: PVT_1P08V_125C   Library: slow_vdd1v2
Wire Load Model Mode: enclosed

  Startpoint: ftr_ff_reg_200_
              (rising edge-triggered flip-flop clocked by clk)
  Endpoint: conv3x3_U0/conv3x3_4chout_reg_48_
            (rising edge-triggered flip-flop clocked by clk)
  Path Group: clk
  Path Type: max

  Des/Clust/Port     Wire Load Model       Library
  ------------------------------------------------
  conv_top           Large                 slow_vdd1v2
  matmul_BW_MATMUL18_mydesign_28
                     Small                 slow_vdd1v2
  conv1x1_16to4ch_BW_MATMUL18_BW_CONV1x120_mydesign_7
                     Small                 slow_vdd1v2
  conv3x3_16to4ch_BW_BIAS25
                     Small                 slow_vdd1v2
  kernel_adder_BW_CONV1x120_BW_BIAS25_mydesign_1
                     Small                 slow_vdd1v2

  Point                                                   Incr       Path
  --------------------------------------------------------------------------
  clock clk (rise edge)                                 0.0000     0.0000
  clock network delay (ideal)                           0.0000     0.0000
  ftr_ff_reg_200_/CK (DFFQXL)                           0.0000 #   0.0000 r
  ftr_ff_reg_200_/Q (DFFQXL)                            0.1647     0.1647 f
  conv3x3_U0/feature[200] (conv3x3_16to4ch_BW_BIAS25)   0.0000     0.1647 f
  conv3x3_U0/conv1x1_u1/feature[16] (conv1x1_16to4ch_BW_MATMUL18_BW_CONV1x120_mydesign_7)
                                                        0.0000     0.1647 f
  conv3x3_U0/conv1x1_u1/mm_U3/feature[16] (matmul_BW_MATMUL18_mydesign_28)
                                                        0.0000     0.1647 f
  conv3x3_U0/conv1x1_u1/mm_U3/U254/Y (INVXL)            0.1363     0.3011 r
  conv3x3_U0/conv1x1_u1/mm_U3/U463/Y (INVXL)            0.1295     0.4306 f
  conv3x3_U0/conv1x1_u1/mm_U3/U1395/Y (NAND2XL)         0.0749     0.5054 r
  conv3x3_U0/conv1x1_u1/mm_U3/U105/Y (AOI32XL)          0.1296     0.6351 f
  conv3x3_U0/conv1x1_u1/mm_U3/U1414/S (ADDFX1)          0.2399     0.8749 r
  conv3x3_U0/conv1x1_u1/mm_U3/U1398/Y (INVXL)           0.0390     0.9139 f
  conv3x3_U0/conv1x1_u1/mm_U3/intadd_655_U5/S (ADDFX1)
                                                        0.2034     1.1173 r
  conv3x3_U0/conv1x1_u1/mm_U3/intadd_614_U9/CO (ADDFX1)
                                                        0.1499     1.2672 r
  conv3x3_U0/conv1x1_u1/mm_U3/intadd_614_U8/CO (ADDFX1)
                                                        0.1258     1.3929 r
  conv3x3_U0/conv1x1_u1/mm_U3/intadd_614_U7/CO (ADDFX1)
                                                        0.1258     1.5187 r
  conv3x3_U0/conv1x1_u1/mm_U3/intadd_614_U6/CO (ADDFX1)
                                                        0.1258     1.6444 r
  conv3x3_U0/conv1x1_u1/mm_U3/intadd_614_U5/CO (ADDFX1)
                                                        0.1258     1.7702 r
  conv3x3_U0/conv1x1_u1/mm_U3/U2199/CO (ADDFX1)         0.1258     1.8960 r
  conv3x3_U0/conv1x1_u1/mm_U3/U2198/CO (ADDFX1)         0.1258     2.0217 r
  conv3x3_U0/conv1x1_u1/mm_U3/intadd_614_U2/CO (ADDFX1)
                                                        0.1231     2.1449 r
  conv3x3_U0/conv1x1_u1/mm_U3/U1384/Y (INVXL)           0.0384     2.1832 f
  conv3x3_U0/conv1x1_u1/mm_U3/intadd_643_U2/CO (ADDFX1)
                                                        0.1381     2.3213 f
  conv3x3_U0/conv1x1_u1/mm_U3/U2197/S (ADDFX1)          0.1979     2.5192 r
  conv3x3_U0/conv1x1_u1/mm_U3/U1377/Y (INVXL)           0.0389     2.5581 f
  conv3x3_U0/conv1x1_u1/mm_U3/matmul_out[28] (matmul_BW_MATMUL18_mydesign_28)
                                                        0.0000     2.5581 f
  conv3x3_U0/conv1x1_u1/U14/S (ADDFX1)                  0.2011     2.7592 r
  conv3x3_U0/conv1x1_u1/U13/S (ADDFX1)                  0.1774     2.9366 f
  conv3x3_U0/conv1x1_u1/intadd_5_U10/S (ADDFX1)         0.2028     3.1394 r
  conv3x3_U0/conv1x1_u1/conv1x1_4chout[30] (conv1x1_16to4ch_BW_MATMUL18_BW_CONV1x120_mydesign_7)
                                                        0.0000     3.1394 r
  conv3x3_U0/kernel_adder_U2/add_in[150] (kernel_adder_BW_CONV1x120_BW_BIAS25_mydesign_1)
                                                        0.0000     3.1394 r
  conv3x3_U0/kernel_adder_U2/U141/S (ADDFX1)            0.2089     3.3484 f
  conv3x3_U0/kernel_adder_U2/U98/S (ADDFX1)             0.1882     3.5365 r
  conv3x3_U0/kernel_adder_U2/U186/S (ADDFX1)            0.2076     3.7442 f
  conv3x3_U0/kernel_adder_U2/U226/S (ADDFX1)            0.1981     3.9422 r
  conv3x3_U0/kernel_adder_U2/U185/CO (ADDFX1)           0.1498     4.0920 r
  conv3x3_U0/kernel_adder_U2/intadd_82_U13/CO (ADDFX1)
                                                        0.1258     4.2178 r
  conv3x3_U0/kernel_adder_U2/U184/CO (ADDFX1)           0.1258     4.3436 r
  conv3x3_U0/kernel_adder_U2/U183/CO (ADDFX1)           0.1258     4.4693 r
  conv3x3_U0/kernel_adder_U2/U182/CO (ADDFX1)           0.1258     4.5951 r
  conv3x3_U0/kernel_adder_U2/U181/CO (ADDFX1)           0.1258     4.7209 r
  conv3x3_U0/kernel_adder_U2/U180/CO (ADDFX1)           0.1258     4.8466 r
  conv3x3_U0/kernel_adder_U2/U179/CO (ADDFX1)           0.1258     4.9724 r
  conv3x3_U0/kernel_adder_U2/U178/CO (ADDFX1)           0.1258     5.0981 r
  conv3x3_U0/kernel_adder_U2/U177/CO (ADDFX1)           0.1258     5.2239 r
  conv3x3_U0/kernel_adder_U2/U176/CO (ADDFX1)           0.1258     5.3497 r
  conv3x3_U0/kernel_adder_U2/U175/CO (ADDFX1)           0.1258     5.4754 r
  conv3x3_U0/kernel_adder_U2/U217/CO (ADDFX1)           0.1231     5.5986 r
  conv3x3_U0/kernel_adder_U2/U18/Y (INVXL)              0.0325     5.6311 f
  conv3x3_U0/kernel_adder_U2/U19/Y (BUFX2)              0.0522     5.6832 f
  conv3x3_U0/kernel_adder_U2/add_out[23] (kernel_adder_BW_CONV1x120_BW_BIAS25_mydesign_1)
                                                        0.0000     5.6832 f
  conv3x3_U0/conv3x3_4chout_reg_48_/D (DFFQXL)          0.0096     5.6929 f
  data arrival time                                                5.6929

  clock clk (rise edge)                                 6.0000     6.0000
  clock network delay (ideal)                           0.0000     6.0000
  conv3x3_U0/conv3x3_4chout_reg_48_/CK (DFFQXL)         0.0000     6.0000 r
  library setup time                                   -0.0348     5.9652
  data required time                                               5.9652
  --------------------------------------------------------------------------
  data required time                                               5.9652
  data arrival time                                               -5.6929
  --------------------------------------------------------------------------
  slack (MET)                                                      0.2723


1
