Information: Propagating switching activity (low effort zero delay simulation). (PWR-6)
Warning: Design has unannotated primary inputs. (PWR-414)
Warning: Design has unannotated sequential cell outputs. (PWR-415)
 
****************************************
Report : power
        -hier
        -analysis_effort low
Design : conv_top
Version: R-2020.09-SP5
Date   : Mon Aug 28 17:40:53 2023
****************************************


Library(s) Used:

    slow_vdd1v2 (File: /usr/cadtool/GPDK45/gsclib045_svt_v4.4/gsclib045/db/slow_vdd1v2_basicCells_wl.db)


Operating Conditions: PVT_1P08V_125C   Library: slow_vdd1v2
Wire Load Model Mode: enclosed

Design        Wire Load Model            Library
------------------------------------------------
conv_top               Large             slow_vdd1v2
conv3x3_16to4ch_BW_BIAS25
                       Small             slow_vdd1v2
postproc_GROUP_CHANNEL16_BW_BIAS25_BW_RELU34
                       Small             slow_vdd1v2
conv1x1_16to4ch_BW_MATMUL18_BW_CONV1x120_mydesign_8
                       Small             slow_vdd1v2
conv1x1_16to4ch_BW_MATMUL18_BW_CONV1x120_mydesign_7
                       Small             slow_vdd1v2
conv1x1_16to4ch_BW_MATMUL18_BW_CONV1x120_mydesign_6
                       Small             slow_vdd1v2
conv1x1_16to4ch_BW_MATMUL18_BW_CONV1x120_mydesign_5
                       Small             slow_vdd1v2
conv1x1_16to4ch_BW_MATMUL18_BW_CONV1x120_mydesign_4
                       Small             slow_vdd1v2
conv1x1_16to4ch_BW_MATMUL18_BW_CONV1x120_mydesign_3
                       Small             slow_vdd1v2
conv1x1_16to4ch_BW_MATMUL18_BW_CONV1x120_mydesign_2
                       Small             slow_vdd1v2
conv1x1_16to4ch_BW_MATMUL18_BW_CONV1x120_mydesign_1
                       Small             slow_vdd1v2
conv1x1_16to4ch_BW_MATMUL18_BW_CONV1x120_mydesign_0
                       Small             slow_vdd1v2
kernel_adder_BW_CONV1x120_BW_BIAS25_mydesign_3
                       Small             slow_vdd1v2
kernel_adder_BW_CONV1x120_BW_BIAS25_mydesign_2
                       Small             slow_vdd1v2
kernel_adder_BW_CONV1x120_BW_BIAS25_mydesign_1
                       Small             slow_vdd1v2
kernel_adder_BW_CONV1x120_BW_BIAS25_mydesign_0
                       Small             slow_vdd1v2
shifter_decoder        Small             slow_vdd1v2
ReLU_GROUP_CHANNEL16_BW_BIAS25_BW_RELU34
                       Small             slow_vdd1v2
quantization_1ch_GROUP_CHANNEL16_BW_RELU34_mydesign_3
                       Small             slow_vdd1v2
quantization_1ch_GROUP_CHANNEL16_BW_RELU34_mydesign_2
                       Small             slow_vdd1v2
quantization_1ch_GROUP_CHANNEL16_BW_RELU34_mydesign_1
                       Small             slow_vdd1v2
quantization_1ch_GROUP_CHANNEL16_BW_RELU34_mydesign_0
                       Small             slow_vdd1v2
matmul_BW_MATMUL18_mydesign_35
                       Small             slow_vdd1v2
matmul_BW_MATMUL18_mydesign_34
                       Small             slow_vdd1v2
matmul_BW_MATMUL18_mydesign_33
                       Small             slow_vdd1v2
matmul_BW_MATMUL18_mydesign_32
                       Small             slow_vdd1v2
matmul_BW_MATMUL18_mydesign_31
                       Small             slow_vdd1v2
matmul_BW_MATMUL18_mydesign_30
                       Small             slow_vdd1v2
matmul_BW_MATMUL18_mydesign_29
                       Small             slow_vdd1v2
matmul_BW_MATMUL18_mydesign_28
                       Small             slow_vdd1v2
matmul_BW_MATMUL18_mydesign_27
                       Small             slow_vdd1v2
matmul_BW_MATMUL18_mydesign_26
                       Small             slow_vdd1v2
matmul_BW_MATMUL18_mydesign_25
                       Small             slow_vdd1v2
matmul_BW_MATMUL18_mydesign_24
                       Small             slow_vdd1v2
matmul_BW_MATMUL18_mydesign_23
                       Small             slow_vdd1v2
matmul_BW_MATMUL18_mydesign_22
                       Small             slow_vdd1v2
matmul_BW_MATMUL18_mydesign_21
                       Small             slow_vdd1v2
matmul_BW_MATMUL18_mydesign_20
                       Small             slow_vdd1v2
matmul_BW_MATMUL18_mydesign_19
                       Small             slow_vdd1v2
matmul_BW_MATMUL18_mydesign_18
                       Small             slow_vdd1v2
matmul_BW_MATMUL18_mydesign_17
                       Small             slow_vdd1v2
matmul_BW_MATMUL18_mydesign_16
                       Small             slow_vdd1v2
matmul_BW_MATMUL18_mydesign_15
                       Small             slow_vdd1v2
matmul_BW_MATMUL18_mydesign_14
                       Small             slow_vdd1v2
matmul_BW_MATMUL18_mydesign_13
                       Small             slow_vdd1v2
matmul_BW_MATMUL18_mydesign_12
                       Small             slow_vdd1v2
matmul_BW_MATMUL18_mydesign_11
                       Small             slow_vdd1v2
matmul_BW_MATMUL18_mydesign_10
                       Small             slow_vdd1v2
matmul_BW_MATMUL18_mydesign_9
                       Small             slow_vdd1v2
matmul_BW_MATMUL18_mydesign_8
                       Small             slow_vdd1v2
matmul_BW_MATMUL18_mydesign_7
                       Small             slow_vdd1v2
matmul_BW_MATMUL18_mydesign_6
                       Small             slow_vdd1v2
matmul_BW_MATMUL18_mydesign_5
                       Small             slow_vdd1v2
matmul_BW_MATMUL18_mydesign_4
                       Small             slow_vdd1v2
matmul_BW_MATMUL18_mydesign_3
                       Small             slow_vdd1v2
matmul_BW_MATMUL18_mydesign_2
                       Small             slow_vdd1v2
matmul_BW_MATMUL18_mydesign_1
                       Small             slow_vdd1v2
matmul_BW_MATMUL18_mydesign_0
                       Small             slow_vdd1v2


Global Operating Voltage = 1.08 
Power-specific unit information :
    Voltage Units = 1V
    Capacitance Units = 1.000000pf
    Time Units = 1ns
    Dynamic Power Units = 1mW    (derived from V,C,T units)
    Leakage Power Units = 1pW


--------------------------------------------------------------------------------
                                       Switch   Int      Leak     Total
Hierarchy                              Power    Power    Power    Power    %
--------------------------------------------------------------------------------
conv_top                                  3.075    9.300 7.13e+06   12.382 100.0
  postproc_U0 (postproc_GROUP_CHANNEL16_BW_BIAS25_BW_RELU34)
                                       1.87e-02 5.23e-02 4.57e+04 7.11e-02   0.6
    quantization_1ch_U3 (quantization_1ch_GROUP_CHANNEL16_BW_RELU34_mydesign_0)
                                       3.19e-03 6.71e-03 7.50e+03 9.90e-03   0.1
    quantization_1ch_U2 (quantization_1ch_GROUP_CHANNEL16_BW_RELU34_mydesign_1)
                                       3.23e-03 6.84e-03 7.66e+03 1.01e-02   0.1
    quantization_1ch_U1 (quantization_1ch_GROUP_CHANNEL16_BW_RELU34_mydesign_2)
                                       3.21e-03 6.77e-03 7.52e+03 9.98e-03   0.1
    quantization_1ch_U0 (quantization_1ch_GROUP_CHANNEL16_BW_RELU34_mydesign_3)
                                       3.21e-03 6.76e-03 7.63e+03 9.98e-03   0.1
    ReLU_U0 (ReLU_GROUP_CHANNEL16_BW_BIAS25_BW_RELU34)
                                       3.56e-03 5.72e-03 5.64e+03 9.29e-03   0.1
    shifter_decoder_U0 (shifter_decoder)
                                       1.96e-03 3.22e-03 5.33e+03 5.18e-03   0.0
  conv3x3_U0 (conv3x3_16to4ch_BW_BIAS25)
                                          2.911    6.967 6.29e+06    9.884  79.8
    kernel_adder_U3 (kernel_adder_BW_CONV1x120_BW_BIAS25_mydesign_0)
                                       2.83e-02 8.09e-02 3.48e+04    0.109   0.9
    kernel_adder_U2 (kernel_adder_BW_CONV1x120_BW_BIAS25_mydesign_1)
                                       2.83e-02 8.09e-02 3.48e+04    0.109   0.9
    kernel_adder_U1 (kernel_adder_BW_CONV1x120_BW_BIAS25_mydesign_2)
                                       2.83e-02 8.09e-02 3.48e+04    0.109   0.9
    kernel_adder_U0 (kernel_adder_BW_CONV1x120_BW_BIAS25_mydesign_3)
                                       2.83e-02 8.09e-02 3.48e+04    0.109   0.9
    conv1x1_u8 (conv1x1_16to4ch_BW_MATMUL18_BW_CONV1x120_mydesign_0)
                                          0.310    0.732 6.84e+05    1.042   8.4
      mm_U3 (matmul_BW_MATMUL18_mydesign_0)
                                       7.09e-02    0.163 1.62e+05    0.234   1.9
      mm_U2 (matmul_BW_MATMUL18_mydesign_1)
                                       7.08e-02    0.163 1.62e+05    0.234   1.9
      mm_U1 (matmul_BW_MATMUL18_mydesign_2)
                                       6.95e-02    0.163 1.62e+05    0.232   1.9
      mm_U0 (matmul_BW_MATMUL18_mydesign_3)
                                       7.11e-02    0.163 1.62e+05    0.234   1.9
    conv1x1_u7 (conv1x1_16to4ch_BW_MATMUL18_BW_CONV1x120_mydesign_1)
                                          0.311    0.730 6.82e+05    1.042   8.4
      mm_U3 (matmul_BW_MATMUL18_mydesign_4)
                                       7.07e-02    0.163 1.62e+05    0.233   1.9
      mm_U2 (matmul_BW_MATMUL18_mydesign_5)
                                       7.06e-02    0.162 1.61e+05    0.233   1.9
      mm_U1 (matmul_BW_MATMUL18_mydesign_6)
                                       6.95e-02    0.162 1.61e+05    0.232   1.9
      mm_U0 (matmul_BW_MATMUL18_mydesign_7)
                                       7.09e-02    0.162 1.61e+05    0.233   1.9
    conv1x1_u6 (conv1x1_16to4ch_BW_MATMUL18_BW_CONV1x120_mydesign_2)
                                          0.309    0.731 6.82e+05    1.041   8.4
      mm_U3 (matmul_BW_MATMUL18_mydesign_8)
                                       7.09e-02    0.163 1.61e+05    0.234   1.9
      mm_U2 (matmul_BW_MATMUL18_mydesign_9)
                                       7.05e-02    0.162 1.61e+05    0.233   1.9
      mm_U1 (matmul_BW_MATMUL18_mydesign_10)
                                       6.96e-02    0.163 1.61e+05    0.232   1.9
      mm_U0 (matmul_BW_MATMUL18_mydesign_11)
                                       7.10e-02    0.163 1.62e+05    0.234   1.9
    conv1x1_u5 (conv1x1_16to4ch_BW_MATMUL18_BW_CONV1x120_mydesign_3)
                                          0.311    0.731 6.81e+05    1.043   8.4
      mm_U3 (matmul_BW_MATMUL18_mydesign_12)
                                       7.08e-02    0.163 1.61e+05    0.234   1.9
      mm_U2 (matmul_BW_MATMUL18_mydesign_13)
                                       7.06e-02    0.162 1.61e+05    0.233   1.9
      mm_U1 (matmul_BW_MATMUL18_mydesign_14)
                                       6.95e-02    0.162 1.61e+05    0.232   1.9
      mm_U0 (matmul_BW_MATMUL18_mydesign_15)
                                       7.11e-02    0.163 1.62e+05    0.234   1.9
    conv1x1_u4 (conv1x1_16to4ch_BW_MATMUL18_BW_CONV1x120_mydesign_4)
                                          0.311    0.730 6.81e+05    1.042   8.4
      mm_U3 (matmul_BW_MATMUL18_mydesign_16)
                                       7.07e-02    0.162 1.61e+05    0.233   1.9
      mm_U2 (matmul_BW_MATMUL18_mydesign_17)
                                       7.08e-02    0.162 1.61e+05    0.233   1.9
      mm_U1 (matmul_BW_MATMUL18_mydesign_18)
                                       6.93e-02    0.162 1.61e+05    0.231   1.9
      mm_U0 (matmul_BW_MATMUL18_mydesign_19)
                                       7.09e-02    0.162 1.61e+05    0.234   1.9
    conv1x1_u3 (conv1x1_16to4ch_BW_MATMUL18_BW_CONV1x120_mydesign_5)
                                          0.311    0.732 6.81e+05    1.044   8.4
      mm_U3 (matmul_BW_MATMUL18_mydesign_20)
                                       7.09e-02    0.163 1.62e+05    0.234   1.9
      mm_U2 (matmul_BW_MATMUL18_mydesign_21)
                                       7.07e-02    0.162 1.61e+05    0.233   1.9
      mm_U1 (matmul_BW_MATMUL18_mydesign_22)
                                       6.97e-02    0.163 1.61e+05    0.233   1.9
      mm_U0 (matmul_BW_MATMUL18_mydesign_23)
                                       7.10e-02    0.163 1.61e+05    0.234   1.9
    conv1x1_u2 (conv1x1_16to4ch_BW_MATMUL18_BW_CONV1x120_mydesign_6)
                                          0.311    0.731 6.82e+05    1.043   8.4
      mm_U3 (matmul_BW_MATMUL18_mydesign_24)
                                       7.08e-02    0.163 1.61e+05    0.233   1.9
      mm_U2 (matmul_BW_MATMUL18_mydesign_25)
                                       7.08e-02    0.163 1.61e+05    0.233   1.9
      mm_U1 (matmul_BW_MATMUL18_mydesign_26)
                                       6.95e-02    0.162 1.61e+05    0.232   1.9
      mm_U0 (matmul_BW_MATMUL18_mydesign_27)
                                       7.10e-02    0.163 1.61e+05    0.234   1.9
    conv1x1_u1 (conv1x1_16to4ch_BW_MATMUL18_BW_CONV1x120_mydesign_7)
                                          0.311    0.731 6.82e+05    1.043   8.4
      mm_U3 (matmul_BW_MATMUL18_mydesign_28)
                                       7.09e-02    0.163 1.61e+05    0.234   1.9
      mm_U2 (matmul_BW_MATMUL18_mydesign_29)
                                       7.07e-02    0.162 1.61e+05    0.233   1.9
      mm_U1 (matmul_BW_MATMUL18_mydesign_30)
                                       6.95e-02    0.163 1.62e+05    0.232   1.9
      mm_U0 (matmul_BW_MATMUL18_mydesign_31)
                                       7.09e-02    0.162 1.62e+05    0.234   1.9
    conv1x1_u0 (conv1x1_16to4ch_BW_MATMUL18_BW_CONV1x120_mydesign_8)
                                          0.311    0.731 6.81e+05    1.043   8.4
      mm_U3 (matmul_BW_MATMUL18_mydesign_32)
                                       7.09e-02    0.163 1.61e+05    0.234   1.9
      mm_U2 (matmul_BW_MATMUL18_mydesign_33)
                                       7.07e-02    0.162 1.61e+05    0.233   1.9
      mm_U1 (matmul_BW_MATMUL18_mydesign_34)
                                       6.94e-02    0.162 1.61e+05    0.232   1.9
      mm_U0 (matmul_BW_MATMUL18_mydesign_35)
                                       7.10e-02    0.163 1.61e+05    0.234   1.9
1
