 
****************************************
Report : timing
        -path full
        -delay min
        -max_paths 4
Design : conv_top
Version: R-2020.09-SP5
Date   : Mon Aug 28 17:40:37 2023
****************************************

 # A fanout number of 1000 was used for high fanout net computations.

Operating Conditions: PVT_1P08V_125C   Library: slow_vdd1v2
Wire Load Model Mode: enclosed

  Startpoint: pipeline_ff_reg_0_
              (rising edge-triggered flip-flop clocked by clk)
  Endpoint: pipeline_ff_reg_1_
            (rising edge-triggered flip-flop clocked by clk)
  Path Group: clk
  Path Type: min

  Des/Clust/Port     Wire Load Model       Library
  ------------------------------------------------
  conv_top           Large                 slow_vdd1v2

  Point                                    Incr       Path
  -----------------------------------------------------------
  clock clk (rise edge)                    0.00       0.00
  clock network delay (ideal)              0.00       0.00
  pipeline_ff_reg_0_/CK (DFFQXL)           0.00 #     0.00 r
  pipeline_ff_reg_0_/Q (DFFQXL)            0.10       0.10 f
  pipeline_ff_reg_1_/D (DFFQXL)            0.03       0.13 f
  data arrival time                                   0.13

  clock clk (rise edge)                    0.00       0.00
  clock network delay (ideal)              0.00       0.00
  pipeline_ff_reg_1_/CK (DFFQXL)           0.00       0.00 r
  library hold time                        0.00       0.00
  data required time                                  0.00
  -----------------------------------------------------------
  data required time                                  0.00
  data arrival time                                  -0.13
  -----------------------------------------------------------
  slack (MET)                                         0.13


  Startpoint: pipeline_ff_reg_1_
              (rising edge-triggered flip-flop clocked by clk)
  Endpoint: pipeline_ff_reg_2_
            (rising edge-triggered flip-flop clocked by clk)
  Path Group: clk
  Path Type: min

  Des/Clust/Port     Wire Load Model       Library
  ------------------------------------------------
  conv_top           Large                 slow_vdd1v2

  Point                                    Incr       Path
  -----------------------------------------------------------
  clock clk (rise edge)                    0.00       0.00
  clock network delay (ideal)              0.00       0.00
  pipeline_ff_reg_1_/CK (DFFQXL)           0.00 #     0.00 r
  pipeline_ff_reg_1_/Q (DFFQXL)            0.10       0.10 f
  pipeline_ff_reg_2_/D (DFFQXL)            0.03       0.13 f
  data arrival time                                   0.13

  clock clk (rise edge)                    0.00       0.00
  clock network delay (ideal)              0.00       0.00
  pipeline_ff_reg_2_/CK (DFFQXL)           0.00       0.00 r
  library hold time                        0.00       0.00
  data required time                                  0.00
  -----------------------------------------------------------
  data required time                                  0.00
  data arrival time                                  -0.13
  -----------------------------------------------------------
  slack (MET)                                         0.13


  Startpoint: relu_ff_reg
              (rising edge-triggered flip-flop clocked by clk)
  Endpoint: postproc_U0/post_out_reg_15_
            (rising edge-triggered flip-flop clocked by clk)
  Path Group: clk
  Path Type: min

  Des/Clust/Port     Wire Load Model       Library
  ------------------------------------------------
  conv_top           Large                 slow_vdd1v2
  postproc_GROUP_CHANNEL16_BW_BIAS25_BW_RELU34
                     Small                 slow_vdd1v2
  quantization_1ch_GROUP_CHANNEL16_BW_RELU34_mydesign_1
                     Small                 slow_vdd1v2

  Point                                                   Incr       Path
  --------------------------------------------------------------------------
  clock clk (rise edge)                                   0.00       0.00
  clock network delay (ideal)                             0.00       0.00
  relu_ff_reg/CK (DFFQXL)                                 0.00 #     0.00 r
  relu_ff_reg/Q (DFFQXL)                                  0.11       0.11 r
  postproc_U0/relu (postproc_GROUP_CHANNEL16_BW_BIAS25_BW_RELU34)
                                                          0.00       0.11 r
  postproc_U0/ReLU_U0/relu (ReLU_GROUP_CHANNEL16_BW_BIAS25_BW_RELU34)
                                                          0.00       0.11 r
  postproc_U0/ReLU_U0/U6/Y (NOR2BXL)                      0.05       0.16 f
  postproc_U0/ReLU_U0/relu_out[66] (ReLU_GROUP_CHANNEL16_BW_BIAS25_BW_RELU34)
                                                          0.00       0.16 f
  postproc_U0/quantization_1ch_U2/in_val[32] (quantization_1ch_GROUP_CHANNEL16_BW_RELU34_mydesign_1)
                                                          0.00       0.16 f
  postproc_U0/quantization_1ch_U2/U114/Y (NAND2XL)        0.03       0.20 r
  postproc_U0/quantization_1ch_U2/U65/Y (XNOR2X1)         0.09       0.29 f
  postproc_U0/quantization_1ch_U2/out_val[7] (quantization_1ch_GROUP_CHANNEL16_BW_RELU34_mydesign_1)
                                                          0.00       0.29 f
  postproc_U0/post_out_reg_15_/D (DFFQXL)                 0.01       0.29 f
  data arrival time                                                  0.29

  clock clk (rise edge)                                   0.00       0.00
  clock network delay (ideal)                             0.00       0.00
  postproc_U0/post_out_reg_15_/CK (DFFQXL)                0.00       0.00 r
  library hold time                                       0.00       0.00
  data required time                                                 0.00
  --------------------------------------------------------------------------
  data required time                                                 0.00
  data arrival time                                                 -0.29
  --------------------------------------------------------------------------
  slack (MET)                                                        0.29


  Startpoint: relu_ff_reg
              (rising edge-triggered flip-flop clocked by clk)
  Endpoint: postproc_U0/post_out_reg_7_
            (rising edge-triggered flip-flop clocked by clk)
  Path Group: clk
  Path Type: min

  Des/Clust/Port     Wire Load Model       Library
  ------------------------------------------------
  conv_top           Large                 slow_vdd1v2
  postproc_GROUP_CHANNEL16_BW_BIAS25_BW_RELU34
                     Small                 slow_vdd1v2
  quantization_1ch_GROUP_CHANNEL16_BW_RELU34_mydesign_0
                     Small                 slow_vdd1v2

  Point                                                   Incr       Path
  --------------------------------------------------------------------------
  clock clk (rise edge)                                   0.00       0.00
  clock network delay (ideal)                             0.00       0.00
  relu_ff_reg/CK (DFFQXL)                                 0.00 #     0.00 r
  relu_ff_reg/Q (DFFQXL)                                  0.11       0.11 r
  postproc_U0/relu (postproc_GROUP_CHANNEL16_BW_BIAS25_BW_RELU34)
                                                          0.00       0.11 r
  postproc_U0/ReLU_U0/relu (ReLU_GROUP_CHANNEL16_BW_BIAS25_BW_RELU34)
                                                          0.00       0.11 r
  postproc_U0/ReLU_U0/U5/Y (NOR2BXL)                      0.05       0.16 f
  postproc_U0/ReLU_U0/relu_out[32] (ReLU_GROUP_CHANNEL16_BW_BIAS25_BW_RELU34)
                                                          0.00       0.16 f
  postproc_U0/quantization_1ch_U3/in_val[32] (quantization_1ch_GROUP_CHANNEL16_BW_RELU34_mydesign_0)
                                                          0.00       0.16 f
  postproc_U0/quantization_1ch_U3/U114/Y (NAND2XL)        0.03       0.20 r
  postproc_U0/quantization_1ch_U3/U65/Y (XNOR2X1)         0.09       0.29 f
  postproc_U0/quantization_1ch_U3/out_val[7] (quantization_1ch_GROUP_CHANNEL16_BW_RELU34_mydesign_0)
                                                          0.00       0.29 f
  postproc_U0/post_out_reg_7_/D (DFFQXL)                  0.01       0.29 f
  data arrival time                                                  0.29

  clock clk (rise edge)                                   0.00       0.00
  clock network delay (ideal)                             0.00       0.00
  postproc_U0/post_out_reg_7_/CK (DFFQXL)                 0.00       0.00 r
  library hold time                                       0.00       0.00
  data required time                                                 0.00
  --------------------------------------------------------------------------
  data required time                                                 0.00
  data arrival time                                                 -0.29
  --------------------------------------------------------------------------
  slack (MET)                                                        0.29


1
