Information: Derived library resistance unit is 1.000000 Kohm (Time unit is 1 ns, and Capacitance unit is 1.000000 pF). (DES-028)
Warning: Coupling capacitor (top0/ID_stage/dcache/clk_gate_memory_reg_108__1/latch/D top0/ID_stage/dcache/CTS_295:63 0) on net top0/ID_stage/dcache/FE_OFN210_N423 is discarded because the value cannot be <= 0 (PARA-040)
Warning: Coupling capacitor (top0/ID_stage/dcache/clk_gate_memory_reg_108__1/latch/D top0/ID_stage/dcache/CTS_295:62 0) on net top0/ID_stage/dcache/FE_OFN210_N423 is discarded because the value cannot be <= 0 (PARA-040)
Warning: Coupling capacitor (top0/ID_stage/dcache/clk_gate_memory_reg_222__0/latch/D top0/ID_stage/dcache/clk_gate_memory_reg_194_/latch/GN 0) on net top0/ID_stage/dcache/FE_OFN40_N537 is discarded because the value cannot be <= 0 (PARA-040)
Warning: Coupling capacitor (top0/IF_stage/icache/clk_gate_memory_reg_174__2/main_gate/B top0/IF_stage/icache/FE_OFN55894_n:36 0) on net top0/IF_stage/icache/CTS_514 is discarded because the value cannot be <= 0 (PARA-040)
Warning: Coupling capacitor (top0/IF_stage/icache/clk_gate_memory_reg_221__2/main_gate/B top0/IF_stage/icache/CTS_251:87 0) on net top0/IF_stage/icache/CTS_452 is discarded because the value cannot be <= 0 (PARA-040)
Warning: Coupling capacitor (top0/IF_stage/icache/clk_gate_memory_reg_221__2/main_gate/B top0/IF_stage/icache/CTS_251:51 0) on net top0/IF_stage/icache/CTS_452 is discarded because the value cannot be <= 0 (PARA-040)
Warning: Coupling capacitor (top0/ID_stage/dcache/clk_gate_memory_reg_211__2/latch/GN top0/ID_stage/dcache/FE_OFN3779_N456:5 0) on net top0/ID_stage/dcache/CTS_552 is discarded because the value cannot be <= 0 (PARA-040)
Warning: Coupling capacitor (top0/IF_stage/icache/clk_gate_memory_reg_53__2/main_gate/B top0/IF_stage/icache/CTS_635:38 0) on net top0/IF_stage/icache/CTS_671 is discarded because the value cannot be <= 0 (PARA-040)
Warning: Coupling capacitor (top0/IF_stage/icache/clk_gate_memory_reg_211__2/latch/GN top0/IF_stage/icache/memory_reg_165__0_/CK 0) on net top0/IF_stage/icache/CTS_348 is discarded because the value cannot be <= 0 (PARA-040)
Warning: Coupling capacitor (top0/IF_stage/icache/clk_gate_memory_reg_208__2/main_gate/B top0/IF_stage/icache/CTS_217:31 0) on net top0/IF_stage/icache/CTS_348 is discarded because the value cannot be <= 0 (PARA-040)
Warning: Coupling capacitor (top0/IF_stage/icache/clk_gate_memory_reg_165__2/latch/GN top0/IF_stage/icache/CTS_392:57 0) on net top0/IF_stage/icache/CTS_348 is discarded because the value cannot be <= 0 (PARA-040)
Warning: Coupling capacitor (top0/IF_stage/icache/clk_gate_memory_reg_182__2/latch/GN top0/IF_stage/icache/clk_gate_memory_reg_182__2/net1719:3 0) on net top0/IF_stage/icache/CTS_348 is discarded because the value cannot be <= 0 (PARA-040)
Warning: Coupling capacitor (top0/ID_stage/dcache/clk_gate_memory_reg_142__2/main_gate/B top0/ID_stage/dcache/clk_gate_memory_reg_142__2/latch/D 0) on net top0/ID_stage/dcache/CTS_457 is discarded because the value cannot be <= 0 (PARA-040)
Warning: Coupling capacitor (top0/IF_stage/icache/clk_gate_memory_reg_185__2/main_gate/B top0/IF_stage/icache/CTS_240:59 0) on net top0/IF_stage/icache/CTS_250 is discarded because the value cannot be <= 0 (PARA-040)
Warning: Coupling capacitor (top0/IF_stage/icache/clk_gate_memory_reg_185__2/latch/GN top0/IF_stage/icache/FE_OFN313_n4431:5 0) on net top0/IF_stage/icache/CTS_250 is discarded because the value cannot be <= 0 (PARA-040)
Warning: Coupling capacitor (top0/IF_stage/icache/clk_gate_memory_reg_97_/latch/GN top0/IF_stage/icache/clk_gate_memory_reg_115_/latch/D 0) on net CTS_20 is discarded because the value cannot be <= 0 (PARA-040)
Warning: Coupling capacitor (top0/IF_stage/icache/clk_gate_memory_reg_51__1/latch/GN top0/IF_stage/icache/FE_OFN694_n5893:28 0) on net CTS_20 is discarded because the value cannot be <= 0 (PARA-040)
Warning: Coupling capacitor (top0/IF_stage/icache/clk_gate_memory_reg_90__1/latch/GN top0/IF_stage/icache/memory[2953]:4 0) on net CTS_20 is discarded because the value cannot be <= 0 (PARA-040)
Warning: Coupling capacitor (top0/IF_stage/icache/clk_gate_memory_reg_86_/latch/GN top0/IF_stage/icache/CTS_145:42 0) on net CTS_20 is discarded because the value cannot be <= 0 (PARA-040)
Warning: Coupling capacitor (top0/IF_stage/icache/clk_gate_memory_reg_85_/latch/GN top0/IF_stage/icache/FE_OFN2320_N396:5 0) on net CTS_20 is discarded because the value cannot be <= 0 (PARA-040)
Warning: Coupling capacitor (top0/IF_stage/icache/clk_gate_memory_reg_58_/latch/GN top0/IF_stage/icache/FE_OFN2332_N416:17 0) on net CTS_21 is discarded because the value cannot be <= 0 (PARA-040)
Warning: Coupling capacitor (top0/IF_stage/icache/clk_gate_memory_reg_24_/latch/GN top0/IF_stage/icache/FE_OFN6282_FE_OFN863_n51501:10 0) on net CTS_21 is discarded because the value cannot be <= 0 (PARA-040)
Warning: Coupling capacitor (top0/IF_stage/icache/clk_gate_memory_reg_9_/latch/GN top0/IF_stage/icache/U4307/A0 0) on net top0/IF_stage/icache/CTS_198 is discarded because the value cannot be <= 0 (PARA-040)
Warning: Coupling capacitor (top0/ID_stage/dcache/clk_gate_memory_reg_194_/latch/GN top0/ID_stage/dcache/clk_gate_memory_reg_222__0/latch/D 0) on net top0/ID_stage/dcache/CTS_803 is discarded because the value cannot be <= 0 (PARA-040)
Warning: Coupling capacitor (top0/ID_stage/dcache/clk_gate_memory_reg_246__0/latch/GN top0/ID_stage/dcache/FE_OFN192_N466:11 0) on net top0/ID_stage/dcache/CTS_803 is discarded because the value cannot be <= 0 (PARA-040)
Warning: Coupling capacitor (top0/ID_stage/dcache/clk_gate_memory_reg_150__0/latch/GN top0/ID_stage/dcache/FE_OFN192_N466:11 0) on net top0/ID_stage/dcache/CTS_803 is discarded because the value cannot be <= 0 (PARA-040)
Warning: Coupling capacitor (top0/ID_stage/dcache/clk_gate_memory_reg_224_/latch/GN top0/ID_stage/dcache/FE_OFN3816_N541:20 0) on net top0/ID_stage/dcache/CTS_803 is discarded because the value cannot be <= 0 (PARA-040)
Warning: Coupling capacitor (top0/ID_stage/dcache/clk_gate_memory_reg_186_/latch/GN top0/ID_stage/dcache/FE_OFN3816_N541:20 0) on net top0/ID_stage/dcache/CTS_803 is discarded because the value cannot be <= 0 (PARA-040)
Warning: Coupling capacitor (top0/ID_stage/dcache/clk_gate_memory_reg_226_/latch/GN top0/ID_stage/dcache/FE_OFN3816_N541:22 0) on net top0/ID_stage/dcache/CTS_803 is discarded because the value cannot be <= 0 (PARA-040)
Warning: Coupling capacitor (top0/ID_stage/dcache/clk_gate_memory_reg_220__0/latch/GN top0/ID_stage/dcache/N502:14 0) on net top0/ID_stage/dcache/CTS_803 is discarded because the value cannot be <= 0 (PARA-040)
Warning: Coupling capacitor (top0/ID_stage/dcache/clk_gate_memory_reg_220_/latch/GN top0/ID_stage/dcache/N502:17 0) on net top0/ID_stage/dcache/CTS_803 is discarded because the value cannot be <= 0 (PARA-040)
Warning: Coupling capacitor (top0/ID_stage/dcache/clk_gate_memory_reg_198_/latch/GN top0/ID_stage/dcache/N550:12 0) on net top0/ID_stage/dcache/CTS_803 is discarded because the value cannot be <= 0 (PARA-040)
Warning: Coupling capacitor (top0/ID_stage/dcache/clk_gate_memory_reg_141_/latch/GN top0/ID_stage/dcache/FE_OFN3802_N520:14 0) on net top0/ID_stage/dcache/CTS_806 is discarded because the value cannot be <= 0 (PARA-040)
Warning: Coupling capacitor (top0/ID_stage/dcache/clk_gate_memory_reg_202__0/latch/GN top0/ID_stage/dcache/N504:17 0) on net top0/ID_stage/dcache/CTS_806 is discarded because the value cannot be <= 0 (PARA-040)
Warning: Coupling capacitor (top0/ID_stage/dcache/clk_gate_memory_reg_227_/latch/GN top0/ID_stage/dcache/FE_OFN6123_FE_OFN1190_n4298:24 0) on net top0/ID_stage/dcache/CTS_806 is discarded because the value cannot be <= 0 (PARA-040)
Warning: Coupling capacitor (top0/ID_stage/dcache/clk_gate_memory_reg_221__1/latch/GN top0/ID_stage/FE_OFN1907_sw_data_6:38 0) on net top0/ID_stage/dcache/CTS_806 is discarded because the value cannot be <= 0 (PARA-040)
Warning: Coupling capacitor (top0/ID_stage/dcache/clk_gate_memory_reg_173__1/latch/GN top0/ID_stage/dcache/N483:12 0) on net top0/ID_stage/dcache/CTS_806 is discarded because the value cannot be <= 0 (PARA-040)
Warning: Coupling capacitor (top0/ID_stage/dcache/clk_gate_memory_reg_236__0/latch/GN top0/ID_stage/dcache/CTS_540:53 0) on net top0/ID_stage/dcache/CTS_2 is discarded because the value cannot be <= 0 (PARA-040)
Warning: Coupling capacitor (top0/ID_stage/dcache/clk_gate_memory_reg_195__0/latch/GN top0/ID_stage/dcache/FE_OFN78_N460:17 0) on net top0/ID_stage/dcache/CTS_2 is discarded because the value cannot be <= 0 (PARA-040)
Warning: Coupling capacitor (top0/ID_stage/dcache/clk_gate_memory_reg_226__0/latch/GN top0/ID_stage/dcache/FE_OFN78_N460:17 0) on net top0/ID_stage/dcache/CTS_2 is discarded because the value cannot be <= 0 (PARA-040)
Warning: Coupling capacitor (top0/ID_stage/dcache/clk_gate_memory_reg_206__0/latch/GN top0/ID_stage/dcache/FE_OFN78_N460:12 0) on net top0/ID_stage/dcache/CTS_2 is discarded because the value cannot be <= 0 (PARA-040)
Warning: Coupling capacitor (top0/ID_stage/dcache/clk_gate_memory_reg_208__0/latch/GN top0/ID_stage/dcache/N557:7 0) on net top0/ID_stage/dcache/CTS_2 is discarded because the value cannot be <= 0 (PARA-040)
Warning: Coupling capacitor (top0/IF_stage/icache/clk_gate_memory_reg_192__0/latch/GN top0/IF_stage/icache/FE_OFN877_n5325:26 0) on net top0/IF_stage/icache/CTS_197 is discarded because the value cannot be <= 0 (PARA-040)
Warning: Coupling capacitor (top0/IF_stage/icache/clk_gate_memory_reg_192__0/latch/GN top0/IF_stage/icache/CTS_322:46 0) on net top0/IF_stage/icache/CTS_197 is discarded because the value cannot be <= 0 (PARA-040)
Warning: Coupling capacitor (top0/ID_stage/dcache/clk_gate_memory_reg_174__2/latch/GN top0/ID_stage/dcache/memory_reg_156__4_/CK 0) on net top0/ID_stage/dcache/CTS_250 is discarded because the value cannot be <= 0 (PARA-040)
Warning: Coupling capacitor (top0/IF_stage/icache/clk_gate_memory_reg_1__1/latch/GN top0/IF_stage/icache/FE_OFN6211_FE_OFN938_n5738:27 0) on net top0/CTS_2 is discarded because the value cannot be <= 0 (PARA-040)
Warning: Coupling capacitor (top0/IF_stage/icache/clk_gate_memory_reg_67__0/latch/GN top0/IF_stage/icache/FE_OFN2295_N350:7 0) on net top0/IF_stage/icache/CTS_202 is discarded because the value cannot be <= 0 (PARA-040)
Warning: Coupling capacitor (top0/IF_stage/icache/clk_gate_memory_reg_62__0/latch/GN top0/IF_stage/icache/FE_OFN656_n5545:51 0) on net top0/IF_stage/icache/CTS_202 is discarded because the value cannot be <= 0 (PARA-040)
Warning: Coupling capacitor (top0/IF_stage/icache/clk_gate_memory_reg_105__0/latch/GN top0/IF_stage/icache/FE_OFN656_n5545:51 0) on net top0/IF_stage/icache/CTS_202 is discarded because the value cannot be <= 0 (PARA-040)
Warning: Coupling capacitor (top0/IF_stage/icache/clk_gate_memory_reg_69__0/latch/GN top0/IF_stage/icache/N351:7 0) on net top0/IF_stage/icache/CTS_202 is discarded because the value cannot be <= 0 (PARA-040)
Warning: Coupling capacitor (top0/IF_stage/icache/clk_gate_memory_reg_247__0/latch/GN top0/IF_stage/icache/FE_OFN2389_N490:12 0) on net top0/IF_stage/icache/CTS_201 is discarded because the value cannot be <= 0 (PARA-040)
Warning: Coupling capacitor (top0/IF_stage/icache/clk_gate_memory_reg_250__0/latch/GN top0/IF_stage/icache/FE_OFN2389_N490:12 0) on net top0/IF_stage/icache/CTS_201 is discarded because the value cannot be <= 0 (PARA-040)
Warning: Coupling capacitor (top0/IF_stage/icache/clk_gate_memory_reg_222__0/latch/GN top0/IF_stage/icache/FE_OFN2407_N516:11 0) on net top0/IF_stage/icache/CTS_201 is discarded because the value cannot be <= 0 (PARA-040)
Warning: Coupling capacitor (top0/IF_stage/icache/clk_gate_memory_reg_247__1/latch/GN top0/IF_stage/icache/FE_OFN2431_N543:5 0) on net top0/IF_stage/icache/CTS_201 is discarded because the value cannot be <= 0 (PARA-040)
Warning: Coupling capacitor (top0/IF_stage/icache/clk_gate_memory_reg_215__0/latch/GN top0/IF_stage/icache/FE_OFN2377_N473:15 0) on net top0/IF_stage/icache/CTS_201 is discarded because the value cannot be <= 0 (PARA-040)
Warning: Coupling capacitor (top0/IF_stage/icache/clk_gate_memory_reg_221__0/latch/GN top0/IF_stage/icache/FE_OFN2377_N473:15 0) on net top0/IF_stage/icache/CTS_201 is discarded because the value cannot be <= 0 (PARA-040)
Warning: Coupling capacitor (top0/IF_stage/icache/clk_gate_memory_reg_222__0/latch/GN top0/IF_stage/icache/FE_OFN2377_N473:15 0) on net top0/IF_stage/icache/CTS_201 is discarded because the value cannot be <= 0 (PARA-040)
Warning: Coupling capacitor (top0/IF_stage/icache/clk_gate_memory_reg_146_/latch/GN top0/IF_stage/icache/n1412:2 0) on net CTS_13 is discarded because the value cannot be <= 0 (PARA-040)
Warning: Coupling capacitor (top0/IF_stage/icache/clk_gate_memory_reg_172__1/latch/GN top0/IF_stage/icache/N499:9 0) on net CTS_16 is discarded because the value cannot be <= 0 (PARA-040)
Warning: Coupling capacitor (top0/IF_stage/icache/clk_gate_memory_reg_172__1/latch/GN top0/IF_stage/icache/N499:10 0) on net CTS_16 is discarded because the value cannot be <= 0 (PARA-040)
Warning: Coupling capacitor (top0/IF_stage/icache/clk_gate_memory_reg_128__1/latch/GN top0/IF_stage/icache/FE_OFN2427_N536:12 0) on net CTS_16 is discarded because the value cannot be <= 0 (PARA-040)
Warning: Coupling capacitor (top0/IF_stage/icache/clk_gate_memory_reg_191__1/latch/GN top0/IF_stage/icache/CTS_237:33 0) on net CTS_16 is discarded because the value cannot be <= 0 (PARA-040)
Warning: Coupling capacitor (top0/IF_stage/icache/clk_gate_memory_reg_234__1/latch/GN top0/IF_stage/icache/CTS_237:33 0) on net CTS_16 is discarded because the value cannot be <= 0 (PARA-040)
Warning: Coupling capacitor (top0/IF_stage/icache/clk_gate_memory_reg_199_/latch/GN top0/IF_stage/icache/clk_gate_memory_reg_188_/latch/D 0) on net CTS_16 is discarded because the value cannot be <= 0 (PARA-040)
Warning: Coupling capacitor (top0/IF_stage/icache/clk_gate_memory_reg_175__1/latch/GN top0/IF_stage/icache/N507:8 0) on net CTS_16 is discarded because the value cannot be <= 0 (PARA-040)
Warning: Coupling capacitor (top0/IF_stage/icache/clk_gate_memory_reg_163_/latch/GN top0/IF_stage/icache/N507:9 0) on net CTS_16 is discarded because the value cannot be <= 0 (PARA-040)
Warning: Coupling capacitor (top0/IF_stage/icache/clk_gate_memory_reg_148__0/latch/GN top0/IF_stage/icache/N478:6 0) on net CTS_16 is discarded because the value cannot be <= 0 (PARA-040)
Warning: Coupling capacitor (top0/IF_stage/icache/clk_gate_memory_reg_174__0/latch/GN top0/IF_stage/icache/N478:6 0) on net CTS_16 is discarded because the value cannot be <= 0 (PARA-040)
Warning: Coupling capacitor (top0/IF_stage/icache/clk_gate_memory_reg_161__1/latch/GN top0/IF_stage/icache/FE_OFN6408_FE_OFN642_n5287:29 0) on net CTS_17 is discarded because the value cannot be <= 0 (PARA-040)
Warning: Coupling capacitor (top0/IF_stage/icache/clk_gate_memory_reg_214__1/latch/GN top0/IF_stage/icache/FE_OFN6207_FE_OFN942_n5784:40 0) on net CTS_17 is discarded because the value cannot be <= 0 (PARA-040)
Warning: Coupling capacitor (top0/IF_stage/icache/clk_gate_memory_reg_129__0/latch/GN top0/IF_stage/icache/FE_OFN691_n5885:43 0) on net CTS_17 is discarded because the value cannot be <= 0 (PARA-040)
Warning: Coupling capacitor (top0/IF_stage/icache/clk_gate_memory_reg_84__2/main_gate/B top0/IF_stage/icache/FE_OFN55941_n:40 0) on net top0/IF_stage/icache/CTS_105 is discarded because the value cannot be <= 0 (PARA-040)
Warning: Coupling capacitor (top0/IF_stage/icache/clk_gate_memory_reg_39__2/main_gate/B top0/IF_stage/icache/FE_OFN55941_n:24 0) on net top0/IF_stage/icache/CTS_105 is discarded because the value cannot be <= 0 (PARA-040)
Warning: Coupling capacitor (top0/IF_stage/icache/clk_gate_memory_reg_110__2/main_gate/B top0/IF_stage/icache/CTS_46:3 0) on net top0/IF_stage/icache/CTS_59 is discarded because the value cannot be <= 0 (PARA-040)
Warning: Coupling capacitor (top0/IF_stage/icache/clk_gate_memory_reg_87__2/latch/GN top0/IF_stage/icache/memory_reg_8__2_/D 0) on net top0/IF_stage/icache/CTS_59 is discarded because the value cannot be <= 0 (PARA-040)
Warning: Coupling capacitor (top0/IF_stage/icache/clk_gate_memory_reg_0__2/main_gate/B top0/IF_stage/icache/memory_reg_91__0_/D 0) on net top0/IF_stage/icache/CTS_59 is discarded because the value cannot be <= 0 (PARA-040)
Warning: Coupling capacitor (top0/IF_stage/icache/FE_OFC156_boot_datai_d_7/A top0/IF_stage/icache/CTS_231:41 0) on net boot_datai_d[7] is discarded because the value cannot be <= 0 (PARA-040)
Warning: Coupling capacitor (top0/IF_stage/icache/FE_OFC156_boot_datai_d_7/A top0/IF_stage/icache/CTS_231:42 0) on net boot_datai_d[7] is discarded because the value cannot be <= 0 (PARA-040)
Warning: Coupling capacitor (top0/ID_stage/regfile/gpr_reg_3__18_/RN top0/ID_stage/regfile/gpr_reg_3__23_/CK 0) on net top0/write_data[18] is discarded because the value cannot be <= 0 (PARA-040)
Warning: Coupling capacitor (top0/ID_stage/regfile/gpr_reg_28__8_/RN top0/ID_stage/regfile/gpr_reg_12__8_/CK 0) on net top0/write_data[8] is discarded because the value cannot be <= 0 (PARA-040)
Warning: Coupling capacitor (top0/ID_stage/regfile/gpr_reg_27__7_/RN top0/ID_stage/regfile/net7542:72 0) on net top0/write_data[7] is discarded because the value cannot be <= 0 (PARA-040)
Warning: Coupling capacitor (top0/ID_stage/dcache/clk_gate_memory_reg_189_/latch/GN top0/ID_stage/dcache/CTS_519:78 0) on net top0/ID_stage/dcache/CTS_1 is discarded because the value cannot be <= 0 (PARA-040)
Warning: Coupling capacitor (top0/ID_stage/dcache/clk_gate_memory_reg_249__1/latch/GN top0/ID_stage/dcache/CTS_454:77 0) on net top0/ID_stage/dcache/CTS_1 is discarded because the value cannot be <= 0 (PARA-040)
Warning: Coupling capacitor (top0/ID_stage/dcache/clk_gate_memory_reg_146_/latch/GN top0/ID_stage/dcache/FE_OFN1936_n16:11 0) on net top0/ID_stage/dcache/CTS_1 is discarded because the value cannot be <= 0 (PARA-040)
Warning: Coupling capacitor (top0/ID_stage/dcache/clk_gate_memory_reg_33__0/latch/GN top0/ID_stage/FE_OFN588_peri_web_pre:20 0) on net top0/ID_stage/dcache/CTS_1 is discarded because the value cannot be <= 0 (PARA-040)
Warning: Coupling capacitor (top0/ID_stage/dcache/clk_gate_memory_reg_38__0/latch/GN top0/ID_stage/dcache/FE_OFN3043_sw_data_15:2 0) on net top0/ID_stage/dcache/CTS_1 is discarded because the value cannot be <= 0 (PARA-040)
Warning: Coupling capacitor (top0/ID_stage/dcache/clk_gate_memory_reg_99_/latch/GN top0/ID_stage/dcache/clk_gate_memory_reg_73_/latch/D 0) on net CTS_7 is discarded because the value cannot be <= 0 (PARA-040)
Warning: Coupling capacitor (top0/ID_stage/dcache/clk_gate_memory_reg_70_/latch/GN top0/ID_stage/dcache/FE_OFN3721_N338:6 0) on net CTS_7 is discarded because the value cannot be <= 0 (PARA-040)
Warning: Coupling capacitor (top0/ID_stage/dcache/clk_gate_memory_reg_88_/latch/GN top0/ID_stage/dcache/FE_OFN3721_N338:6 0) on net CTS_7 is discarded because the value cannot be <= 0 (PARA-040)
Warning: Coupling capacitor (top0/IF_ID/ID_PC_reg_4_/RN top0/CTS_3:28 0) on net top0/IF_PC[4] is discarded because the value cannot be <= 0 (PARA-040)
Warning: Coupling capacitor (top0/IF_stage/U9/B top0/IF_stage/icache/net5600:70 0) on net top0/IF_PC[4] is discarded because the value cannot be <= 0 (PARA-040)
Warning: Coupling capacitor (top0/ID_stage/dcache/clk_gate_memory_reg_81_/latch/GN top0/ID_stage/dcache/FE_OFN6077_FE_OFN1252_n5196:36 0) on net top0/ID_stage/dcache/CTS_5 is discarded because the value cannot be <= 0 (PARA-040)
Warning: Coupling capacitor (top0/ID_stage/dcache/clk_gate_memory_reg_96_/latch/GN top0/ID_stage/dcache/clk_gate_memory_reg_57__0/latch/D 0) on net top0/ID_stage/dcache/CTS_5 is discarded because the value cannot be <= 0 (PARA-040)
Warning: Coupling capacitor (top0/ID_stage/dcache/clk_gate_memory_reg_96_/latch/GN top0/ID_stage/dcache/FE_OFN3760_N422:5 0) on net top0/ID_stage/dcache/CTS_5 is discarded because the value cannot be <= 0 (PARA-040)
Warning: Coupling capacitor (top0/ID_stage/dcache/clk_gate_memory_reg_26__0/latch/GN top0/ID_stage/dcache/CTS_295:80 0) on net top0/ID_stage/dcache/CTS_5 is discarded because the value cannot be <= 0 (PARA-040)
Warning: Coupling capacitor (top0/ID_stage/dcache/clk_gate_memory_reg_30__0/latch/GN top0/ID_stage/dcache/FE_OFN56527_n1696:3 0) on net top0/ID_stage/dcache/CTS_5 is discarded because the value cannot be <= 0 (PARA-040)
Warning: Coupling capacitor (top0/ID_stage/dcache/clk_gate_memory_reg_68_/latch/GN top0/ID_stage/dcache/FE_OFN6076_FE_OFN1254_n5231:31 0) on net top0/ID_stage/dcache/CTS_5 is discarded because the value cannot be <= 0 (PARA-040)
Warning: Coupling capacitor (top0/ID_stage/dcache/clk_gate_memory_reg_92_/latch/GN top0/ID_stage/dcache/FE_OFN6076_FE_OFN1254_n5231:13 0) on net top0/ID_stage/dcache/CTS_5 is discarded because the value cannot be <= 0 (PARA-040)
Warning: Coupling capacitor (top0/ID_stage/dcache/clk_gate_memory_reg_79__0/latch/GN top0/ID_stage/dcache/memory_reg_34__22_/D 0) on net top0/ID_stage/dcache/CTS_5 is discarded because the value cannot be <= 0 (PARA-040)
Warning: Coupling capacitor (top0/ID_stage/regfile/clk_gate_gpr_reg_4_/latch/GN top0/ID_stage/regfile/FE_OFN6352_FE_OFN719_n696:28 0) on net CTS_5 is discarded because the value cannot be <= 0 (PARA-040)
Note - message 'PARA-040' default limit (100) exceeded.  Remainder will be suppressed.

****************************************
Report : read_parasitics /home/u110/u110022124/ICLAB/lab11/lab11/innovus/post_layout/CHIP_layout.gz
Design : top_pipe
Version: S-2021.06
Date   : Thu Dec  4 00:09:13 2025
****************************************

        0 error(s)
        Format is SPEF
        Annotated nets                   :        40734
        Annotated capacitances           :       324601
        Annotated resistances            :       283867
        Reduced coupling capacitances    :       142051
        Annotated PI models              :            0
        Annotated Elmore delays          :            0

