 
****************************************
Report : timing
        -path full
        -delay max
        -max_paths 4
Design : div_v2
Version: R-2020.09-SP5
Date   : Wed Nov 26 02:59:00 2025
****************************************

Operating Conditions: PVT_1P08V_125C   Library: slow_vdd1v2
Wire Load Model Mode: enclosed

  Startpoint: divisor_t_reg_16__0_
              (rising edge-triggered flip-flop clocked by clk)
  Endpoint: remainder_t_reg_20__12_
            (rising edge-triggered flip-flop clocked by clk)
  Path Group: clk
  Path Type: max

  Des/Clust/Port     Wire Load Model       Library
  ------------------------------------------------
  div_v2             Large                 slow_vdd1v2

  Point                                    Incr       Path
  -----------------------------------------------------------
  clock clk (rise edge)                    0.00       0.00
  clock network delay (ideal)              0.00       0.00
  divisor_t_reg_16__0_/CK (DFFQXL)         0.00       0.00 r
  divisor_t_reg_16__0_/Q (DFFQXL)          0.11       0.11 f
  U6392/Y (INVXL)                          0.04       0.15 r
  U6393/Y (NOR2XL)                         0.05       0.20 f
  U6397/Y (OAI21XL)                        0.07       0.27 r
  U6401/Y (AOI21XL)                        0.09       0.36 f
  U6409/Y (OAI21XL)                        0.08       0.44 r
  U6424/Y (AOI21XL)                        0.09       0.53 f
  U6456/Y (OAI21XL)                        0.08       0.61 r
  U2558/Y (XNOR2X1)                        0.15       0.76 f
  U3077/Y (NOR2BX1)                        0.09       0.84 r
  U6585/Y (AOI21XL)                        0.09       0.93 f
  U6586/Y (OAI21XL)                        0.06       1.00 r
  U2537/Y (NOR2BXL)                        0.07       1.07 f
  U6600/Y (NOR2XL)                         0.06       1.13 r
  U6601/Y (NAND2XL)                        0.07       1.21 f
  U6642/Y (NOR2XL)                         0.06       1.27 r
  U6735/Y (AOI21XL)                        0.09       1.36 f
  U6751/Y (OAI21XL)                        0.09       1.44 r
  U3192/Y (CLKXOR2X1)                      0.16       1.60 f
  U3148/Y (AND2X1)                         0.07       1.67 f
  U2534/Y (INVXL)                          0.04       1.71 r
  U6895/Y (NOR2XL)                         0.05       1.76 f
  U3383/Y (NOR2XL)                         0.05       1.81 r
  U3238/Y (NAND2XL)                        0.07       1.89 f
  U6899/Y (NOR2XL)                         0.07       1.96 r
  U6981/Y (OAI21XL)                        0.09       2.04 f
  U6984/Y (AOI21XL)                        0.07       2.12 r
  U6985/Y (OAI21XL)                        0.08       2.20 f
  U6986/Y (AOI21XL)                        0.08       2.28 r
  U7055/Y (OAI21XL)                        0.07       2.35 f
  U7056/Y (XNOR2X1)                        0.15       2.50 r
  U2506/Y (NOR2X2)                         0.10       2.61 f
  U7141/Y (NAND2XL)                        0.05       2.66 r
  U3325/Y (OAI21XL)                        0.08       2.74 f
  U7142/Y (NOR2XL)                         0.08       2.81 r
  U7275/Y (OAI21XL)                        0.09       2.90 f
  U7276/Y (AOI21XL)                        0.07       2.97 r
  U7277/Y (OAI21XL)                        0.08       3.05 f
  U7278/Y (AOI21XL)                        0.08       3.13 r
  U7293/Y (OAI21XL)                        0.08       3.21 f
  U3140/Y (XNOR2XL)                        0.13       3.34 r
  U3139/Y (NAND2XL)                        0.07       3.41 f
  U10788/Y (BUFX2)                         0.08       3.49 f
  U10789/Y (NOR2XL)                        0.04       3.54 r
  U2489/Y (NOR2BXL)                        0.06       3.59 f
  U2488/Y (NAND2XL)                        0.05       3.64 r
  remainder_t_reg_20__12_/D (DFFQXL)       0.03       3.67 r
  data arrival time                                   3.67

  clock clk (rise edge)                    2.00       2.00
  clock network delay (ideal)              0.00       2.00
  remainder_t_reg_20__12_/CK (DFFQXL)      0.00       2.00 r
  library setup time                      -0.06       1.94
  data required time                                  1.94
  -----------------------------------------------------------
  data required time                                  1.94
  data arrival time                                  -3.67
  -----------------------------------------------------------
  slack (VIOLATED)                                   -1.74


  Startpoint: divisor_t_reg_16__0_
              (rising edge-triggered flip-flop clocked by clk)
  Endpoint: remainder_t_reg_20__17_
            (rising edge-triggered flip-flop clocked by clk)
  Path Group: clk
  Path Type: max

  Des/Clust/Port     Wire Load Model       Library
  ------------------------------------------------
  div_v2             Large                 slow_vdd1v2

  Point                                    Incr       Path
  -----------------------------------------------------------
  clock clk (rise edge)                    0.00       0.00
  clock network delay (ideal)              0.00       0.00
  divisor_t_reg_16__0_/CK (DFFQXL)         0.00       0.00 r
  divisor_t_reg_16__0_/Q (DFFQXL)          0.11       0.11 f
  U6392/Y (INVXL)                          0.04       0.15 r
  U6393/Y (NOR2XL)                         0.05       0.20 f
  U6397/Y (OAI21XL)                        0.07       0.27 r
  U6401/Y (AOI21XL)                        0.09       0.36 f
  U6409/Y (OAI21XL)                        0.08       0.44 r
  U6424/Y (AOI21XL)                        0.09       0.53 f
  U6456/Y (OAI21XL)                        0.08       0.61 r
  U2558/Y (XNOR2X1)                        0.15       0.76 f
  U3077/Y (NOR2BX1)                        0.09       0.84 r
  U6585/Y (AOI21XL)                        0.09       0.93 f
  U6586/Y (OAI21XL)                        0.06       1.00 r
  U2537/Y (NOR2BXL)                        0.07       1.07 f
  U6600/Y (NOR2XL)                         0.06       1.13 r
  U6601/Y (NAND2XL)                        0.07       1.21 f
  U6642/Y (NOR2XL)                         0.06       1.27 r
  U6735/Y (AOI21XL)                        0.09       1.36 f
  U6751/Y (OAI21XL)                        0.09       1.44 r
  U3192/Y (CLKXOR2X1)                      0.16       1.60 f
  U3148/Y (AND2X1)                         0.07       1.67 f
  U2534/Y (INVXL)                          0.04       1.71 r
  U6895/Y (NOR2XL)                         0.05       1.76 f
  U3383/Y (NOR2XL)                         0.05       1.81 r
  U3238/Y (NAND2XL)                        0.07       1.89 f
  U6899/Y (NOR2XL)                         0.07       1.96 r
  U6981/Y (OAI21XL)                        0.09       2.04 f
  U6984/Y (AOI21XL)                        0.07       2.12 r
  U6985/Y (OAI21XL)                        0.08       2.20 f
  U6986/Y (AOI21XL)                        0.08       2.28 r
  U7055/Y (OAI21XL)                        0.07       2.35 f
  U7056/Y (XNOR2X1)                        0.15       2.50 r
  U2506/Y (NOR2X2)                         0.10       2.61 f
  U7141/Y (NAND2XL)                        0.05       2.66 r
  U3325/Y (OAI21XL)                        0.08       2.74 f
  U7142/Y (NOR2XL)                         0.08       2.81 r
  U7275/Y (OAI21XL)                        0.09       2.90 f
  U7276/Y (AOI21XL)                        0.07       2.97 r
  U7277/Y (OAI21XL)                        0.08       3.05 f
  U7278/Y (AOI21XL)                        0.08       3.13 r
  U7293/Y (OAI21XL)                        0.08       3.21 f
  U3140/Y (XNOR2XL)                        0.13       3.34 r
  U3139/Y (NAND2XL)                        0.07       3.41 f
  U10788/Y (BUFX2)                         0.08       3.49 f
  U11082/Y (NOR2XL)                        0.04       3.54 r
  U11083/Y (NOR2XL)                        0.06       3.59 f
  U11088/Y (NAND2XL)                       0.05       3.64 r
  remainder_t_reg_20__17_/D (DFFQXL)       0.03       3.67 r
  data arrival time                                   3.67

  clock clk (rise edge)                    2.00       2.00
  clock network delay (ideal)              0.00       2.00
  remainder_t_reg_20__17_/CK (DFFQXL)      0.00       2.00 r
  library setup time                      -0.06       1.94
  data required time                                  1.94
  -----------------------------------------------------------
  data required time                                  1.94
  data arrival time                                  -3.67
  -----------------------------------------------------------
  slack (VIOLATED)                                   -1.73


  Startpoint: divisor_t_reg_16__0_
              (rising edge-triggered flip-flop clocked by clk)
  Endpoint: remainder_t_reg_20__19_
            (rising edge-triggered flip-flop clocked by clk)
  Path Group: clk
  Path Type: max

  Des/Clust/Port     Wire Load Model       Library
  ------------------------------------------------
  div_v2             Large                 slow_vdd1v2

  Point                                    Incr       Path
  -----------------------------------------------------------
  clock clk (rise edge)                    0.00       0.00
  clock network delay (ideal)              0.00       0.00
  divisor_t_reg_16__0_/CK (DFFQXL)         0.00       0.00 r
  divisor_t_reg_16__0_/Q (DFFQXL)          0.11       0.11 f
  U6392/Y (INVXL)                          0.04       0.15 r
  U6393/Y (NOR2XL)                         0.05       0.20 f
  U6397/Y (OAI21XL)                        0.07       0.27 r
  U6401/Y (AOI21XL)                        0.09       0.36 f
  U6409/Y (OAI21XL)                        0.08       0.44 r
  U6424/Y (AOI21XL)                        0.09       0.53 f
  U6456/Y (OAI21XL)                        0.08       0.61 r
  U2558/Y (XNOR2X1)                        0.15       0.76 f
  U3077/Y (NOR2BX1)                        0.09       0.84 r
  U6585/Y (AOI21XL)                        0.09       0.93 f
  U6586/Y (OAI21XL)                        0.06       1.00 r
  U2537/Y (NOR2BXL)                        0.07       1.07 f
  U6600/Y (NOR2XL)                         0.06       1.13 r
  U6601/Y (NAND2XL)                        0.07       1.21 f
  U6642/Y (NOR2XL)                         0.06       1.27 r
  U6735/Y (AOI21XL)                        0.09       1.36 f
  U6751/Y (OAI21XL)                        0.09       1.44 r
  U3192/Y (CLKXOR2X1)                      0.16       1.60 f
  U3148/Y (AND2X1)                         0.07       1.67 f
  U2534/Y (INVXL)                          0.04       1.71 r
  U6895/Y (NOR2XL)                         0.05       1.76 f
  U3383/Y (NOR2XL)                         0.05       1.81 r
  U3238/Y (NAND2XL)                        0.07       1.89 f
  U6899/Y (NOR2XL)                         0.07       1.96 r
  U6981/Y (OAI21XL)                        0.09       2.04 f
  U6984/Y (AOI21XL)                        0.07       2.12 r
  U6985/Y (OAI21XL)                        0.08       2.20 f
  U6986/Y (AOI21XL)                        0.08       2.28 r
  U7055/Y (OAI21XL)                        0.07       2.35 f
  U7056/Y (XNOR2X1)                        0.15       2.50 r
  U2506/Y (NOR2X2)                         0.10       2.61 f
  U7141/Y (NAND2XL)                        0.05       2.66 r
  U3325/Y (OAI21XL)                        0.08       2.74 f
  U7142/Y (NOR2XL)                         0.08       2.81 r
  U7275/Y (OAI21XL)                        0.09       2.90 f
  U7276/Y (AOI21XL)                        0.07       2.97 r
  U7277/Y (OAI21XL)                        0.08       3.05 f
  U7278/Y (AOI21XL)                        0.08       3.13 r
  U7293/Y (OAI21XL)                        0.08       3.21 f
  U3140/Y (XNOR2XL)                        0.13       3.34 r
  U3139/Y (NAND2XL)                        0.07       3.41 f
  U10788/Y (BUFX2)                         0.08       3.49 f
  U11061/Y (NOR2XL)                        0.04       3.54 r
  U11062/Y (NOR2XL)                        0.06       3.59 f
  U11072/Y (NAND2XL)                       0.05       3.64 r
  remainder_t_reg_20__19_/D (DFFQXL)       0.03       3.67 r
  data arrival time                                   3.67

  clock clk (rise edge)                    2.00       2.00
  clock network delay (ideal)              0.00       2.00
  remainder_t_reg_20__19_/CK (DFFQXL)      0.00       2.00 r
  library setup time                      -0.06       1.94
  data required time                                  1.94
  -----------------------------------------------------------
  data required time                                  1.94
  data arrival time                                  -3.67
  -----------------------------------------------------------
  slack (VIOLATED)                                   -1.73


  Startpoint: divisor_t_reg_16__0_
              (rising edge-triggered flip-flop clocked by clk)
  Endpoint: remainder_t_reg_20__4_
            (rising edge-triggered flip-flop clocked by clk)
  Path Group: clk
  Path Type: max

  Des/Clust/Port     Wire Load Model       Library
  ------------------------------------------------
  div_v2             Large                 slow_vdd1v2

  Point                                    Incr       Path
  -----------------------------------------------------------
  clock clk (rise edge)                    0.00       0.00
  clock network delay (ideal)              0.00       0.00
  divisor_t_reg_16__0_/CK (DFFQXL)         0.00       0.00 r
  divisor_t_reg_16__0_/Q (DFFQXL)          0.11       0.11 f
  U6392/Y (INVXL)                          0.04       0.15 r
  U6393/Y (NOR2XL)                         0.05       0.20 f
  U6397/Y (OAI21XL)                        0.07       0.27 r
  U6401/Y (AOI21XL)                        0.09       0.36 f
  U6409/Y (OAI21XL)                        0.08       0.44 r
  U6424/Y (AOI21XL)                        0.09       0.53 f
  U6456/Y (OAI21XL)                        0.08       0.61 r
  U2558/Y (XNOR2X1)                        0.15       0.76 f
  U3077/Y (NOR2BX1)                        0.09       0.84 r
  U6585/Y (AOI21XL)                        0.09       0.93 f
  U6586/Y (OAI21XL)                        0.06       1.00 r
  U2537/Y (NOR2BXL)                        0.07       1.07 f
  U6600/Y (NOR2XL)                         0.06       1.13 r
  U6601/Y (NAND2XL)                        0.07       1.21 f
  U6642/Y (NOR2XL)                         0.06       1.27 r
  U6735/Y (AOI21XL)                        0.09       1.36 f
  U6751/Y (OAI21XL)                        0.09       1.44 r
  U3192/Y (CLKXOR2X1)                      0.16       1.60 f
  U3148/Y (AND2X1)                         0.07       1.67 f
  U2534/Y (INVXL)                          0.04       1.71 r
  U6895/Y (NOR2XL)                         0.05       1.76 f
  U3383/Y (NOR2XL)                         0.05       1.81 r
  U3238/Y (NAND2XL)                        0.07       1.89 f
  U6899/Y (NOR2XL)                         0.07       1.96 r
  U6981/Y (OAI21XL)                        0.09       2.04 f
  U6984/Y (AOI21XL)                        0.07       2.12 r
  U6985/Y (OAI21XL)                        0.08       2.20 f
  U6986/Y (AOI21XL)                        0.08       2.28 r
  U7055/Y (OAI21XL)                        0.07       2.35 f
  U7056/Y (XNOR2X1)                        0.15       2.50 r
  U2506/Y (NOR2X2)                         0.10       2.61 f
  U7141/Y (NAND2XL)                        0.05       2.66 r
  U3325/Y (OAI21XL)                        0.08       2.74 f
  U7142/Y (NOR2XL)                         0.08       2.81 r
  U7275/Y (OAI21XL)                        0.09       2.90 f
  U7276/Y (AOI21XL)                        0.07       2.97 r
  U7277/Y (OAI21XL)                        0.08       3.05 f
  U7278/Y (AOI21XL)                        0.08       3.13 r
  U7293/Y (OAI21XL)                        0.08       3.21 f
  U3140/Y (XNOR2XL)                        0.13       3.34 r
  U3139/Y (NAND2XL)                        0.07       3.41 f
  U10788/Y (BUFX2)                         0.08       3.49 f
  U11013/Y (NOR2XL)                        0.04       3.54 r
  U11014/Y (NOR2XL)                        0.06       3.59 f
  U11018/Y (NAND2XL)                       0.05       3.64 r
  remainder_t_reg_20__4_/D (DFFQXL)        0.03       3.67 r
  data arrival time                                   3.67

  clock clk (rise edge)                    2.00       2.00
  clock network delay (ideal)              0.00       2.00
  remainder_t_reg_20__4_/CK (DFFQXL)       0.00       2.00 r
  library setup time                      -0.06       1.94
  data required time                                  1.94
  -----------------------------------------------------------
  data required time                                  1.94
  data arrival time                                  -3.67
  -----------------------------------------------------------
  slack (VIOLATED)                                   -1.73


1
