 
****************************************
Report : constraint
        -all_violators
Design : div_v2
Version: R-2020.09-SP5
Date   : Wed Nov 26 02:59:03 2025
****************************************


   max_delay/setup ('clk' group)

                             Required        Actual
   Endpoint                 Path Delay     Path Delay        Slack
   -----------------------------------------------------------------
   remainder_t_reg_20__12_/D
                                1.94           3.67 r        -1.74  (VIOLATED)
   remainder_t_reg_20__17_/D
                                1.94           3.67 r        -1.73  (VIOLATED)
   remainder_t_reg_20__19_/D
                                1.94           3.67 r        -1.73  (VIOLATED)
   remainder_t_reg_20__4_/D     1.94           3.67 r        -1.73  (VIOLATED)
   remainder_t_reg_20__16_/D
                                1.94           3.67 r        -1.73  (VIOLATED)
   remainder_t_reg_20__5_/D     1.94           3.67 r        -1.73  (VIOLATED)
   remainder_t_reg_20__7_/D     1.94           3.67 r        -1.73  (VIOLATED)
   remainder_t_reg_20__9_/D     1.94           3.67 r        -1.73  (VIOLATED)
   remainder_t_reg_20__10_/D
                                1.94           3.67 r        -1.73  (VIOLATED)
   remainder_t_reg_20__8_/D     1.94           3.67 r        -1.73  (VIOLATED)
   remainder_t_reg_12__9_/D     1.94           3.67 r        -1.73  (VIOLATED)
   remainder_t_reg_12__11_/D
                                1.94           3.67 r        -1.73  (VIOLATED)
   remainder_t_reg_12__21_/D
                                1.94           3.67 r        -1.73  (VIOLATED)
   remainder_t_reg_20__23_/D
                                1.94           3.67 r        -1.73  (VIOLATED)
   remainder_t_reg_20__3_/D     1.94           3.67 r        -1.73  (VIOLATED)
   remainder_t_reg_16__20_/D
                                1.95           3.68 f        -1.73  (VIOLATED)
   remainder_t_reg_16__17_/D
                                1.95           3.68 f        -1.73  (VIOLATED)
   remainder_t_reg_16__19_/D
                                1.95           3.68 f        -1.73  (VIOLATED)
   remainder_t_reg_20__22_/D
                                1.94           3.67 r        -1.73  (VIOLATED)
   remainder_t_reg_16__9_/D     1.94           3.67 r        -1.73  (VIOLATED)
   remainder_t_reg_16__8_/D     1.94           3.67 r        -1.73  (VIOLATED)
   remainder_t_reg_20__11_/D
                                1.94           3.67 r        -1.73  (VIOLATED)
   remainder_t_reg_20__14_/D
                                1.94           3.67 r        -1.73  (VIOLATED)
   remainder_t_reg_12__8_/D     1.94           3.67 r        -1.73  (VIOLATED)
   remainder_t_reg_20__6_/D     1.94           3.67 r        -1.73  (VIOLATED)
   remainder_t_reg_20__13_/D
                                1.94           3.67 r        -1.73  (VIOLATED)
   remainder_t_reg_16__4_/D     1.94           3.67 r        -1.73  (VIOLATED)
   remainder_t_reg_16__23_/D
                                1.94           3.67 r        -1.73  (VIOLATED)
   remainder_t_reg_16__10_/D
                                1.94           3.67 r        -1.73  (VIOLATED)
   remainder_t_reg_16__11_/D
                                1.94           3.67 r        -1.73  (VIOLATED)
   remainder_t_reg_16__3_/D     1.94           3.67 r        -1.73  (VIOLATED)
   remainder_t_reg_16__15_/D
                                1.94           3.67 r        -1.73  (VIOLATED)
   remainder_t_reg_20__15_/D
                                1.94           3.67 r        -1.73  (VIOLATED)
   remainder_t_reg_20__18_/D
                                1.94           3.67 r        -1.73  (VIOLATED)
   remainder_t_reg_20__20_/D
                                1.94           3.67 r        -1.73  (VIOLATED)
   remainder_t_reg_12__22_/D
                                1.94           3.67 r        -1.73  (VIOLATED)
   remainder_t_reg_16__5_/D     1.94           3.67 r        -1.73  (VIOLATED)
   remainder_t_reg_16__6_/D     1.94           3.67 r        -1.73  (VIOLATED)
   remainder_t_reg_16__7_/D     1.94           3.67 r        -1.73  (VIOLATED)
   remainder_t_reg_16__12_/D
                                1.94           3.67 r        -1.73  (VIOLATED)
   remainder_t_reg_12__23_/D
                                1.94           3.67 r        -1.73  (VIOLATED)
   remainder_t_reg_12__19_/D
                                1.94           3.67 r        -1.73  (VIOLATED)
   remainder_t_reg_12__12_/D
                                1.94           3.67 r        -1.73  (VIOLATED)
   remainder_t_reg_12__13_/D
                                1.94           3.67 r        -1.73  (VIOLATED)
   remainder_t_reg_12__14_/D
                                1.94           3.67 r        -1.73  (VIOLATED)
   remainder_t_reg_12__16_/D
                                1.94           3.67 r        -1.73  (VIOLATED)
   remainder_t_reg_16__22_/D
                                1.94           3.67 r        -1.73  (VIOLATED)
   remainder_t_reg_16__16_/D
                                1.94           3.67 r        -1.73  (VIOLATED)
   remainder_t_reg_16__18_/D
                                1.94           3.67 r        -1.73  (VIOLATED)
   remainder_t_reg_12__4_/D     1.94           3.67 r        -1.73  (VIOLATED)
   remainder_t_reg_12__10_/D
                                1.94           3.67 r        -1.73  (VIOLATED)
   remainder_t_reg_12__15_/D
                                1.94           3.67 r        -1.73  (VIOLATED)
   remainder_t_reg_12__17_/D
                                1.94           3.67 r        -1.73  (VIOLATED)
   remainder_t_reg_12__20_/D
                                1.94           3.67 r        -1.73  (VIOLATED)
   remainder_t_reg_12__18_/D
                                1.94           3.67 r        -1.73  (VIOLATED)
   remainder_t_reg_12__5_/D     1.94           3.67 r        -1.73  (VIOLATED)
   remainder_t_reg_12__6_/D     1.94           3.67 r        -1.73  (VIOLATED)
   remainder_t_reg_12__7_/D     1.94           3.67 r        -1.73  (VIOLATED)
   remainder_t_reg_12__3_/D     1.94           3.67 r        -1.73  (VIOLATED)
   remainder_t_reg_16__13_/D
                                1.94           3.67 r        -1.73  (VIOLATED)
   remainder_t_reg_16__14_/D
                                1.94           3.67 r        -1.73  (VIOLATED)
   remainder_t_reg_16__21_/D
                                1.94           3.67 r        -1.73  (VIOLATED)
   remainder_t_reg_16__0_/D     1.94           3.67 r        -1.73  (VIOLATED)
   remainder_t_reg_8__9_/D      1.96           3.68 f        -1.73  (VIOLATED)
   remainder_t_reg_8__10_/D     1.96           3.68 f        -1.73  (VIOLATED)
   remainder_t_reg_8__13_/D     1.96           3.68 f        -1.73  (VIOLATED)
   remainder_t_reg_8__11_/D     1.96           3.68 f        -1.73  (VIOLATED)
   remainder_t_reg_8__7_/D      1.96           3.68 f        -1.73  (VIOLATED)
   remainder_t_reg_8__2_/D      1.96           3.68 f        -1.73  (VIOLATED)
   remainder_t_reg_8__3_/D      1.96           3.68 f        -1.73  (VIOLATED)
   remainder_t_reg_8__5_/D      1.96           3.68 f        -1.73  (VIOLATED)
   remainder_t_reg_8__17_/D     1.96           3.68 f        -1.73  (VIOLATED)
   remainder_t_reg_8__18_/D     1.96           3.68 f        -1.73  (VIOLATED)
   remainder_t_reg_8__16_/D     1.96           3.68 f        -1.73  (VIOLATED)
   remainder_t_reg_20__1_/D     1.94           3.66 r        -1.73  (VIOLATED)
   remainder_t_reg_8__19_/D     1.94           3.66 r        -1.73  (VIOLATED)
   remainder_t_reg_8__21_/D     1.94           3.66 r        -1.73  (VIOLATED)
   remainder_t_reg_8__22_/D     1.94           3.66 r        -1.73  (VIOLATED)
   remainder_t_reg_8__23_/D     1.94           3.66 r        -1.73  (VIOLATED)
   remainder_t_reg_8__15_/D     1.94           3.66 r        -1.73  (VIOLATED)
   remainder_t_reg_8__20_/D     1.94           3.66 r        -1.73  (VIOLATED)
   remainder_t_reg_12__1_/D     1.94           3.66 r        -1.73  (VIOLATED)
   remainder_t_reg_8__4_/D      1.96           3.68 f        -1.73  (VIOLATED)
   remainder_t_reg_20__21_/D
                                1.94           3.66 r        -1.72  (VIOLATED)
   remainder_t_reg_8__6_/D      1.94           3.66 r        -1.72  (VIOLATED)
   remainder_t_reg_8__8_/D      1.94           3.66 r        -1.72  (VIOLATED)
   remainder_t_reg_8__12_/D     1.96           3.68 f        -1.72  (VIOLATED)
   remainder_t_reg_8__14_/D     1.96           3.68 f        -1.72  (VIOLATED)
   remainder_t_reg_20__0_/D     1.94           3.65 r        -1.72  (VIOLATED)
   remainder_t_reg_4__0_/D      1.93           3.64 r        -1.72  (VIOLATED)
   remainder_t_reg_4__1_/D      1.93           3.64 r        -1.72  (VIOLATED)
   remainder_t_reg_4__2_/D      1.93           3.64 r        -1.72  (VIOLATED)
   remainder_t_reg_4__3_/D      1.93           3.64 r        -1.72  (VIOLATED)
   remainder_t_reg_4__4_/D      1.93           3.64 r        -1.72  (VIOLATED)
   remainder_t_reg_4__5_/D      1.93           3.64 r        -1.72  (VIOLATED)
   remainder_t_reg_4__6_/D      1.93           3.64 r        -1.72  (VIOLATED)
   remainder_t_reg_4__7_/D      1.93           3.64 r        -1.72  (VIOLATED)
   remainder_t_reg_4__8_/D      1.93           3.64 r        -1.72  (VIOLATED)
   remainder_t_reg_4__9_/D      1.93           3.64 r        -1.72  (VIOLATED)
   remainder_t_reg_4__10_/D     1.93           3.64 r        -1.72  (VIOLATED)
   remainder_t_reg_4__11_/D     1.93           3.64 r        -1.72  (VIOLATED)
   remainder_t_reg_4__12_/D     1.93           3.64 r        -1.72  (VIOLATED)
   remainder_t_reg_20__2_/D     1.94           3.65 r        -1.71  (VIOLATED)
   remainder_t_reg_16__1_/D     1.94           3.65 r        -1.71  (VIOLATED)
   remainder_t_reg_4__13_/D     1.93           3.64 r        -1.71  (VIOLATED)
   remainder_t_reg_4__14_/D     1.93           3.64 r        -1.71  (VIOLATED)
   remainder_t_reg_4__15_/D     1.93           3.64 r        -1.71  (VIOLATED)
   remainder_t_reg_4__16_/D     1.93           3.64 r        -1.71  (VIOLATED)
   remainder_t_reg_4__17_/D     1.93           3.64 r        -1.71  (VIOLATED)
   remainder_t_reg_4__18_/D     1.93           3.64 r        -1.71  (VIOLATED)
   remainder_t_reg_4__19_/D     1.93           3.64 r        -1.71  (VIOLATED)
   remainder_t_reg_4__20_/D     1.93           3.64 r        -1.71  (VIOLATED)
   remainder_t_reg_4__21_/D     1.93           3.64 r        -1.71  (VIOLATED)
   remainder_t_reg_4__22_/D     1.93           3.64 r        -1.71  (VIOLATED)
   remainder_t_reg_4__23_/D     1.93           3.64 r        -1.71  (VIOLATED)
   remainder_t_reg_4__24_/D     1.93           3.64 r        -1.71  (VIOLATED)
   remainder_t_reg_4__25_/D     1.93           3.64 r        -1.71  (VIOLATED)
   remainder_t_reg_4__26_/D     1.93           3.64 r        -1.71  (VIOLATED)
   remainder_t_reg_4__27_/D     1.93           3.64 r        -1.71  (VIOLATED)
   remainder_t_reg_4__28_/D     1.93           3.64 r        -1.71  (VIOLATED)
   remainder_t_reg_4__29_/D     1.93           3.64 r        -1.71  (VIOLATED)
   remainder_t_reg_4__30_/D     1.93           3.64 r        -1.71  (VIOLATED)
   remainder_t_reg_4__31_/D     1.93           3.64 r        -1.71  (VIOLATED)
   remainder_t_reg_4__32_/D     1.93           3.64 r        -1.71  (VIOLATED)
   remainder_t_reg_4__33_/D     1.93           3.64 r        -1.71  (VIOLATED)
   remainder_t_reg_4__34_/D     1.93           3.64 r        -1.71  (VIOLATED)
   remainder_t_reg_4__35_/D     1.93           3.64 r        -1.71  (VIOLATED)
   remainder_t_reg_4__36_/D     1.93           3.64 r        -1.71  (VIOLATED)
   remainder_t_reg_4__37_/D     1.93           3.64 r        -1.71  (VIOLATED)
   remainder_t_reg_12__0_/D     1.94           3.64 r        -1.70  (VIOLATED)
   remainder_t_reg_12__2_/D     1.94           3.64 r        -1.70  (VIOLATED)
   remainder_t_reg_8__1_/D      1.94           3.63 f        -1.69  (VIOLATED)
   remainder[6]                 1.40           3.09 r        -1.69  (VIOLATED)
   remainder[20]                1.40           3.09 r        -1.69  (VIOLATED)
   remainder[21]                1.40           3.09 r        -1.69  (VIOLATED)
   remainder[7]                 1.40           3.08 r        -1.68  (VIOLATED)
   remainder[8]                 1.40           3.08 r        -1.68  (VIOLATED)
   remainder[18]                1.40           3.08 r        -1.68  (VIOLATED)
   remainder_t_reg_16__2_/D     1.94           3.61 r        -1.67  (VIOLATED)
   remainder[11]                1.40           3.07 f        -1.67  (VIOLATED)
   remainder[12]                1.40           3.07 f        -1.67  (VIOLATED)
   remainder[13]                1.40           3.07 f        -1.67  (VIOLATED)
   remainder[14]                1.40           3.07 f        -1.67  (VIOLATED)
   remainder[15]                1.40           3.07 f        -1.67  (VIOLATED)
   remainder[16]                1.40           3.07 f        -1.67  (VIOLATED)
   remainder[17]                1.40           3.07 f        -1.67  (VIOLATED)
   remainder[19]                1.40           3.07 f        -1.67  (VIOLATED)
   remainder[22]                1.40           3.07 f        -1.67  (VIOLATED)
   remainder[23]                1.40           3.07 f        -1.67  (VIOLATED)
   merchant_t_reg_16__0_/D      1.94           3.59 r        -1.65  (VIOLATED)
   remainder[5]                 1.40           3.05 f        -1.65  (VIOLATED)
   remainder[9]                 1.40           3.05 f        -1.65  (VIOLATED)
   remainder[10]                1.40           3.05 f        -1.65  (VIOLATED)
   remainder[3]                 1.40           3.05 f        -1.65  (VIOLATED)
   remainder[4]                 1.40           3.05 f        -1.65  (VIOLATED)
   remainder[2]                 1.40           3.05 f        -1.65  (VIOLATED)
   remainder_t_reg_8__0_/D      1.94           3.59 r        -1.65  (VIOLATED)
   remainder[1]                 1.40           3.02 f        -1.62  (VIOLATED)
   remainder[0]                 1.40           3.00 r        -1.60  (VIOLATED)
   merchant_t_reg_20__0_/D      1.94           3.51 r        -1.57  (VIOLATED)
   merchant_t_reg_12__0_/D      1.94           3.51 r        -1.57  (VIOLATED)
   merchant_t_reg_8__0_/D       1.94           3.45 r        -1.51  (VIOLATED)
   merchant_t_reg_4__0_/D       1.94           3.43 r        -1.50  (VIOLATED)
   merchant[0]                  1.40           2.84 f        -1.44  (VIOLATED)
   merchant_t_reg_20__1_/D      1.94           2.82 r        -0.88  (VIOLATED)
   merchant_t_reg_16__1_/D      1.94           2.77 r        -0.84  (VIOLATED)
   merchant_t_reg_12__1_/D      1.94           2.73 r        -0.79  (VIOLATED)
   remainder_t_reg_0__0_/D      1.93           2.68 r        -0.75  (VIOLATED)
   remainder_t_reg_0__1_/D      1.93           2.68 r        -0.75  (VIOLATED)
   remainder_t_reg_0__2_/D      1.93           2.68 r        -0.75  (VIOLATED)
   remainder_t_reg_0__3_/D      1.93           2.68 r        -0.75  (VIOLATED)
   remainder_t_reg_0__4_/D      1.93           2.68 r        -0.75  (VIOLATED)
   remainder_t_reg_0__5_/D      1.93           2.68 r        -0.75  (VIOLATED)
   remainder_t_reg_0__6_/D      1.93           2.68 r        -0.75  (VIOLATED)
   remainder_t_reg_0__7_/D      1.93           2.68 r        -0.75  (VIOLATED)
   remainder_t_reg_0__8_/D      1.93           2.68 r        -0.75  (VIOLATED)
   remainder_t_reg_0__9_/D      1.93           2.68 r        -0.75  (VIOLATED)
   remainder_t_reg_0__10_/D     1.93           2.68 r        -0.75  (VIOLATED)
   remainder_t_reg_0__11_/D     1.93           2.68 r        -0.75  (VIOLATED)
   remainder_t_reg_0__12_/D     1.93           2.68 r        -0.75  (VIOLATED)
   remainder_t_reg_0__13_/D     1.93           2.68 r        -0.75  (VIOLATED)
   remainder_t_reg_0__14_/D     1.93           2.68 r        -0.75  (VIOLATED)
   remainder_t_reg_0__15_/D     1.93           2.68 r        -0.75  (VIOLATED)
   remainder_t_reg_0__16_/D     1.93           2.68 r        -0.75  (VIOLATED)
   remainder_t_reg_0__17_/D     1.93           2.68 r        -0.75  (VIOLATED)
   remainder_t_reg_0__18_/D     1.93           2.68 r        -0.75  (VIOLATED)
   remainder_t_reg_0__19_/D     1.93           2.68 r        -0.75  (VIOLATED)
   remainder_t_reg_0__20_/D     1.93           2.68 r        -0.75  (VIOLATED)
   remainder_t_reg_0__21_/D     1.93           2.68 r        -0.75  (VIOLATED)
   remainder_t_reg_0__22_/D     1.93           2.68 r        -0.75  (VIOLATED)
   remainder_t_reg_0__23_/D     1.93           2.68 r        -0.75  (VIOLATED)
   remainder_t_reg_0__24_/D     1.93           2.68 r        -0.75  (VIOLATED)
   remainder_t_reg_0__25_/D     1.93           2.68 r        -0.75  (VIOLATED)
   remainder_t_reg_0__26_/D     1.93           2.68 r        -0.75  (VIOLATED)
   remainder_t_reg_0__27_/D     1.93           2.68 r        -0.75  (VIOLATED)
   remainder_t_reg_0__28_/D     1.93           2.68 r        -0.75  (VIOLATED)
   remainder_t_reg_0__29_/D     1.93           2.68 r        -0.75  (VIOLATED)
   remainder_t_reg_0__30_/D     1.93           2.68 r        -0.75  (VIOLATED)
   remainder_t_reg_0__31_/D     1.93           2.68 r        -0.75  (VIOLATED)
   remainder_t_reg_0__32_/D     1.93           2.68 r        -0.75  (VIOLATED)
   remainder_t_reg_0__33_/D     1.93           2.68 r        -0.75  (VIOLATED)
   merchant_t_reg_8__1_/D       1.94           2.56 r        -0.62  (VIOLATED)
   merchant_t_reg_4__1_/D       1.93           2.55 r        -0.62  (VIOLATED)
   merchant_t_reg_0__0_/D       1.93           2.45 r        -0.51  (VIOLATED)
   merchant[1]                  1.40           1.89 f        -0.49  (VIOLATED)


   max_area

                             Required        Actual
   Design                      Area           Area           Slack
   -----------------------------------------------------------------
   div_v2                       0.00       15266.88       -15266.88 (VIOLATED)


1
