 
****************************************
Report : timing
        -path full
        -delay min
        -max_paths 4
Design : div_v2
Version: R-2020.09-SP5
Date   : Wed Nov 26 02:59:00 2025
****************************************

Operating Conditions: PVT_1P08V_125C   Library: slow_vdd1v2
Wire Load Model Mode: enclosed

  Startpoint: divisor_t_reg_0__10_
              (rising edge-triggered flip-flop clocked by clk)
  Endpoint: divisor_t_reg_4__10_
            (rising edge-triggered flip-flop clocked by clk)
  Path Group: clk
  Path Type: min

  Des/Clust/Port     Wire Load Model       Library
  ------------------------------------------------
  div_v2             Large                 slow_vdd1v2

  Point                                    Incr       Path
  -----------------------------------------------------------
  clock clk (rise edge)                    0.00       0.00
  clock network delay (ideal)              0.00       0.00
  divisor_t_reg_0__10_/CK (DFFQXL)         0.00       0.00 r
  divisor_t_reg_0__10_/Q (DFFQXL)          0.11       0.11 f
  divisor_t_reg_4__10_/D (DFFQX1)          0.02       0.12 f
  data arrival time                                   0.12

  clock clk (rise edge)                    0.00       0.00
  clock network delay (ideal)              0.00       0.00
  divisor_t_reg_4__10_/CK (DFFQX1)         0.00       0.00 r
  library hold time                        0.00       0.00
  data required time                                  0.00
  -----------------------------------------------------------
  data required time                                  0.00
  data arrival time                                  -0.12
  -----------------------------------------------------------
  slack (MET)                                         0.13


  Startpoint: divisor_t_reg_4__1_
              (rising edge-triggered flip-flop clocked by clk)
  Endpoint: divisor_t_reg_8__1_
            (rising edge-triggered flip-flop clocked by clk)
  Path Group: clk
  Path Type: min

  Des/Clust/Port     Wire Load Model       Library
  ------------------------------------------------
  div_v2             Large                 slow_vdd1v2

  Point                                    Incr       Path
  -----------------------------------------------------------
  clock clk (rise edge)                    0.00       0.00
  clock network delay (ideal)              0.00       0.00
  divisor_t_reg_4__1_/CK (DFFQXL)          0.00       0.00 r
  divisor_t_reg_4__1_/Q (DFFQXL)           0.11       0.11 f
  divisor_t_reg_8__1_/D (DFFQX1)           0.02       0.12 f
  data arrival time                                   0.12

  clock clk (rise edge)                    0.00       0.00
  clock network delay (ideal)              0.00       0.00
  divisor_t_reg_8__1_/CK (DFFQX1)          0.00       0.00 r
  library hold time                        0.00       0.00
  data required time                                  0.00
  -----------------------------------------------------------
  data required time                                  0.00
  data arrival time                                  -0.12
  -----------------------------------------------------------
  slack (MET)                                         0.13


  Startpoint: divisor_t_reg_12__13_
              (rising edge-triggered flip-flop clocked by clk)
  Endpoint: divisor_t_reg_16__13_
            (rising edge-triggered flip-flop clocked by clk)
  Path Group: clk
  Path Type: min

  Des/Clust/Port     Wire Load Model       Library
  ------------------------------------------------
  div_v2             Large                 slow_vdd1v2

  Point                                    Incr       Path
  -----------------------------------------------------------
  clock clk (rise edge)                    0.00       0.00
  clock network delay (ideal)              0.00       0.00
  divisor_t_reg_12__13_/CK (DFFQXL)        0.00       0.00 r
  divisor_t_reg_12__13_/Q (DFFQXL)         0.11       0.11 f
  divisor_t_reg_16__13_/D (DFFX1)          0.02       0.12 f
  data arrival time                                   0.12

  clock clk (rise edge)                    0.00       0.00
  clock network delay (ideal)              0.00       0.00
  divisor_t_reg_16__13_/CK (DFFX1)         0.00       0.00 r
  library hold time                        0.00       0.00
  data required time                                  0.00
  -----------------------------------------------------------
  data required time                                  0.00
  data arrival time                                  -0.12
  -----------------------------------------------------------
  slack (MET)                                         0.13


  Startpoint: divisor_t_reg_12__4_
              (rising edge-triggered flip-flop clocked by clk)
  Endpoint: divisor_t_reg_16__4_
            (rising edge-triggered flip-flop clocked by clk)
  Path Group: clk
  Path Type: min

  Des/Clust/Port     Wire Load Model       Library
  ------------------------------------------------
  div_v2             Large                 slow_vdd1v2

  Point                                    Incr       Path
  -----------------------------------------------------------
  clock clk (rise edge)                    0.00       0.00
  clock network delay (ideal)              0.00       0.00
  divisor_t_reg_12__4_/CK (DFFQX1)         0.00       0.00 r
  divisor_t_reg_12__4_/Q (DFFQX1)          0.11       0.11 f
  divisor_t_reg_16__4_/D (DFFX1)           0.02       0.13 f
  data arrival time                                   0.13

  clock clk (rise edge)                    0.00       0.00
  clock network delay (ideal)              0.00       0.00
  divisor_t_reg_16__4_/CK (DFFX1)          0.00       0.00 r
  library hold time                        0.00       0.00
  data required time                                  0.00
  -----------------------------------------------------------
  data required time                                  0.00
  data arrival time                                  -0.13
  -----------------------------------------------------------
  slack (MET)                                         0.13


1
