 
****************************************
Report : timing
        -path full
        -delay max
        -max_paths 4
Design : div_new
Version: R-2020.09-SP5
Date   : Mon Nov 24 15:01:29 2025
****************************************

Operating Conditions: PVT_1P08V_125C   Library: slow_vdd1v2
Wire Load Model Mode: enclosed

  Startpoint: divisor_t_reg_16__0_
              (rising edge-triggered flip-flop clocked by clk)
  Endpoint: remainder_t_reg_20__6_
            (rising edge-triggered flip-flop clocked by clk)
  Path Group: clk
  Path Type: max

  Des/Clust/Port     Wire Load Model       Library
  ------------------------------------------------
  div_new            Large                 slow_vdd1v2

  Point                                    Incr       Path
  -----------------------------------------------------------
  clock clk (rise edge)                    0.00       0.00
  clock network delay (ideal)              0.00       0.00
  divisor_t_reg_16__0_/CK (DFFQX1)         0.00       0.00 r
  divisor_t_reg_16__0_/Q (DFFQX1)          0.11       0.11 f
  U6867/Y (INVXL)                          0.04       0.15 r
  U6868/Y (NOR2XL)                         0.05       0.19 f
  U6871/Y (OAI21XL)                        0.07       0.26 r
  U6874/Y (AOI21XL)                        0.09       0.35 f
  U6881/Y (OAI21XL)                        0.08       0.43 r
  U6896/Y (AOI21XL)                        0.09       0.52 f
  U6925/Y (OAI21XL)                        0.08       0.60 r
  U6941/Y (AOI21XL)                        0.09       0.69 f
  U2207/Y (XNOR2X1)                        0.16       0.85 r
  U6990/Y (INVX1)                          0.09       0.94 f
  U7290/Y (MXI2XL)                         0.10       1.04 r
  U7300/Y (NAND2XL)                        0.09       1.12 f
  U1656/Y (OAI21XL)                        0.07       1.20 r
  U1655/Y (AOI21XL)                        0.07       1.26 f
  U7309/Y (OAI21XL)                        0.08       1.34 r
  U7324/Y (AOI21XL)                        0.09       1.43 f
  U7356/Y (OAI21XL)                        0.08       1.51 r
  U7372/Y (AOI21XL)                        0.10       1.61 f
  U1700/Y (CLKXOR2X1)                      0.15       1.76 r
  U1699/Y (INVXL)                          0.05       1.81 f
  U7484/Y (NOR2XL)                         0.05       1.86 r
  U7485/Y (AOI21XL)                        0.06       1.92 f
  U7486/Y (NOR2XL)                         0.08       2.01 r
  U7811/Y (OAI21XL)                        0.10       2.11 f
  U7815/Y (AOI21XL)                        0.07       2.18 r
  U7816/Y (OAI21XL)                        0.08       2.26 f
  U7817/Y (AOI21XL)                        0.07       2.33 r
  U7818/Y (OAI21XL)                        0.09       2.42 f
  U7834/Y (AOI21XL)                        0.07       2.49 r
  U1727/Y (CLKXOR2X2)                      0.17       2.67 f
  U7876/Y (INVX1)                          0.08       2.74 r
  U8195/Y (NOR2XL)                         0.06       2.80 f
  U1178/Y (NOR2BX1)                        0.08       2.88 r
  U1135/Y (NOR2X1)                         0.07       2.95 f
  U8196/Y (NOR2XL)                         0.05       3.01 r
  U8225/Y (AOI21XL)                        0.10       3.10 f
  U8232/Y (OAI21XL)                        0.08       3.18 r
  U8248/Y (AOI21XL)                        0.08       3.27 f
  U8249/Y (OAI21XL)                        0.06       3.33 r
  U8281/Y (AOI21XL)                        0.10       3.43 f
  U2206/Y (XNOR2X1)                        0.15       3.58 r
  U1147/Y (INVXL)                          0.06       3.64 f
  U11382/Y (MXI2XL)                        0.08       3.71 r
  remainder_t_reg_20__6_/D (DFFQXL)        0.03       3.74 r
  data arrival time                                   3.74

  clock clk (rise edge)                    3.00       3.00
  clock network delay (ideal)              0.00       3.00
  remainder_t_reg_20__6_/CK (DFFQXL)       0.00       3.00 r
  library setup time                      -0.07       2.93
  data required time                                  2.93
  -----------------------------------------------------------
  data required time                                  2.93
  data arrival time                                  -3.74
  -----------------------------------------------------------
  slack (VIOLATED)                                   -0.81


  Startpoint: divisor_t_reg_16__0_
              (rising edge-triggered flip-flop clocked by clk)
  Endpoint: remainder_t_reg_20__3_
            (rising edge-triggered flip-flop clocked by clk)
  Path Group: clk
  Path Type: max

  Des/Clust/Port     Wire Load Model       Library
  ------------------------------------------------
  div_new            Large                 slow_vdd1v2

  Point                                    Incr       Path
  -----------------------------------------------------------
  clock clk (rise edge)                    0.00       0.00
  clock network delay (ideal)              0.00       0.00
  divisor_t_reg_16__0_/CK (DFFQX1)         0.00       0.00 r
  divisor_t_reg_16__0_/Q (DFFQX1)          0.11       0.11 f
  U6867/Y (INVXL)                          0.04       0.15 r
  U6868/Y (NOR2XL)                         0.05       0.19 f
  U6871/Y (OAI21XL)                        0.07       0.26 r
  U6874/Y (AOI21XL)                        0.09       0.35 f
  U6881/Y (OAI21XL)                        0.08       0.43 r
  U6896/Y (AOI21XL)                        0.09       0.52 f
  U6925/Y (OAI21XL)                        0.08       0.60 r
  U6941/Y (AOI21XL)                        0.09       0.69 f
  U2207/Y (XNOR2X1)                        0.16       0.85 r
  U6990/Y (INVX1)                          0.09       0.94 f
  U7290/Y (MXI2XL)                         0.10       1.04 r
  U7300/Y (NAND2XL)                        0.09       1.12 f
  U1656/Y (OAI21XL)                        0.07       1.20 r
  U1655/Y (AOI21XL)                        0.07       1.26 f
  U7309/Y (OAI21XL)                        0.08       1.34 r
  U7324/Y (AOI21XL)                        0.09       1.43 f
  U7356/Y (OAI21XL)                        0.08       1.51 r
  U7372/Y (AOI21XL)                        0.10       1.61 f
  U1700/Y (CLKXOR2X1)                      0.15       1.76 r
  U1699/Y (INVXL)                          0.05       1.81 f
  U7484/Y (NOR2XL)                         0.05       1.86 r
  U7485/Y (AOI21XL)                        0.06       1.92 f
  U7486/Y (NOR2XL)                         0.08       2.01 r
  U7811/Y (OAI21XL)                        0.10       2.11 f
  U7815/Y (AOI21XL)                        0.07       2.18 r
  U7816/Y (OAI21XL)                        0.08       2.26 f
  U7817/Y (AOI21XL)                        0.07       2.33 r
  U7818/Y (OAI21XL)                        0.09       2.42 f
  U7834/Y (AOI21XL)                        0.07       2.49 r
  U1727/Y (CLKXOR2X2)                      0.17       2.67 f
  U7876/Y (INVX1)                          0.08       2.74 r
  U8195/Y (NOR2XL)                         0.06       2.80 f
  U1178/Y (NOR2BX1)                        0.08       2.88 r
  U1135/Y (NOR2X1)                         0.07       2.95 f
  U8196/Y (NOR2XL)                         0.05       3.01 r
  U8225/Y (AOI21XL)                        0.10       3.10 f
  U8232/Y (OAI21XL)                        0.08       3.18 r
  U8248/Y (AOI21XL)                        0.08       3.27 f
  U8249/Y (OAI21XL)                        0.06       3.33 r
  U8281/Y (AOI21XL)                        0.10       3.43 f
  U2206/Y (XNOR2X1)                        0.15       3.58 r
  U1250/Y (INVXL)                          0.06       3.64 f
  U11370/Y (MXI2XL)                        0.08       3.71 r
  remainder_t_reg_20__3_/D (DFFQXL)        0.03       3.74 r
  data arrival time                                   3.74

  clock clk (rise edge)                    3.00       3.00
  clock network delay (ideal)              0.00       3.00
  remainder_t_reg_20__3_/CK (DFFQXL)       0.00       3.00 r
  library setup time                      -0.07       2.93
  data required time                                  2.93
  -----------------------------------------------------------
  data required time                                  2.93
  data arrival time                                  -3.74
  -----------------------------------------------------------
  slack (VIOLATED)                                   -0.81


  Startpoint: divisor_t_reg_16__0_
              (rising edge-triggered flip-flop clocked by clk)
  Endpoint: remainder_t_reg_20__1_
            (rising edge-triggered flip-flop clocked by clk)
  Path Group: clk
  Path Type: max

  Des/Clust/Port     Wire Load Model       Library
  ------------------------------------------------
  div_new            Large                 slow_vdd1v2

  Point                                    Incr       Path
  -----------------------------------------------------------
  clock clk (rise edge)                    0.00       0.00
  clock network delay (ideal)              0.00       0.00
  divisor_t_reg_16__0_/CK (DFFQX1)         0.00       0.00 r
  divisor_t_reg_16__0_/Q (DFFQX1)          0.11       0.11 f
  U6867/Y (INVXL)                          0.04       0.15 r
  U6868/Y (NOR2XL)                         0.05       0.19 f
  U6871/Y (OAI21XL)                        0.07       0.26 r
  U6874/Y (AOI21XL)                        0.09       0.35 f
  U6881/Y (OAI21XL)                        0.08       0.43 r
  U6896/Y (AOI21XL)                        0.09       0.52 f
  U6925/Y (OAI21XL)                        0.08       0.60 r
  U6941/Y (AOI21XL)                        0.09       0.69 f
  U2207/Y (XNOR2X1)                        0.16       0.85 r
  U6990/Y (INVX1)                          0.09       0.94 f
  U7290/Y (MXI2XL)                         0.10       1.04 r
  U7300/Y (NAND2XL)                        0.09       1.12 f
  U1656/Y (OAI21XL)                        0.07       1.20 r
  U1655/Y (AOI21XL)                        0.07       1.26 f
  U7309/Y (OAI21XL)                        0.08       1.34 r
  U7324/Y (AOI21XL)                        0.09       1.43 f
  U7356/Y (OAI21XL)                        0.08       1.51 r
  U7372/Y (AOI21XL)                        0.10       1.61 f
  U1700/Y (CLKXOR2X1)                      0.15       1.76 r
  U1699/Y (INVXL)                          0.05       1.81 f
  U7484/Y (NOR2XL)                         0.05       1.86 r
  U7485/Y (AOI21XL)                        0.06       1.92 f
  U7486/Y (NOR2XL)                         0.08       2.01 r
  U7811/Y (OAI21XL)                        0.10       2.11 f
  U7815/Y (AOI21XL)                        0.07       2.18 r
  U7816/Y (OAI21XL)                        0.08       2.26 f
  U7817/Y (AOI21XL)                        0.07       2.33 r
  U7818/Y (OAI21XL)                        0.09       2.42 f
  U7834/Y (AOI21XL)                        0.07       2.49 r
  U1727/Y (CLKXOR2X2)                      0.17       2.67 f
  U7876/Y (INVX1)                          0.08       2.74 r
  U8195/Y (NOR2XL)                         0.06       2.80 f
  U1178/Y (NOR2BX1)                        0.08       2.88 r
  U1135/Y (NOR2X1)                         0.07       2.95 f
  U8196/Y (NOR2XL)                         0.05       3.01 r
  U8225/Y (AOI21XL)                        0.10       3.10 f
  U8232/Y (OAI21XL)                        0.08       3.18 r
  U8248/Y (AOI21XL)                        0.08       3.27 f
  U8249/Y (OAI21XL)                        0.06       3.33 r
  U8281/Y (AOI21XL)                        0.10       3.43 f
  U2206/Y (XNOR2X1)                        0.15       3.58 r
  U1252/Y (INVXL)                          0.06       3.64 f
  U11361/Y (MXI2XL)                        0.08       3.71 r
  remainder_t_reg_20__1_/D (DFFQXL)        0.03       3.74 r
  data arrival time                                   3.74

  clock clk (rise edge)                    3.00       3.00
  clock network delay (ideal)              0.00       3.00
  remainder_t_reg_20__1_/CK (DFFQXL)       0.00       3.00 r
  library setup time                      -0.07       2.93
  data required time                                  2.93
  -----------------------------------------------------------
  data required time                                  2.93
  data arrival time                                  -3.74
  -----------------------------------------------------------
  slack (VIOLATED)                                   -0.81


  Startpoint: divisor_t_reg_16__0_
              (rising edge-triggered flip-flop clocked by clk)
  Endpoint: remainder_t_reg_20__0_
            (rising edge-triggered flip-flop clocked by clk)
  Path Group: clk
  Path Type: max

  Des/Clust/Port     Wire Load Model       Library
  ------------------------------------------------
  div_new            Large                 slow_vdd1v2

  Point                                    Incr       Path
  -----------------------------------------------------------
  clock clk (rise edge)                    0.00       0.00
  clock network delay (ideal)              0.00       0.00
  divisor_t_reg_16__0_/CK (DFFQX1)         0.00       0.00 r
  divisor_t_reg_16__0_/Q (DFFQX1)          0.11       0.11 f
  U6867/Y (INVXL)                          0.04       0.15 r
  U6868/Y (NOR2XL)                         0.05       0.19 f
  U6871/Y (OAI21XL)                        0.07       0.26 r
  U6874/Y (AOI21XL)                        0.09       0.35 f
  U6881/Y (OAI21XL)                        0.08       0.43 r
  U6896/Y (AOI21XL)                        0.09       0.52 f
  U6925/Y (OAI21XL)                        0.08       0.60 r
  U6941/Y (AOI21XL)                        0.09       0.69 f
  U2207/Y (XNOR2X1)                        0.16       0.85 r
  U6990/Y (INVX1)                          0.09       0.94 f
  U7290/Y (MXI2XL)                         0.10       1.04 r
  U7300/Y (NAND2XL)                        0.09       1.12 f
  U1656/Y (OAI21XL)                        0.07       1.20 r
  U1655/Y (AOI21XL)                        0.07       1.26 f
  U7309/Y (OAI21XL)                        0.08       1.34 r
  U7324/Y (AOI21XL)                        0.09       1.43 f
  U7356/Y (OAI21XL)                        0.08       1.51 r
  U7372/Y (AOI21XL)                        0.10       1.61 f
  U1700/Y (CLKXOR2X1)                      0.15       1.76 r
  U1699/Y (INVXL)                          0.05       1.81 f
  U7484/Y (NOR2XL)                         0.05       1.86 r
  U7485/Y (AOI21XL)                        0.06       1.92 f
  U7486/Y (NOR2XL)                         0.08       2.01 r
  U7811/Y (OAI21XL)                        0.10       2.11 f
  U7815/Y (AOI21XL)                        0.07       2.18 r
  U7816/Y (OAI21XL)                        0.08       2.26 f
  U7817/Y (AOI21XL)                        0.07       2.33 r
  U7818/Y (OAI21XL)                        0.09       2.42 f
  U7834/Y (AOI21XL)                        0.07       2.49 r
  U1727/Y (CLKXOR2X2)                      0.17       2.67 f
  U7876/Y (INVX1)                          0.08       2.74 r
  U8195/Y (NOR2XL)                         0.06       2.80 f
  U1178/Y (NOR2BX1)                        0.08       2.88 r
  U1135/Y (NOR2X1)                         0.07       2.95 f
  U8196/Y (NOR2XL)                         0.05       3.01 r
  U8225/Y (AOI21XL)                        0.10       3.10 f
  U8232/Y (OAI21XL)                        0.08       3.18 r
  U8248/Y (AOI21XL)                        0.08       3.27 f
  U8249/Y (OAI21XL)                        0.06       3.33 r
  U8281/Y (AOI21XL)                        0.10       3.43 f
  U2206/Y (XNOR2X1)                        0.15       3.58 r
  U1254/Y (INVXL)                          0.06       3.64 f
  U11400/Y (MXI2XL)                        0.08       3.71 r
  remainder_t_reg_20__0_/D (DFFQXL)        0.03       3.74 r
  data arrival time                                   3.74

  clock clk (rise edge)                    3.00       3.00
  clock network delay (ideal)              0.00       3.00
  remainder_t_reg_20__0_/CK (DFFQXL)       0.00       3.00 r
  library setup time                      -0.07       2.93
  data required time                                  2.93
  -----------------------------------------------------------
  data required time                                  2.93
  data arrival time                                  -3.74
  -----------------------------------------------------------
  slack (VIOLATED)                                   -0.81


1
