Information: Checking out the license 'DesignWare'. (SEC-104)
Information: Changed wire load model for 'DW_div_pipe_inst_mydesign_0' from '(none)' to 'Small'. (OPT-170)
Information: Changed wire load model for 'DW_div_pipe_inst_mydesign_1' from '(none)' to 'Small'. (OPT-170)
Information: Changed wire load model for 'DW_div_pipe_inst_mydesign_2' from '(none)' to 'Small'. (OPT-170)
Information: Changed wire load model for 'DW_div_pipe_inst_mydesign_3' from '(none)' to 'Small'. (OPT-170)
Information: Changed wire load model for 'DW_div_pipe_inst_mydesign_4' from '(none)' to 'Small'. (OPT-170)
Information: Changed wire load model for 'DW_div_pipe_inst_mydesign_5' from '(none)' to 'Small'. (OPT-170)
Information: Changed wire load model for 'DW_div_pipe_inst_mydesign_6' from '(none)' to 'Small'. (OPT-170)
Information: Changed wire load model for 'DW_div_pipe_inst_mydesign_7' from '(none)' to 'Small'. (OPT-170)
Information: Changed wire load model for 'alt1' from '(none)' to 'Large'. (OPT-170)
Information: Changed wire load model for 'apparch' from '(none)' to 'Large'. (OPT-170)
  Allocating blocks in 'DW_div_pipe_a_width24_b_width18_tc_mode0_rem_mode1_num_stages4_stall_mode0_rst_mode0_op_iso_mode0'
  Allocating blocks in 'DW_div_a_width24_b_width18_tc_mode0_rem_mode1'
Information: Changed wire load model for 'alt1' from '(none)' to 'Large'. (OPT-170)
Information: Changed wire load model for 'pparch' from '(none)' to 'Large'. (OPT-170)
Information: Changed wire load model for 'alt1' from '(none)' to 'Large'. (OPT-170)
Information: Changed wire load model for 'pparch' from '(none)' to 'Large'. (OPT-170)
Information: Changed wire load model for 'alt1' from '(none)' to 'Large'. (OPT-170)
Information: Changed wire load model for 'pparch' from '(none)' to 'Large'. (OPT-170)
Information: Changed wire load model for 'alt1' from '(none)' to 'Large'. (OPT-170)
Information: Changed wire load model for 'pparch' from '(none)' to 'Large'. (OPT-170)
Information: Changed wire load model for 'alt1' from '(none)' to 'Large'. (OPT-170)
Information: Changed wire load model for 'pparch' from '(none)' to 'Large'. (OPT-170)
Information: Changed wire load model for 'alt1' from '(none)' to 'Large'. (OPT-170)
Information: Changed wire load model for 'pparch' from '(none)' to 'Large'. (OPT-170)
Information: Changed wire load model for 'alt1' from '(none)' to 'Large'. (OPT-170)
Information: Changed wire load model for 'pparch' from '(none)' to 'Large'. (OPT-170)
Information: Changed wire load model for 'alt1' from '(none)' to 'Large'. (OPT-170)
Information: Changed wire load model for 'pparch' from '(none)' to 'Large'. (OPT-170)
Information: Changed wire load model for 'alt1' from '(none)' to 'Large'. (OPT-170)
Information: Changed wire load model for 'pparch' from '(none)' to 'Large'. (OPT-170)
Information: Changed wire load model for 'alt1' from '(none)' to 'Large'. (OPT-170)
Information: Changed wire load model for 'pparch' from '(none)' to 'Large'. (OPT-170)
Information: Changed wire load model for 'alt1' from '(none)' to 'Large'. (OPT-170)
Information: Changed wire load model for 'pparch' from '(none)' to 'Large'. (OPT-170)
Information: Changed wire load model for 'alt1' from '(none)' to 'Large'. (OPT-170)
Information: Changed wire load model for 'pparch' from '(none)' to 'Large'. (OPT-170)
Information: Changed wire load model for 'alt1' from '(none)' to 'Large'. (OPT-170)
Information: Changed wire load model for 'pparch' from '(none)' to 'Large'. (OPT-170)
Information: Changed wire load model for 'alt1' from '(none)' to 'Large'. (OPT-170)
Information: Changed wire load model for 'pparch' from '(none)' to 'Large'. (OPT-170)
Information: Changed wire load model for 'alt1' from '(none)' to 'Large'. (OPT-170)
Information: Changed wire load model for 'pparch' from '(none)' to 'Large'. (OPT-170)
Information: Changed wire load model for 'alt1' from '(none)' to 'Large'. (OPT-170)
Information: Changed wire load model for 'pparch' from '(none)' to 'Large'. (OPT-170)
Information: Changed wire load model for 'alt1' from '(none)' to 'Large'. (OPT-170)
Information: Changed wire load model for 'pparch' from '(none)' to 'Large'. (OPT-170)
Information: Changed wire load model for 'alt1' from '(none)' to 'Large'. (OPT-170)
Information: Changed wire load model for 'pparch' from '(none)' to 'Large'. (OPT-170)
Information: Changed wire load model for 'alt1' from '(none)' to 'Large'. (OPT-170)
Information: Changed wire load model for 'pparch' from '(none)' to 'Large'. (OPT-170)
Information: Changed wire load model for 'alt1' from '(none)' to 'Large'. (OPT-170)
Information: Changed wire load model for 'pparch' from '(none)' to 'Large'. (OPT-170)
Information: Changed wire load model for 'alt1' from '(none)' to 'Large'. (OPT-170)
Information: Changed wire load model for 'pparch' from '(none)' to 'Large'. (OPT-170)
Information: Changed wire load model for 'alt1' from '(none)' to 'Large'. (OPT-170)
Information: Changed wire load model for 'pparch' from '(none)' to 'Large'. (OPT-170)
Information: Changed wire load model for 'alt1' from '(none)' to 'Large'. (OPT-170)
Information: Changed wire load model for 'pparch' from '(none)' to 'Large'. (OPT-170)
Information: Changed wire load model for 'alt1' from '(none)' to 'Large'. (OPT-170)
Information: Changed wire load model for 'pparch' from '(none)' to 'Large'. (OPT-170)
Information: Changed wire load model for 'alt1' from '(none)' to 'Large'. (OPT-170)
Information: Changed wire load model for 'pparch' from '(none)' to 'Large'. (OPT-170)
Information: Changed wire load model for 'alt1' from '(none)' to 'Large'. (OPT-170)
Information: Changed wire load model for 'pparch' from '(none)' to 'Large'. (OPT-170)
Information: Changed wire load model for 'alt1' from '(none)' to 'Large'. (OPT-170)
Information: Changed wire load model for 'pparch' from '(none)' to 'Large'. (OPT-170)
Information: Changed wire load model for 'alt1' from '(none)' to 'Large'. (OPT-170)
Information: Changed wire load model for 'pparch' from '(none)' to 'Large'. (OPT-170)
Information: Changed wire load model for 'alt1' from '(none)' to 'Large'. (OPT-170)
Information: Changed wire load model for 'pparch' from '(none)' to 'Large'. (OPT-170)
Information: Changed wire load model for 'alt1' from '(none)' to 'Large'. (OPT-170)
Information: Changed wire load model for 'pparch' from '(none)' to 'Large'. (OPT-170)
Information: Changed wire load model for 'alt1' from '(none)' to 'Large'. (OPT-170)
Information: Changed wire load model for 'pparch' from '(none)' to 'Large'. (OPT-170)
Information: Changed wire load model for 'alt1' from '(none)' to 'Large'. (OPT-170)
Information: Changed wire load model for 'pparch' from '(none)' to 'Large'. (OPT-170)
Information: Changed wire load model for 'alt1' from '(none)' to 'Large'. (OPT-170)
Information: Changed wire load model for 'pparch' from '(none)' to 'Large'. (OPT-170)
Information: Changed wire load model for 'alt1' from '(none)' to 'Large'. (OPT-170)
Information: Changed wire load model for 'pparch' from '(none)' to 'Large'. (OPT-170)
Information: Changed wire load model for 'alt1' from '(none)' to 'Large'. (OPT-170)
Information: Changed wire load model for 'pparch' from '(none)' to 'Large'. (OPT-170)
Information: Changed wire load model for 'alt1' from '(none)' to 'Large'. (OPT-170)
Information: Changed wire load model for 'pparch' from '(none)' to 'Large'. (OPT-170)
Information: Changed wire load model for 'alt1' from '(none)' to 'Large'. (OPT-170)
Information: Changed wire load model for 'pparch' from '(none)' to 'Large'. (OPT-170)
Information: Changed wire load model for 'alt1' from '(none)' to 'Large'. (OPT-170)
Information: Changed wire load model for 'pparch' from '(none)' to 'Large'. (OPT-170)
Information: Changed wire load model for 'alt1' from '(none)' to 'Large'. (OPT-170)
Information: Changed wire load model for 'pparch' from '(none)' to 'Large'. (OPT-170)
Information: Changed wire load model for 'alt1' from '(none)' to 'Large'. (OPT-170)
Information: Changed wire load model for 'pparch' from '(none)' to 'Large'. (OPT-170)
Information: Changed wire load model for 'alt1' from '(none)' to 'Large'. (OPT-170)
Information: Changed wire load model for 'pparch' from '(none)' to 'Large'. (OPT-170)
Information: Changed wire load model for 'alt1' from '(none)' to 'Large'. (OPT-170)
Information: Changed wire load model for 'pparch' from '(none)' to 'Large'. (OPT-170)
Information: Changed wire load model for 'alt1' from '(none)' to 'Large'. (OPT-170)
Information: Changed wire load model for 'pparch' from '(none)' to 'Large'. (OPT-170)
Information: Changed wire load model for 'alt1' from '(none)' to 'Large'. (OPT-170)
Information: Changed wire load model for 'pparch' from '(none)' to 'Large'. (OPT-170)
Information: Changed wire load model for 'alt1' from '(none)' to 'Large'. (OPT-170)
Information: Changed wire load model for 'pparch' from '(none)' to 'Large'. (OPT-170)
Information: Changed wire load model for 'alt1' from '(none)' to 'Large'. (OPT-170)
Information: Changed wire load model for 'pparch' from '(none)' to 'Large'. (OPT-170)
Information: Changed wire load model for 'alt1' from '(none)' to 'Large'. (OPT-170)
Information: Changed wire load model for 'pparch' from '(none)' to 'Large'. (OPT-170)
Information: Changed wire load model for 'alt1' from '(none)' to 'Large'. (OPT-170)
Information: Changed wire load model for 'pparch' from '(none)' to 'Large'. (OPT-170)
Information: Changed wire load model for 'alt1' from '(none)' to 'Large'. (OPT-170)
Information: Changed wire load model for 'pparch' from '(none)' to 'Large'. (OPT-170)
Information: Changed wire load model for 'alt1' from '(none)' to 'Large'. (OPT-170)
Information: Changed wire load model for 'pparch' from '(none)' to 'Large'. (OPT-170)
Information: Changed wire load model for 'alt1' from '(none)' to 'Large'. (OPT-170)
Information: Changed wire load model for 'pparch' from '(none)' to 'Large'. (OPT-170)
Information: Changed wire load model for 'alt1' from '(none)' to 'Large'. (OPT-170)
Information: Changed wire load model for 'pparch' from '(none)' to 'Large'. (OPT-170)
Information: Changed wire load model for 'alt1' from '(none)' to 'Large'. (OPT-170)
Information: Changed wire load model for 'pparch' from '(none)' to 'Large'. (OPT-170)
Information: Changed wire load model for 'alt1' from '(none)' to 'Large'. (OPT-170)
Information: Changed wire load model for 'pparch' from '(none)' to 'Large'. (OPT-170)
Information: Changed wire load model for 'alt1' from '(none)' to 'Large'. (OPT-170)
Information: Changed wire load model for 'pparch' from '(none)' to 'Large'. (OPT-170)
Information: Changed wire load model for 'alt1' from '(none)' to 'Large'. (OPT-170)
Information: Changed wire load model for 'pparch' from '(none)' to 'Large'. (OPT-170)
  Allocating blocks in 'DW_div_a_width24_b_width18_tc_mode0_rem_mode1'
Information: Changed wire load model for 'alt1' from '(none)' to 'Large'. (OPT-170)
Information: Changed wire load model for 'pparch' from '(none)' to 'Large'. (OPT-170)
Information: Changed wire load model for 'alt1' from '(none)' to 'Large'. (OPT-170)
Information: Changed wire load model for 'pparch' from '(none)' to 'Large'. (OPT-170)
Information: Changed wire load model for 'alt1' from '(none)' to 'Large'. (OPT-170)
Information: Changed wire load model for 'pparch' from '(none)' to 'Large'. (OPT-170)
Information: Changed wire load model for 'alt1' from '(none)' to 'Large'. (OPT-170)
Information: Changed wire load model for 'pparch' from '(none)' to 'Large'. (OPT-170)
Information: Changed wire load model for 'alt1' from '(none)' to 'Large'. (OPT-170)
Information: Changed wire load model for 'pparch' from '(none)' to 'Large'. (OPT-170)
Information: Changed wire load model for 'alt1' from '(none)' to 'Large'. (OPT-170)
Information: Changed wire load model for 'pparch' from '(none)' to 'Large'. (OPT-170)
Information: Changed wire load model for 'alt1' from '(none)' to 'Large'. (OPT-170)
Information: Changed wire load model for 'pparch' from '(none)' to 'Large'. (OPT-170)
Information: Changed wire load model for 'alt1' from '(none)' to 'Large'. (OPT-170)
Information: Changed wire load model for 'pparch' from '(none)' to 'Large'. (OPT-170)
Information: Changed wire load model for 'alt1' from '(none)' to 'Large'. (OPT-170)
Information: Changed wire load model for 'pparch' from '(none)' to 'Large'. (OPT-170)
Information: Changed wire load model for 'alt1' from '(none)' to 'Large'. (OPT-170)
Information: Changed wire load model for 'pparch' from '(none)' to 'Large'. (OPT-170)
Information: Changed wire load model for 'alt1' from '(none)' to 'Large'. (OPT-170)
Information: Changed wire load model for 'pparch' from '(none)' to 'Large'. (OPT-170)
Information: Changed wire load model for 'alt1' from '(none)' to 'Large'. (OPT-170)
Information: Changed wire load model for 'pparch' from '(none)' to 'Large'. (OPT-170)
Information: Changed wire load model for 'alt1' from '(none)' to 'Large'. (OPT-170)
Information: Changed wire load model for 'pparch' from '(none)' to 'Large'. (OPT-170)
Information: Changed wire load model for 'alt1' from '(none)' to 'Large'. (OPT-170)
Information: Changed wire load model for 'pparch' from '(none)' to 'Large'. (OPT-170)
Information: Changed wire load model for 'alt1' from '(none)' to 'Large'. (OPT-170)
Information: Changed wire load model for 'pparch' from '(none)' to 'Large'. (OPT-170)
Information: Changed wire load model for 'alt1' from '(none)' to 'Large'. (OPT-170)
Information: Changed wire load model for 'pparch' from '(none)' to 'Large'. (OPT-170)
Information: Changed wire load model for 'alt1' from '(none)' to 'Large'. (OPT-170)
Information: Changed wire load model for 'pparch' from '(none)' to 'Large'. (OPT-170)
Information: Changed wire load model for 'alt1' from '(none)' to 'Large'. (OPT-170)
Information: Changed wire load model for 'pparch' from '(none)' to 'Large'. (OPT-170)
Information: Changed wire load model for 'alt1' from '(none)' to 'Large'. (OPT-170)
Information: Changed wire load model for 'pparch' from '(none)' to 'Large'. (OPT-170)
Information: Changed wire load model for 'alt1' from '(none)' to 'Large'. (OPT-170)
Information: Changed wire load model for 'pparch' from '(none)' to 'Large'. (OPT-170)
Information: Changed wire load model for 'alt1' from '(none)' to 'Large'. (OPT-170)
Information: Changed wire load model for 'pparch' from '(none)' to 'Large'. (OPT-170)
Information: Changed wire load model for 'alt1' from '(none)' to 'Large'. (OPT-170)
Information: Changed wire load model for 'pparch' from '(none)' to 'Large'. (OPT-170)
Information: Changed wire load model for 'alt1' from '(none)' to 'Large'. (OPT-170)
Information: Changed wire load model for 'pparch' from '(none)' to 'Large'. (OPT-170)
Information: Changed wire load model for 'alt1' from '(none)' to 'Large'. (OPT-170)
Information: Changed wire load model for 'pparch' from '(none)' to 'Large'. (OPT-170)
Information: Changed wire load model for 'alt1' from '(none)' to 'Large'. (OPT-170)
Information: Changed wire load model for 'pparch' from '(none)' to 'Large'. (OPT-170)
Information: Changed wire load model for 'alt1' from '(none)' to 'Large'. (OPT-170)
Information: Changed wire load model for 'pparch' from '(none)' to 'Large'. (OPT-170)
Information: Changed wire load model for 'alt1' from '(none)' to 'Large'. (OPT-170)
Information: Changed wire load model for 'pparch' from '(none)' to 'Large'. (OPT-170)
Information: Changed wire load model for 'alt1' from '(none)' to 'Large'. (OPT-170)
Information: Changed wire load model for 'pparch' from '(none)' to 'Large'. (OPT-170)
Information: Changed wire load model for 'alt1' from '(none)' to 'Large'. (OPT-170)
Information: Changed wire load model for 'pparch' from '(none)' to 'Large'. (OPT-170)
Information: Changed wire load model for 'alt1' from '(none)' to 'Large'. (OPT-170)
Information: Changed wire load model for 'pparch' from '(none)' to 'Large'. (OPT-170)
Information: Changed wire load model for 'alt1' from '(none)' to 'Large'. (OPT-170)
Information: Changed wire load model for 'pparch' from '(none)' to 'Large'. (OPT-170)
Information: Changed wire load model for 'alt1' from '(none)' to 'Large'. (OPT-170)
Information: Changed wire load model for 'pparch' from '(none)' to 'Large'. (OPT-170)
Information: Changed wire load model for 'alt1' from '(none)' to 'Large'. (OPT-170)
Information: Changed wire load model for 'pparch' from '(none)' to 'Large'. (OPT-170)
Information: Changed wire load model for 'alt1' from '(none)' to 'Large'. (OPT-170)
Information: Changed wire load model for 'pparch' from '(none)' to 'Large'. (OPT-170)
Information: Changed wire load model for 'alt1' from '(none)' to 'Large'. (OPT-170)
Information: Changed wire load model for 'pparch' from '(none)' to 'Large'. (OPT-170)
Information: Changed wire load model for 'alt1' from '(none)' to 'Large'. (OPT-170)
Information: Changed wire load model for 'pparch' from '(none)' to 'Large'. (OPT-170)
Information: Changed wire load model for 'alt1' from '(none)' to 'Large'. (OPT-170)
Information: Changed wire load model for 'pparch' from '(none)' to 'Large'. (OPT-170)
Warning: Design 'DW_div_pipe_a_width24_b_width18_tc_mode0_rem_mode1_num_stages4_stall_mode0_rst_mode0_op_iso_mode0' inherited license information from design 'DW_div_a_width24_b_width18_tc_mode0_rem_mode1.model.cla'. (DDB-74)
Information: Changed wire load model for 'DW01_add_width14' from '(none)' to 'Small'. (OPT-170)
Information: Changed wire load model for '*ADD_TC_OP_14_10_14' from '(none)' to 'Small'. (OPT-170)
Information: Changed wire load model for 'DW01_add_width14' from '(none)' to 'Small'. (OPT-170)
Information: Changed wire load model for '*ADD_TC_OP_14_10_14' from '(none)' to 'Small'. (OPT-170)
Information: Changed wire load model for 'DW01_add_width14' from '(none)' to 'Small'. (OPT-170)
Information: Changed wire load model for '*ADD_TC_OP_14_10_14' from '(none)' to 'Small'. (OPT-170)
Information: Changed wire load model for 'DW01_add_width14' from '(none)' to 'Small'. (OPT-170)
Information: Changed wire load model for '*ADD_TC_OP_14_10_14' from '(none)' to 'Small'. (OPT-170)
Information: Changed wire load model for 'DW01_add_width14' from '(none)' to 'Small'. (OPT-170)
Information: Changed wire load model for '*ADD_TC_OP_14_10_14' from '(none)' to 'Small'. (OPT-170)
Information: Changed wire load model for 'DW01_add_width14' from '(none)' to 'Small'. (OPT-170)
Information: Changed wire load model for '*ADD_TC_OP_14_10_14' from '(none)' to 'Small'. (OPT-170)
Information: Changed wire load model for 'DW01_inc_width18' from '(none)' to 'Small'. (OPT-170)
Information: Changed wire load model for '*ADD_UNS_OP_18_1_18' from '(none)' to 'Small'. (OPT-170)
Information: Changed wire load model for 'DW01_add_width14' from '(none)' to 'Small'. (OPT-170)
Information: Changed wire load model for '*ADD_TC_OP_14_10_14' from '(none)' to 'Small'. (OPT-170)
Information: Changed wire load model for 'DW01_sub_width18' from '(none)' to 'Small'. (OPT-170)
Information: Changed wire load model for '*SUB_UNS_OP_18_18_18' from '(none)' to 'Small'. (OPT-170)
Information: Changed wire load model for 'DW01_add_width14' from '(none)' to 'Small'. (OPT-170)
Information: Changed wire load model for '*ADD_TC_OP_14_10_14' from '(none)' to 'Small'. (OPT-170)
Information: Changed wire load model for 'DW01_add_width14' from '(none)' to 'Small'. (OPT-170)
Information: Changed wire load model for '*ADD_TC_OP_14_10_14' from '(none)' to 'Small'. (OPT-170)
Information: Changed wire load model for 'DW01_add_width14' from '(none)' to 'Small'. (OPT-170)
Information: Changed wire load model for '*ADD_TC_OP_14_10_14' from '(none)' to 'Small'. (OPT-170)
Information: Changed wire load model for 'DW01_add_width18' from '(none)' to 'Small'. (OPT-170)
Information: Changed wire load model for '*ADD_UNS_OP_18_14_18' from '(none)' to 'Small'. (OPT-170)
Information: Changed wire load model for 'DW01_add_width14' from '(none)' to 'Small'. (OPT-170)
Information: Changed wire load model for '*ADD_TC_OP_14_10_14' from '(none)' to 'Small'. (OPT-170)
Information: Changed wire load model for 'DW01_add_width18' from '(none)' to 'Small'. (OPT-170)
Information: Changed wire load model for '*ADD_UNS_OP_18_14_18' from '(none)' to 'Small'. (OPT-170)
Information: Changed wire load model for 'DW01_add_width14' from '(none)' to 'Small'. (OPT-170)
Information: Changed wire load model for '*ADD_TC_OP_13_10_14' from '(none)' to 'Small'. (OPT-170)
Information: Changed wire load model for 'DW01_add_width18' from '(none)' to 'Small'. (OPT-170)
Information: Changed wire load model for '*ADD_UNS_OP_18_14_18' from '(none)' to 'Small'. (OPT-170)
Information: Changed wire load model for 'DW01_add_width13' from '(none)' to 'Small'. (OPT-170)
Information: Changed wire load model for '*ADD_TC_OP_12_10_13' from '(none)' to 'Small'. (OPT-170)
Information: Changed wire load model for 'DW01_add_width18' from '(none)' to 'Small'. (OPT-170)
Information: Changed wire load model for '*ADD_UNS_OP_18_14_18' from '(none)' to 'Small'. (OPT-170)
Information: Changed wire load model for 'DW01_add_width12' from '(none)' to 'Small'. (OPT-170)
Information: Changed wire load model for '*ADD_TC_OP_11_10_12' from '(none)' to 'Small'. (OPT-170)
Information: Changed wire load model for 'DW01_add_width18' from '(none)' to 'Small'. (OPT-170)
Information: Changed wire load model for '*ADD_UNS_OP_18_14_18' from '(none)' to 'Small'. (OPT-170)
Information: Changed wire load model for 'DW01_add_width11' from '(none)' to 'Small'. (OPT-170)
Information: Changed wire load model for '*ADD_TC_OP_10_10_11' from '(none)' to 'Small'. (OPT-170)
Information: Changed wire load model for 'DW01_add_width18' from '(none)' to 'Small'. (OPT-170)
Information: Changed wire load model for '*ADD_UNS_OP_18_14_18' from '(none)' to 'Small'. (OPT-170)
Information: Changed wire load model for 'DW01_add_width18' from '(none)' to 'Small'. (OPT-170)
Information: Changed wire load model for '*ADD_UNS_OP_18_14_18' from '(none)' to 'Small'. (OPT-170)
Information: Changed wire load model for 'DW01_inc_width4' from '(none)' to 'Small'. (OPT-170)
Information: Changed wire load model for '*ADD_UNS_OP_4_1_4' from '(none)' to 'Small'. (OPT-170)
Information: Changed wire load model for 'DW01_add_width18' from '(none)' to 'Small'. (OPT-170)
Information: Changed wire load model for '*ADD_UNS_OP_18_14_18' from '(none)' to 'Small'. (OPT-170)
Information: Changed wire load model for 'DW01_add_width18' from '(none)' to 'Small'. (OPT-170)
Information: Changed wire load model for '*ADD_UNS_OP_18_14_18' from '(none)' to 'Small'. (OPT-170)
Information: Changed wire load model for 'DW01_add_width20' from '(none)' to 'Small'. (OPT-170)
Information: Changed wire load model for '*ADD_TC_OP_20_20_20' from '(none)' to 'Small'. (OPT-170)
Information: Changed wire load model for 'DW01_add_width20' from '(none)' to 'Small'. (OPT-170)
Information: Changed wire load model for '*ADD_TC_OP_20_20_20' from '(none)' to 'Small'. (OPT-170)
Information: Changed wire load model for 'DW01_add_width20' from '(none)' to 'Small'. (OPT-170)
Information: Changed wire load model for '*ADD_TC_OP_20_20_20' from '(none)' to 'Small'. (OPT-170)
Information: Changed wire load model for 'DW01_add_width20' from '(none)' to 'Small'. (OPT-170)
Information: Changed wire load model for '*ADD_TC_OP_20_20_20' from '(none)' to 'Small'. (OPT-170)
Information: Changed wire load model for 'DW01_inc_width8' from '(none)' to 'Small'. (OPT-170)
Information: Changed wire load model for '*ADD_UNS_OP_8_1_8' from '(none)' to 'Small'. (OPT-170)
Information: Changed wire load model for 'DW01_inc_width8' from '(none)' to 'Small'. (OPT-170)
Information: Changed wire load model for '*ADD_UNS_OP_8_1_8' from '(none)' to 'Small'. (OPT-170)
Information: Changed wire load model for 'DW01_add_width20' from '(none)' to 'Small'. (OPT-170)
Information: Changed wire load model for '*ADD_UNS_OP_20_20_20' from '(none)' to 'Small'. (OPT-170)
Information: Changed wire load model for 'DW01_add_width20' from '(none)' to 'Small'. (OPT-170)
Information: Changed wire load model for '*ADD_UNS_OP_20_20_20' from '(none)' to 'Small'. (OPT-170)
Information: Changed wire load model for 'DW01_add_width20' from '(none)' to 'Small'. (OPT-170)
Information: Changed wire load model for '*ADD_UNS_OP_20_20_20' from '(none)' to 'Small'. (OPT-170)
Information: Changed wire load model for 'DW01_add_width20' from '(none)' to 'Small'. (OPT-170)
Information: Changed wire load model for '*ADD_UNS_OP_20_20_20' from '(none)' to 'Small'. (OPT-170)
Information: Changed wire load model for 'DW01_add_width20' from '(none)' to 'Small'. (OPT-170)
Information: Changed wire load model for '*ADD_UNS_OP_20_20_20' from '(none)' to 'Small'. (OPT-170)
Information: Changed wire load model for 'DW01_add_width20' from '(none)' to 'Small'. (OPT-170)
Information: Changed wire load model for '*ADD_UNS_OP_20_20_20' from '(none)' to 'Small'. (OPT-170)
Information: Changed wire load model for 'DW01_add_width20' from '(none)' to 'Small'. (OPT-170)
Information: Changed wire load model for '*ADD_UNS_OP_20_20_20' from '(none)' to 'Small'. (OPT-170)
Information: Changed wire load model for 'DW01_add_width20' from '(none)' to 'Small'. (OPT-170)
Information: Changed wire load model for '*ADD_UNS_OP_20_20_20' from '(none)' to 'Small'. (OPT-170)
Information: Changed wire load model for 'DW01_add_width20' from '(none)' to 'Small'. (OPT-170)
Information: Changed wire load model for '*ADD_UNS_OP_20_20_20' from '(none)' to 'Small'. (OPT-170)
Information: Changed wire load model for 'DW01_add_width20' from '(none)' to 'Small'. (OPT-170)
Information: Changed wire load model for '*ADD_UNS_OP_20_20_20' from '(none)' to 'Small'. (OPT-170)
Information: Changed wire load model for 'DW01_add_width20' from '(none)' to 'Small'. (OPT-170)
Information: Changed wire load model for '*ADD_UNS_OP_20_20_20' from '(none)' to 'Small'. (OPT-170)
Information: Changed wire load model for 'DW01_add_width20' from '(none)' to 'Small'. (OPT-170)
Information: Changed wire load model for '*ADD_UNS_OP_20_20_20' from '(none)' to 'Small'. (OPT-170)
Information: Changed wire load model for 'DW01_add_width20' from '(none)' to 'Small'. (OPT-170)
Information: Changed wire load model for '*ADD_UNS_OP_20_20_20' from '(none)' to 'Small'. (OPT-170)
Information: Changed wire load model for 'DW01_add_width20' from '(none)' to 'Small'. (OPT-170)
Information: Changed wire load model for '*ADD_UNS_OP_20_20_20' from '(none)' to 'Small'. (OPT-170)
Information: Changed wire load model for 'DW01_add_width20' from '(none)' to 'Small'. (OPT-170)
Information: Changed wire load model for '*ADD_UNS_OP_20_20_20' from '(none)' to 'Small'. (OPT-170)
Information: Changed wire load model for 'DW01_add_width20' from '(none)' to 'Small'. (OPT-170)
Information: Changed wire load model for '*ADD_UNS_OP_20_20_20' from '(none)' to 'Small'. (OPT-170)
Information: Changed wire load model for 'DW01_inc_width5' from '(none)' to 'Small'. (OPT-170)
Information: Changed wire load model for '*ADD_UNS_OP_5_1_5' from '(none)' to 'Small'. (OPT-170)
Information: Changed wire load model for 'DW01_inc_width4' from '(none)' to 'Small'. (OPT-170)
Information: Changed wire load model for '*ADD_UNS_OP_4_1_4' from '(none)' to 'Small'. (OPT-170)
Information: Changed wire load model for 'DW01_inc_width4' from '(none)' to 'Small'. (OPT-170)
Information: Changed wire load model for '*ADD_UNS_OP_4_1_4' from '(none)' to 'Small'. (OPT-170)
Information: Changed wire load model for 'DW01_add_width18' from '(none)' to 'Small'. (OPT-170)
Information: Changed wire load model for '*ADD_UNS_OP_18_14_18' from '(none)' to 'Small'. (OPT-170)
Information: Changed wire load model for 'DW01_add_width20' from '(none)' to 'Small'. (OPT-170)
Information: Changed wire load model for '*ADD_TC_OP_20_20_20' from '(none)' to 'Small'. (OPT-170)
Information: Changed wire load model for 'DW01_add_width20' from '(none)' to 'Small'. (OPT-170)
Information: Changed wire load model for '*ADD_TC_OP_20_20_20' from '(none)' to 'Small'. (OPT-170)
Information: Changed wire load model for 'DW01_add_width20' from '(none)' to 'Small'. (OPT-170)
Information: Changed wire load model for '*ADD_TC_OP_20_20_20' from '(none)' to 'Small'. (OPT-170)
Information: Changed wire load model for 'DW01_add_width20' from '(none)' to 'Small'. (OPT-170)
Information: Changed wire load model for '*ADD_TC_OP_20_20_20' from '(none)' to 'Small'. (OPT-170)
Information: Changed wire load model for 'DW01_inc_width5' from '(none)' to 'Small'. (OPT-170)
Information: Changed wire load model for '*ADD_UNS_OP_5_1_5' from '(none)' to 'Small'. (OPT-170)
Information: Changed wire load model for 'DW01_add_width18' from '(none)' to 'Small'. (OPT-170)
Information: Changed wire load model for '*ADD_UNS_OP_18_14_18' from '(none)' to 'Small'. (OPT-170)
Information: Changed wire load model for 'DW01_add_width20' from '(none)' to 'Small'. (OPT-170)
Information: Changed wire load model for '*ADD_TC_OP_20_20_20' from '(none)' to 'Small'. (OPT-170)
Information: Changed wire load model for 'DW01_add_width20' from '(none)' to 'Small'. (OPT-170)
Information: Changed wire load model for '*ADD_TC_OP_20_20_20' from '(none)' to 'Small'. (OPT-170)
Information: Changed wire load model for 'DW01_add_width20' from '(none)' to 'Small'. (OPT-170)
Information: Changed wire load model for '*ADD_TC_OP_20_20_20' from '(none)' to 'Small'. (OPT-170)
Information: Changed wire load model for 'DW01_add_width20' from '(none)' to 'Small'. (OPT-170)
Information: Changed wire load model for '*ADD_TC_OP_20_20_20' from '(none)' to 'Small'. (OPT-170)
Information: Changed wire load model for 'DW02_mult' from '(none)' to 'Small'. (OPT-170)
Information: Changed wire load model for '*MULT_TC_OP_10_10_20' from '(none)' to 'Small'. (OPT-170)
Information: Changed wire load model for 'DW02_mult' from '(none)' to 'Small'. (OPT-170)
Information: Changed wire load model for '*MULT_TC_OP_10_10_20' from '(none)' to 'Small'. (OPT-170)
Information: Changed wire load model for 'DW02_mult' from '(none)' to 'Small'. (OPT-170)
Information: Changed wire load model for '*MULT_TC_OP_10_10_20' from '(none)' to 'Small'. (OPT-170)
Information: Changed wire load model for 'DW02_mult' from '(none)' to 'Small'. (OPT-170)
Information: Changed wire load model for '*MULT_TC_OP_10_10_20' from '(none)' to 'Small'. (OPT-170)
Information: Changed wire load model for 'DW02_mult' from '(none)' to 'Small'. (OPT-170)
Information: Changed wire load model for '*MULT_TC_OP_10_10_20' from '(none)' to 'Small'. (OPT-170)
Information: Changed wire load model for 'DW02_mult' from '(none)' to 'Small'. (OPT-170)
Information: Changed wire load model for '*MULT_TC_OP_10_10_20' from '(none)' to 'Small'. (OPT-170)
Information: Changed wire load model for 'DW02_mult' from '(none)' to 'Small'. (OPT-170)
Information: Changed wire load model for '*MULT_TC_OP_10_10_20' from '(none)' to 'Small'. (OPT-170)
Information: Changed wire load model for 'DW02_mult' from '(none)' to 'Small'. (OPT-170)
Information: Changed wire load model for '*MULT_TC_OP_10_10_20' from '(none)' to 'Small'. (OPT-170)
Information: Changed wire load model for 'DW02_mult' from '(none)' to 'Small'. (OPT-170)
Information: Changed wire load model for '*MULT_TC_OP_10_10_20' from '(none)' to 'Small'. (OPT-170)
Information: Changed wire load model for 'DW02_mult' from '(none)' to 'Small'. (OPT-170)
Information: Changed wire load model for '*MULT_TC_OP_10_10_20' from '(none)' to 'Small'. (OPT-170)
Information: Changed wire load model for 'DW02_mult' from '(none)' to 'Small'. (OPT-170)
Information: Changed wire load model for '*MULT_TC_OP_10_10_20' from '(none)' to 'Small'. (OPT-170)
Information: Changed wire load model for 'DW02_mult' from '(none)' to 'Small'. (OPT-170)
Information: Changed wire load model for '*MULT_TC_OP_10_10_20' from '(none)' to 'Small'. (OPT-170)
Information: Changed wire load model for 'DW02_mult' from '(none)' to 'Small'. (OPT-170)
Information: Changed wire load model for '*MULT_TC_OP_10_10_20' from '(none)' to 'Small'. (OPT-170)
Information: Changed wire load model for 'DW02_mult' from '(none)' to 'Small'. (OPT-170)
Information: Changed wire load model for '*MULT_TC_OP_10_10_20' from '(none)' to 'Small'. (OPT-170)
Information: Changed wire load model for 'DW02_mult' from '(none)' to 'Small'. (OPT-170)
Information: Changed wire load model for '*MULT_TC_OP_10_10_20' from '(none)' to 'Small'. (OPT-170)
Information: Changed wire load model for 'DW02_mult' from '(none)' to 'Small'. (OPT-170)
Information: Changed wire load model for '*MULT_TC_OP_10_10_20' from '(none)' to 'Small'. (OPT-170)
Information: Changed wire load model for 'DW01_inc_width5' from '(none)' to 'Small'. (OPT-170)
Information: Changed wire load model for '*ADD_UNS_OP_5_1_5' from '(none)' to 'Small'. (OPT-170)
Information: Changed wire load model for 'DW01_inc_width4' from '(none)' to 'Small'. (OPT-170)
Information: Changed wire load model for '*ADD_UNS_OP_4_1_4' from '(none)' to 'Small'. (OPT-170)
Information: Changed wire load model for 'DW01_add_width18' from '(none)' to 'Small'. (OPT-170)
Information: Changed wire load model for '*ADD_UNS_OP_17_14_18' from '(none)' to 'Small'. (OPT-170)
Information: Changed wire load model for 'DW01_add_width20' from '(none)' to 'Small'. (OPT-170)
Information: Changed wire load model for '*ADD_TC_OP_20_20_20' from '(none)' to 'Small'. (OPT-170)
Information: Changed wire load model for 'DW01_add_width20' from '(none)' to 'Small'. (OPT-170)
Information: Changed wire load model for '*ADD_TC_OP_20_20_20' from '(none)' to 'Small'. (OPT-170)
Information: Changed wire load model for 'DW01_add_width20' from '(none)' to 'Small'. (OPT-170)
Information: Changed wire load model for '*ADD_TC_OP_20_20_20' from '(none)' to 'Small'. (OPT-170)
Information: Changed wire load model for 'DW01_add_width20' from '(none)' to 'Small'. (OPT-170)
Information: Changed wire load model for '*ADD_TC_OP_20_20_20' from '(none)' to 'Small'. (OPT-170)
Information: Changed wire load model for 'DW01_inc_width2' from '(none)' to 'Small'. (OPT-170)
Information: Changed wire load model for '*ADD_UNS_OP_2_1_2' from '(none)' to 'Small'. (OPT-170)
Information: Changed wire load model for 'DW01_inc_width4' from '(none)' to 'Small'. (OPT-170)
Information: Changed wire load model for '*ADD_UNS_OP_4_1_4' from '(none)' to 'Small'. (OPT-170)
Information: Changed wire load model for 'DW01_add_width17' from '(none)' to 'Small'. (OPT-170)
Information: Changed wire load model for '*ADD_UNS_OP_16_14_17' from '(none)' to 'Small'. (OPT-170)
Information: Changed wire load model for 'DW01_add_width20' from '(none)' to 'Small'. (OPT-170)
Information: Changed wire load model for '*ADD_TC_OP_20_20_20' from '(none)' to 'Small'. (OPT-170)
Information: Changed wire load model for 'DW01_add_width20' from '(none)' to 'Small'. (OPT-170)
Information: Changed wire load model for '*ADD_TC_OP_20_20_20' from '(none)' to 'Small'. (OPT-170)
Information: Changed wire load model for 'DW01_add_width20' from '(none)' to 'Small'. (OPT-170)
Information: Changed wire load model for '*ADD_TC_OP_20_20_20' from '(none)' to 'Small'. (OPT-170)
Information: Changed wire load model for 'DW01_add_width20' from '(none)' to 'Small'. (OPT-170)
Information: Changed wire load model for '*ADD_TC_OP_20_20_20' from '(none)' to 'Small'. (OPT-170)
Information: Changed wire load model for 'DW01_add_width6' from '(none)' to 'Small'. (OPT-170)
Information: Changed wire load model for '*ADD_UNS_OP_6_4_6' from '(none)' to 'Small'. (OPT-170)
Information: Changed wire load model for 'DW01_inc_width3' from '(none)' to 'Small'. (OPT-170)
Information: Changed wire load model for '*ADD_UNS_OP_3_1_3' from '(none)' to 'Small'. (OPT-170)
Information: Changed wire load model for 'DW01_add_width16' from '(none)' to 'Small'. (OPT-170)
Information: Changed wire load model for '*ADD_UNS_OP_15_14_16' from '(none)' to 'Small'. (OPT-170)
Information: Changed wire load model for 'DW01_add_width20' from '(none)' to 'Small'. (OPT-170)
Information: Changed wire load model for '*ADD_TC_OP_20_20_20' from '(none)' to 'Small'. (OPT-170)
Information: Changed wire load model for 'DW01_add_width20' from '(none)' to 'Small'. (OPT-170)
Information: Changed wire load model for '*ADD_TC_OP_20_20_20' from '(none)' to 'Small'. (OPT-170)
Information: Changed wire load model for 'DW01_add_width20' from '(none)' to 'Small'. (OPT-170)
Information: Changed wire load model for '*ADD_TC_OP_20_20_20' from '(none)' to 'Small'. (OPT-170)
Information: Changed wire load model for 'DW01_add_width20' from '(none)' to 'Small'. (OPT-170)
Information: Changed wire load model for '*ADD_TC_OP_20_20_20' from '(none)' to 'Small'. (OPT-170)
Information: Changed wire load model for 'DW01_inc_width10' from '(none)' to 'Small'. (OPT-170)
Information: Changed wire load model for '*ADD_UNS_OP_10_1_10' from '(none)' to 'Small'. (OPT-170)
Information: Changed wire load model for 'DW01_inc_width10' from '(none)' to 'Small'. (OPT-170)
Information: Changed wire load model for '*ADD_UNS_OP_10_1_10' from '(none)' to 'Small'. (OPT-170)
Information: Changed wire load model for 'DW01_inc_width10' from '(none)' to 'Small'. (OPT-170)
Information: Changed wire load model for '*ADD_UNS_OP_10_1_10' from '(none)' to 'Small'. (OPT-170)
Information: Changed wire load model for 'DW01_inc_width10' from '(none)' to 'Small'. (OPT-170)
Information: Changed wire load model for '*ADD_UNS_OP_10_1_10' from '(none)' to 'Small'. (OPT-170)
Information: Changed wire load model for 'DW01_inc_width10' from '(none)' to 'Small'. (OPT-170)
Information: Changed wire load model for '*ADD_UNS_OP_10_1_10' from '(none)' to 'Small'. (OPT-170)
Information: Changed wire load model for 'DW01_inc_width10' from '(none)' to 'Small'. (OPT-170)
Information: Changed wire load model for '*ADD_UNS_OP_10_1_10' from '(none)' to 'Small'. (OPT-170)
Information: Changed wire load model for 'DW01_inc_width10' from '(none)' to 'Small'. (OPT-170)
Information: Changed wire load model for '*ADD_UNS_OP_10_1_10' from '(none)' to 'Small'. (OPT-170)
Information: Changed wire load model for 'DW01_inc_width10' from '(none)' to 'Small'. (OPT-170)
Information: Changed wire load model for '*ADD_UNS_OP_10_1_10' from '(none)' to 'Small'. (OPT-170)
Information: Changed wire load model for 'DW01_inc_width10' from '(none)' to 'Small'. (OPT-170)
Information: Changed wire load model for '*ADD_UNS_OP_10_1_10' from '(none)' to 'Small'. (OPT-170)
Information: Changed wire load model for 'DW01_inc_width10' from '(none)' to 'Small'. (OPT-170)
Information: Changed wire load model for '*ADD_UNS_OP_10_1_10' from '(none)' to 'Small'. (OPT-170)
Information: Changed wire load model for 'DW01_inc_width10' from '(none)' to 'Small'. (OPT-170)
Information: Changed wire load model for '*ADD_UNS_OP_10_1_10' from '(none)' to 'Small'. (OPT-170)
Information: Changed wire load model for 'DW01_inc_width10' from '(none)' to 'Small'. (OPT-170)
Information: Changed wire load model for '*ADD_UNS_OP_10_1_10' from '(none)' to 'Small'. (OPT-170)
Information: Changed wire load model for 'DW01_inc_width10' from '(none)' to 'Small'. (OPT-170)
Information: Changed wire load model for '*ADD_UNS_OP_10_1_10' from '(none)' to 'Small'. (OPT-170)
Information: Changed wire load model for 'DW01_inc_width10' from '(none)' to 'Small'. (OPT-170)
Information: Changed wire load model for '*ADD_UNS_OP_10_1_10' from '(none)' to 'Small'. (OPT-170)
Information: Changed wire load model for 'DW01_inc_width10' from '(none)' to 'Small'. (OPT-170)
Information: Changed wire load model for '*ADD_UNS_OP_10_1_10' from '(none)' to 'Small'. (OPT-170)
Information: Changed wire load model for 'DW01_inc_width10' from '(none)' to 'Small'. (OPT-170)
Information: Changed wire load model for '*ADD_UNS_OP_10_1_10' from '(none)' to 'Small'. (OPT-170)
Information: Changed wire load model for 'DW01_add_width15' from '(none)' to 'Small'. (OPT-170)
Information: Changed wire load model for '*ADD_UNS_OP_14_14_15' from '(none)' to 'Small'. (OPT-170)
Information: Changed wire load model for 'DW01_add_width20' from '(none)' to 'Small'. (OPT-170)
Information: Changed wire load model for '*ADD_TC_OP_20_20_20' from '(none)' to 'Small'. (OPT-170)
Information: Changed wire load model for 'DW01_add_width20' from '(none)' to 'Small'. (OPT-170)
Information: Changed wire load model for '*ADD_TC_OP_20_20_20' from '(none)' to 'Small'. (OPT-170)
Information: Changed wire load model for 'DW01_add_width20' from '(none)' to 'Small'. (OPT-170)
Information: Changed wire load model for '*ADD_TC_OP_20_20_20' from '(none)' to 'Small'. (OPT-170)
Information: Changed wire load model for 'DW01_add_width20' from '(none)' to 'Small'. (OPT-170)
Information: Changed wire load model for '*ADD_TC_OP_20_20_20' from '(none)' to 'Small'. (OPT-170)
Information: Changed wire load model for 'DW01_add_width20' from '(none)' to 'Small'. (OPT-170)
Information: Changed wire load model for '*ADD_TC_OP_20_20_20' from '(none)' to 'Small'. (OPT-170)
Information: Changed wire load model for 'DW01_add_width20' from '(none)' to 'Small'. (OPT-170)
Information: Changed wire load model for '*ADD_TC_OP_20_20_20' from '(none)' to 'Small'. (OPT-170)
Information: Changed wire load model for 'DW01_add_width20' from '(none)' to 'Small'. (OPT-170)
Information: Changed wire load model for '*ADD_TC_OP_20_20_20' from '(none)' to 'Small'. (OPT-170)
Information: Changed wire load model for 'DW01_add_width20' from '(none)' to 'Small'. (OPT-170)
Information: Changed wire load model for '*ADD_TC_OP_20_20_20' from '(none)' to 'Small'. (OPT-170)
Information: Changed wire load model for 'DW01_inc_width14' from '(none)' to 'Small'. (OPT-170)
Information: Changed wire load model for '*ADD_UNS_OP_14_1_14' from '(none)' to 'Small'. (OPT-170)
Information: Changed wire load model for 'DW01_inc_width14' from '(none)' to 'Small'. (OPT-170)
Information: Changed wire load model for '*ADD_UNS_OP_14_1_14' from '(none)' to 'Small'. (OPT-170)
Information: Changed wire load model for 'DW01_inc_width14' from '(none)' to 'Small'. (OPT-170)
Information: Changed wire load model for '*ADD_UNS_OP_14_1_14' from '(none)' to 'Small'. (OPT-170)
Information: Changed wire load model for 'DW01_inc_width14' from '(none)' to 'Small'. (OPT-170)
Information: Changed wire load model for '*ADD_UNS_OP_14_1_14' from '(none)' to 'Small'. (OPT-170)
Information: Changed wire load model for 'DW01_inc_width14' from '(none)' to 'Small'. (OPT-170)
Information: Changed wire load model for '*ADD_UNS_OP_14_1_14' from '(none)' to 'Small'. (OPT-170)
Information: Changed wire load model for 'DW01_inc_width14' from '(none)' to 'Small'. (OPT-170)
Information: Changed wire load model for '*ADD_UNS_OP_14_1_14' from '(none)' to 'Small'. (OPT-170)
Information: Changed wire load model for 'DW01_inc_width14' from '(none)' to 'Small'. (OPT-170)
Information: Changed wire load model for '*ADD_UNS_OP_14_1_14' from '(none)' to 'Small'. (OPT-170)
Information: Changed wire load model for 'DW01_inc_width14' from '(none)' to 'Small'. (OPT-170)
Information: Changed wire load model for '*ADD_UNS_OP_14_1_14' from '(none)' to 'Small'. (OPT-170)
Information: Changed wire load model for 'DW01_inc_width14' from '(none)' to 'Small'. (OPT-170)
Information: Changed wire load model for '*ADD_UNS_OP_14_1_14' from '(none)' to 'Small'. (OPT-170)
Information: Changed wire load model for 'DW01_inc_width14' from '(none)' to 'Small'. (OPT-170)
Information: Changed wire load model for '*ADD_UNS_OP_14_1_14' from '(none)' to 'Small'. (OPT-170)
Information: Changed wire load model for 'DW01_inc_width14' from '(none)' to 'Small'. (OPT-170)
Information: Changed wire load model for '*ADD_UNS_OP_14_1_14' from '(none)' to 'Small'. (OPT-170)
Information: Changed wire load model for 'DW01_inc_width14' from '(none)' to 'Small'. (OPT-170)
Information: Changed wire load model for '*ADD_UNS_OP_14_1_14' from '(none)' to 'Small'. (OPT-170)
Information: Changed wire load model for 'DW02_mult' from '(none)' to 'Small'. (OPT-170)
Information: Changed wire load model for '*MULT_TC_OP_10_10_20' from '(none)' to 'Small'. (OPT-170)
Information: Changed wire load model for 'DW02_mult' from '(none)' to 'Small'. (OPT-170)
Information: Changed wire load model for '*MULT_TC_OP_10_10_20' from '(none)' to 'Small'. (OPT-170)
Information: Changed wire load model for 'DW02_mult' from '(none)' to 'Small'. (OPT-170)
Information: Changed wire load model for '*MULT_TC_OP_10_10_20' from '(none)' to 'Small'. (OPT-170)
Information: Changed wire load model for 'DW02_mult' from '(none)' to 'Small'. (OPT-170)
Information: Changed wire load model for '*MULT_TC_OP_10_10_20' from '(none)' to 'Small'. (OPT-170)
Information: Changed wire load model for 'DW02_mult' from '(none)' to 'Small'. (OPT-170)
Information: Changed wire load model for '*MULT_TC_OP_10_10_20' from '(none)' to 'Small'. (OPT-170)
Information: Changed wire load model for 'DW02_mult' from '(none)' to 'Small'. (OPT-170)
Information: Changed wire load model for '*MULT_TC_OP_10_10_20' from '(none)' to 'Small'. (OPT-170)
Information: Changed wire load model for 'DW02_mult' from '(none)' to 'Small'. (OPT-170)
Information: Changed wire load model for '*MULT_TC_OP_10_10_20' from '(none)' to 'Small'. (OPT-170)
Information: Changed wire load model for 'DW02_mult' from '(none)' to 'Small'. (OPT-170)
Information: Changed wire load model for '*MULT_TC_OP_10_10_20' from '(none)' to 'Small'. (OPT-170)
Information: Changed wire load model for 'DW01_inc_width14' from '(none)' to 'Small'. (OPT-170)
Information: Changed wire load model for '*ADD_UNS_OP_14_1_14' from '(none)' to 'Small'. (OPT-170)
Information: Changed wire load model for 'DW02_mult' from '(none)' to 'Small'. (OPT-170)
Information: Changed wire load model for '*MULT_TC_OP_10_10_20' from '(none)' to 'Small'. (OPT-170)
Information: Changed wire load model for 'DW02_mult' from '(none)' to 'Small'. (OPT-170)
Information: Changed wire load model for '*MULT_TC_OP_10_10_20' from '(none)' to 'Small'. (OPT-170)
Information: Changed wire load model for 'DW02_mult' from '(none)' to 'Small'. (OPT-170)
Information: Changed wire load model for '*MULT_TC_OP_10_10_20' from '(none)' to 'Small'. (OPT-170)
Information: Changed wire load model for 'DW02_mult' from '(none)' to 'Small'. (OPT-170)
Information: Changed wire load model for '*MULT_TC_OP_10_10_20' from '(none)' to 'Small'. (OPT-170)
Information: Changed wire load model for 'DW01_inc_width14' from '(none)' to 'Small'. (OPT-170)
Information: Changed wire load model for '*ADD_UNS_OP_14_1_14' from '(none)' to 'Small'. (OPT-170)
Information: Changed wire load model for 'DW02_mult' from '(none)' to 'Small'. (OPT-170)
Information: Changed wire load model for '*MULT_TC_OP_10_10_20' from '(none)' to 'Small'. (OPT-170)
Information: Changed wire load model for 'DW02_mult' from '(none)' to 'Small'. (OPT-170)
Information: Changed wire load model for '*MULT_TC_OP_10_10_20' from '(none)' to 'Small'. (OPT-170)
Information: Changed wire load model for 'DW02_mult' from '(none)' to 'Small'. (OPT-170)
Information: Changed wire load model for '*MULT_TC_OP_10_10_20' from '(none)' to 'Small'. (OPT-170)
Information: Changed wire load model for 'DW02_mult' from '(none)' to 'Small'. (OPT-170)
Information: Changed wire load model for '*MULT_TC_OP_10_10_20' from '(none)' to 'Small'. (OPT-170)
Information: Changed wire load model for 'DW01_inc_width14' from '(none)' to 'Small'. (OPT-170)
Information: Changed wire load model for '*ADD_UNS_OP_14_1_14' from '(none)' to 'Small'. (OPT-170)
Information: Changed wire load model for 'DW02_mult' from '(none)' to 'Small'. (OPT-170)
Information: Changed wire load model for '*MULT_TC_OP_10_10_20' from '(none)' to 'Small'. (OPT-170)
Information: Changed wire load model for 'DW02_mult' from '(none)' to 'Small'. (OPT-170)
Information: Changed wire load model for '*MULT_TC_OP_10_10_20' from '(none)' to 'Small'. (OPT-170)
Information: Changed wire load model for 'DW02_mult' from '(none)' to 'Small'. (OPT-170)
Information: Changed wire load model for '*MULT_TC_OP_10_10_20' from '(none)' to 'Small'. (OPT-170)
Information: Changed wire load model for 'DW02_mult' from '(none)' to 'Small'. (OPT-170)
Information: Changed wire load model for '*MULT_TC_OP_10_10_20' from '(none)' to 'Small'. (OPT-170)
Information: Changed wire load model for 'DW01_inc_width14' from '(none)' to 'Small'. (OPT-170)
Information: Changed wire load model for '*ADD_UNS_OP_14_1_14' from '(none)' to 'Small'. (OPT-170)
Information: Changed wire load model for 'DW02_mult' from '(none)' to 'Small'. (OPT-170)
Information: Changed wire load model for '*MULT_TC_OP_10_10_20' from '(none)' to 'Small'. (OPT-170)
Information: Changed wire load model for 'DW02_mult' from '(none)' to 'Small'. (OPT-170)
Information: Changed wire load model for '*MULT_TC_OP_10_10_20' from '(none)' to 'Small'. (OPT-170)
Information: Changed wire load model for 'DW02_mult' from '(none)' to 'Small'. (OPT-170)
Information: Changed wire load model for '*MULT_TC_OP_10_10_20' from '(none)' to 'Small'. (OPT-170)
Information: Changed wire load model for 'DW02_mult' from '(none)' to 'Small'. (OPT-170)
Information: Changed wire load model for '*MULT_TC_OP_10_10_20' from '(none)' to 'Small'. (OPT-170)
Information: Changed wire load model for 'DW02_mult' from '(none)' to 'Small'. (OPT-170)
Information: Changed wire load model for '*MULT_TC_OP_10_10_20' from '(none)' to 'Small'. (OPT-170)
Information: Changed wire load model for 'DW02_mult' from '(none)' to 'Small'. (OPT-170)
Information: Changed wire load model for '*MULT_TC_OP_10_10_20' from '(none)' to 'Small'. (OPT-170)
Information: Changed wire load model for 'DW02_mult' from '(none)' to 'Small'. (OPT-170)
Information: Changed wire load model for '*MULT_TC_OP_10_10_20' from '(none)' to 'Small'. (OPT-170)
Information: Changed wire load model for 'DW02_mult' from '(none)' to 'Small'. (OPT-170)
Information: Changed wire load model for '*MULT_TC_OP_10_10_20' from '(none)' to 'Small'. (OPT-170)
Information: Changed wire load model for 'DW02_mult' from '(none)' to 'Small'. (OPT-170)
Information: Changed wire load model for '*MULT_TC_OP_10_10_20' from '(none)' to 'Small'. (OPT-170)
Information: Changed wire load model for 'DW02_mult' from '(none)' to 'Small'. (OPT-170)
Information: Changed wire load model for '*MULT_TC_OP_10_10_20' from '(none)' to 'Small'. (OPT-170)
Information: Changed wire load model for 'DW02_mult' from '(none)' to 'Small'. (OPT-170)
Information: Changed wire load model for '*MULT_TC_OP_10_10_20' from '(none)' to 'Small'. (OPT-170)
Information: Changed wire load model for 'DW02_mult' from '(none)' to 'Small'. (OPT-170)
Information: Changed wire load model for '*MULT_TC_OP_10_10_20' from '(none)' to 'Small'. (OPT-170)
Information: Changed wire load model for 'DW01_inc_width3' from '(none)' to 'Small'. (OPT-170)
Information: Changed wire load model for '*ADD_UNS_OP_3_1_3' from '(none)' to 'Small'. (OPT-170)
Information: Changed wire load model for 'DW01_add_width20' from '(none)' to 'Small'. (OPT-170)
Information: Changed wire load model for '*ADD_UNS_OP_20_7_20' from '(none)' to 'Small'. (OPT-170)
Information: Changed wire load model for 'DW01_add_width20' from '(none)' to 'Small'. (OPT-170)
Information: Changed wire load model for '*ADD_UNS_OP_20_7_20' from '(none)' to 'Small'. (OPT-170)
Information: Changed wire load model for 'DW01_add_width20' from '(none)' to 'Small'. (OPT-170)
Information: Changed wire load model for '*ADD_UNS_OP_20_7_20' from '(none)' to 'Small'. (OPT-170)
Information: Changed wire load model for 'DW01_add_width20' from '(none)' to 'Small'. (OPT-170)
Information: Changed wire load model for '*ADD_UNS_OP_20_7_20' from '(none)' to 'Small'. (OPT-170)
Information: Changed wire load model for 'DW01_add_width20' from '(none)' to 'Small'. (OPT-170)
Information: Changed wire load model for '*ADD_UNS_OP_20_7_20' from '(none)' to 'Small'. (OPT-170)
Information: Changed wire load model for 'DW01_add_width20' from '(none)' to 'Small'. (OPT-170)
Information: Changed wire load model for '*ADD_UNS_OP_20_7_20' from '(none)' to 'Small'. (OPT-170)
Information: Changed wire load model for 'DW01_add_width20' from '(none)' to 'Small'. (OPT-170)
Information: Changed wire load model for '*ADD_UNS_OP_20_7_20' from '(none)' to 'Small'. (OPT-170)
Information: Changed wire load model for 'DW01_add_width20' from '(none)' to 'Small'. (OPT-170)
Information: Changed wire load model for '*ADD_UNS_OP_20_7_20' from '(none)' to 'Small'. (OPT-170)
Information: Changed wire load model for 'DW01_add_width20' from '(none)' to 'Small'. (OPT-170)
Information: Changed wire load model for '*ADD_UNS_OP_20_7_20' from '(none)' to 'Small'. (OPT-170)
Information: Changed wire load model for 'DW01_add_width20' from '(none)' to 'Small'. (OPT-170)
Information: Changed wire load model for '*ADD_UNS_OP_20_7_20' from '(none)' to 'Small'. (OPT-170)
Information: Changed wire load model for 'DW01_add_width20' from '(none)' to 'Small'. (OPT-170)
Information: Changed wire load model for '*ADD_UNS_OP_20_7_20' from '(none)' to 'Small'. (OPT-170)
Information: Changed wire load model for 'DW01_add_width20' from '(none)' to 'Small'. (OPT-170)
Information: Changed wire load model for '*ADD_UNS_OP_20_7_20' from '(none)' to 'Small'. (OPT-170)
Information: Changed wire load model for 'DW01_sub_width14' from '(none)' to 'Small'. (OPT-170)
Information: Changed wire load model for '*SUB_UNS_OP_14_14_14' from '(none)' to 'Small'. (OPT-170)
Information: Changed wire load model for 'DW01_sub_width14' from '(none)' to 'Small'. (OPT-170)
Information: Changed wire load model for '*SUB_UNS_OP_14_14_14' from '(none)' to 'Small'. (OPT-170)
Information: Changed wire load model for 'DW01_sub_width14' from '(none)' to 'Small'. (OPT-170)
Information: Changed wire load model for '*SUB_UNS_OP_14_14_14' from '(none)' to 'Small'. (OPT-170)
Information: Changed wire load model for 'DW01_sub_width14' from '(none)' to 'Small'. (OPT-170)
Information: Changed wire load model for '*SUB_UNS_OP_14_14_14' from '(none)' to 'Small'. (OPT-170)
Information: Changed wire load model for 'DW01_sub_width14' from '(none)' to 'Small'. (OPT-170)
Information: Changed wire load model for '*SUB_UNS_OP_14_14_14' from '(none)' to 'Small'. (OPT-170)
Information: Changed wire load model for 'DW01_sub_width14' from '(none)' to 'Small'. (OPT-170)
Information: Changed wire load model for '*SUB_UNS_OP_14_14_14' from '(none)' to 'Small'. (OPT-170)
Information: Changed wire load model for 'DW01_sub_width14' from '(none)' to 'Small'. (OPT-170)
Information: Changed wire load model for '*SUB_UNS_OP_14_14_14' from '(none)' to 'Small'. (OPT-170)
Information: Changed wire load model for 'DW01_sub_width14' from '(none)' to 'Small'. (OPT-170)
Information: Changed wire load model for '*SUB_UNS_OP_14_14_14' from '(none)' to 'Small'. (OPT-170)
Information: Changed wire load model for 'DW01_sub_width14' from '(none)' to 'Small'. (OPT-170)
Information: Changed wire load model for '*SUB_UNS_OP_14_14_14' from '(none)' to 'Small'. (OPT-170)
Information: Changed wire load model for 'DW01_sub_width14' from '(none)' to 'Small'. (OPT-170)
Information: Changed wire load model for '*SUB_UNS_OP_14_14_14' from '(none)' to 'Small'. (OPT-170)
Information: Changed wire load model for 'DW01_sub_width14' from '(none)' to 'Small'. (OPT-170)
Information: Changed wire load model for '*SUB_UNS_OP_14_14_14' from '(none)' to 'Small'. (OPT-170)
Information: Changed wire load model for 'DW01_sub_width14' from '(none)' to 'Small'. (OPT-170)
Information: Changed wire load model for '*SUB_UNS_OP_14_14_14' from '(none)' to 'Small'. (OPT-170)
Information: Changed wire load model for 'DW01_sub_width14' from '(none)' to 'Small'. (OPT-170)
Information: Changed wire load model for '*SUB_UNS_OP_14_14_14' from '(none)' to 'Small'. (OPT-170)
Information: Changed wire load model for 'DW01_sub_width14' from '(none)' to 'Small'. (OPT-170)
Information: Changed wire load model for '*SUB_UNS_OP_14_14_14' from '(none)' to 'Small'. (OPT-170)
Information: Changed wire load model for 'DW01_sub_width14' from '(none)' to 'Small'. (OPT-170)
Information: Changed wire load model for '*SUB_UNS_OP_14_14_14' from '(none)' to 'Small'. (OPT-170)
Information: Changed wire load model for 'DW01_sub_width14' from '(none)' to 'Small'. (OPT-170)
Information: Changed wire load model for '*SUB_UNS_OP_14_14_14' from '(none)' to 'Small'. (OPT-170)
Information: Changed wire load model for 'DW01_cmp2_width13' from '(none)' to 'Small'. (OPT-170)
Information: Changed wire load model for '*LT_TC_OP_13_10_1' from '(none)' to 'Small'. (OPT-170)
Information: Changed wire load model for 'DW01_cmp2_width13' from '(none)' to 'Small'. (OPT-170)
Information: Changed wire load model for '*GT_TC_OP_13_10_1' from '(none)' to 'Small'. (OPT-170)
Information: Changed wire load model for 'DW01_cmp2_width13' from '(none)' to 'Small'. (OPT-170)
Information: Changed wire load model for '*LT_TC_OP_13_10_1' from '(none)' to 'Small'. (OPT-170)
Information: Changed wire load model for 'DW01_cmp2_width13' from '(none)' to 'Small'. (OPT-170)
Information: Changed wire load model for '*GT_TC_OP_13_10_1' from '(none)' to 'Small'. (OPT-170)
Information: Changed wire load model for 'DW01_cmp2_width13' from '(none)' to 'Small'. (OPT-170)
Information: Changed wire load model for '*LT_TC_OP_13_10_1' from '(none)' to 'Small'. (OPT-170)
Information: Changed wire load model for 'DW01_cmp2_width13' from '(none)' to 'Small'. (OPT-170)
Information: Changed wire load model for '*GT_TC_OP_13_10_1' from '(none)' to 'Small'. (OPT-170)
Information: Changed wire load model for 'DW01_cmp2_width13' from '(none)' to 'Small'. (OPT-170)
Information: Changed wire load model for '*LT_TC_OP_13_10_1' from '(none)' to 'Small'. (OPT-170)
Information: Changed wire load model for 'DW01_cmp2_width13' from '(none)' to 'Small'. (OPT-170)
Information: Changed wire load model for '*GT_TC_OP_13_10_1' from '(none)' to 'Small'. (OPT-170)
Information: Changed wire load model for 'DW01_cmp2_width13' from '(none)' to 'Small'. (OPT-170)
Information: Changed wire load model for '*LT_TC_OP_13_10_1' from '(none)' to 'Small'. (OPT-170)
Information: Changed wire load model for 'DW01_cmp2_width13' from '(none)' to 'Small'. (OPT-170)
Information: Changed wire load model for '*GT_TC_OP_13_10_1' from '(none)' to 'Small'. (OPT-170)
Information: Changed wire load model for 'DW01_cmp2_width13' from '(none)' to 'Small'. (OPT-170)
Information: Changed wire load model for '*LT_TC_OP_13_10_1' from '(none)' to 'Small'. (OPT-170)
Information: Changed wire load model for 'DW01_cmp2_width13' from '(none)' to 'Small'. (OPT-170)
Information: Changed wire load model for '*GT_TC_OP_13_10_1' from '(none)' to 'Small'. (OPT-170)
Information: Changed wire load model for 'DW01_cmp2_width13' from '(none)' to 'Small'. (OPT-170)
Information: Changed wire load model for '*LT_TC_OP_13_10_1' from '(none)' to 'Small'. (OPT-170)
Information: Changed wire load model for 'DW01_cmp2_width13' from '(none)' to 'Small'. (OPT-170)
Information: Changed wire load model for '*GT_TC_OP_13_10_1' from '(none)' to 'Small'. (OPT-170)
Information: Changed wire load model for 'DW01_cmp2_width13' from '(none)' to 'Small'. (OPT-170)
Information: Changed wire load model for '*LT_TC_OP_13_10_1' from '(none)' to 'Small'. (OPT-170)
Information: Changed wire load model for 'DW01_cmp2_width13' from '(none)' to 'Small'. (OPT-170)
Information: Changed wire load model for '*GT_TC_OP_13_10_1' from '(none)' to 'Small'. (OPT-170)
Information: Changed wire load model for 'DW01_cmp2_width13' from '(none)' to 'Small'. (OPT-170)
Information: Changed wire load model for '*LT_TC_OP_13_10_1' from '(none)' to 'Small'. (OPT-170)
Information: Changed wire load model for 'DW01_cmp2_width13' from '(none)' to 'Small'. (OPT-170)
Information: Changed wire load model for '*GT_TC_OP_13_10_1' from '(none)' to 'Small'. (OPT-170)
Information: Changed wire load model for 'DW01_cmp2_width13' from '(none)' to 'Small'. (OPT-170)
Information: Changed wire load model for '*LT_TC_OP_13_10_1' from '(none)' to 'Small'. (OPT-170)
Information: Changed wire load model for 'DW01_cmp2_width13' from '(none)' to 'Small'. (OPT-170)
Information: Changed wire load model for '*GT_TC_OP_13_10_1' from '(none)' to 'Small'. (OPT-170)
Information: Changed wire load model for 'DW01_cmp2_width13' from '(none)' to 'Small'. (OPT-170)
Information: Changed wire load model for '*LT_TC_OP_13_10_1' from '(none)' to 'Small'. (OPT-170)
Information: Changed wire load model for 'DW01_cmp2_width13' from '(none)' to 'Small'. (OPT-170)
Information: Changed wire load model for '*GT_TC_OP_13_10_1' from '(none)' to 'Small'. (OPT-170)
Information: Changed wire load model for 'DW01_cmp2_width13' from '(none)' to 'Small'. (OPT-170)
Information: Changed wire load model for '*LT_TC_OP_13_10_1' from '(none)' to 'Small'. (OPT-170)
Information: Changed wire load model for 'DW01_cmp2_width13' from '(none)' to 'Small'. (OPT-170)
Information: Changed wire load model for '*GT_TC_OP_13_10_1' from '(none)' to 'Small'. (OPT-170)
Information: Changed wire load model for 'DW_div_pipe_a_width24_b_width18_tc_mode0_rem_mode1_num_stages4_stall_mode0_rst_mode0_op_iso_mode0' from '(none)' to 'Small'. (OPT-170)
Information: Changed wire load model for 'DW_div_pipe_param_1' from '(none)' to 'Small'. (OPT-170)
Information: Changed wire load model for 'DW_div_pipe_a_width24_b_width18_tc_mode0_rem_mode1_num_stages4_stall_mode0_rst_mode0_op_iso_mode0' from '(none)' to 'Small'. (OPT-170)
Information: Changed wire load model for 'DW_div_pipe_param_1' from '(none)' to 'Small'. (OPT-170)
Information: Changed wire load model for 'DW_div_pipe_a_width24_b_width18_tc_mode0_rem_mode1_num_stages4_stall_mode0_rst_mode0_op_iso_mode0' from '(none)' to 'Small'. (OPT-170)
Information: Changed wire load model for 'DW_div_pipe_param_1' from '(none)' to 'Small'. (OPT-170)
Information: Changed wire load model for 'DW_div_pipe_a_width24_b_width18_tc_mode0_rem_mode1_num_stages4_stall_mode0_rst_mode0_op_iso_mode0' from '(none)' to 'Small'. (OPT-170)
Information: Changed wire load model for 'DW_div_pipe_param_1' from '(none)' to 'Small'. (OPT-170)
Information: Changed wire load model for 'DW_div_pipe_a_width24_b_width18_tc_mode0_rem_mode1_num_stages4_stall_mode0_rst_mode0_op_iso_mode0' from '(none)' to 'Small'. (OPT-170)
Information: Changed wire load model for 'DW_div_pipe_param_1' from '(none)' to 'Small'. (OPT-170)
Information: Changed wire load model for 'DW_div_pipe_a_width24_b_width18_tc_mode0_rem_mode1_num_stages4_stall_mode0_rst_mode0_op_iso_mode0' from '(none)' to 'Small'. (OPT-170)
Information: Changed wire load model for 'DW_div_pipe_param_1' from '(none)' to 'Small'. (OPT-170)
Information: Changed wire load model for 'DW_div_pipe_a_width24_b_width18_tc_mode0_rem_mode1_num_stages4_stall_mode0_rst_mode0_op_iso_mode0' from '(none)' to 'Small'. (OPT-170)
Information: Changed wire load model for 'DW_div_pipe_param_1' from '(none)' to 'Small'. (OPT-170)
Information: Changed wire load model for 'DW_div_pipe_a_width24_b_width18_tc_mode0_rem_mode1_num_stages4_stall_mode0_rst_mode0_op_iso_mode0' from '(none)' to 'Small'. (OPT-170)
Information: Changed wire load model for 'DW_div_pipe_param_1' from '(none)' to 'Small'. (OPT-170)
Information: Updating design information... (UID-85)
Warning: Design 'ViT_top' contains 2 high-fanout nets. A fanout number of 1000 will be used for delay calculations involving these nets. (TIM-134)

Information: Checking generated_clocks...

Information: Checking loops...

Information: Checking no_input_delay...

Information: Checking unconstrained_endpoints...

Warning: The following end-points are not constrained for maximum delay.

End point
---------------
a_bank_minux_x_reg[0][4]/data_in
a_bank_minux_x_reg[0][5]/data_in
a_bank_minux_x_reg[0][6]/data_in
a_bank_minux_x_reg[0][7]/data_in
a_bank_minux_x_reg[0][8]/data_in
a_bank_minux_x_reg[0][9]/data_in
a_bank_minux_x_reg[0][10]/data_in
a_bank_minux_x_reg[0][11]/data_in
a_bank_minux_x_reg[0][12]/data_in
a_bank_minux_x_reg[0][13]/data_in
a_bank_minux_x_reg[1][4]/data_in
a_bank_minux_x_reg[1][5]/data_in
a_bank_minux_x_reg[1][6]/data_in
a_bank_minux_x_reg[1][7]/data_in
a_bank_minux_x_reg[1][8]/data_in
a_bank_minux_x_reg[1][9]/data_in
a_bank_minux_x_reg[1][10]/data_in
a_bank_minux_x_reg[1][11]/data_in
a_bank_minux_x_reg[1][12]/data_in
a_bank_minux_x_reg[1][13]/data_in
a_bank_minux_x_reg[2][4]/data_in
a_bank_minux_x_reg[2][5]/data_in
a_bank_minux_x_reg[2][6]/data_in
a_bank_minux_x_reg[2][7]/data_in
a_bank_minux_x_reg[2][8]/data_in
a_bank_minux_x_reg[2][9]/data_in
a_bank_minux_x_reg[2][10]/data_in
a_bank_minux_x_reg[2][11]/data_in
a_bank_minux_x_reg[2][12]/data_in
a_bank_minux_x_reg[2][13]/data_in
a_bank_minux_x_reg[3][4]/data_in
a_bank_minux_x_reg[3][5]/data_in
a_bank_minux_x_reg[3][6]/data_in
a_bank_minux_x_reg[3][7]/data_in
a_bank_minux_x_reg[3][8]/data_in
a_bank_minux_x_reg[3][9]/data_in
a_bank_minux_x_reg[3][10]/data_in
a_bank_minux_x_reg[3][11]/data_in
a_bank_minux_x_reg[3][12]/data_in
a_bank_minux_x_reg[3][13]/data_in
a_bank_minux_x_reg[4][4]/data_in
a_bank_minux_x_reg[4][5]/data_in
a_bank_minux_x_reg[4][6]/data_in
a_bank_minux_x_reg[4][7]/data_in
a_bank_minux_x_reg[4][8]/data_in
a_bank_minux_x_reg[4][9]/data_in
a_bank_minux_x_reg[4][10]/data_in
a_bank_minux_x_reg[4][11]/data_in
a_bank_minux_x_reg[4][12]/data_in
a_bank_minux_x_reg[4][13]/data_in
a_bank_minux_x_reg[5][4]/data_in
a_bank_minux_x_reg[5][5]/data_in
a_bank_minux_x_reg[5][6]/data_in
a_bank_minux_x_reg[5][7]/data_in
a_bank_minux_x_reg[5][8]/data_in
a_bank_minux_x_reg[5][9]/data_in
a_bank_minux_x_reg[5][10]/data_in
a_bank_minux_x_reg[5][11]/data_in
a_bank_minux_x_reg[5][12]/data_in
a_bank_minux_x_reg[5][13]/data_in
a_bank_minux_x_reg[6][4]/data_in
a_bank_minux_x_reg[6][5]/data_in
a_bank_minux_x_reg[6][6]/data_in
a_bank_minux_x_reg[6][7]/data_in
a_bank_minux_x_reg[6][8]/data_in
a_bank_minux_x_reg[6][9]/data_in
a_bank_minux_x_reg[6][10]/data_in
a_bank_minux_x_reg[6][11]/data_in
a_bank_minux_x_reg[6][12]/data_in
a_bank_minux_x_reg[6][13]/data_in
a_bank_minux_x_reg[7][4]/data_in
a_bank_minux_x_reg[7][5]/data_in
a_bank_minux_x_reg[7][6]/data_in
a_bank_minux_x_reg[7][7]/data_in
a_bank_minux_x_reg[7][8]/data_in
a_bank_minux_x_reg[7][9]/data_in
a_bank_minux_x_reg[7][10]/data_in
a_bank_minux_x_reg[7][11]/data_in
a_bank_minux_x_reg[7][12]/data_in
a_bank_minux_x_reg[7][13]/data_in
a_bank_minux_x_reg[8][4]/data_in
a_bank_minux_x_reg[8][5]/data_in
a_bank_minux_x_reg[8][6]/data_in
a_bank_minux_x_reg[8][7]/data_in
a_bank_minux_x_reg[8][8]/data_in
a_bank_minux_x_reg[8][9]/data_in
a_bank_minux_x_reg[8][10]/data_in
a_bank_minux_x_reg[8][11]/data_in
a_bank_minux_x_reg[8][12]/data_in
a_bank_minux_x_reg[8][13]/data_in
a_bank_minux_x_reg[9][4]/data_in
a_bank_minux_x_reg[9][5]/data_in
a_bank_minux_x_reg[9][6]/data_in
a_bank_minux_x_reg[9][7]/data_in
a_bank_minux_x_reg[9][8]/data_in
a_bank_minux_x_reg[9][9]/data_in
a_bank_minux_x_reg[9][10]/data_in
a_bank_minux_x_reg[9][11]/data_in
a_bank_minux_x_reg[9][12]/data_in
a_bank_minux_x_reg[9][13]/data_in
a_bank_minux_x_reg[10][4]/data_in
a_bank_minux_x_reg[10][5]/data_in
a_bank_minux_x_reg[10][6]/data_in
a_bank_minux_x_reg[10][7]/data_in
a_bank_minux_x_reg[10][8]/data_in
a_bank_minux_x_reg[10][9]/data_in
a_bank_minux_x_reg[10][10]/data_in
a_bank_minux_x_reg[10][11]/data_in
a_bank_minux_x_reg[10][12]/data_in
a_bank_minux_x_reg[10][13]/data_in
a_bank_minux_x_reg[11][4]/data_in
a_bank_minux_x_reg[11][5]/data_in
a_bank_minux_x_reg[11][6]/data_in
a_bank_minux_x_reg[11][7]/data_in
a_bank_minux_x_reg[11][8]/data_in
a_bank_minux_x_reg[11][9]/data_in
a_bank_minux_x_reg[11][10]/data_in
a_bank_minux_x_reg[11][11]/data_in
a_bank_minux_x_reg[11][12]/data_in
a_bank_minux_x_reg[11][13]/data_in
a_bank_minux_x_reg[12][4]/data_in
a_bank_minux_x_reg[12][5]/data_in
a_bank_minux_x_reg[12][6]/data_in
a_bank_minux_x_reg[12][7]/data_in
a_bank_minux_x_reg[12][8]/data_in
a_bank_minux_x_reg[12][9]/data_in
a_bank_minux_x_reg[12][10]/data_in
a_bank_minux_x_reg[12][11]/data_in
a_bank_minux_x_reg[12][12]/data_in
a_bank_minux_x_reg[12][13]/data_in
a_bank_minux_x_reg[13][4]/data_in
a_bank_minux_x_reg[13][5]/data_in
a_bank_minux_x_reg[13][6]/data_in
a_bank_minux_x_reg[13][7]/data_in
a_bank_minux_x_reg[13][8]/data_in
a_bank_minux_x_reg[13][9]/data_in
a_bank_minux_x_reg[13][10]/data_in
a_bank_minux_x_reg[13][11]/data_in
a_bank_minux_x_reg[13][12]/data_in
a_bank_minux_x_reg[13][13]/data_in
a_bank_minux_x_reg[14][4]/data_in
a_bank_minux_x_reg[14][5]/data_in
a_bank_minux_x_reg[14][6]/data_in
a_bank_minux_x_reg[14][7]/data_in
a_bank_minux_x_reg[14][8]/data_in
a_bank_minux_x_reg[14][9]/data_in
a_bank_minux_x_reg[14][10]/data_in
a_bank_minux_x_reg[14][11]/data_in
a_bank_minux_x_reg[14][12]/data_in
a_bank_minux_x_reg[14][13]/data_in
a_bank_minux_x_reg[15][4]/data_in
a_bank_minux_x_reg[15][5]/data_in
a_bank_minux_x_reg[15][6]/data_in
a_bank_minux_x_reg[15][7]/data_in
a_bank_minux_x_reg[15][8]/data_in
a_bank_minux_x_reg[15][9]/data_in
a_bank_minux_x_reg[15][10]/data_in
a_bank_minux_x_reg[15][11]/data_in
a_bank_minux_x_reg[15][12]/data_in
a_bank_minux_x_reg[15][13]/data_in

Information: Checking pulse_clock_cell_type...

Information: Checking no_driving_cell...

Information: Checking partial_input_delay...
1
