Information: Propagating switching activity (low effort zero delay simulation). (PWR-6)
Warning: Design has unannotated primary inputs. (PWR-414)
Warning: Design has unannotated sequential cell outputs. (PWR-415)
 
****************************************
Report : power
        -hier
        -analysis_effort low
Design : ViT_top
Version: R-2020.09-SP5
Date   : Wed Nov 26 14:32:14 2025
****************************************


Library(s) Used:

    slow_vdd1v2 (File: /usr/cadtool/GPDK45/gsclib045_svt_v4.4/gsclib045/db/slow_vdd1v2_basicCells_wl.db)


Operating Conditions: PVT_1P08V_125C   Library: slow_vdd1v2
Wire Load Model Mode: enclosed

Design        Wire Load Model            Library
------------------------------------------------
ViT_top                Large             slow_vdd1v2
div_mydesign_7         Small             slow_vdd1v2
div_mydesign_6         Small             slow_vdd1v2
div_mydesign_5         Small             slow_vdd1v2
div_mydesign_4         Small             slow_vdd1v2
div_mydesign_3         Small             slow_vdd1v2
div_mydesign_2         Small             slow_vdd1v2
div_mydesign_1         Small             slow_vdd1v2
div_mydesign_0         Small             slow_vdd1v2
exp_lut_mydesign_7     Small             slow_vdd1v2
exp_lut_mydesign_6     Small             slow_vdd1v2
exp_lut_mydesign_5     Small             slow_vdd1v2
exp_lut_mydesign_4     Small             slow_vdd1v2
exp_lut_mydesign_3     Small             slow_vdd1v2
exp_lut_mydesign_2     Small             slow_vdd1v2
exp_lut_mydesign_1     Small             slow_vdd1v2
exp_lut_mydesign_0     Small             slow_vdd1v2
SNPS_CLOCK_GATE_HIGH_ViT_top_mydesign_0
                       Small             slow_vdd1v2
SNPS_CLOCK_GATE_HIGH_ViT_top_mydesign_115
                       Small             slow_vdd1v2
SNPS_CLOCK_GATE_HIGH_ViT_top_mydesign_114
                       Small             slow_vdd1v2
SNPS_CLOCK_GATE_HIGH_ViT_top_mydesign_113
                       Small             slow_vdd1v2
SNPS_CLOCK_GATE_HIGH_ViT_top_mydesign_112
                       Small             slow_vdd1v2
SNPS_CLOCK_GATE_HIGH_ViT_top_mydesign_111
                       Small             slow_vdd1v2
SNPS_CLOCK_GATE_HIGH_ViT_top_mydesign_110
                       Small             slow_vdd1v2
SNPS_CLOCK_GATE_HIGH_ViT_top_mydesign_109
                       Small             slow_vdd1v2
SNPS_CLOCK_GATE_HIGH_ViT_top_mydesign_108
                       Small             slow_vdd1v2
SNPS_CLOCK_GATE_HIGH_ViT_top_mydesign_107
                       Small             slow_vdd1v2
SNPS_CLOCK_GATE_HIGH_ViT_top_mydesign_106
                       Small             slow_vdd1v2
SNPS_CLOCK_GATE_HIGH_ViT_top_mydesign_105
                       Small             slow_vdd1v2
SNPS_CLOCK_GATE_HIGH_ViT_top_mydesign_104
                       Small             slow_vdd1v2
SNPS_CLOCK_GATE_HIGH_ViT_top_mydesign_103
                       Small             slow_vdd1v2
SNPS_CLOCK_GATE_HIGH_ViT_top_mydesign_102
                       Small             slow_vdd1v2
SNPS_CLOCK_GATE_HIGH_ViT_top_mydesign_101
                       Small             slow_vdd1v2
SNPS_CLOCK_GATE_HIGH_ViT_top_mydesign_100
                       Small             slow_vdd1v2
SNPS_CLOCK_GATE_HIGH_ViT_top_mydesign_99
                       Small             slow_vdd1v2
SNPS_CLOCK_GATE_HIGH_ViT_top_mydesign_98
                       Small             slow_vdd1v2
SNPS_CLOCK_GATE_HIGH_ViT_top_mydesign_97
                       Small             slow_vdd1v2
SNPS_CLOCK_GATE_HIGH_ViT_top_mydesign_96
                       Small             slow_vdd1v2
SNPS_CLOCK_GATE_HIGH_ViT_top_mydesign_95
                       Small             slow_vdd1v2
SNPS_CLOCK_GATE_HIGH_ViT_top_mydesign_94
                       Small             slow_vdd1v2
SNPS_CLOCK_GATE_HIGH_ViT_top_mydesign_93
                       Small             slow_vdd1v2
SNPS_CLOCK_GATE_HIGH_ViT_top_mydesign_92
                       Small             slow_vdd1v2
SNPS_CLOCK_GATE_HIGH_ViT_top_mydesign_91
                       Small             slow_vdd1v2
SNPS_CLOCK_GATE_HIGH_ViT_top_mydesign_90
                       Small             slow_vdd1v2
SNPS_CLOCK_GATE_HIGH_ViT_top_mydesign_89
                       Small             slow_vdd1v2
SNPS_CLOCK_GATE_HIGH_ViT_top_mydesign_88
                       Small             slow_vdd1v2
SNPS_CLOCK_GATE_HIGH_ViT_top_mydesign_87
                       Small             slow_vdd1v2
SNPS_CLOCK_GATE_HIGH_ViT_top_mydesign_86
                       Small             slow_vdd1v2
SNPS_CLOCK_GATE_HIGH_ViT_top_mydesign_85
                       Small             slow_vdd1v2
SNPS_CLOCK_GATE_HIGH_ViT_top_mydesign_84
                       Small             slow_vdd1v2
SNPS_CLOCK_GATE_HIGH_ViT_top_mydesign_83
                       Small             slow_vdd1v2
SNPS_CLOCK_GATE_HIGH_ViT_top_mydesign_82
                       Small             slow_vdd1v2
SNPS_CLOCK_GATE_HIGH_ViT_top_mydesign_81
                       Small             slow_vdd1v2
SNPS_CLOCK_GATE_HIGH_ViT_top_mydesign_80
                       Small             slow_vdd1v2
SNPS_CLOCK_GATE_HIGH_ViT_top_mydesign_79
                       Small             slow_vdd1v2
SNPS_CLOCK_GATE_HIGH_ViT_top_mydesign_78
                       Small             slow_vdd1v2
SNPS_CLOCK_GATE_HIGH_ViT_top_mydesign_77
                       Small             slow_vdd1v2
SNPS_CLOCK_GATE_HIGH_ViT_top_mydesign_76
                       Small             slow_vdd1v2
SNPS_CLOCK_GATE_HIGH_ViT_top_mydesign_75
                       Small             slow_vdd1v2
SNPS_CLOCK_GATE_HIGH_ViT_top_mydesign_74
                       Small             slow_vdd1v2
SNPS_CLOCK_GATE_HIGH_ViT_top_mydesign_73
                       Small             slow_vdd1v2
SNPS_CLOCK_GATE_HIGH_ViT_top_mydesign_72
                       Small             slow_vdd1v2
SNPS_CLOCK_GATE_HIGH_ViT_top_mydesign_71
                       Small             slow_vdd1v2
SNPS_CLOCK_GATE_HIGH_ViT_top_mydesign_70
                       Small             slow_vdd1v2
SNPS_CLOCK_GATE_HIGH_ViT_top_mydesign_69
                       Small             slow_vdd1v2
SNPS_CLOCK_GATE_HIGH_ViT_top_mydesign_68
                       Small             slow_vdd1v2
SNPS_CLOCK_GATE_HIGH_ViT_top_mydesign_67
                       Small             slow_vdd1v2
SNPS_CLOCK_GATE_HIGH_ViT_top_mydesign_66
                       Small             slow_vdd1v2
SNPS_CLOCK_GATE_HIGH_ViT_top_mydesign_65
                       Small             slow_vdd1v2
SNPS_CLOCK_GATE_HIGH_ViT_top_mydesign_64
                       Small             slow_vdd1v2
SNPS_CLOCK_GATE_HIGH_ViT_top_mydesign_63
                       Small             slow_vdd1v2
SNPS_CLOCK_GATE_HIGH_ViT_top_mydesign_62
                       Small             slow_vdd1v2
SNPS_CLOCK_GATE_HIGH_ViT_top_mydesign_61
                       Small             slow_vdd1v2
SNPS_CLOCK_GATE_HIGH_ViT_top_mydesign_60
                       Small             slow_vdd1v2
SNPS_CLOCK_GATE_HIGH_ViT_top_mydesign_59
                       Small             slow_vdd1v2
SNPS_CLOCK_GATE_HIGH_ViT_top_mydesign_58
                       Small             slow_vdd1v2
SNPS_CLOCK_GATE_HIGH_ViT_top_mydesign_57
                       Small             slow_vdd1v2
SNPS_CLOCK_GATE_HIGH_ViT_top_mydesign_56
                       Small             slow_vdd1v2
SNPS_CLOCK_GATE_HIGH_ViT_top_mydesign_55
                       Small             slow_vdd1v2
SNPS_CLOCK_GATE_HIGH_ViT_top_mydesign_54
                       Small             slow_vdd1v2
SNPS_CLOCK_GATE_HIGH_ViT_top_mydesign_53
                       Small             slow_vdd1v2
SNPS_CLOCK_GATE_HIGH_ViT_top_mydesign_52
                       Small             slow_vdd1v2
SNPS_CLOCK_GATE_HIGH_ViT_top_mydesign_51
                       Small             slow_vdd1v2
SNPS_CLOCK_GATE_HIGH_ViT_top_mydesign_50
                       Small             slow_vdd1v2
SNPS_CLOCK_GATE_HIGH_ViT_top_mydesign_49
                       Small             slow_vdd1v2
SNPS_CLOCK_GATE_HIGH_ViT_top_mydesign_48
                       Small             slow_vdd1v2
SNPS_CLOCK_GATE_HIGH_ViT_top_mydesign_47
                       Small             slow_vdd1v2
SNPS_CLOCK_GATE_HIGH_ViT_top_mydesign_46
                       Small             slow_vdd1v2
SNPS_CLOCK_GATE_HIGH_ViT_top_mydesign_45
                       Small             slow_vdd1v2
SNPS_CLOCK_GATE_HIGH_ViT_top_mydesign_44
                       Small             slow_vdd1v2
SNPS_CLOCK_GATE_HIGH_ViT_top_mydesign_43
                       Small             slow_vdd1v2
SNPS_CLOCK_GATE_HIGH_ViT_top_mydesign_42
                       Small             slow_vdd1v2
SNPS_CLOCK_GATE_HIGH_ViT_top_mydesign_41
                       Small             slow_vdd1v2
SNPS_CLOCK_GATE_HIGH_ViT_top_mydesign_40
                       Small             slow_vdd1v2
SNPS_CLOCK_GATE_HIGH_ViT_top_mydesign_39
                       Small             slow_vdd1v2
SNPS_CLOCK_GATE_HIGH_ViT_top_mydesign_38
                       Small             slow_vdd1v2
SNPS_CLOCK_GATE_HIGH_ViT_top_mydesign_37
                       Small             slow_vdd1v2
SNPS_CLOCK_GATE_HIGH_ViT_top_mydesign_36
                       Small             slow_vdd1v2
SNPS_CLOCK_GATE_HIGH_ViT_top_mydesign_35
                       Small             slow_vdd1v2
SNPS_CLOCK_GATE_HIGH_ViT_top_mydesign_34
                       Small             slow_vdd1v2
SNPS_CLOCK_GATE_HIGH_ViT_top_mydesign_33
                       Small             slow_vdd1v2
SNPS_CLOCK_GATE_HIGH_ViT_top_mydesign_32
                       Small             slow_vdd1v2
SNPS_CLOCK_GATE_HIGH_ViT_top_mydesign_31
                       Small             slow_vdd1v2
SNPS_CLOCK_GATE_HIGH_ViT_top_mydesign_30
                       Small             slow_vdd1v2
SNPS_CLOCK_GATE_HIGH_ViT_top_mydesign_29
                       Small             slow_vdd1v2
SNPS_CLOCK_GATE_HIGH_ViT_top_mydesign_28
                       Small             slow_vdd1v2
SNPS_CLOCK_GATE_HIGH_ViT_top_mydesign_27
                       Small             slow_vdd1v2
SNPS_CLOCK_GATE_HIGH_ViT_top_mydesign_26
                       Small             slow_vdd1v2
SNPS_CLOCK_GATE_HIGH_ViT_top_mydesign_25
                       Small             slow_vdd1v2
SNPS_CLOCK_GATE_HIGH_ViT_top_mydesign_24
                       Small             slow_vdd1v2
SNPS_CLOCK_GATE_HIGH_ViT_top_mydesign_23
                       Small             slow_vdd1v2
SNPS_CLOCK_GATE_HIGH_ViT_top_mydesign_22
                       Small             slow_vdd1v2
SNPS_CLOCK_GATE_HIGH_ViT_top_mydesign_21
                       Small             slow_vdd1v2
SNPS_CLOCK_GATE_HIGH_ViT_top_mydesign_20
                       Small             slow_vdd1v2
SNPS_CLOCK_GATE_HIGH_ViT_top_mydesign_19
                       Small             slow_vdd1v2
SNPS_CLOCK_GATE_HIGH_ViT_top_mydesign_18
                       Small             slow_vdd1v2
SNPS_CLOCK_GATE_HIGH_ViT_top_mydesign_17
                       Small             slow_vdd1v2
SNPS_CLOCK_GATE_HIGH_ViT_top_mydesign_16
                       Small             slow_vdd1v2
SNPS_CLOCK_GATE_HIGH_ViT_top_mydesign_15
                       Small             slow_vdd1v2
SNPS_CLOCK_GATE_HIGH_ViT_top_mydesign_14
                       Small             slow_vdd1v2
SNPS_CLOCK_GATE_HIGH_ViT_top_mydesign_13
                       Small             slow_vdd1v2
SNPS_CLOCK_GATE_HIGH_ViT_top_mydesign_12
                       Small             slow_vdd1v2
SNPS_CLOCK_GATE_HIGH_ViT_top_mydesign_11
                       Small             slow_vdd1v2
SNPS_CLOCK_GATE_HIGH_ViT_top_mydesign_10
                       Small             slow_vdd1v2
SNPS_CLOCK_GATE_HIGH_ViT_top_mydesign_9
                       Small             slow_vdd1v2
SNPS_CLOCK_GATE_HIGH_ViT_top_mydesign_8
                       Small             slow_vdd1v2
SNPS_CLOCK_GATE_HIGH_ViT_top_mydesign_7
                       Small             slow_vdd1v2
SNPS_CLOCK_GATE_HIGH_ViT_top_mydesign_6
                       Small             slow_vdd1v2
SNPS_CLOCK_GATE_HIGH_ViT_top_mydesign_5
                       Small             slow_vdd1v2
SNPS_CLOCK_GATE_HIGH_ViT_top_mydesign_4
                       Small             slow_vdd1v2
SNPS_CLOCK_GATE_HIGH_ViT_top_mydesign_3
                       Small             slow_vdd1v2
SNPS_CLOCK_GATE_HIGH_ViT_top_mydesign_2
                       Small             slow_vdd1v2
SNPS_CLOCK_GATE_HIGH_ViT_top_mydesign_1
                       Small             slow_vdd1v2


Global Operating Voltage = 1.08 
Power-specific unit information :
    Voltage Units = 1V
    Capacitance Units = 1.000000pf
    Time Units = 1ns
    Dynamic Power Units = 1mW    (derived from V,C,T units)
    Leakage Power Units = 1pW


--------------------------------------------------------------------------------
                                       Switch   Int      Leak     Total
Hierarchy                              Power    Power    Power    Power    %
--------------------------------------------------------------------------------
ViT_top                                   0.579    7.553 6.19e+06    8.138 100.0
  EXP_LUT_ARRAY_7__exp_lut_stage8 (exp_lut_mydesign_0)
                                       2.66e-02 5.23e-02 1.26e+05 7.90e-02   1.0
  EXP_LUT_ARRAY_6__exp_lut_stage8 (exp_lut_mydesign_1)
                                       2.66e-02 5.25e-02 1.26e+05 7.93e-02   1.0
  EXP_LUT_ARRAY_5__exp_lut_stage8 (exp_lut_mydesign_2)
                                       2.67e-02 5.27e-02 1.26e+05 7.96e-02   1.0
  EXP_LUT_ARRAY_4__exp_lut_stage8 (exp_lut_mydesign_3)
                                       2.70e-02 5.32e-02 1.26e+05 8.03e-02   1.0
  EXP_LUT_ARRAY_3__exp_lut_stage8 (exp_lut_mydesign_4)
                                       2.66e-02 5.23e-02 1.27e+05 7.90e-02   1.0
  EXP_LUT_ARRAY_2__exp_lut_stage8 (exp_lut_mydesign_5)
                                       2.66e-02 5.23e-02 1.26e+05 7.91e-02   1.0
  EXP_LUT_ARRAY_1__exp_lut_stage8 (exp_lut_mydesign_6)
                                       2.64e-02 5.20e-02 1.26e+05 7.86e-02   1.0
  EXP_LUT_ARRAY_0__exp_lut_stage8 (exp_lut_mydesign_7)
                                       2.68e-02 5.30e-02 1.27e+05 7.99e-02   1.0
  div7 (div_mydesign_0)                1.66e-02    0.381 3.61e+05    0.398   4.9
  div6 (div_mydesign_1)                1.71e-02    0.384 3.61e+05    0.401   4.9
  div5 (div_mydesign_2)                1.80e-02    0.389 3.61e+05    0.407   5.0
  div4 (div_mydesign_3)                1.78e-02    0.386 3.63e+05    0.404   5.0
  div3 (div_mydesign_4)                1.64e-02    0.381 3.58e+05    0.398   4.9
  div2 (div_mydesign_5)                1.69e-02    0.382 3.60e+05    0.399   4.9
  div1 (div_mydesign_6)                1.71e-02    0.382 3.61e+05    0.399   4.9
  div0 (div_mydesign_7)                1.72e-02    0.384 3.62e+05    0.402   4.9
1
