 
****************************************
Report : timing
        -path full
        -delay max
        -nworst 2
        -max_paths 4
Design : ViT_top
Version: R-2020.09-SP5
Date   : Tue Nov 18 17:50:34 2025
****************************************

 # A fanout number of 1000 was used for high fanout net computations.

Operating Conditions: PVT_1P08V_125C   Library: slow_vdd1v2
Wire Load Model Mode: enclosed

  Startpoint: cnt8_reg_1_
              (rising edge-triggered flip-flop clocked by clk)
  Endpoint: div7/merchant_t_reg_0__0_
            (rising edge-triggered flip-flop clocked by clk)
  Path Group: clk
  Path Type: max

  Des/Clust/Port     Wire Load Model       Library
  ------------------------------------------------
  ViT_top            Large                 slow_vdd1v2
  div_mydesign_0     Small                 slow_vdd1v2

  Point                                                   Incr       Path
  --------------------------------------------------------------------------
  clock clk (rise edge)                                 0.0000     0.0000
  clock network delay (ideal)                           0.0000     0.0000
  cnt8_reg_1_/CK (DFFTRX1)                              0.0000     0.0000 r
  cnt8_reg_1_/QN (DFFTRX1)                              0.1327     0.1327 f
  U9197/Y (NOR2BXL)                                     0.0530     0.1857 r
  U16108/Y (NOR2XL)                                     0.0576     0.2433 f
  U16109/Y (AND2X2)                                     0.0875     0.3309 f
  U9199/Y (CLKAND2X2)                                   0.0951     0.4260 f
  U18294/Y (NAND2XL)                                    0.0431     0.4691 r
  U18295/Y (NAND4XL)                                    0.1123     0.5814 f
  U18296/Y (NOR2XL)                                     0.0971     0.6785 r
  U18297/Y (OAI21XL)                                    0.0817     0.7602 f
  U14440/Y (AOI21XL)                                    0.0772     0.8374 r
  U14602/Y (OAI21XL)                                    0.0920     0.9295 f
  U14409/Y (AOI21XL)                                    0.0769     1.0063 r
  U14408/Y (CLKXOR2X1)                                  0.1563     1.1627 r
  U4961/Y (MXI2X1)                                      0.1157     1.2784 r
  U13822/Y (OR2XL)                                      0.0731     1.3515 r
  U13821/Y (AO22XL)                                     0.1102     1.4617 r
  U19907/S (ADDFXL)                                     0.2663     1.7280 f
  U14633/Y (NOR2XL)                                     0.0499     1.7779 r
  U14630/Y (NAND2BXL)                                   0.0693     1.8472 r
  U14547/Y (NAND2XL)                                    0.0805     1.9278 f
  U14548/Y (XOR3XL)                                     0.2165     2.1442 r
  U19934/Y (XNOR2XL)                                    0.1065     2.2507 f
  U10643/Y (XNOR2XL)                                    0.1273     2.3780 r
  U10810/Y (OR2XL)                                      0.0588     2.4368 r
  U19944/Y (AOI21XL)                                    0.0786     2.5154 f
  U19945/Y (OAI21XL)                                    0.0803     2.5957 r
  U19947/Y (AOI21XL)                                    0.0905     2.6862 f
  U14786/Y (OAI21XL)                                    0.0804     2.7666 r
  U9034/Y (AOI21XL)                                     0.0905     2.8571 f
  U9033/Y (OAI21XL)                                     0.0804     2.9374 r
  U19959/Y (AO21XL)                                     0.1053     3.0427 r
  U19960/Y (AO22XL)                                     0.0956     3.1383 r
  U21534/CO (ADDFX2)                                    0.2164     3.3547 r
  U21542/Y (MX2X1)                                      0.1549     3.5096 f
  div7/divisor_3_ (div_mydesign_0)                      0.0000     3.5096 f
  div7/U3695/Y (NOR3XL)                                 0.0805     3.5901 r
  div7/U3696/Y (NAND2XL)                                0.0578     3.6479 f
  div7/U3697/Y (NOR3XL)                                 0.0524     3.7003 r
  div7/U1400/Y (NAND4XL)                                0.1137     3.8140 f
  div7/merchant_t_reg_0__0_/SE (SMDFFHQX1)              0.0267     3.8407 f
  data arrival time                                                3.8407

  clock clk (rise edge)                                 3.0000     3.0000
  clock network delay (ideal)                           0.0000     3.0000
  div7/merchant_t_reg_0__0_/CK (SMDFFHQX1)              0.0000     3.0000 r
  library setup time                                   -0.1449     2.8551
  data required time                                               2.8551
  --------------------------------------------------------------------------
  data required time                                               2.8551
  data arrival time                                               -3.8407
  --------------------------------------------------------------------------
  slack (VIOLATED)                                                -0.9856


  Startpoint: cnt8_reg_1_
              (rising edge-triggered flip-flop clocked by clk)
  Endpoint: div0/merchant_t_reg_0__0_
            (rising edge-triggered flip-flop clocked by clk)
  Path Group: clk
  Path Type: max

  Des/Clust/Port     Wire Load Model       Library
  ------------------------------------------------
  ViT_top            Large                 slow_vdd1v2
  div_mydesign_7     Small                 slow_vdd1v2

  Point                                                   Incr       Path
  --------------------------------------------------------------------------
  clock clk (rise edge)                                 0.0000     0.0000
  clock network delay (ideal)                           0.0000     0.0000
  cnt8_reg_1_/CK (DFFTRX1)                              0.0000     0.0000 r
  cnt8_reg_1_/QN (DFFTRX1)                              0.1327     0.1327 f
  U9197/Y (NOR2BXL)                                     0.0530     0.1857 r
  U16108/Y (NOR2XL)                                     0.0576     0.2433 f
  U16109/Y (AND2X2)                                     0.0875     0.3309 f
  U9199/Y (CLKAND2X2)                                   0.0951     0.4260 f
  U18294/Y (NAND2XL)                                    0.0431     0.4691 r
  U18295/Y (NAND4XL)                                    0.1123     0.5814 f
  U18296/Y (NOR2XL)                                     0.0971     0.6785 r
  U18297/Y (OAI21XL)                                    0.0817     0.7602 f
  U14440/Y (AOI21XL)                                    0.0772     0.8374 r
  U14602/Y (OAI21XL)                                    0.0920     0.9295 f
  U14409/Y (AOI21XL)                                    0.0769     1.0063 r
  U14408/Y (CLKXOR2X1)                                  0.1563     1.1627 r
  U4961/Y (MXI2X1)                                      0.1157     1.2784 r
  U13822/Y (OR2XL)                                      0.0731     1.3515 r
  U13821/Y (AO22XL)                                     0.1102     1.4617 r
  U19907/S (ADDFXL)                                     0.2663     1.7280 f
  U14633/Y (NOR2XL)                                     0.0499     1.7779 r
  U14630/Y (NAND2BXL)                                   0.0693     1.8472 r
  U14547/Y (NAND2XL)                                    0.0805     1.9278 f
  U14548/Y (XOR3XL)                                     0.2165     2.1442 r
  U19934/Y (XNOR2XL)                                    0.1065     2.2507 f
  U10643/Y (XNOR2XL)                                    0.1273     2.3780 r
  U10810/Y (OR2XL)                                      0.0588     2.4368 r
  U19944/Y (AOI21XL)                                    0.0786     2.5154 f
  U19945/Y (OAI21XL)                                    0.0803     2.5957 r
  U19947/Y (AOI21XL)                                    0.0905     2.6862 f
  U14786/Y (OAI21XL)                                    0.0804     2.7666 r
  U9034/Y (AOI21XL)                                     0.0905     2.8571 f
  U9033/Y (OAI21XL)                                     0.0804     2.9374 r
  U19959/Y (AO21XL)                                     0.1053     3.0427 r
  U19960/Y (AO22XL)                                     0.0956     3.1383 r
  U21534/CO (ADDFX2)                                    0.2164     3.3547 r
  U21546/Y (MX2X1)                                      0.1549     3.5096 f
  div0/divisor_2_ (div_mydesign_7)                      0.0000     3.5096 f
  div0/U3724/Y (NOR3XL)                                 0.0805     3.5901 r
  div0/U3725/Y (NAND2XL)                                0.0578     3.6479 f
  div0/U3726/Y (NOR3XL)                                 0.0524     3.7003 r
  div0/U1404/Y (NAND4XL)                                0.1137     3.8140 f
  div0/merchant_t_reg_0__0_/SE (SMDFFHQX1)              0.0267     3.8407 f
  data arrival time                                                3.8407

  clock clk (rise edge)                                 3.0000     3.0000
  clock network delay (ideal)                           0.0000     3.0000
  div0/merchant_t_reg_0__0_/CK (SMDFFHQX1)              0.0000     3.0000 r
  library setup time                                   -0.1449     2.8551
  data required time                                               2.8551
  --------------------------------------------------------------------------
  data required time                                               2.8551
  data arrival time                                               -3.8407
  --------------------------------------------------------------------------
  slack (VIOLATED)                                                -0.9855


  Startpoint: cnt8_reg_1_
              (rising edge-triggered flip-flop clocked by clk)
  Endpoint: div1/merchant_t_reg_0__0_
            (rising edge-triggered flip-flop clocked by clk)
  Path Group: clk
  Path Type: max

  Des/Clust/Port     Wire Load Model       Library
  ------------------------------------------------
  ViT_top            Large                 slow_vdd1v2
  div_mydesign_6     Small                 slow_vdd1v2

  Point                                                   Incr       Path
  --------------------------------------------------------------------------
  clock clk (rise edge)                                 0.0000     0.0000
  clock network delay (ideal)                           0.0000     0.0000
  cnt8_reg_1_/CK (DFFTRX1)                              0.0000     0.0000 r
  cnt8_reg_1_/QN (DFFTRX1)                              0.1327     0.1327 f
  U9197/Y (NOR2BXL)                                     0.0530     0.1857 r
  U16108/Y (NOR2XL)                                     0.0576     0.2433 f
  U16109/Y (AND2X2)                                     0.0875     0.3309 f
  U9199/Y (CLKAND2X2)                                   0.0951     0.4260 f
  U18294/Y (NAND2XL)                                    0.0431     0.4691 r
  U18295/Y (NAND4XL)                                    0.1123     0.5814 f
  U18296/Y (NOR2XL)                                     0.0971     0.6785 r
  U18297/Y (OAI21XL)                                    0.0817     0.7602 f
  U14440/Y (AOI21XL)                                    0.0772     0.8374 r
  U14602/Y (OAI21XL)                                    0.0920     0.9295 f
  U14409/Y (AOI21XL)                                    0.0769     1.0063 r
  U14408/Y (CLKXOR2X1)                                  0.1563     1.1627 r
  U4961/Y (MXI2X1)                                      0.1157     1.2784 r
  U13822/Y (OR2XL)                                      0.0731     1.3515 r
  U13821/Y (AO22XL)                                     0.1102     1.4617 r
  U19907/S (ADDFXL)                                     0.2663     1.7280 f
  U14633/Y (NOR2XL)                                     0.0499     1.7779 r
  U14630/Y (NAND2BXL)                                   0.0693     1.8472 r
  U14547/Y (NAND2XL)                                    0.0805     1.9278 f
  U14548/Y (XOR3XL)                                     0.2165     2.1442 r
  U19934/Y (XNOR2XL)                                    0.1065     2.2507 f
  U10643/Y (XNOR2XL)                                    0.1273     2.3780 r
  U10810/Y (OR2XL)                                      0.0588     2.4368 r
  U19944/Y (AOI21XL)                                    0.0786     2.5154 f
  U19945/Y (OAI21XL)                                    0.0803     2.5957 r
  U19947/Y (AOI21XL)                                    0.0905     2.6862 f
  U14786/Y (OAI21XL)                                    0.0804     2.7666 r
  U9034/Y (AOI21XL)                                     0.0905     2.8571 f
  U9033/Y (OAI21XL)                                     0.0804     2.9374 r
  U19959/Y (AO21XL)                                     0.1053     3.0427 r
  U19960/Y (AO22XL)                                     0.0956     3.1383 r
  U21534/CO (ADDFX2)                                    0.2164     3.3547 r
  U21546/Y (MX2X1)                                      0.1549     3.5096 f
  div1/divisor_2_ (div_mydesign_6)                      0.0000     3.5096 f
  div1/U3707/Y (NOR3XL)                                 0.0805     3.5901 r
  div1/U3708/Y (NAND2XL)                                0.0578     3.6479 f
  div1/U3709/Y (NOR3XL)                                 0.0524     3.7003 r
  div1/U1407/Y (NAND4XL)                                0.1137     3.8140 f
  div1/merchant_t_reg_0__0_/SE (SMDFFHQX1)              0.0267     3.8407 f
  data arrival time                                                3.8407

  clock clk (rise edge)                                 3.0000     3.0000
  clock network delay (ideal)                           0.0000     3.0000
  div1/merchant_t_reg_0__0_/CK (SMDFFHQX1)              0.0000     3.0000 r
  library setup time                                   -0.1449     2.8551
  data required time                                               2.8551
  --------------------------------------------------------------------------
  data required time                                               2.8551
  data arrival time                                               -3.8407
  --------------------------------------------------------------------------
  slack (VIOLATED)                                                -0.9855


  Startpoint: cnt8_reg_1_
              (rising edge-triggered flip-flop clocked by clk)
  Endpoint: div2/merchant_t_reg_0__0_
            (rising edge-triggered flip-flop clocked by clk)
  Path Group: clk
  Path Type: max

  Des/Clust/Port     Wire Load Model       Library
  ------------------------------------------------
  ViT_top            Large                 slow_vdd1v2
  div_mydesign_5     Small                 slow_vdd1v2

  Point                                                   Incr       Path
  --------------------------------------------------------------------------
  clock clk (rise edge)                                 0.0000     0.0000
  clock network delay (ideal)                           0.0000     0.0000
  cnt8_reg_1_/CK (DFFTRX1)                              0.0000     0.0000 r
  cnt8_reg_1_/QN (DFFTRX1)                              0.1327     0.1327 f
  U9197/Y (NOR2BXL)                                     0.0530     0.1857 r
  U16108/Y (NOR2XL)                                     0.0576     0.2433 f
  U16109/Y (AND2X2)                                     0.0875     0.3309 f
  U9199/Y (CLKAND2X2)                                   0.0951     0.4260 f
  U18294/Y (NAND2XL)                                    0.0431     0.4691 r
  U18295/Y (NAND4XL)                                    0.1123     0.5814 f
  U18296/Y (NOR2XL)                                     0.0971     0.6785 r
  U18297/Y (OAI21XL)                                    0.0817     0.7602 f
  U14440/Y (AOI21XL)                                    0.0772     0.8374 r
  U14602/Y (OAI21XL)                                    0.0920     0.9295 f
  U14409/Y (AOI21XL)                                    0.0769     1.0063 r
  U14408/Y (CLKXOR2X1)                                  0.1563     1.1627 r
  U4961/Y (MXI2X1)                                      0.1157     1.2784 r
  U13822/Y (OR2XL)                                      0.0731     1.3515 r
  U13821/Y (AO22XL)                                     0.1102     1.4617 r
  U19907/S (ADDFXL)                                     0.2663     1.7280 f
  U14633/Y (NOR2XL)                                     0.0499     1.7779 r
  U14630/Y (NAND2BXL)                                   0.0693     1.8472 r
  U14547/Y (NAND2XL)                                    0.0805     1.9278 f
  U14548/Y (XOR3XL)                                     0.2165     2.1442 r
  U19934/Y (XNOR2XL)                                    0.1065     2.2507 f
  U10643/Y (XNOR2XL)                                    0.1273     2.3780 r
  U10810/Y (OR2XL)                                      0.0588     2.4368 r
  U19944/Y (AOI21XL)                                    0.0786     2.5154 f
  U19945/Y (OAI21XL)                                    0.0803     2.5957 r
  U19947/Y (AOI21XL)                                    0.0905     2.6862 f
  U14786/Y (OAI21XL)                                    0.0804     2.7666 r
  U9034/Y (AOI21XL)                                     0.0905     2.8571 f
  U9033/Y (OAI21XL)                                     0.0804     2.9374 r
  U19959/Y (AO21XL)                                     0.1053     3.0427 r
  U19960/Y (AO22XL)                                     0.0956     3.1383 r
  U21534/CO (ADDFX2)                                    0.2164     3.3547 r
  U21546/Y (MX2X1)                                      0.1549     3.5096 f
  div2/divisor_2_ (div_mydesign_5)                      0.0000     3.5096 f
  div2/U3698/Y (NOR3XL)                                 0.0805     3.5901 r
  div2/U3699/Y (NAND2XL)                                0.0578     3.6479 f
  div2/U3700/Y (NOR3XL)                                 0.0524     3.7003 r
  div2/U1430/Y (NAND4XL)                                0.1137     3.8140 f
  div2/merchant_t_reg_0__0_/SE (SMDFFHQX1)              0.0267     3.8407 f
  data arrival time                                                3.8407

  clock clk (rise edge)                                 3.0000     3.0000
  clock network delay (ideal)                           0.0000     3.0000
  div2/merchant_t_reg_0__0_/CK (SMDFFHQX1)              0.0000     3.0000 r
  library setup time                                   -0.1449     2.8551
  data required time                                               2.8551
  --------------------------------------------------------------------------
  data required time                                               2.8551
  data arrival time                                               -3.8407
  --------------------------------------------------------------------------
  slack (VIOLATED)                                                -0.9855


1
