 
****************************************
Report : timing
        -path full
        -delay max
        -nworst 2
        -max_paths 4
Design : div
Version: R-2020.09-SP5
Date   : Tue Nov 18 11:32:10 2025
****************************************

Operating Conditions: PVT_1P08V_125C   Library: slow_vdd1v2
Wire Load Model Mode: enclosed

  Startpoint: divisor_t_reg_20__3_
              (rising edge-triggered flip-flop clocked by clk)
  Endpoint: remainder[13]
            (output port clocked by clk)
  Path Group: clk
  Path Type: max

  Des/Clust/Port     Wire Load Model       Library
  ------------------------------------------------
  div                Large                 slow_vdd1v2

  Point                                    Incr       Path
  -----------------------------------------------------------
  clock clk (rise edge)                  0.0000     0.0000
  clock network delay (ideal)            0.0000     0.0000
  divisor_t_reg_20__3_/CK (DFFQXL)       0.0000     0.0000 r
  divisor_t_reg_20__3_/Q (DFFQXL)        0.0986     0.0986 r
  U2226/Y (INVXL)                        0.0473     0.1459 f
  U1826/Y (NOR2X1)                       0.0726     0.2185 r
  U2155/Y (OAI21XL)                      0.0859     0.3044 f
  U3621/Y (AOI21XL)                      0.0751     0.3795 r
  U3628/Y (OAI21XL)                      0.0879     0.4674 f
  U3649/Y (INVXL)                        0.0791     0.5465 r
  U3713/Y (OAI21XL)                      0.0803     0.6268 f
  U2477/Y (XNOR2XL)                      0.1384     0.7653 r
  U3714/Y (NAND2XL)                      0.0608     0.8261 f
  U2710/Y (NAND2XL)                      0.0629     0.8889 r
  U2709/Y (NOR2XL)                       0.0540     0.9429 f
  U2153/Y (NOR2XL)                       0.0641     1.0071 r
  U2166/Y (NAND3BXL)                     0.0908     1.0979 f
  U2681/Y (NOR2XL)                       0.0732     1.1711 r
  U2751/Y (OAI31XL)                      0.0784     1.2496 f
  U2183/Y (NAND2XL)                      0.0699     1.3195 r
  U2269/Y (AOI22XL)                      0.0807     1.4002 f
  U2678/Y (OAI21X1)                      0.1402     1.5403 r
  U4386/Y (NOR2XL)                       0.0834     1.6237 f
  U2046/Y (NOR2XL)                       0.0907     1.7144 r
  U4453/Y (AOI211XL)                     0.1093     1.8237 f
  U1853/Y (AND2X1)                       0.0775     1.9012 f
  U2694/Y (NOR2XL)                       0.0505     1.9517 r
  U4464/Y (NAND3XL)                      0.0834     2.0351 f
  U4465/Y (NOR2BXL)                      0.0726     2.1077 r
  U2692/Y (NOR2XL)                       0.0671     2.1749 f
  U2691/Y (OAI21XL)                      0.0608     2.2357 r
  U4474/Y (BUFX2)                        0.1145     2.3501 r
  U2705/Y (MX2XL)                        0.1205     2.4706 f
  remainder[13] (out)                    0.0433     2.5139 f
  data arrival time                                 2.5139

  clock clk (rise edge)                  3.0000     3.0000
  clock network delay (ideal)            0.0000     3.0000
  output external delay                 -0.9000     2.1000
  data required time                                2.1000
  -----------------------------------------------------------
  data required time                                2.1000
  data arrival time                                -2.5139
  -----------------------------------------------------------
  slack (VIOLATED)                                 -0.4139


  Startpoint: divisor_t_reg_20__3_
              (rising edge-triggered flip-flop clocked by clk)
  Endpoint: remainder[11]
            (output port clocked by clk)
  Path Group: clk
  Path Type: max

  Des/Clust/Port     Wire Load Model       Library
  ------------------------------------------------
  div                Large                 slow_vdd1v2

  Point                                    Incr       Path
  -----------------------------------------------------------
  clock clk (rise edge)                  0.0000     0.0000
  clock network delay (ideal)            0.0000     0.0000
  divisor_t_reg_20__3_/CK (DFFQXL)       0.0000     0.0000 r
  divisor_t_reg_20__3_/Q (DFFQXL)        0.0986     0.0986 r
  U2226/Y (INVXL)                        0.0473     0.1459 f
  U1826/Y (NOR2X1)                       0.0726     0.2185 r
  U2155/Y (OAI21XL)                      0.0859     0.3044 f
  U3621/Y (AOI21XL)                      0.0751     0.3795 r
  U3628/Y (OAI21XL)                      0.0879     0.4674 f
  U3649/Y (INVXL)                        0.0791     0.5465 r
  U3713/Y (OAI21XL)                      0.0803     0.6268 f
  U2477/Y (XNOR2XL)                      0.1384     0.7653 r
  U3714/Y (NAND2XL)                      0.0608     0.8261 f
  U2710/Y (NAND2XL)                      0.0629     0.8889 r
  U2709/Y (NOR2XL)                       0.0540     0.9429 f
  U2153/Y (NOR2XL)                       0.0641     1.0071 r
  U2166/Y (NAND3BXL)                     0.0908     1.0979 f
  U2681/Y (NOR2XL)                       0.0732     1.1711 r
  U2751/Y (OAI31XL)                      0.0784     1.2496 f
  U2183/Y (NAND2XL)                      0.0699     1.3195 r
  U2269/Y (AOI22XL)                      0.0807     1.4002 f
  U2678/Y (OAI21X1)                      0.1402     1.5403 r
  U4386/Y (NOR2XL)                       0.0834     1.6237 f
  U2046/Y (NOR2XL)                       0.0907     1.7144 r
  U4453/Y (AOI211XL)                     0.1093     1.8237 f
  U1853/Y (AND2X1)                       0.0775     1.9012 f
  U2694/Y (NOR2XL)                       0.0505     1.9517 r
  U4464/Y (NAND3XL)                      0.0834     2.0351 f
  U4465/Y (NOR2BXL)                      0.0726     2.1077 r
  U2692/Y (NOR2XL)                       0.0671     2.1749 f
  U2691/Y (OAI21XL)                      0.0608     2.2357 r
  U4474/Y (BUFX2)                        0.1145     2.3501 r
  U2702/Y (MX2XL)                        0.1205     2.4706 f
  remainder[11] (out)                    0.0433     2.5139 f
  data arrival time                                 2.5139

  clock clk (rise edge)                  3.0000     3.0000
  clock network delay (ideal)            0.0000     3.0000
  output external delay                 -0.9000     2.1000
  data required time                                2.1000
  -----------------------------------------------------------
  data required time                                2.1000
  data arrival time                                -2.5139
  -----------------------------------------------------------
  slack (VIOLATED)                                 -0.4139


  Startpoint: divisor_t_reg_20__3_
              (rising edge-triggered flip-flop clocked by clk)
  Endpoint: remainder[10]
            (output port clocked by clk)
  Path Group: clk
  Path Type: max

  Des/Clust/Port     Wire Load Model       Library
  ------------------------------------------------
  div                Large                 slow_vdd1v2

  Point                                    Incr       Path
  -----------------------------------------------------------
  clock clk (rise edge)                  0.0000     0.0000
  clock network delay (ideal)            0.0000     0.0000
  divisor_t_reg_20__3_/CK (DFFQXL)       0.0000     0.0000 r
  divisor_t_reg_20__3_/Q (DFFQXL)        0.0986     0.0986 r
  U2226/Y (INVXL)                        0.0473     0.1459 f
  U1826/Y (NOR2X1)                       0.0726     0.2185 r
  U2155/Y (OAI21XL)                      0.0859     0.3044 f
  U3621/Y (AOI21XL)                      0.0751     0.3795 r
  U3628/Y (OAI21XL)                      0.0879     0.4674 f
  U3649/Y (INVXL)                        0.0791     0.5465 r
  U3713/Y (OAI21XL)                      0.0803     0.6268 f
  U2477/Y (XNOR2XL)                      0.1384     0.7653 r
  U3714/Y (NAND2XL)                      0.0608     0.8261 f
  U2710/Y (NAND2XL)                      0.0629     0.8889 r
  U2709/Y (NOR2XL)                       0.0540     0.9429 f
  U2153/Y (NOR2XL)                       0.0641     1.0071 r
  U2166/Y (NAND3BXL)                     0.0908     1.0979 f
  U2681/Y (NOR2XL)                       0.0732     1.1711 r
  U2751/Y (OAI31XL)                      0.0784     1.2496 f
  U2183/Y (NAND2XL)                      0.0699     1.3195 r
  U2269/Y (AOI22XL)                      0.0807     1.4002 f
  U2678/Y (OAI21X1)                      0.1402     1.5403 r
  U4386/Y (NOR2XL)                       0.0834     1.6237 f
  U2046/Y (NOR2XL)                       0.0907     1.7144 r
  U4453/Y (AOI211XL)                     0.1093     1.8237 f
  U1853/Y (AND2X1)                       0.0775     1.9012 f
  U2694/Y (NOR2XL)                       0.0505     1.9517 r
  U4464/Y (NAND3XL)                      0.0834     2.0351 f
  U4465/Y (NOR2BXL)                      0.0726     2.1077 r
  U2692/Y (NOR2XL)                       0.0671     2.1749 f
  U2691/Y (OAI21XL)                      0.0608     2.2357 r
  U4474/Y (BUFX2)                        0.1145     2.3501 r
  U2703/Y (MX2XL)                        0.1205     2.4706 f
  remainder[10] (out)                    0.0433     2.5139 f
  data arrival time                                 2.5139

  clock clk (rise edge)                  3.0000     3.0000
  clock network delay (ideal)            0.0000     3.0000
  output external delay                 -0.9000     2.1000
  data required time                                2.1000
  -----------------------------------------------------------
  data required time                                2.1000
  data arrival time                                -2.5139
  -----------------------------------------------------------
  slack (VIOLATED)                                 -0.4139


  Startpoint: divisor_t_reg_20__3_
              (rising edge-triggered flip-flop clocked by clk)
  Endpoint: remainder[9]
            (output port clocked by clk)
  Path Group: clk
  Path Type: max

  Des/Clust/Port     Wire Load Model       Library
  ------------------------------------------------
  div                Large                 slow_vdd1v2

  Point                                    Incr       Path
  -----------------------------------------------------------
  clock clk (rise edge)                  0.0000     0.0000
  clock network delay (ideal)            0.0000     0.0000
  divisor_t_reg_20__3_/CK (DFFQXL)       0.0000     0.0000 r
  divisor_t_reg_20__3_/Q (DFFQXL)        0.0986     0.0986 r
  U2226/Y (INVXL)                        0.0473     0.1459 f
  U1826/Y (NOR2X1)                       0.0726     0.2185 r
  U2155/Y (OAI21XL)                      0.0859     0.3044 f
  U3621/Y (AOI21XL)                      0.0751     0.3795 r
  U3628/Y (OAI21XL)                      0.0879     0.4674 f
  U3649/Y (INVXL)                        0.0791     0.5465 r
  U3713/Y (OAI21XL)                      0.0803     0.6268 f
  U2477/Y (XNOR2XL)                      0.1384     0.7653 r
  U3714/Y (NAND2XL)                      0.0608     0.8261 f
  U2710/Y (NAND2XL)                      0.0629     0.8889 r
  U2709/Y (NOR2XL)                       0.0540     0.9429 f
  U2153/Y (NOR2XL)                       0.0641     1.0071 r
  U2166/Y (NAND3BXL)                     0.0908     1.0979 f
  U2681/Y (NOR2XL)                       0.0732     1.1711 r
  U2751/Y (OAI31XL)                      0.0784     1.2496 f
  U2183/Y (NAND2XL)                      0.0699     1.3195 r
  U2269/Y (AOI22XL)                      0.0807     1.4002 f
  U2678/Y (OAI21X1)                      0.1402     1.5403 r
  U4386/Y (NOR2XL)                       0.0834     1.6237 f
  U2046/Y (NOR2XL)                       0.0907     1.7144 r
  U4453/Y (AOI211XL)                     0.1093     1.8237 f
  U1853/Y (AND2X1)                       0.0775     1.9012 f
  U2694/Y (NOR2XL)                       0.0505     1.9517 r
  U4464/Y (NAND3XL)                      0.0834     2.0351 f
  U4465/Y (NOR2BXL)                      0.0726     2.1077 r
  U2692/Y (NOR2XL)                       0.0671     2.1749 f
  U2691/Y (OAI21XL)                      0.0608     2.2357 r
  U4474/Y (BUFX2)                        0.1145     2.3501 r
  U2704/Y (MX2XL)                        0.1205     2.4706 f
  remainder[9] (out)                     0.0433     2.5139 f
  data arrival time                                 2.5139

  clock clk (rise edge)                  3.0000     3.0000
  clock network delay (ideal)            0.0000     3.0000
  output external delay                 -0.9000     2.1000
  data required time                                2.1000
  -----------------------------------------------------------
  data required time                                2.1000
  data arrival time                                -2.5139
  -----------------------------------------------------------
  slack (VIOLATED)                                 -0.4139


1
