 
****************************************
Report : resources
Design : div
Version: R-2020.09-SP5
Date   : Tue Nov 18 11:32:11 2025
****************************************


Resource Report for this hierarchy in file ../hdl/div.v
=============================================================================
| Cell           | Module         | Parameters | Contained Operations       |
=============================================================================
| gte_x_1        | DW_cmp         | width=18   | gte_37 (div.v:37)          |
| sub_x_2        | DW01_sub       | width=18   | sub_39 (div.v:39)          |
| gte_x_4        | DW_cmp         | width=19   | gte_49 (div.v:49)          |
| sub_x_5        | DW01_sub       | width=18   | sub_51 (div.v:51)          |
| gte_x_7        | DW_cmp         | width=19   | gte_61 (div.v:61)          |
| sub_x_8        | DW01_sub       | width=18   | sub_63 (div.v:63)          |
| gte_x_10       | DW_cmp         | width=19   | gte_73 (div.v:73)          |
| sub_x_11       | DW01_sub       | width=18   | sub_75 (div.v:75)          |
| gte_x_13       | DW_cmp         | width=19   | gte_85 (div.v:85)          |
| sub_x_14       | DW01_sub       | width=18   | sub_87 (div.v:87)          |
| gte_x_16       | DW_cmp         | width=19   | gte_97 (div.v:97)          |
| sub_x_17       | DW01_sub       | width=18   | sub_99 (div.v:99)          |
| gte_x_19       | DW_cmp         | width=19   | gte_109 (div.v:109)        |
| sub_x_20       | DW01_sub       | width=18   | sub_111 (div.v:111)        |
| gte_x_22       | DW_cmp         | width=19   | gte_121 (div.v:121)        |
| sub_x_23       | DW01_sub       | width=18   | sub_123 (div.v:123)        |
| gte_x_25       | DW_cmp         | width=19   | gte_133 (div.v:133)        |
| sub_x_26       | DW01_sub       | width=18   | sub_135 (div.v:135)        |
| gte_x_28       | DW_cmp         | width=19   | gte_145 (div.v:145)        |
| sub_x_29       | DW01_sub       | width=18   | sub_147 (div.v:147)        |
| gte_x_31       | DW_cmp         | width=19   | gte_157 (div.v:157)        |
| sub_x_32       | DW01_sub       | width=18   | sub_159 (div.v:159)        |
| gte_x_34       | DW_cmp         | width=19   | gte_169 (div.v:169)        |
| sub_x_35       | DW01_sub       | width=18   | sub_171 (div.v:171)        |
| gte_x_37       | DW_cmp         | width=19   | gte_181 (div.v:181)        |
| sub_x_38       | DW01_sub       | width=18   | sub_183 (div.v:183)        |
| gte_x_40       | DW_cmp         | width=19   | gte_193 (div.v:193)        |
| sub_x_41       | DW01_sub       | width=18   | sub_195 (div.v:195)        |
| gte_x_43       | DW_cmp         | width=19   | gte_205 (div.v:205)        |
| sub_x_44       | DW01_sub       | width=18   | sub_207 (div.v:207)        |
| gte_x_46       | DW_cmp         | width=19   | gte_217 (div.v:217)        |
| sub_x_47       | DW01_sub       | width=18   | sub_219 (div.v:219)        |
| gte_x_49       | DW_cmp         | width=19   | gte_229 (div.v:229)        |
| sub_x_50       | DW01_sub       | width=18   | sub_231 (div.v:231)        |
| gte_x_52       | DW_cmp         | width=19   | gte_241 (div.v:241)        |
| sub_x_53       | DW01_sub       | width=18   | sub_243 (div.v:243)        |
| gte_x_55       | DW_cmp         | width=19   | gte_253 (div.v:253)        |
| sub_x_56       | DW01_sub       | width=18   | sub_255 (div.v:255)        |
| gte_x_58       | DW_cmp         | width=19   | gte_265 (div.v:265)        |
| sub_x_59       | DW01_sub       | width=18   | sub_267 (div.v:267)        |
| gte_x_61       | DW_cmp         | width=19   | gte_277 (div.v:277)        |
| sub_x_62       | DW01_sub       | width=18   | sub_279 (div.v:279)        |
| gte_x_64       | DW_cmp         | width=19   | gte_289 (div.v:289)        |
| sub_x_65       | DW01_sub       | width=18   | sub_291 (div.v:291)        |
| gte_x_67       | DW_cmp         | width=19   | gte_301 (div.v:301)        |
| sub_x_68       | DW01_sub       | width=18   | sub_303 (div.v:303)        |
| gte_x_70       | DW_cmp         | width=19   | gte_313 (div.v:313)        |
| sub_x_71       | DW01_sub       | width=18   | sub_315 (div.v:315)        |
=============================================================================


Implementation Report
===============================================================================
|                    |                  | Current            | Set            |
| Cell               | Module           | Implementation     | Implementation |
===============================================================================
| gte_x_1            | DW_cmp           | apparch (area)     |                |
| sub_x_2            | DW01_sub         | apparch (area)     |                |
| gte_x_4            | DW_cmp           | apparch (area)     |                |
| sub_x_5            | DW01_sub         | pparch (area,speed)                 |
| gte_x_7            | DW_cmp           | apparch (area)     |                |
| sub_x_8            | DW01_sub         | pparch (area,speed)                 |
| gte_x_10           | DW_cmp           | apparch (area)     |                |
| sub_x_11           | DW01_sub         | pparch (area,speed)                 |
| gte_x_13           | DW_cmp           | apparch (area)     |                |
| sub_x_14           | DW01_sub         | pparch (area,speed)                 |
| gte_x_16           | DW_cmp           | apparch (area)     |                |
| sub_x_17           | DW01_sub         | pparch (area,speed)                 |
| gte_x_19           | DW_cmp           | apparch (area)     |                |
| sub_x_20           | DW01_sub         | pparch (area,speed)                 |
| gte_x_22           | DW_cmp           | apparch (area)     |                |
| sub_x_23           | DW01_sub         | pparch (area,speed)                 |
| gte_x_25           | DW_cmp           | apparch (area)     |                |
| sub_x_26           | DW01_sub         | pparch (area,speed)                 |
| gte_x_28           | DW_cmp           | apparch (area)     |                |
| sub_x_29           | DW01_sub         | pparch (area,speed)                 |
| gte_x_31           | DW_cmp           | apparch (area)     |                |
| sub_x_32           | DW01_sub         | pparch (area,speed)                 |
| gte_x_34           | DW_cmp           | apparch (area)     |                |
| sub_x_35           | DW01_sub         | pparch (area,speed)                 |
| gte_x_37           | DW_cmp           | apparch (area)     |                |
| sub_x_38           | DW01_sub         | pparch (area,speed)                 |
| gte_x_40           | DW_cmp           | apparch (area)     |                |
| sub_x_41           | DW01_sub         | pparch (area,speed)                 |
| gte_x_43           | DW_cmp           | apparch (area)     |                |
| sub_x_44           | DW01_sub         | pparch (area,speed)                 |
| gte_x_46           | DW_cmp           | apparch (area)     |                |
| sub_x_47           | DW01_sub         | pparch (area,speed)                 |
| gte_x_49           | DW_cmp           | apparch (area)     |                |
| sub_x_50           | DW01_sub         | pparch (area,speed)                 |
| gte_x_52           | DW_cmp           | apparch (area)     |                |
| sub_x_53           | DW01_sub         | pparch (area,speed)                 |
| gte_x_55           | DW_cmp           | apparch (area)     |                |
| sub_x_56           | DW01_sub         | pparch (area,speed)                 |
| gte_x_58           | DW_cmp           | apparch (area)     |                |
| sub_x_59           | DW01_sub         | pparch (area,speed)                 |
| gte_x_61           | DW_cmp           | apparch (area)     |                |
| sub_x_62           | DW01_sub         | pparch (area,speed)                 |
| gte_x_64           | DW_cmp           | apparch (area)     |                |
| sub_x_65           | DW01_sub         | pparch (area,speed)                 |
| gte_x_67           | DW_cmp           | apparch (area)     |                |
| sub_x_68           | DW01_sub         | pparch (area,speed)                 |
| gte_x_70           | DW_cmp           | apparch (area)     |                |
| sub_x_71           | DW01_sub         | pparch (area,speed)                 |
===============================================================================

1
