 
****************************************
Report : timing
        -path full
        -delay max
        -nworst 2
        -max_paths 4
Design : ViT_top
Version: R-2020.09-SP5
Date   : Thu Nov 20 18:18:48 2025
****************************************

 # A fanout number of 1000 was used for high fanout net computations.

Operating Conditions: PVT_1P08V_125C   Library: slow_vdd1v2
Wire Load Model Mode: enclosed

  Startpoint: cnt8_reg_0_
              (rising edge-triggered flip-flop clocked by clk)
  Endpoint: div4/merchant_t_reg_0__0_
            (rising edge-triggered flip-flop clocked by clk)
  Path Group: clk
  Path Type: max

  Des/Clust/Port     Wire Load Model       Library
  ------------------------------------------------
  ViT_top            Large                 slow_vdd1v2
  div_mydesign_3     Small                 slow_vdd1v2

  Point                                                   Incr       Path
  --------------------------------------------------------------------------
  clock clk (rise edge)                                 0.0000     0.0000
  clock network delay (ideal)                           0.0000     0.0000
  cnt8_reg_0_/CK (DFFTRXL)                              0.0000     0.0000 r
  cnt8_reg_0_/Q (DFFTRXL)                               0.1159     0.1159 f
  U22604/Y (NOR2XL)                                     0.0528     0.1687 r
  U22613/Y (NOR2XL)                                     0.0655     0.2343 f
  U19880/Y (AND2X1)                                     0.0676     0.3018 f
  U19878/Y (BUFX2)                                      0.0737     0.3756 f
  U24598/Y (NAND2XL)                                    0.0398     0.4154 r
  U8748/Y (NAND2XL)                                     0.0630     0.4784 f
  U19388/Y (NAND2BX1)                                   0.0838     0.5622 f
  U24599/Y (NOR2XL)                                     0.0671     0.6293 r
  U24623/Y (OAI21XL)                                    0.0921     0.7214 f
  U21086/Y (AOI21XL)                                    0.0709     0.7923 r
  U21085/Y (OAI21XL)                                    0.0891     0.8814 f
  U24629/Y (AOI21XL)                                    0.0769     0.9583 r
  U21633/Y (CLKXOR2X1)                                  0.1694     1.1276 f
  U20819/Y (MXI2XL)                                     0.0923     1.2200 f
  U21626/Y (XOR2XL)                                     0.1308     1.3508 r
  U21538/Y (OAI21XL)                                    0.0739     1.4246 f
  U20025/Y (NAND2XL)                                    0.0672     1.4918 r
  U20572/Y (XOR3XL)                                     0.2117     1.7035 r
  U20069/Y (OAI21XL)                                    0.0672     1.7707 f
  U20255/Y (NAND2XL)                                    0.0654     1.8361 r
  U16769/Y (OR2XL)                                      0.0585     1.8946 r
  U9284/Y (OAI2BB1X1)                                   0.1037     1.9983 r
  U9283/Y (XOR3XL)                                      0.1438     2.1421 r
  U10635/Y (OR2XL)                                      0.0599     2.2020 r
  U21601/Y (AOI21XL)                                    0.0674     2.2694 f
  U21551/Y (OAI21XL)                                    0.0854     2.3548 r
  U21550/Y (AOI21XL)                                    0.0892     2.4440 f
  U25552/Y (OAI21XL)                                    0.0802     2.5242 r
  U22054/Y (AOI21XL)                                    0.0905     2.6147 f
  U21368/Y (OAI21XL)                                    0.0803     2.6950 r
  U20874/Y (AOI21XL)                                    0.0905     2.7856 f
  U25554/Y (OAI21XL)                                    0.0803     2.8659 r
  U20036/Y (AOI21XL)                                    0.0905     2.9564 f
  U8957/Y (OAI21XL)                                     0.0995     3.0559 r
  U15783/CO (ADDFX2)                                    0.2138     3.2697 r
  U25613/Y (MX2X1)                                      0.1513     3.4210 f
  div4/divisor_15_ (div_mydesign_3)                     0.0000     3.4210 f
  div4/U416/Y (NOR4XL)                                  0.0980     3.5190 r
  div4/U111/Y (NOR3BX1)                                 0.1009     3.6199 r
  div4/U417/Y (NAND2XL)                                 0.0532     3.6731 f
  div4/U167/Y (OR2XL)                                   0.0686     3.7417 f
  div4/merchant_t_reg_0__0_/SE (SMDFFHQX1)              0.0267     3.7684 f
  data arrival time                                                3.7684

  clock clk (rise edge)                                 3.0000     3.0000
  clock network delay (ideal)                           0.0000     3.0000
  div4/merchant_t_reg_0__0_/CK (SMDFFHQX1)              0.0000     3.0000 r
  library setup time                                   -0.1137     2.8863
  data required time                                               2.8863
  --------------------------------------------------------------------------
  data required time                                               2.8863
  data arrival time                                               -3.7684
  --------------------------------------------------------------------------
  slack (VIOLATED)                                                -0.8821


  Startpoint: cnt8_reg_0_
              (rising edge-triggered flip-flop clocked by clk)
  Endpoint: div4/merchant_t_reg_0__0_
            (rising edge-triggered flip-flop clocked by clk)
  Path Group: clk
  Path Type: max

  Des/Clust/Port     Wire Load Model       Library
  ------------------------------------------------
  ViT_top            Large                 slow_vdd1v2
  div_mydesign_3     Small                 slow_vdd1v2

  Point                                                   Incr       Path
  --------------------------------------------------------------------------
  clock clk (rise edge)                                 0.0000     0.0000
  clock network delay (ideal)                           0.0000     0.0000
  cnt8_reg_0_/CK (DFFTRXL)                              0.0000     0.0000 r
  cnt8_reg_0_/Q (DFFTRXL)                               0.1159     0.1159 f
  U22604/Y (NOR2XL)                                     0.0528     0.1687 r
  U22613/Y (NOR2XL)                                     0.0655     0.2343 f
  U19880/Y (AND2X1)                                     0.0676     0.3018 f
  U19878/Y (BUFX2)                                      0.0737     0.3756 f
  U24598/Y (NAND2XL)                                    0.0398     0.4154 r
  U8748/Y (NAND2XL)                                     0.0630     0.4784 f
  U19388/Y (NAND2BX1)                                   0.0838     0.5622 f
  U24599/Y (NOR2XL)                                     0.0671     0.6293 r
  U24623/Y (OAI21XL)                                    0.0921     0.7214 f
  U21086/Y (AOI21XL)                                    0.0709     0.7923 r
  U21085/Y (OAI21XL)                                    0.0891     0.8814 f
  U24629/Y (AOI21XL)                                    0.0769     0.9583 r
  U21633/Y (CLKXOR2X1)                                  0.1694     1.1276 f
  U20819/Y (MXI2XL)                                     0.0923     1.2200 f
  U21626/Y (XOR2XL)                                     0.1308     1.3508 r
  U21538/Y (OAI21XL)                                    0.0739     1.4246 f
  U20025/Y (NAND2XL)                                    0.0672     1.4918 r
  U20572/Y (XOR3XL)                                     0.2117     1.7035 r
  U20069/Y (OAI21XL)                                    0.0672     1.7707 f
  U20255/Y (NAND2XL)                                    0.0654     1.8361 r
  U16769/Y (OR2XL)                                      0.0585     1.8946 r
  U9284/Y (OAI2BB1X1)                                   0.1037     1.9983 r
  U9283/Y (XOR3XL)                                      0.1438     2.1421 r
  U20738/Y (AND2XL)                                     0.0834     2.2256 r
  U21601/Y (AOI21XL)                                    0.0436     2.2692 f
  U21551/Y (OAI21XL)                                    0.0854     2.3545 r
  U21550/Y (AOI21XL)                                    0.0892     2.4437 f
  U25552/Y (OAI21XL)                                    0.0802     2.5240 r
  U22054/Y (AOI21XL)                                    0.0905     2.6145 f
  U21368/Y (OAI21XL)                                    0.0803     2.6948 r
  U20874/Y (AOI21XL)                                    0.0905     2.7853 f
  U25554/Y (OAI21XL)                                    0.0803     2.8657 r
  U20036/Y (AOI21XL)                                    0.0905     2.9562 f
  U8957/Y (OAI21XL)                                     0.0995     3.0556 r
  U15783/CO (ADDFX2)                                    0.2138     3.2694 r
  U25613/Y (MX2X1)                                      0.1513     3.4208 f
  div4/divisor_15_ (div_mydesign_3)                     0.0000     3.4208 f
  div4/U416/Y (NOR4XL)                                  0.0980     3.5188 r
  div4/U111/Y (NOR3BX1)                                 0.1009     3.6197 r
  div4/U417/Y (NAND2XL)                                 0.0532     3.6729 f
  div4/U167/Y (OR2XL)                                   0.0686     3.7415 f
  div4/merchant_t_reg_0__0_/SE (SMDFFHQX1)              0.0267     3.7682 f
  data arrival time                                                3.7682

  clock clk (rise edge)                                 3.0000     3.0000
  clock network delay (ideal)                           0.0000     3.0000
  div4/merchant_t_reg_0__0_/CK (SMDFFHQX1)              0.0000     3.0000 r
  library setup time                                   -0.1137     2.8863
  data required time                                               2.8863
  --------------------------------------------------------------------------
  data required time                                               2.8863
  data arrival time                                               -3.7682
  --------------------------------------------------------------------------
  slack (VIOLATED)                                                -0.8819


  Startpoint: sram_rdata_weight[40]
              (input port clocked by clk)
  Endpoint: bank3_proj_reg_reg_17_
            (rising edge-triggered flip-flop clocked by clk)
  Path Group: clk
  Path Type: max

  Des/Clust/Port     Wire Load Model       Library
  ------------------------------------------------
  ViT_top            Large                 slow_vdd1v2

  Point                                    Incr       Path
  -----------------------------------------------------------
  clock clk (rise edge)                  0.0000     0.0000
  clock network delay (ideal)            0.0000     0.0000
  input external delay                   0.9000     0.9000 r
  sram_rdata_weight[40] (in)             0.0036     0.9036 r
  U9578/Y (OR2X1)                        0.0633     0.9669 r
  U13578/Y (OAI211X1)                    0.1141     1.0809 f
  U37109/Y (OAI2BB1X1)                   0.1204     1.2014 r
  U13012/Y (NOR2BX1)                     0.0966     1.2980 r
  U37589/CO (ADDFX1)                     0.2333     1.5313 r
  U9103/CO (ADDFXL)                      0.2196     1.7508 r
  U9102/CO (ADDFXL)                      0.2173     1.9682 r
  U37456/S (ADDFX1)                      0.2134     2.1815 r
  U37617/CO (ADDFX1)                     0.2245     2.4060 r
  U10302/S (ADDFXL)                      0.2676     2.6736 f
  U9451/Y (NAND2XL)                      0.0439     2.7175 r
  U9454/Y (NAND3X1)                      0.1351     2.8526 f
  U20625/Y (XOR2XL)                      0.1141     2.9667 r
  U20624/Y (XOR2XL)                      0.1372     3.1039 f
  U37626/Y (NOR2XL)                      0.0537     3.1577 r
  U15607/Y (OAI21XL)                     0.0885     3.2462 f
  U15606/Y (AOI21XL)                     0.0769     3.3231 r
  U20621/Y (OAI21XL)                     0.0863     3.4094 f
  U20620/Y (AOI21XL)                     0.0782     3.4876 r
  U15743/Y (NOR2XL)                      0.0642     3.5518 f
  U15621/Y (OAI31XL)                     0.0969     3.6487 r
  U15620/Y (XOR2XL)                      0.1424     3.7911 r
  bank3_proj_reg_reg_17_/D (DFFQXL)      0.0310     3.8221 r
  data arrival time                                 3.8221

  clock clk (rise edge)                  3.0000     3.0000
  clock network delay (ideal)            0.0000     3.0000
  bank3_proj_reg_reg_17_/CK (DFFQXL)     0.0000     3.0000 r
  library setup time                    -0.0583     2.9417
  data required time                                2.9417
  -----------------------------------------------------------
  data required time                                2.9417
  data arrival time                                -3.8221
  -----------------------------------------------------------
  slack (VIOLATED)                                 -0.8804


  Startpoint: sram_rdata_b2[77]
              (input port clocked by clk)
  Endpoint: bank2_proj_reg_reg_19_
            (rising edge-triggered flip-flop clocked by clk)
  Path Group: clk
  Path Type: max

  Des/Clust/Port     Wire Load Model       Library
  ------------------------------------------------
  ViT_top            Large                 slow_vdd1v2

  Point                                    Incr       Path
  -----------------------------------------------------------
  clock clk (rise edge)                  0.0000     0.0000
  clock network delay (ideal)            0.0000     0.0000
  input external delay                   0.9000     0.9000 r
  sram_rdata_b2[77] (in)                 0.0018     0.9018 r
  U9097/Y (OAI2BB1X2)                    0.1286     1.0304 r
  U17974/Y (XOR2XL)                      0.1180     1.1484 r
  U10589/Y (NAND2X2)                     0.1603     1.3087 f
  U36045/Y (OAI22XL)                     0.0848     1.3935 r
  U12036/CO (ADDFX1)                     0.2529     1.6465 r
  U11974/CO (ADDFX1)                     0.2241     1.8706 r
  U11731/S (ADDFX1)                      0.2794     2.1500 f
  U10648/S (ADDFX1)                      0.2684     2.4184 r
  U21372/CO (ADDFXL)                     0.1556     2.5740 r
  U21277/CO (ADDFXL)                     0.2157     2.7897 r
  U16901/Y (NAND2BXL)                    0.0560     2.8457 f
  U21169/Y (NAND2XL)                     0.0618     2.9076 r
  U9517/CO (ADDFXL)                      0.2291     3.1367 r
  U20066/S (ADDFXL)                      0.2308     3.3675 f
  U10633/Y (NOR2XL)                      0.0552     3.4227 r
  U19584/Y (OAI21XL)                     0.0888     3.5114 f
  U19734/Y (OAI2BB1XL)                   0.0762     3.5876 f
  U36704/Y (AOI21XL)                     0.0720     3.6596 r
  U21772/Y (XOR2XL)                      0.1315     3.7911 r
  bank2_proj_reg_reg_19_/D (DFFQXL)      0.0310     3.8221 r
  data arrival time                                 3.8221

  clock clk (rise edge)                  3.0000     3.0000
  clock network delay (ideal)            0.0000     3.0000
  bank2_proj_reg_reg_19_/CK (DFFQXL)     0.0000     3.0000 r
  library setup time                    -0.0583     2.9417
  data required time                                2.9417
  -----------------------------------------------------------
  data required time                                2.9417
  data arrival time                                -3.8221
  -----------------------------------------------------------
  slack (VIOLATED)                                 -0.8804


1
