 
****************************************
Report : timing
        -path full
        -delay min
        -max_paths 4
Design : ViT_top
Version: R-2020.09-SP5
Date   : Thu Nov 20 18:18:48 2025
****************************************

 # A fanout number of 1000 was used for high fanout net computations.

Operating Conditions: PVT_1P08V_125C   Library: slow_vdd1v2
Wire Load Model Mode: enclosed

  Startpoint: div0/dividend_t_reg_0__13_
              (rising edge-triggered flip-flop clocked by clk)
  Endpoint: div0/dividend_t_reg_4__13_
            (rising edge-triggered flip-flop clocked by clk)
  Path Group: clk
  Path Type: min

  Des/Clust/Port     Wire Load Model       Library
  ------------------------------------------------
  ViT_top            Large                 slow_vdd1v2
  div_mydesign_7     Small                 slow_vdd1v2

  Point                                                   Incr       Path
  --------------------------------------------------------------------------
  clock clk (rise edge)                                   0.00       0.00
  clock network delay (ideal)                             0.00       0.00
  div0/dividend_t_reg_0__13_/CK (DFFQXL)                  0.00 #     0.00 r
  div0/dividend_t_reg_0__13_/Q (DFFQXL)                   0.10       0.10 f
  div0/dividend_t_reg_4__13_/D (DFFQXL)                   0.01       0.11 f
  data arrival time                                                  0.11

  clock clk (rise edge)                                   0.00       0.00
  clock network delay (ideal)                             0.00       0.00
  div0/dividend_t_reg_4__13_/CK (DFFQXL)                  0.00       0.00 r
  library hold time                                       0.00       0.00
  data required time                                                 0.00
  --------------------------------------------------------------------------
  data required time                                                 0.00
  data arrival time                                                 -0.11
  --------------------------------------------------------------------------
  slack (MET)                                                        0.11


  Startpoint: div0/dividend_t_reg_0__12_
              (rising edge-triggered flip-flop clocked by clk)
  Endpoint: div0/dividend_t_reg_4__12_
            (rising edge-triggered flip-flop clocked by clk)
  Path Group: clk
  Path Type: min

  Des/Clust/Port     Wire Load Model       Library
  ------------------------------------------------
  ViT_top            Large                 slow_vdd1v2
  div_mydesign_7     Small                 slow_vdd1v2

  Point                                                   Incr       Path
  --------------------------------------------------------------------------
  clock clk (rise edge)                                   0.00       0.00
  clock network delay (ideal)                             0.00       0.00
  div0/dividend_t_reg_0__12_/CK (DFFQXL)                  0.00 #     0.00 r
  div0/dividend_t_reg_0__12_/Q (DFFQXL)                   0.10       0.10 f
  div0/dividend_t_reg_4__12_/D (DFFQXL)                   0.01       0.11 f
  data arrival time                                                  0.11

  clock clk (rise edge)                                   0.00       0.00
  clock network delay (ideal)                             0.00       0.00
  div0/dividend_t_reg_4__12_/CK (DFFQXL)                  0.00       0.00 r
  library hold time                                       0.00       0.00
  data required time                                                 0.00
  --------------------------------------------------------------------------
  data required time                                                 0.00
  data arrival time                                                 -0.11
  --------------------------------------------------------------------------
  slack (MET)                                                        0.11


  Startpoint: div0/dividend_t_reg_0__11_
              (rising edge-triggered flip-flop clocked by clk)
  Endpoint: div0/dividend_t_reg_4__11_
            (rising edge-triggered flip-flop clocked by clk)
  Path Group: clk
  Path Type: min

  Des/Clust/Port     Wire Load Model       Library
  ------------------------------------------------
  ViT_top            Large                 slow_vdd1v2
  div_mydesign_7     Small                 slow_vdd1v2

  Point                                                   Incr       Path
  --------------------------------------------------------------------------
  clock clk (rise edge)                                   0.00       0.00
  clock network delay (ideal)                             0.00       0.00
  div0/dividend_t_reg_0__11_/CK (DFFQXL)                  0.00 #     0.00 r
  div0/dividend_t_reg_0__11_/Q (DFFQXL)                   0.10       0.10 f
  div0/dividend_t_reg_4__11_/D (DFFQXL)                   0.01       0.11 f
  data arrival time                                                  0.11

  clock clk (rise edge)                                   0.00       0.00
  clock network delay (ideal)                             0.00       0.00
  div0/dividend_t_reg_4__11_/CK (DFFQXL)                  0.00       0.00 r
  library hold time                                       0.00       0.00
  data required time                                                 0.00
  --------------------------------------------------------------------------
  data required time                                                 0.00
  data arrival time                                                 -0.11
  --------------------------------------------------------------------------
  slack (MET)                                                        0.11


  Startpoint: div0/dividend_t_reg_0__10_
              (rising edge-triggered flip-flop clocked by clk)
  Endpoint: div0/dividend_t_reg_4__10_
            (rising edge-triggered flip-flop clocked by clk)
  Path Group: clk
  Path Type: min

  Des/Clust/Port     Wire Load Model       Library
  ------------------------------------------------
  ViT_top            Large                 slow_vdd1v2
  div_mydesign_7     Small                 slow_vdd1v2

  Point                                                   Incr       Path
  --------------------------------------------------------------------------
  clock clk (rise edge)                                   0.00       0.00
  clock network delay (ideal)                             0.00       0.00
  div0/dividend_t_reg_0__10_/CK (DFFQXL)                  0.00 #     0.00 r
  div0/dividend_t_reg_0__10_/Q (DFFQXL)                   0.10       0.10 f
  div0/dividend_t_reg_4__10_/D (DFFQXL)                   0.01       0.11 f
  data arrival time                                                  0.11

  clock clk (rise edge)                                   0.00       0.00
  clock network delay (ideal)                             0.00       0.00
  div0/dividend_t_reg_4__10_/CK (DFFQXL)                  0.00       0.00 r
  library hold time                                       0.00       0.00
  data required time                                                 0.00
  --------------------------------------------------------------------------
  data required time                                                 0.00
  data arrival time                                                 -0.11
  --------------------------------------------------------------------------
  slack (MET)                                                        0.11


1
