 
****************************************
Report : timing
        -path full
        -delay min
        -max_paths 4
Design : fir1
Version: R-2020.09-SP5
Date   : Sat Oct 25 17:48:45 2025
****************************************

Operating Conditions: PVT_1P08V_125C   Library: slow_vdd1v2
Wire Load Model Mode: enclosed

  Startpoint: clk_gate_cnt_reg/latch
              (negative level-sensitive latch clocked by clk)
  Endpoint: clk_gate_cnt_reg/main_gate
            (gating element for clock clk)
  Path Group: clk
  Path Type: min

  Des/Clust/Port     Wire Load Model       Library
  ------------------------------------------------
  fir1               Large                 slow_vdd1v2
  SNPS_CLOCK_GATE_HIGH_fir1
                     Small                 slow_vdd1v2

  Point                                                   Incr       Path
  --------------------------------------------------------------------------
  clock clk (fall edge)                                   1.65       1.65
  clock network delay (ideal)                             0.00       1.65
  clk_gate_cnt_reg/latch/GN (TLATNXL)                     0.00       1.65 f
  clk_gate_cnt_reg/latch/Q (TLATNXL)                      0.11       1.76 r
  clk_gate_cnt_reg/main_gate/A (AND2XL)                   0.01       1.77 r
  data arrival time                                                  1.77

  clock clk (fall edge)                                   1.65       1.65
  clock network delay (ideal)                             0.00       1.65
  clk_gate_cnt_reg/main_gate/B (AND2XL)                   0.00       1.65 f
  clock gating hold time                                  0.00       1.65
  data required time                                                 1.65
  --------------------------------------------------------------------------
  data required time                                                 1.65
  data arrival time                                                 -1.77
  --------------------------------------------------------------------------
  slack (MET)                                                        0.12


  Startpoint: DFF_reg_5__4_
              (rising edge-triggered flip-flop clocked by clk)
  Endpoint: DFF_reg_6__4_
            (rising edge-triggered flip-flop clocked by clk)
  Path Group: clk
  Path Type: min

  Des/Clust/Port     Wire Load Model       Library
  ------------------------------------------------
  fir1               Large                 slow_vdd1v2

  Point                                    Incr       Path
  -----------------------------------------------------------
  clock clk (rise edge)                    0.00       0.00
  clock network delay (ideal)              0.00       0.00
  DFF_reg_5__4_/CK (DFFRHQX1)              0.00       0.00 r
  DFF_reg_5__4_/Q (DFFRHQX1)               0.12       0.12 f
  DFF_reg_6__4_/D (DFFRX1)                 0.02       0.14 f
  data arrival time                                   0.14

  clock clk (rise edge)                    0.00       0.00
  clock network delay (ideal)              0.00       0.00
  DFF_reg_6__4_/CK (DFFRX1)                0.00       0.00 r
  library hold time                        0.00       0.00
  data required time                                  0.00
  -----------------------------------------------------------
  data required time                                  0.00
  data arrival time                                  -0.14
  -----------------------------------------------------------
  slack (MET)                                         0.14


  Startpoint: DFF_reg_5__5_
              (rising edge-triggered flip-flop clocked by clk)
  Endpoint: DFF_reg_6__5_
            (rising edge-triggered flip-flop clocked by clk)
  Path Group: clk
  Path Type: min

  Des/Clust/Port     Wire Load Model       Library
  ------------------------------------------------
  fir1               Large                 slow_vdd1v2

  Point                                    Incr       Path
  -----------------------------------------------------------
  clock clk (rise edge)                    0.00       0.00
  clock network delay (ideal)              0.00       0.00
  DFF_reg_5__5_/CK (DFFRHQX1)              0.00       0.00 r
  DFF_reg_5__5_/Q (DFFRHQX1)               0.12       0.12 f
  DFF_reg_6__5_/D (DFFRX1)                 0.02       0.14 f
  data arrival time                                   0.14

  clock clk (rise edge)                    0.00       0.00
  clock network delay (ideal)              0.00       0.00
  DFF_reg_6__5_/CK (DFFRX1)                0.00       0.00 r
  library hold time                        0.00       0.00
  data required time                                  0.00
  -----------------------------------------------------------
  data required time                                  0.00
  data arrival time                                  -0.14
  -----------------------------------------------------------
  slack (MET)                                         0.14


  Startpoint: DFF_reg_1__25_
              (rising edge-triggered flip-flop clocked by clk)
  Endpoint: DFF_reg_2__25_
            (rising edge-triggered flip-flop clocked by clk)
  Path Group: clk
  Path Type: min

  Des/Clust/Port     Wire Load Model       Library
  ------------------------------------------------
  fir1               Large                 slow_vdd1v2

  Point                                    Incr       Path
  -----------------------------------------------------------
  clock clk (rise edge)                    0.00       0.00
  clock network delay (ideal)              0.00       0.00
  DFF_reg_1__25_/CK (DFFRHQX1)             0.00       0.00 r
  DFF_reg_1__25_/Q (DFFRHQX1)              0.12       0.12 f
  DFF_reg_2__25_/D (DFFRHQX1)              0.03       0.14 f
  data arrival time                                   0.14

  clock clk (rise edge)                    0.00       0.00
  clock network delay (ideal)              0.00       0.00
  DFF_reg_2__25_/CK (DFFRHQX1)             0.00       0.00 r
  library hold time                        0.00       0.00
  data required time                                  0.00
  -----------------------------------------------------------
  data required time                                  0.00
  data arrival time                                  -0.14
  -----------------------------------------------------------
  slack (MET)                                         0.14


1
