 
****************************************
Report : timing
        -path full
        -delay max
        -max_paths 4
Design : fir1
Version: R-2020.09-SP5
Date   : Sat Oct 25 17:48:45 2025
****************************************

Operating Conditions: PVT_1P08V_125C   Library: slow_vdd1v2
Wire Load Model Mode: enclosed

  Startpoint: rst_n (input port clocked by clk)
  Endpoint: clk_gate_cnt_reg/latch
            (negative level-sensitive latch clocked by clk)
  Path Group: clk
  Path Type: max

  Des/Clust/Port     Wire Load Model       Library
  ------------------------------------------------
  fir1               Large                 slow_vdd1v2

  Point                                                   Incr       Path
  --------------------------------------------------------------------------
  clock clk (rise edge)                                   0.00       0.00
  clock network delay (ideal)                             0.00       0.00
  input external delay                                    2.00       2.00 r
  rst_n (in)                                              0.02       2.02 r
  U956/Y (NAND2XL)                                        0.06       2.08 f
  clk_gate_cnt_reg/EN (SNPS_CLOCK_GATE_HIGH_fir1)         0.00       2.08 f
  clk_gate_cnt_reg/latch/D (TLATNXL)                      0.03       2.11 f
  data arrival time                                                  2.11

  clock clk (fall edge)                                   1.65       1.65
  clock network delay (ideal)                             0.00       1.65
  clk_gate_cnt_reg/latch/GN (TLATNXL)                     0.00       1.65 f
  time borrowed from endpoint                             0.46       2.11
  data required time                                                 2.11
  --------------------------------------------------------------------------
  data required time                                                 2.11
  data arrival time                                                 -2.11
  --------------------------------------------------------------------------
  slack (MET)                                                        0.00

  Time Borrowing Information
  --------------------------------------------------------------
  clk nominal pulse width                                 1.65   
  library setup time                                     -0.04   
  --------------------------------------------------------------
  max time borrow                                         1.61   
  actual time borrow                                      0.46   
  --------------------------------------------------------------


  Startpoint: DFF_reg_0__2_
              (rising edge-triggered flip-flop clocked by clk)
  Endpoint: y_reg_15_ (rising edge-triggered flip-flop clocked by clk)
  Path Group: clk
  Path Type: max

  Des/Clust/Port     Wire Load Model       Library
  ------------------------------------------------
  fir1               Large                 slow_vdd1v2

  Point                                    Incr       Path
  -----------------------------------------------------------
  clock clk (rise edge)                    0.00       0.00
  clock network delay (ideal)              0.00       0.00
  DFF_reg_0__2_/CK (DFFRX1)                0.00       0.00 r
  DFF_reg_0__2_/Q (DFFRX1)                 0.16       0.16 r
  U298/CO (ADDFX1)                         0.19       0.35 r
  U112/S (ADDFXL)                          0.25       0.61 r
  U111/CO (ADDFX1)                         0.23       0.84 r
  U2346/CO (ADDFXL)                        0.22       1.06 r
  U119/CO (ADDFXL)                         0.22       1.28 r
  U2351/Y (XNOR2XL)                        0.11       1.39 f
  U2352/Y (XNOR2XL)                        0.12       1.51 r
  U2353/Y (NOR2XL)                         0.04       1.55 f
  U2369/Y (OAI21XL)                        0.07       1.62 r
  U2371/Y (AOI21XL)                        0.09       1.71 f
  U2373/Y (OAI21XL)                        0.08       1.79 r
  U2374/Y (AOI21XL)                        0.09       1.87 f
  U2376/Y (OAI21XL)                        0.08       1.95 r
  U2378/Y (AOI21XL)                        0.09       2.03 f
  U2380/Y (OAI21XL)                        0.08       2.11 r
  U2381/Y (AOI21XL)                        0.09       2.20 f
  U2383/Y (OAI21XL)                        0.08       2.27 r
  U2384/Y (AOI21XL)                        0.09       2.37 f
  U2386/Y (OAI21XL)                        0.08       2.45 r
  U2388/Y (AOI21XL)                        0.09       2.54 f
  U2389/Y (OAI21XL)                        0.08       2.62 r
  U2390/Y (AOI21XL)                        0.09       2.71 f
  U892/Y (NOR2BXL)                         0.08       2.78 r
  U1991/Y (NOR3XL)                         0.06       2.85 f
  U2027/Y (OAI21X1)                        0.11       2.96 r
  U2538/Y (OAI2BB1XL)                      0.09       3.05 r
  U2539/Y (XOR2XL)                         0.12       3.17 r
  y_reg_15_/RN (DFFTRXL)                   0.03       3.21 r
  data arrival time                                   3.21

  clock clk (rise edge)                    3.30       3.30
  clock network delay (ideal)              0.00       3.30
  y_reg_15_/CK (DFFTRXL)                   0.00       3.30 r
  library setup time                      -0.09       3.21
  data required time                                  3.21
  -----------------------------------------------------------
  data required time                                  3.21
  data arrival time                                  -3.21
  -----------------------------------------------------------
  slack (MET)                                         0.00


  Startpoint: DFF_reg_0__2_
              (rising edge-triggered flip-flop clocked by clk)
  Endpoint: y_reg_14_ (rising edge-triggered flip-flop clocked by clk)
  Path Group: clk
  Path Type: max

  Des/Clust/Port     Wire Load Model       Library
  ------------------------------------------------
  fir1               Large                 slow_vdd1v2

  Point                                    Incr       Path
  -----------------------------------------------------------
  clock clk (rise edge)                    0.00       0.00
  clock network delay (ideal)              0.00       0.00
  DFF_reg_0__2_/CK (DFFRX1)                0.00       0.00 r
  DFF_reg_0__2_/Q (DFFRX1)                 0.16       0.16 r
  U298/CO (ADDFX1)                         0.19       0.35 r
  U112/S (ADDFXL)                          0.25       0.61 r
  U111/CO (ADDFX1)                         0.23       0.84 r
  U2346/CO (ADDFXL)                        0.22       1.06 r
  U119/CO (ADDFXL)                         0.22       1.28 r
  U2351/Y (XNOR2XL)                        0.11       1.39 f
  U2352/Y (XNOR2XL)                        0.12       1.51 r
  U2353/Y (NOR2XL)                         0.04       1.55 f
  U2369/Y (OAI21XL)                        0.07       1.62 r
  U2371/Y (AOI21XL)                        0.09       1.71 f
  U2373/Y (OAI21XL)                        0.08       1.79 r
  U2374/Y (AOI21XL)                        0.09       1.87 f
  U2376/Y (OAI21XL)                        0.08       1.95 r
  U2378/Y (AOI21XL)                        0.09       2.03 f
  U2380/Y (OAI21XL)                        0.08       2.11 r
  U2381/Y (AOI21XL)                        0.09       2.20 f
  U2383/Y (OAI21XL)                        0.08       2.27 r
  U2384/Y (AOI21XL)                        0.09       2.37 f
  U2386/Y (OAI21XL)                        0.08       2.45 r
  U2388/Y (AOI21XL)                        0.09       2.54 f
  U2389/Y (OAI21XL)                        0.08       2.62 r
  U2390/Y (AOI21XL)                        0.09       2.71 f
  U892/Y (NOR2BXL)                         0.08       2.78 r
  U1991/Y (NOR3XL)                         0.06       2.85 f
  U2027/Y (OAI21X1)                        0.11       2.96 r
  U851/Y (AOI21XL)                         0.09       3.05 f
  U2392/Y (XOR2XL)                         0.12       3.17 r
  y_reg_14_/RN (DFFTRXL)                   0.03       3.20 r
  data arrival time                                   3.20

  clock clk (rise edge)                    3.30       3.30
  clock network delay (ideal)              0.00       3.30
  y_reg_14_/CK (DFFTRXL)                   0.00       3.30 r
  library setup time                      -0.09       3.21
  data required time                                  3.21
  -----------------------------------------------------------
  data required time                                  3.21
  data arrival time                                  -3.20
  -----------------------------------------------------------
  slack (MET)                                         0.00


  Startpoint: DFF_reg_0__2_
              (rising edge-triggered flip-flop clocked by clk)
  Endpoint: y_reg_11_ (rising edge-triggered flip-flop clocked by clk)
  Path Group: clk
  Path Type: max

  Des/Clust/Port     Wire Load Model       Library
  ------------------------------------------------
  fir1               Large                 slow_vdd1v2

  Point                                    Incr       Path
  -----------------------------------------------------------
  clock clk (rise edge)                    0.00       0.00
  clock network delay (ideal)              0.00       0.00
  DFF_reg_0__2_/CK (DFFRX1)                0.00       0.00 r
  DFF_reg_0__2_/Q (DFFRX1)                 0.16       0.16 r
  U298/CO (ADDFX1)                         0.19       0.35 r
  U112/S (ADDFXL)                          0.25       0.61 r
  U111/CO (ADDFX1)                         0.23       0.84 r
  U2346/CO (ADDFXL)                        0.22       1.06 r
  U119/CO (ADDFXL)                         0.22       1.28 r
  U2351/Y (XNOR2XL)                        0.11       1.39 f
  U2352/Y (XNOR2XL)                        0.12       1.51 r
  U2353/Y (NOR2XL)                         0.04       1.55 f
  U2369/Y (OAI21XL)                        0.07       1.62 r
  U2371/Y (AOI21XL)                        0.09       1.71 f
  U2373/Y (OAI21XL)                        0.08       1.79 r
  U2374/Y (AOI21XL)                        0.09       1.87 f
  U2376/Y (OAI21XL)                        0.08       1.95 r
  U2378/Y (AOI21XL)                        0.09       2.03 f
  U2380/Y (OAI21XL)                        0.08       2.11 r
  U2381/Y (AOI21XL)                        0.09       2.20 f
  U2383/Y (OAI21XL)                        0.08       2.27 r
  U2384/Y (AOI21XL)                        0.09       2.37 f
  U2386/Y (OAI21XL)                        0.08       2.45 r
  U2388/Y (AOI21XL)                        0.09       2.54 f
  U2389/Y (OAI21XL)                        0.08       2.62 r
  U2390/Y (AOI21XL)                        0.09       2.71 f
  U892/Y (NOR2BXL)                         0.08       2.78 r
  U1991/Y (NOR3XL)                         0.06       2.85 f
  U2027/Y (OAI21X1)                        0.11       2.96 r
  U852/Y (AOI21XL)                         0.09       3.05 f
  U2396/Y (XOR2XL)                         0.12       3.17 r
  y_reg_11_/RN (DFFTRXL)                   0.03       3.20 r
  data arrival time                                   3.20

  clock clk (rise edge)                    3.30       3.30
  clock network delay (ideal)              0.00       3.30
  y_reg_11_/CK (DFFTRXL)                   0.00       3.30 r
  library setup time                      -0.09       3.21
  data required time                                  3.21
  -----------------------------------------------------------
  data required time                                  3.21
  data arrival time                                  -3.20
  -----------------------------------------------------------
  slack (MET)                                         0.00


1
