 
****************************************
Report : timing
        -path full
        -delay max
        -max_paths 1
Design : fir1
Version: R-2020.09-SP5
Date   : Sat Oct 25 17:48:45 2025
****************************************

Operating Conditions: PVT_1P08V_125C   Library: slow_vdd1v2
Wire Load Model Mode: enclosed

  Startpoint: rst_n (input port clocked by clk)
  Endpoint: clk_gate_cnt_reg/latch
            (negative level-sensitive latch clocked by clk)
  Path Group: clk
  Path Type: max

  Des/Clust/Port     Wire Load Model       Library
  ------------------------------------------------
  fir1               Large                 slow_vdd1v2

  Point                                                   Incr       Path
  --------------------------------------------------------------------------
  clock clk (rise edge)                                 0.0000     0.0000
  clock network delay (ideal)                           0.0000     0.0000
  input external delay                                  2.0000     2.0000 r
  rst_n (in)                                            0.0169     2.0169 r
  U956/Y (NAND2XL)                                      0.0618     2.0787 f
  clk_gate_cnt_reg/EN (SNPS_CLOCK_GATE_HIGH_fir1)       0.0000     2.0787 f
  clk_gate_cnt_reg/latch/D (TLATNXL)                    0.0275     2.1062 f
  data arrival time                                                2.1062

  clock clk (fall edge)                                 1.6500     1.6500
  clock network delay (ideal)                           0.0000     1.6500
  clk_gate_cnt_reg/latch/GN (TLATNXL)                   0.0000     1.6500 f
  time borrowed from endpoint                           0.4562     2.1062
  data required time                                               2.1062
  --------------------------------------------------------------------------
  data required time                                               2.1062
  data arrival time                                               -2.1062
  --------------------------------------------------------------------------
  slack (MET)                                                      0.0000

  Time Borrowing Information
  --------------------------------------------------------------
  clk nominal pulse width                               1.6500   
  library setup time                                   -0.0415   
  --------------------------------------------------------------
  max time borrow                                       1.6085   
  actual time borrow                                    0.4562   
  --------------------------------------------------------------


1
