 
****************************************
Report : resources
Design : fir1
Version: R-2020.09-SP5
Date   : Sat Oct 25 16:58:32 2025
****************************************


Resource Report for this hierarchy in file ../hdl/fir1.v
=============================================================================
| Cell           | Module         | Parameters | Contained Operations       |
=============================================================================
| add_x_2        | DW01_inc       | width=6    | add_69 (fir1.v:69)         |
|                |                |            | add_71 (fir1.v:71)         |
| DP_OP_33J1_122_7298             |            |                            |
|                | DP_OP_33J1_122_7298 |       |                            |
=============================================================================

Datapath Report for DP_OP_33J1_122_7298
==============================================================================
| Cell                 | Contained Operations                                |
==============================================================================
| DP_OP_33J1_122_7298  | mult_256 (fir1.v:256) add_256 (fir1.v:256)          |
==============================================================================

==============================================================================
|       |      | Data     |       |                                          |
| Var   | Type | Class    | Width | Expression                               |
==============================================================================
| I1    | PI   | Unsigned | 32    |                                          |
| I2    | PI   | Unsigned | 32    |                                          |
| I3    | PI   | Unsigned | 32    |                                          |
| T6    | IFO  | Unsigned | 32    | I1 * I2 (fir1.v:256)                     |
| O1    | PO   | Unsigned | 32    | T6 + I3 (fir1.v:256)                     |
==============================================================================


Implementation Report
===============================================================================
|                    |                  | Current            | Set            |
| Cell               | Module           | Implementation     | Implementation |
===============================================================================
| add_x_2            | DW01_inc         | apparch (area)     |                |
| DP_OP_33J1_122_7298                   |                    |                |
|                    | DP_OP_33J1_122_7298 | str (area,speed)                 |
|                    |                  | mult_arch: benc_radix4              |
===============================================================================

1
