 
****************************************
check_design summary:
Version:     R-2020.09-SP5
Date:        Thu Nov  6 19:33:54 2025
****************************************

                   Name                                            Total
--------------------------------------------------------------------------------
Cells                                                             472
    Cells do not drive (LINT-1)                                   472
--------------------------------------------------------------------------------

Warning: In design 'qrcode_decoder', cell 'B_3707' does not drive any nets. (LINT-1)
Warning: In design 'qrcode_decoder', cell 'C27932' does not drive any nets. (LINT-1)
Warning: In design 'qrcode_decoder', cell 'C27966' does not drive any nets. (LINT-1)
Warning: In design 'qrcode_decoder', cell 'C27973' does not drive any nets. (LINT-1)
Warning: In design 'qrcode_decoder', cell 'B_3711' does not drive any nets. (LINT-1)
Warning: In design 'qrcode_decoder', cell 'C27995' does not drive any nets. (LINT-1)
Warning: In design 'qrcode_decoder', cell 'C27998' does not drive any nets. (LINT-1)
Warning: In design 'qrcode_decoder', cell 'B_3712' does not drive any nets. (LINT-1)
Warning: In design 'qrcode_decoder', cell 'B_3713' does not drive any nets. (LINT-1)
Warning: In design 'qrcode_decoder', cell 'B_3714' does not drive any nets. (LINT-1)
Warning: In design 'qrcode_decoder', cell 'B_3715' does not drive any nets. (LINT-1)
Warning: In design 'qrcode_decoder', cell 'C28148' does not drive any nets. (LINT-1)
Warning: In design 'qrcode_decoder', cell 'C28204' does not drive any nets. (LINT-1)
Warning: In design 'qrcode_decoder', cell 'C28205' does not drive any nets. (LINT-1)
Warning: In design 'qrcode_decoder', cell 'C28208' does not drive any nets. (LINT-1)
Warning: In design 'qrcode_decoder', cell 'C28209' does not drive any nets. (LINT-1)
Warning: In design 'qrcode_decoder', cell 'C28211' does not drive any nets. (LINT-1)
Warning: In design 'qrcode_decoder', cell 'C28213' does not drive any nets. (LINT-1)
Warning: In design 'qrcode_decoder', cell 'C28215' does not drive any nets. (LINT-1)
Warning: In design 'qrcode_decoder', cell 'C28217' does not drive any nets. (LINT-1)
Warning: In design 'qrcode_decoder', cell 'C28219' does not drive any nets. (LINT-1)
Warning: In design 'qrcode_decoder', cell 'C28221' does not drive any nets. (LINT-1)
Warning: In design 'qrcode_decoder', cell 'C28223' does not drive any nets. (LINT-1)
Warning: In design 'qrcode_decoder', cell 'C28225' does not drive any nets. (LINT-1)
Warning: In design 'qrcode_decoder', cell 'C28227' does not drive any nets. (LINT-1)
Warning: In design 'qrcode_decoder', cell 'C28229' does not drive any nets. (LINT-1)
Warning: In design 'qrcode_decoder', cell 'C28231' does not drive any nets. (LINT-1)
Warning: In design 'qrcode_decoder', cell 'C28233' does not drive any nets. (LINT-1)
Warning: In design 'qrcode_decoder', cell 'C28235' does not drive any nets. (LINT-1)
Warning: In design 'qrcode_decoder', cell 'C28237' does not drive any nets. (LINT-1)
Warning: In design 'qrcode_decoder', cell 'C28240' does not drive any nets. (LINT-1)
Warning: In design 'qrcode_decoder', cell 'C28241' does not drive any nets. (LINT-1)
Warning: In design 'qrcode_decoder', cell 'C28243' does not drive any nets. (LINT-1)
Warning: In design 'qrcode_decoder', cell 'C28245' does not drive any nets. (LINT-1)
Warning: In design 'qrcode_decoder', cell 'C28247' does not drive any nets. (LINT-1)
Warning: In design 'qrcode_decoder', cell 'C28249' does not drive any nets. (LINT-1)
Warning: In design 'qrcode_decoder', cell 'C28251' does not drive any nets. (LINT-1)
Warning: In design 'qrcode_decoder', cell 'C28253' does not drive any nets. (LINT-1)
Warning: In design 'qrcode_decoder', cell 'C28255' does not drive any nets. (LINT-1)
Warning: In design 'qrcode_decoder', cell 'C28257' does not drive any nets. (LINT-1)
Warning: In design 'qrcode_decoder', cell 'C28259' does not drive any nets. (LINT-1)
Warning: In design 'qrcode_decoder', cell 'C28261' does not drive any nets. (LINT-1)
Warning: In design 'qrcode_decoder', cell 'C28263' does not drive any nets. (LINT-1)
Warning: In design 'qrcode_decoder', cell 'C28265' does not drive any nets. (LINT-1)
Warning: In design 'qrcode_decoder', cell 'C28267' does not drive any nets. (LINT-1)
Warning: In design 'qrcode_decoder', cell 'C28269' does not drive any nets. (LINT-1)
Warning: In design 'qrcode_decoder', cell 'C28271' does not drive any nets. (LINT-1)
Warning: In design 'qrcode_decoder', cell 'C28274' does not drive any nets. (LINT-1)
Warning: In design 'qrcode_decoder', cell 'C28275' does not drive any nets. (LINT-1)
Warning: In design 'qrcode_decoder', cell 'C28277' does not drive any nets. (LINT-1)
Warning: In design 'qrcode_decoder', cell 'C28279' does not drive any nets. (LINT-1)
Warning: In design 'qrcode_decoder', cell 'C28281' does not drive any nets. (LINT-1)
Warning: In design 'qrcode_decoder', cell 'C28283' does not drive any nets. (LINT-1)
Warning: In design 'qrcode_decoder', cell 'C28285' does not drive any nets. (LINT-1)
Warning: In design 'qrcode_decoder', cell 'C28287' does not drive any nets. (LINT-1)
Warning: In design 'qrcode_decoder', cell 'C28289' does not drive any nets. (LINT-1)
Warning: In design 'qrcode_decoder', cell 'C28291' does not drive any nets. (LINT-1)
Warning: In design 'qrcode_decoder', cell 'C28293' does not drive any nets. (LINT-1)
Warning: In design 'qrcode_decoder', cell 'C28295' does not drive any nets. (LINT-1)
Warning: In design 'qrcode_decoder', cell 'C28297' does not drive any nets. (LINT-1)
Warning: In design 'qrcode_decoder', cell 'C28299' does not drive any nets. (LINT-1)
Warning: In design 'qrcode_decoder', cell 'C28301' does not drive any nets. (LINT-1)
Warning: In design 'qrcode_decoder', cell 'C28303' does not drive any nets. (LINT-1)
Warning: In design 'qrcode_decoder', cell 'C28305' does not drive any nets. (LINT-1)
Warning: In design 'qrcode_decoder', cell 'C28308' does not drive any nets. (LINT-1)
Warning: In design 'qrcode_decoder', cell 'C28309' does not drive any nets. (LINT-1)
Warning: In design 'qrcode_decoder', cell 'C28311' does not drive any nets. (LINT-1)
Warning: In design 'qrcode_decoder', cell 'C28313' does not drive any nets. (LINT-1)
Warning: In design 'qrcode_decoder', cell 'C28315' does not drive any nets. (LINT-1)
Warning: In design 'qrcode_decoder', cell 'C28317' does not drive any nets. (LINT-1)
Warning: In design 'qrcode_decoder', cell 'C28319' does not drive any nets. (LINT-1)
Warning: In design 'qrcode_decoder', cell 'C28321' does not drive any nets. (LINT-1)
Warning: In design 'qrcode_decoder', cell 'C28323' does not drive any nets. (LINT-1)
Warning: In design 'qrcode_decoder', cell 'C28325' does not drive any nets. (LINT-1)
Warning: In design 'qrcode_decoder', cell 'C28327' does not drive any nets. (LINT-1)
Warning: In design 'qrcode_decoder', cell 'C28329' does not drive any nets. (LINT-1)
Warning: In design 'qrcode_decoder', cell 'C28331' does not drive any nets. (LINT-1)
Warning: In design 'qrcode_decoder', cell 'C28333' does not drive any nets. (LINT-1)
Warning: In design 'qrcode_decoder', cell 'C28335' does not drive any nets. (LINT-1)
Warning: In design 'qrcode_decoder', cell 'C28337' does not drive any nets. (LINT-1)
Warning: In design 'qrcode_decoder', cell 'C28339' does not drive any nets. (LINT-1)
Warning: In design 'qrcode_decoder', cell 'C33684' does not drive any nets. (LINT-1)
Warning: In design 'qrcode_decoder', cell 'C33685' does not drive any nets. (LINT-1)
Warning: In design 'qrcode_decoder', cell 'C33688' does not drive any nets. (LINT-1)
Warning: In design 'qrcode_decoder', cell 'C33689' does not drive any nets. (LINT-1)
Warning: In design 'qrcode_decoder', cell 'C33691' does not drive any nets. (LINT-1)
Warning: In design 'qrcode_decoder', cell 'C33693' does not drive any nets. (LINT-1)
Warning: In design 'qrcode_decoder', cell 'C33696' does not drive any nets. (LINT-1)
Warning: In design 'qrcode_decoder', cell 'C33697' does not drive any nets. (LINT-1)
Warning: In design 'qrcode_decoder', cell 'C33699' does not drive any nets. (LINT-1)
Warning: In design 'qrcode_decoder', cell 'C33701' does not drive any nets. (LINT-1)
Warning: In design 'qrcode_decoder', cell 'C33703' does not drive any nets. (LINT-1)
Warning: In design 'qrcode_decoder', cell 'C33706' does not drive any nets. (LINT-1)
Warning: In design 'qrcode_decoder', cell 'C33707' does not drive any nets. (LINT-1)
Warning: In design 'qrcode_decoder', cell 'C33709' does not drive any nets. (LINT-1)
Warning: In design 'qrcode_decoder', cell 'C33711' does not drive any nets. (LINT-1)
Warning: In design 'qrcode_decoder', cell 'C33713' does not drive any nets. (LINT-1)
Warning: In design 'qrcode_decoder', cell 'C33716' does not drive any nets. (LINT-1)
Warning: In design 'qrcode_decoder', cell 'C33717' does not drive any nets. (LINT-1)
Warning: In design 'qrcode_decoder', cell 'C33719' does not drive any nets. (LINT-1)
Warning: In design 'qrcode_decoder', cell 'C33721' does not drive any nets. (LINT-1)
Warning: In design 'qrcode_decoder', cell 'C33723' does not drive any nets. (LINT-1)
Warning: In design 'qrcode_decoder', cell 'B_3725' does not drive any nets. (LINT-1)
Warning: In design 'qrcode_decoder', cell 'B_3726' does not drive any nets. (LINT-1)
Warning: In design 'qrcode_decoder', cell 'B_3727' does not drive any nets. (LINT-1)
Warning: In design 'qrcode_decoder', cell 'B_3728' does not drive any nets. (LINT-1)
Warning: In design 'qrcode_decoder', cell 'B_3729' does not drive any nets. (LINT-1)
Warning: In design 'qrcode_decoder', cell 'B_3730' does not drive any nets. (LINT-1)
Warning: In design 'qrcode_decoder', cell 'B_3731' does not drive any nets. (LINT-1)
Warning: In design 'qrcode_decoder', cell 'C34043' does not drive any nets. (LINT-1)
Warning: In design 'qrcode_decoder', cell 'C34044' does not drive any nets. (LINT-1)
Warning: In design 'qrcode_decoder', cell 'C34047' does not drive any nets. (LINT-1)
Warning: In design 'qrcode_decoder', cell 'C34048' does not drive any nets. (LINT-1)
Warning: In design 'qrcode_decoder', cell 'C34051' does not drive any nets. (LINT-1)
Warning: In design 'qrcode_decoder', cell 'C34052' does not drive any nets. (LINT-1)
Warning: In design 'qrcode_decoder', cell 'C34055' does not drive any nets. (LINT-1)
Warning: In design 'qrcode_decoder', cell 'C34056' does not drive any nets. (LINT-1)
Warning: In design 'qrcode_decoder', cell 'C34058' does not drive any nets. (LINT-1)
Warning: In design 'qrcode_decoder', cell 'C34060' does not drive any nets. (LINT-1)
Warning: In design 'qrcode_decoder', cell 'C34062' does not drive any nets. (LINT-1)
Warning: In design 'qrcode_decoder', cell 'C34064' does not drive any nets. (LINT-1)
Warning: In design 'qrcode_decoder', cell 'C34066' does not drive any nets. (LINT-1)
Warning: In design 'qrcode_decoder', cell 'C34068' does not drive any nets. (LINT-1)
Warning: In design 'qrcode_decoder', cell 'C34070' does not drive any nets. (LINT-1)
Warning: In design 'qrcode_decoder', cell 'C34072' does not drive any nets. (LINT-1)
Warning: In design 'qrcode_decoder', cell 'C34075' does not drive any nets. (LINT-1)
Warning: In design 'qrcode_decoder', cell 'C34076' does not drive any nets. (LINT-1)
Warning: In design 'qrcode_decoder', cell 'C34078' does not drive any nets. (LINT-1)
Warning: In design 'qrcode_decoder', cell 'C34080' does not drive any nets. (LINT-1)
Warning: In design 'qrcode_decoder', cell 'C34082' does not drive any nets. (LINT-1)
Warning: In design 'qrcode_decoder', cell 'C34084' does not drive any nets. (LINT-1)
Warning: In design 'qrcode_decoder', cell 'C34086' does not drive any nets. (LINT-1)
Warning: In design 'qrcode_decoder', cell 'C34088' does not drive any nets. (LINT-1)
Warning: In design 'qrcode_decoder', cell 'C34090' does not drive any nets. (LINT-1)
Warning: In design 'qrcode_decoder', cell 'C34092' does not drive any nets. (LINT-1)
Warning: In design 'qrcode_decoder', cell 'C34094' does not drive any nets. (LINT-1)
Warning: In design 'qrcode_decoder', cell 'C34096' does not drive any nets. (LINT-1)
Warning: In design 'qrcode_decoder', cell 'C34098' does not drive any nets. (LINT-1)
Warning: In design 'qrcode_decoder', cell 'C34101' does not drive any nets. (LINT-1)
Warning: In design 'qrcode_decoder', cell 'C34102' does not drive any nets. (LINT-1)
Warning: In design 'qrcode_decoder', cell 'C34104' does not drive any nets. (LINT-1)
Warning: In design 'qrcode_decoder', cell 'C34106' does not drive any nets. (LINT-1)
Warning: In design 'qrcode_decoder', cell 'C34108' does not drive any nets. (LINT-1)
Warning: In design 'qrcode_decoder', cell 'C34110' does not drive any nets. (LINT-1)
Warning: In design 'qrcode_decoder', cell 'C34112' does not drive any nets. (LINT-1)
Warning: In design 'qrcode_decoder', cell 'C34114' does not drive any nets. (LINT-1)
Warning: In design 'qrcode_decoder', cell 'C34116' does not drive any nets. (LINT-1)
Warning: In design 'qrcode_decoder', cell 'C34118' does not drive any nets. (LINT-1)
Warning: In design 'qrcode_decoder', cell 'C34120' does not drive any nets. (LINT-1)
Warning: In design 'qrcode_decoder', cell 'C34122' does not drive any nets. (LINT-1)
Warning: In design 'qrcode_decoder', cell 'C34124' does not drive any nets. (LINT-1)
Warning: In design 'qrcode_decoder', cell 'C34127' does not drive any nets. (LINT-1)
Warning: In design 'qrcode_decoder', cell 'C34128' does not drive any nets. (LINT-1)
Warning: In design 'qrcode_decoder', cell 'C34130' does not drive any nets. (LINT-1)
Warning: In design 'qrcode_decoder', cell 'C34132' does not drive any nets. (LINT-1)
Warning: In design 'qrcode_decoder', cell 'C34134' does not drive any nets. (LINT-1)
Warning: In design 'qrcode_decoder', cell 'C34136' does not drive any nets. (LINT-1)
Warning: In design 'qrcode_decoder', cell 'C34138' does not drive any nets. (LINT-1)
Warning: In design 'qrcode_decoder', cell 'C34140' does not drive any nets. (LINT-1)
Warning: In design 'qrcode_decoder', cell 'C34142' does not drive any nets. (LINT-1)
Warning: In design 'qrcode_decoder', cell 'C34144' does not drive any nets. (LINT-1)
Warning: In design 'qrcode_decoder', cell 'C34146' does not drive any nets. (LINT-1)
Warning: In design 'qrcode_decoder', cell 'C34148' does not drive any nets. (LINT-1)
Warning: In design 'qrcode_decoder', cell 'C34150' does not drive any nets. (LINT-1)
Warning: In design 'qrcode_decoder', cell 'B_3736' does not drive any nets. (LINT-1)
Warning: In design 'qrcode_decoder', cell 'B_3737' does not drive any nets. (LINT-1)
Warning: In design 'qrcode_decoder', cell 'B_3738' does not drive any nets. (LINT-1)
Warning: In design 'qrcode_decoder', cell 'B_3739' does not drive any nets. (LINT-1)
Warning: In design 'qrcode_decoder', cell 'B_3740' does not drive any nets. (LINT-1)
Warning: In design 'qrcode_decoder', cell 'B_3741' does not drive any nets. (LINT-1)
Warning: In design 'qrcode_decoder', cell 'B_3742' does not drive any nets. (LINT-1)
Warning: In design 'qrcode_decoder', cell 'B_3743' does not drive any nets. (LINT-1)
Warning: In design 'qrcode_decoder', cell 'B_3744' does not drive any nets. (LINT-1)
Warning: In design 'qrcode_decoder', cell 'B_3745' does not drive any nets. (LINT-1)
Warning: In design 'qrcode_decoder', cell 'B_3746' does not drive any nets. (LINT-1)
Warning: In design 'qrcode_decoder', cell 'C34439' does not drive any nets. (LINT-1)
Warning: In design 'qrcode_decoder', cell 'C34444' does not drive any nets. (LINT-1)
Warning: In design 'qrcode_decoder', cell 'C34456' does not drive any nets. (LINT-1)
Warning: In design 'qrcode_decoder', cell 'C34461' does not drive any nets. (LINT-1)
Warning: In design 'qrcode_decoder', cell 'C34473' does not drive any nets. (LINT-1)
Warning: In design 'qrcode_decoder', cell 'C34478' does not drive any nets. (LINT-1)
Warning: In design 'qrcode_decoder', cell 'C34490' does not drive any nets. (LINT-1)
Warning: In design 'qrcode_decoder', cell 'C34495' does not drive any nets. (LINT-1)
Warning: In design 'qrcode_decoder', cell 'C34507' does not drive any nets. (LINT-1)
Warning: In design 'qrcode_decoder', cell 'C34512' does not drive any nets. (LINT-1)
Warning: In design 'qrcode_decoder', cell 'C34524' does not drive any nets. (LINT-1)
Warning: In design 'qrcode_decoder', cell 'C34529' does not drive any nets. (LINT-1)
Warning: In design 'qrcode_decoder', cell 'C34541' does not drive any nets. (LINT-1)
Warning: In design 'qrcode_decoder', cell 'C34546' does not drive any nets. (LINT-1)
Warning: In design 'qrcode_decoder', cell 'C34558' does not drive any nets. (LINT-1)
Warning: In design 'qrcode_decoder', cell 'C34563' does not drive any nets. (LINT-1)
Warning: In design 'qrcode_decoder', cell 'C34575' does not drive any nets. (LINT-1)
Warning: In design 'qrcode_decoder', cell 'C34580' does not drive any nets. (LINT-1)
Warning: In design 'qrcode_decoder', cell 'C34592' does not drive any nets. (LINT-1)
Warning: In design 'qrcode_decoder', cell 'C34597' does not drive any nets. (LINT-1)
Warning: In design 'qrcode_decoder', cell 'C34609' does not drive any nets. (LINT-1)
Warning: In design 'qrcode_decoder', cell 'C34614' does not drive any nets. (LINT-1)
Warning: In design 'qrcode_decoder', cell 'C34626' does not drive any nets. (LINT-1)
Warning: In design 'qrcode_decoder', cell 'C34631' does not drive any nets. (LINT-1)
Warning: In design 'qrcode_decoder', cell 'C34643' does not drive any nets. (LINT-1)
Warning: In design 'qrcode_decoder', cell 'C34648' does not drive any nets. (LINT-1)
Warning: In design 'qrcode_decoder', cell 'C34660' does not drive any nets. (LINT-1)
Warning: In design 'qrcode_decoder', cell 'C34665' does not drive any nets. (LINT-1)
Warning: In design 'qrcode_decoder', cell 'C34677' does not drive any nets. (LINT-1)
Warning: In design 'qrcode_decoder', cell 'C34682' does not drive any nets. (LINT-1)
Warning: In design 'qrcode_decoder', cell 'C34694' does not drive any nets. (LINT-1)
Warning: In design 'qrcode_decoder', cell 'C34699' does not drive any nets. (LINT-1)
Warning: In design 'qrcode_decoder', cell 'C34712' does not drive any nets. (LINT-1)
Warning: In design 'qrcode_decoder', cell 'C34717' does not drive any nets. (LINT-1)
Warning: In design 'qrcode_decoder', cell 'C34729' does not drive any nets. (LINT-1)
Warning: In design 'qrcode_decoder', cell 'C34734' does not drive any nets. (LINT-1)
Warning: In design 'qrcode_decoder', cell 'C34746' does not drive any nets. (LINT-1)
Warning: In design 'qrcode_decoder', cell 'C34751' does not drive any nets. (LINT-1)
Warning: In design 'qrcode_decoder', cell 'C34763' does not drive any nets. (LINT-1)
Warning: In design 'qrcode_decoder', cell 'C34768' does not drive any nets. (LINT-1)
Warning: In design 'qrcode_decoder', cell 'C34780' does not drive any nets. (LINT-1)
Warning: In design 'qrcode_decoder', cell 'C34785' does not drive any nets. (LINT-1)
Warning: In design 'qrcode_decoder', cell 'C34797' does not drive any nets. (LINT-1)
Warning: In design 'qrcode_decoder', cell 'C34802' does not drive any nets. (LINT-1)
Warning: In design 'qrcode_decoder', cell 'C34814' does not drive any nets. (LINT-1)
Warning: In design 'qrcode_decoder', cell 'C34819' does not drive any nets. (LINT-1)
Warning: In design 'qrcode_decoder', cell 'C34831' does not drive any nets. (LINT-1)
Warning: In design 'qrcode_decoder', cell 'C34836' does not drive any nets. (LINT-1)
Warning: In design 'qrcode_decoder', cell 'C34848' does not drive any nets. (LINT-1)
Warning: In design 'qrcode_decoder', cell 'C34853' does not drive any nets. (LINT-1)
Warning: In design 'qrcode_decoder', cell 'C34865' does not drive any nets. (LINT-1)
Warning: In design 'qrcode_decoder', cell 'C34870' does not drive any nets. (LINT-1)
Warning: In design 'qrcode_decoder', cell 'C34882' does not drive any nets. (LINT-1)
Warning: In design 'qrcode_decoder', cell 'C34887' does not drive any nets. (LINT-1)
Warning: In design 'qrcode_decoder', cell 'C34899' does not drive any nets. (LINT-1)
Warning: In design 'qrcode_decoder', cell 'C34904' does not drive any nets. (LINT-1)
Warning: In design 'qrcode_decoder', cell 'C34916' does not drive any nets. (LINT-1)
Warning: In design 'qrcode_decoder', cell 'C34921' does not drive any nets. (LINT-1)
Warning: In design 'qrcode_decoder', cell 'C34933' does not drive any nets. (LINT-1)
Warning: In design 'qrcode_decoder', cell 'C34938' does not drive any nets. (LINT-1)
Warning: In design 'qrcode_decoder', cell 'C34950' does not drive any nets. (LINT-1)
Warning: In design 'qrcode_decoder', cell 'C34955' does not drive any nets. (LINT-1)
Warning: In design 'qrcode_decoder', cell 'C34967' does not drive any nets. (LINT-1)
Warning: In design 'qrcode_decoder', cell 'C34972' does not drive any nets. (LINT-1)
Warning: In design 'qrcode_decoder', cell 'C34985' does not drive any nets. (LINT-1)
Warning: In design 'qrcode_decoder', cell 'C34990' does not drive any nets. (LINT-1)
Warning: In design 'qrcode_decoder', cell 'C35002' does not drive any nets. (LINT-1)
Warning: In design 'qrcode_decoder', cell 'C35007' does not drive any nets. (LINT-1)
Warning: In design 'qrcode_decoder', cell 'C35019' does not drive any nets. (LINT-1)
Warning: In design 'qrcode_decoder', cell 'C35024' does not drive any nets. (LINT-1)
Warning: In design 'qrcode_decoder', cell 'C35036' does not drive any nets. (LINT-1)
Warning: In design 'qrcode_decoder', cell 'C35041' does not drive any nets. (LINT-1)
Warning: In design 'qrcode_decoder', cell 'C35053' does not drive any nets. (LINT-1)
Warning: In design 'qrcode_decoder', cell 'C35058' does not drive any nets. (LINT-1)
Warning: In design 'qrcode_decoder', cell 'C35070' does not drive any nets. (LINT-1)
Warning: In design 'qrcode_decoder', cell 'C35075' does not drive any nets. (LINT-1)
Warning: In design 'qrcode_decoder', cell 'C35087' does not drive any nets. (LINT-1)
Warning: In design 'qrcode_decoder', cell 'C35092' does not drive any nets. (LINT-1)
Warning: In design 'qrcode_decoder', cell 'C35104' does not drive any nets. (LINT-1)
Warning: In design 'qrcode_decoder', cell 'C35109' does not drive any nets. (LINT-1)
Warning: In design 'qrcode_decoder', cell 'C35121' does not drive any nets. (LINT-1)
Warning: In design 'qrcode_decoder', cell 'C35126' does not drive any nets. (LINT-1)
Warning: In design 'qrcode_decoder', cell 'C35138' does not drive any nets. (LINT-1)
Warning: In design 'qrcode_decoder', cell 'C35143' does not drive any nets. (LINT-1)
Warning: In design 'qrcode_decoder', cell 'C35155' does not drive any nets. (LINT-1)
Warning: In design 'qrcode_decoder', cell 'C35160' does not drive any nets. (LINT-1)
Warning: In design 'qrcode_decoder', cell 'C35172' does not drive any nets. (LINT-1)
Warning: In design 'qrcode_decoder', cell 'C35177' does not drive any nets. (LINT-1)
Warning: In design 'qrcode_decoder', cell 'C35189' does not drive any nets. (LINT-1)
Warning: In design 'qrcode_decoder', cell 'C35194' does not drive any nets. (LINT-1)
Warning: In design 'qrcode_decoder', cell 'C35206' does not drive any nets. (LINT-1)
Warning: In design 'qrcode_decoder', cell 'C35211' does not drive any nets. (LINT-1)
Warning: In design 'qrcode_decoder', cell 'C35223' does not drive any nets. (LINT-1)
Warning: In design 'qrcode_decoder', cell 'C35228' does not drive any nets. (LINT-1)
Warning: In design 'qrcode_decoder', cell 'C35240' does not drive any nets. (LINT-1)
Warning: In design 'qrcode_decoder', cell 'C35245' does not drive any nets. (LINT-1)
Warning: In design 'qrcode_decoder', cell 'C35258' does not drive any nets. (LINT-1)
Warning: In design 'qrcode_decoder', cell 'C35263' does not drive any nets. (LINT-1)
Warning: In design 'qrcode_decoder', cell 'C35275' does not drive any nets. (LINT-1)
Warning: In design 'qrcode_decoder', cell 'C35280' does not drive any nets. (LINT-1)
Warning: In design 'qrcode_decoder', cell 'C35292' does not drive any nets. (LINT-1)
Warning: In design 'qrcode_decoder', cell 'C35297' does not drive any nets. (LINT-1)
Warning: In design 'qrcode_decoder', cell 'C35309' does not drive any nets. (LINT-1)
Warning: In design 'qrcode_decoder', cell 'C35314' does not drive any nets. (LINT-1)
Warning: In design 'qrcode_decoder', cell 'C35326' does not drive any nets. (LINT-1)
Warning: In design 'qrcode_decoder', cell 'C35331' does not drive any nets. (LINT-1)
Warning: In design 'qrcode_decoder', cell 'C35343' does not drive any nets. (LINT-1)
Warning: In design 'qrcode_decoder', cell 'C35348' does not drive any nets. (LINT-1)
Warning: In design 'qrcode_decoder', cell 'C35360' does not drive any nets. (LINT-1)
Warning: In design 'qrcode_decoder', cell 'C35365' does not drive any nets. (LINT-1)
Warning: In design 'qrcode_decoder', cell 'C35377' does not drive any nets. (LINT-1)
Warning: In design 'qrcode_decoder', cell 'C35382' does not drive any nets. (LINT-1)
Warning: In design 'qrcode_decoder', cell 'C35394' does not drive any nets. (LINT-1)
Warning: In design 'qrcode_decoder', cell 'C35399' does not drive any nets. (LINT-1)
Warning: In design 'qrcode_decoder', cell 'C35411' does not drive any nets. (LINT-1)
Warning: In design 'qrcode_decoder', cell 'C35416' does not drive any nets. (LINT-1)
Warning: In design 'qrcode_decoder', cell 'C35428' does not drive any nets. (LINT-1)
Warning: In design 'qrcode_decoder', cell 'C35433' does not drive any nets. (LINT-1)
Warning: In design 'qrcode_decoder', cell 'C35445' does not drive any nets. (LINT-1)
Warning: In design 'qrcode_decoder', cell 'C35450' does not drive any nets. (LINT-1)
Warning: In design 'qrcode_decoder', cell 'C35462' does not drive any nets. (LINT-1)
Warning: In design 'qrcode_decoder', cell 'C35467' does not drive any nets. (LINT-1)
Warning: In design 'qrcode_decoder', cell 'C35479' does not drive any nets. (LINT-1)
Warning: In design 'qrcode_decoder', cell 'C35484' does not drive any nets. (LINT-1)
Warning: In design 'qrcode_decoder', cell 'C35496' does not drive any nets. (LINT-1)
Warning: In design 'qrcode_decoder', cell 'C35501' does not drive any nets. (LINT-1)
Warning: In design 'qrcode_decoder', cell 'C35513' does not drive any nets. (LINT-1)
Warning: In design 'qrcode_decoder', cell 'C35518' does not drive any nets. (LINT-1)
Warning: In design 'qrcode_decoder', cell 'C35598' does not drive any nets. (LINT-1)
Warning: In design 'qrcode_decoder', cell 'C35602' does not drive any nets. (LINT-1)
Warning: In design 'qrcode_decoder', cell 'C35612' does not drive any nets. (LINT-1)
Warning: In design 'qrcode_decoder', cell 'C35616' does not drive any nets. (LINT-1)
Warning: In design 'qrcode_decoder', cell 'C35626' does not drive any nets. (LINT-1)
Warning: In design 'qrcode_decoder', cell 'C35630' does not drive any nets. (LINT-1)
Warning: In design 'qrcode_decoder', cell 'C35640' does not drive any nets. (LINT-1)
Warning: In design 'qrcode_decoder', cell 'C35644' does not drive any nets. (LINT-1)
Warning: In design 'qrcode_decoder', cell 'C35654' does not drive any nets. (LINT-1)
Warning: In design 'qrcode_decoder', cell 'C35658' does not drive any nets. (LINT-1)
Warning: In design 'qrcode_decoder', cell 'C35668' does not drive any nets. (LINT-1)
Warning: In design 'qrcode_decoder', cell 'C35672' does not drive any nets. (LINT-1)
Warning: In design 'qrcode_decoder', cell 'C35682' does not drive any nets. (LINT-1)
Warning: In design 'qrcode_decoder', cell 'C35686' does not drive any nets. (LINT-1)
Warning: In design 'qrcode_decoder', cell 'C35696' does not drive any nets. (LINT-1)
Warning: In design 'qrcode_decoder', cell 'C35700' does not drive any nets. (LINT-1)
Warning: In design 'qrcode_decoder', cell 'C35710' does not drive any nets. (LINT-1)
Warning: In design 'qrcode_decoder', cell 'C35714' does not drive any nets. (LINT-1)
Warning: In design 'qrcode_decoder', cell 'C35724' does not drive any nets. (LINT-1)
Warning: In design 'qrcode_decoder', cell 'C35728' does not drive any nets. (LINT-1)
Warning: In design 'qrcode_decoder', cell 'C35738' does not drive any nets. (LINT-1)
Warning: In design 'qrcode_decoder', cell 'C35742' does not drive any nets. (LINT-1)
Warning: In design 'qrcode_decoder', cell 'C35752' does not drive any nets. (LINT-1)
Warning: In design 'qrcode_decoder', cell 'C35756' does not drive any nets. (LINT-1)
Warning: In design 'qrcode_decoder', cell 'C35766' does not drive any nets. (LINT-1)
Warning: In design 'qrcode_decoder', cell 'C35770' does not drive any nets. (LINT-1)
Warning: In design 'qrcode_decoder', cell 'C35780' does not drive any nets. (LINT-1)
Warning: In design 'qrcode_decoder', cell 'C35784' does not drive any nets. (LINT-1)
Warning: In design 'qrcode_decoder', cell 'C35794' does not drive any nets. (LINT-1)
Warning: In design 'qrcode_decoder', cell 'C35798' does not drive any nets. (LINT-1)
Warning: In design 'qrcode_decoder', cell 'C35808' does not drive any nets. (LINT-1)
Warning: In design 'qrcode_decoder', cell 'C35812' does not drive any nets. (LINT-1)
Warning: In design 'qrcode_decoder', cell 'C35823' does not drive any nets. (LINT-1)
Warning: In design 'qrcode_decoder', cell 'C35827' does not drive any nets. (LINT-1)
Warning: In design 'qrcode_decoder', cell 'C35837' does not drive any nets. (LINT-1)
Warning: In design 'qrcode_decoder', cell 'C35841' does not drive any nets. (LINT-1)
Warning: In design 'qrcode_decoder', cell 'C35851' does not drive any nets. (LINT-1)
Warning: In design 'qrcode_decoder', cell 'C35855' does not drive any nets. (LINT-1)
Warning: In design 'qrcode_decoder', cell 'C35865' does not drive any nets. (LINT-1)
Warning: In design 'qrcode_decoder', cell 'C35869' does not drive any nets. (LINT-1)
Warning: In design 'qrcode_decoder', cell 'C35879' does not drive any nets. (LINT-1)
Warning: In design 'qrcode_decoder', cell 'C35883' does not drive any nets. (LINT-1)
Warning: In design 'qrcode_decoder', cell 'C35893' does not drive any nets. (LINT-1)
Warning: In design 'qrcode_decoder', cell 'C35897' does not drive any nets. (LINT-1)
Warning: In design 'qrcode_decoder', cell 'C35907' does not drive any nets. (LINT-1)
Warning: In design 'qrcode_decoder', cell 'C35911' does not drive any nets. (LINT-1)
Warning: In design 'qrcode_decoder', cell 'C35921' does not drive any nets. (LINT-1)
Warning: In design 'qrcode_decoder', cell 'C35925' does not drive any nets. (LINT-1)
Warning: In design 'qrcode_decoder', cell 'C35935' does not drive any nets. (LINT-1)
Warning: In design 'qrcode_decoder', cell 'C35939' does not drive any nets. (LINT-1)
Warning: In design 'qrcode_decoder', cell 'C35949' does not drive any nets. (LINT-1)
Warning: In design 'qrcode_decoder', cell 'C35953' does not drive any nets. (LINT-1)
Warning: In design 'qrcode_decoder', cell 'C35963' does not drive any nets. (LINT-1)
Warning: In design 'qrcode_decoder', cell 'C35967' does not drive any nets. (LINT-1)
Warning: In design 'qrcode_decoder', cell 'C35977' does not drive any nets. (LINT-1)
Warning: In design 'qrcode_decoder', cell 'C35981' does not drive any nets. (LINT-1)
Warning: In design 'qrcode_decoder', cell 'C35991' does not drive any nets. (LINT-1)
Warning: In design 'qrcode_decoder', cell 'C35995' does not drive any nets. (LINT-1)
Warning: In design 'qrcode_decoder', cell 'C36005' does not drive any nets. (LINT-1)
Warning: In design 'qrcode_decoder', cell 'C36009' does not drive any nets. (LINT-1)
Warning: In design 'qrcode_decoder', cell 'C36019' does not drive any nets. (LINT-1)
Warning: In design 'qrcode_decoder', cell 'C36023' does not drive any nets. (LINT-1)
Warning: In design 'qrcode_decoder', cell 'C36033' does not drive any nets. (LINT-1)
Warning: In design 'qrcode_decoder', cell 'C36037' does not drive any nets. (LINT-1)
Warning: In design 'qrcode_decoder', cell 'C36048' does not drive any nets. (LINT-1)
Warning: In design 'qrcode_decoder', cell 'C36052' does not drive any nets. (LINT-1)
Warning: In design 'qrcode_decoder', cell 'C36062' does not drive any nets. (LINT-1)
Warning: In design 'qrcode_decoder', cell 'C36066' does not drive any nets. (LINT-1)
Warning: In design 'qrcode_decoder', cell 'C36076' does not drive any nets. (LINT-1)
Warning: In design 'qrcode_decoder', cell 'C36080' does not drive any nets. (LINT-1)
Warning: In design 'qrcode_decoder', cell 'C36090' does not drive any nets. (LINT-1)
Warning: In design 'qrcode_decoder', cell 'C36094' does not drive any nets. (LINT-1)
Warning: In design 'qrcode_decoder', cell 'C36104' does not drive any nets. (LINT-1)
Warning: In design 'qrcode_decoder', cell 'C36108' does not drive any nets. (LINT-1)
Warning: In design 'qrcode_decoder', cell 'C36118' does not drive any nets. (LINT-1)
Warning: In design 'qrcode_decoder', cell 'C36122' does not drive any nets. (LINT-1)
Warning: In design 'qrcode_decoder', cell 'C36132' does not drive any nets. (LINT-1)
Warning: In design 'qrcode_decoder', cell 'C36136' does not drive any nets. (LINT-1)
Warning: In design 'qrcode_decoder', cell 'C36146' does not drive any nets. (LINT-1)
Warning: In design 'qrcode_decoder', cell 'C36150' does not drive any nets. (LINT-1)
Warning: In design 'qrcode_decoder', cell 'C36160' does not drive any nets. (LINT-1)
Warning: In design 'qrcode_decoder', cell 'C36164' does not drive any nets. (LINT-1)
Warning: In design 'qrcode_decoder', cell 'C36174' does not drive any nets. (LINT-1)
Warning: In design 'qrcode_decoder', cell 'C36178' does not drive any nets. (LINT-1)
Warning: In design 'qrcode_decoder', cell 'C36188' does not drive any nets. (LINT-1)
Warning: In design 'qrcode_decoder', cell 'C36192' does not drive any nets. (LINT-1)
Warning: In design 'qrcode_decoder', cell 'C36202' does not drive any nets. (LINT-1)
Warning: In design 'qrcode_decoder', cell 'C36206' does not drive any nets. (LINT-1)
Warning: In design 'qrcode_decoder', cell 'C36216' does not drive any nets. (LINT-1)
Warning: In design 'qrcode_decoder', cell 'C36220' does not drive any nets. (LINT-1)
Warning: In design 'qrcode_decoder', cell 'C36230' does not drive any nets. (LINT-1)
Warning: In design 'qrcode_decoder', cell 'C36234' does not drive any nets. (LINT-1)
Warning: In design 'qrcode_decoder', cell 'C36244' does not drive any nets. (LINT-1)
Warning: In design 'qrcode_decoder', cell 'C36248' does not drive any nets. (LINT-1)
Warning: In design 'qrcode_decoder', cell 'C36258' does not drive any nets. (LINT-1)
Warning: In design 'qrcode_decoder', cell 'C36262' does not drive any nets. (LINT-1)
Warning: In design 'qrcode_decoder', cell 'C36273' does not drive any nets. (LINT-1)
Warning: In design 'qrcode_decoder', cell 'C36277' does not drive any nets. (LINT-1)
Warning: In design 'qrcode_decoder', cell 'C36287' does not drive any nets. (LINT-1)
Warning: In design 'qrcode_decoder', cell 'C36291' does not drive any nets. (LINT-1)
Warning: In design 'qrcode_decoder', cell 'C36301' does not drive any nets. (LINT-1)
Warning: In design 'qrcode_decoder', cell 'C36305' does not drive any nets. (LINT-1)
Warning: In design 'qrcode_decoder', cell 'C36315' does not drive any nets. (LINT-1)
Warning: In design 'qrcode_decoder', cell 'C36319' does not drive any nets. (LINT-1)
Warning: In design 'qrcode_decoder', cell 'C36329' does not drive any nets. (LINT-1)
Warning: In design 'qrcode_decoder', cell 'C36333' does not drive any nets. (LINT-1)
Warning: In design 'qrcode_decoder', cell 'C36343' does not drive any nets. (LINT-1)
Warning: In design 'qrcode_decoder', cell 'C36347' does not drive any nets. (LINT-1)
Warning: In design 'qrcode_decoder', cell 'C36357' does not drive any nets. (LINT-1)
Warning: In design 'qrcode_decoder', cell 'C36361' does not drive any nets. (LINT-1)
Warning: In design 'qrcode_decoder', cell 'C36371' does not drive any nets. (LINT-1)
Warning: In design 'qrcode_decoder', cell 'C36375' does not drive any nets. (LINT-1)
Warning: In design 'qrcode_decoder', cell 'C36385' does not drive any nets. (LINT-1)
Warning: In design 'qrcode_decoder', cell 'C36389' does not drive any nets. (LINT-1)
Warning: In design 'qrcode_decoder', cell 'C36399' does not drive any nets. (LINT-1)
Warning: In design 'qrcode_decoder', cell 'C36403' does not drive any nets. (LINT-1)
Warning: In design 'qrcode_decoder', cell 'C36413' does not drive any nets. (LINT-1)
Warning: In design 'qrcode_decoder', cell 'C36417' does not drive any nets. (LINT-1)
Warning: In design 'qrcode_decoder', cell 'C36427' does not drive any nets. (LINT-1)
Warning: In design 'qrcode_decoder', cell 'C36431' does not drive any nets. (LINT-1)
Warning: In design 'qrcode_decoder', cell 'C36441' does not drive any nets. (LINT-1)
Warning: In design 'qrcode_decoder', cell 'C36445' does not drive any nets. (LINT-1)
Warning: In design 'qrcode_decoder', cell 'C36455' does not drive any nets. (LINT-1)
Warning: In design 'qrcode_decoder', cell 'C36459' does not drive any nets. (LINT-1)
Warning: In design 'qrcode_decoder', cell 'C36469' does not drive any nets. (LINT-1)
Warning: In design 'qrcode_decoder', cell 'C36473' does not drive any nets. (LINT-1)
Warning: In design 'qrcode_decoder', cell 'C36483' does not drive any nets. (LINT-1)
Warning: In design 'qrcode_decoder', cell 'C36487' does not drive any nets. (LINT-1)
Warning: In design 'qrcode_decoder', cell 'C36494' does not drive any nets. (LINT-1)
Warning: In design 'qrcode_decoder', cell 'C36548' does not drive any nets. (LINT-1)
Warning: In design 'qrcode_decoder', cell 'C36561' does not drive any nets. (LINT-1)
Warning: In design 'qrcode_decoder', cell 'C36566' does not drive any nets. (LINT-1)
Warning: In design 'qrcode_decoder', cell 'C36571' does not drive any nets. (LINT-1)
Warning: In design 'qrcode_decoder', cell 'C36576' does not drive any nets. (LINT-1)
Warning: In design 'qrcode_decoder', cell 'C36581' does not drive any nets. (LINT-1)
Warning: In design 'qrcode_decoder', cell 'C36586' does not drive any nets. (LINT-1)
Warning: In design 'qrcode_decoder', cell 'C36591' does not drive any nets. (LINT-1)
Warning: In design 'qrcode_decoder', cell 'C36596' does not drive any nets. (LINT-1)
Warning: In design 'qrcode_decoder', cell 'C36601' does not drive any nets. (LINT-1)
Warning: In design 'qrcode_decoder', cell 'C36606' does not drive any nets. (LINT-1)
Warning: In design 'qrcode_decoder', cell 'C36611' does not drive any nets. (LINT-1)
Warning: In design 'qrcode_decoder', cell 'C36616' does not drive any nets. (LINT-1)
Warning: In design 'qrcode_decoder', cell 'C36621' does not drive any nets. (LINT-1)
Warning: In design 'qrcode_decoder', cell 'C36626' does not drive any nets. (LINT-1)
Warning: In design 'qrcode_decoder', cell 'C36631' does not drive any nets. (LINT-1)
Warning: In design 'qrcode_decoder', cell 'C36636' does not drive any nets. (LINT-1)
Warning: In design 'qrcode_decoder', cell 'C36897' does not drive any nets. (LINT-1)
Warning: In design 'qrcode_decoder', cell 'C36904' does not drive any nets. (LINT-1)
Warning: In design 'qrcode_decoder', cell 'C36911' does not drive any nets. (LINT-1)
Warning: In design 'qrcode_decoder', cell 'C36918' does not drive any nets. (LINT-1)
Warning: In design 'qrcode_decoder', cell 'C36925' does not drive any nets. (LINT-1)
Warning: In design 'qrcode_decoder', cell 'C36932' does not drive any nets. (LINT-1)
Warning: In design 'qrcode_decoder', cell 'C36939' does not drive any nets. (LINT-1)
Warning: In design 'qrcode_decoder', cell 'C36946' does not drive any nets. (LINT-1)
Warning: In design 'qrcode_decoder', cell 'C36953' does not drive any nets. (LINT-1)
Warning: In design 'qrcode_decoder', cell 'C36960' does not drive any nets. (LINT-1)
Warning: In design 'qrcode_decoder', cell 'C36967' does not drive any nets. (LINT-1)
Warning: In design 'qrcode_decoder', cell 'C36974' does not drive any nets. (LINT-1)
Warning: In design 'qrcode_decoder', cell 'C36981' does not drive any nets. (LINT-1)
Warning: In design 'qrcode_decoder', cell 'C36988' does not drive any nets. (LINT-1)
Warning: In design 'qrcode_decoder', cell 'C36995' does not drive any nets. (LINT-1)
Warning: In design 'qrcode_decoder', cell 'C37002' does not drive any nets. (LINT-1)
Warning: In design 'qrcode_decoder', cell 'C37012' does not drive any nets. (LINT-1)
Warning: In design 'qrcode_decoder', cell 'C37713' does not drive any nets. (LINT-1)
Warning: In design 'qrcode_decoder', cell 'C37725' does not drive any nets. (LINT-1)
Warning: In design 'qrcode_decoder', cell 'C37737' does not drive any nets. (LINT-1)
Warning: In design 'qrcode_decoder', cell 'C37742' does not drive any nets. (LINT-1)
Warning: In design 'qrcode_decoder', cell 'C37746' does not drive any nets. (LINT-1)
Warning: In design 'qrcode_decoder', cell 'C37750' does not drive any nets. (LINT-1)
1
