 
****************************************
Report : constraint
        -all_violators
Design : qrcode_decoder
Version: R-2020.09-SP5
Date   : Thu Nov  6 19:55:00 2025
****************************************


   max_delay/setup ('clk' group)

                             Required        Actual
   Endpoint                 Path Delay     Path Delay        Slack
   -----------------------------------------------------------------
   line9_reg_0_/D               4.86           5.54 f        -0.68  (VIOLATED)
   line9_reg_1_/D               4.86           5.54 f        -0.68  (VIOLATED)
   line9_reg_2_/D               4.86           5.54 f        -0.68  (VIOLATED)
   line9_reg_3_/D               4.86           5.54 f        -0.68  (VIOLATED)
   line9_reg_4_/D               4.86           5.54 f        -0.68  (VIOLATED)
   line9_reg_5_/D               4.86           5.54 f        -0.68  (VIOLATED)
   line9_reg_6_/D               4.86           5.54 f        -0.68  (VIOLATED)
   line9_reg_7_/D               4.86           5.54 f        -0.68  (VIOLATED)
   line9_reg_8_/D               4.86           5.54 f        -0.68  (VIOLATED)
   line9_reg_9_/D               4.86           5.54 f        -0.68  (VIOLATED)
   line9_reg_10_/D              4.86           5.54 f        -0.68  (VIOLATED)
   line9_reg_11_/D              4.86           5.54 f        -0.68  (VIOLATED)
   line9_reg_12_/D              4.86           5.54 f        -0.68  (VIOLATED)
   line9_reg_13_/D              4.86           5.54 f        -0.68  (VIOLATED)
   line2_reg_0_/D               4.86           5.54 f        -0.68  (VIOLATED)
   line2_reg_1_/D               4.86           5.54 f        -0.68  (VIOLATED)
   line2_reg_2_/D               4.86           5.54 f        -0.68  (VIOLATED)
   line2_reg_3_/D               4.86           5.54 f        -0.68  (VIOLATED)
   line2_reg_4_/D               4.86           5.54 f        -0.68  (VIOLATED)
   line2_reg_5_/D               4.86           5.54 f        -0.68  (VIOLATED)
   line2_reg_6_/D               4.86           5.54 f        -0.68  (VIOLATED)
   line2_reg_7_/D               4.86           5.54 f        -0.68  (VIOLATED)
   line2_reg_8_/D               4.86           5.54 f        -0.68  (VIOLATED)
   line2_reg_9_/D               4.86           5.54 f        -0.68  (VIOLATED)
   line2_reg_10_/D              4.86           5.54 f        -0.68  (VIOLATED)
   line2_reg_11_/D              4.86           5.54 f        -0.68  (VIOLATED)
   line2_reg_12_/D              4.86           5.54 f        -0.68  (VIOLATED)
   line2_reg_13_/D              4.86           5.54 f        -0.68  (VIOLATED)
   line13_reg_0_/D              4.84           5.52 r        -0.68  (VIOLATED)
   line13_reg_1_/D              4.84           5.52 r        -0.68  (VIOLATED)
   line13_reg_2_/D              4.84           5.52 r        -0.68  (VIOLATED)
   line13_reg_3_/D              4.84           5.52 r        -0.68  (VIOLATED)
   line13_reg_4_/D              4.84           5.52 r        -0.68  (VIOLATED)
   line13_reg_5_/D              4.84           5.52 r        -0.68  (VIOLATED)
   line13_reg_6_/D              4.84           5.52 r        -0.68  (VIOLATED)
   line13_reg_7_/D              4.84           5.52 r        -0.68  (VIOLATED)
   line13_reg_8_/D              4.84           5.52 r        -0.68  (VIOLATED)
   line13_reg_9_/D              4.84           5.52 r        -0.68  (VIOLATED)
   line13_reg_10_/D             4.84           5.52 r        -0.68  (VIOLATED)
   line13_reg_11_/D             4.84           5.52 r        -0.68  (VIOLATED)
   line13_reg_12_/D             4.84           5.52 r        -0.68  (VIOLATED)
   line13_reg_13_/D             4.84           5.52 r        -0.68  (VIOLATED)
   line4_reg_0_/D               4.84           5.52 r        -0.68  (VIOLATED)
   line4_reg_1_/D               4.84           5.52 r        -0.68  (VIOLATED)
   line4_reg_2_/D               4.84           5.52 r        -0.68  (VIOLATED)
   line4_reg_3_/D               4.84           5.52 r        -0.68  (VIOLATED)
   line4_reg_4_/D               4.84           5.52 r        -0.68  (VIOLATED)
   line4_reg_5_/D               4.84           5.52 r        -0.68  (VIOLATED)
   line4_reg_6_/D               4.84           5.52 r        -0.68  (VIOLATED)
   line4_reg_7_/D               4.84           5.52 r        -0.68  (VIOLATED)
   line4_reg_8_/D               4.84           5.52 r        -0.68  (VIOLATED)
   line4_reg_9_/D               4.84           5.52 r        -0.68  (VIOLATED)
   line4_reg_10_/D              4.84           5.52 r        -0.68  (VIOLATED)
   line4_reg_11_/D              4.84           5.52 r        -0.68  (VIOLATED)
   line4_reg_12_/D              4.84           5.52 r        -0.68  (VIOLATED)
   line4_reg_13_/D              4.84           5.52 r        -0.68  (VIOLATED)
   line10_reg_1_/D              4.84           5.52 r        -0.68  (VIOLATED)
   line10_reg_4_/D              4.84           5.52 r        -0.68  (VIOLATED)
   line10_reg_12_/D             4.84           5.52 r        -0.68  (VIOLATED)
   line10_reg_13_/D             4.84           5.52 r        -0.68  (VIOLATED)
   line10_reg_2_/D              4.84           5.52 r        -0.68  (VIOLATED)
   line10_reg_6_/D              4.84           5.52 r        -0.68  (VIOLATED)
   line10_reg_7_/D              4.84           5.52 r        -0.68  (VIOLATED)
   line10_reg_8_/D              4.84           5.52 r        -0.68  (VIOLATED)
   line10_reg_3_/D              4.84           5.52 r        -0.68  (VIOLATED)
   line10_reg_0_/D              4.84           5.52 r        -0.68  (VIOLATED)
   line7_reg_0_/D               4.84           5.52 r        -0.68  (VIOLATED)
   line7_reg_1_/D               4.84           5.52 r        -0.68  (VIOLATED)
   line7_reg_2_/D               4.84           5.52 r        -0.68  (VIOLATED)
   line7_reg_3_/D               4.84           5.52 r        -0.68  (VIOLATED)
   line7_reg_4_/D               4.84           5.52 r        -0.68  (VIOLATED)
   line7_reg_5_/D               4.84           5.52 r        -0.68  (VIOLATED)
   line7_reg_6_/D               4.84           5.52 r        -0.68  (VIOLATED)
   line7_reg_7_/D               4.84           5.52 r        -0.68  (VIOLATED)
   line7_reg_8_/D               4.84           5.52 r        -0.68  (VIOLATED)
   line7_reg_9_/D               4.84           5.52 r        -0.68  (VIOLATED)
   line7_reg_10_/D              4.84           5.52 r        -0.68  (VIOLATED)
   line7_reg_11_/D              4.84           5.52 r        -0.68  (VIOLATED)
   line7_reg_12_/D              4.84           5.52 r        -0.68  (VIOLATED)
   line7_reg_13_/D              4.84           5.52 r        -0.68  (VIOLATED)
   line5_reg_0_/D               4.86           5.54 f        -0.68  (VIOLATED)
   line5_reg_1_/D               4.86           5.54 f        -0.68  (VIOLATED)
   line5_reg_2_/D               4.86           5.54 f        -0.68  (VIOLATED)
   line5_reg_3_/D               4.86           5.54 f        -0.68  (VIOLATED)
   line5_reg_4_/D               4.86           5.54 f        -0.68  (VIOLATED)
   line5_reg_5_/D               4.86           5.54 f        -0.68  (VIOLATED)
   line5_reg_6_/D               4.86           5.54 f        -0.68  (VIOLATED)
   line5_reg_7_/D               4.86           5.54 f        -0.68  (VIOLATED)
   line5_reg_8_/D               4.86           5.54 f        -0.68  (VIOLATED)
   line5_reg_9_/D               4.86           5.54 f        -0.68  (VIOLATED)
   line5_reg_10_/D              4.86           5.54 f        -0.68  (VIOLATED)
   line5_reg_11_/D              4.86           5.54 f        -0.68  (VIOLATED)
   line5_reg_12_/D              4.86           5.54 f        -0.68  (VIOLATED)
   line5_reg_13_/D              4.86           5.54 f        -0.68  (VIOLATED)
   line10_reg_5_/D              4.84           5.52 r        -0.68  (VIOLATED)
   line10_reg_9_/D              4.84           5.52 r        -0.68  (VIOLATED)
   line10_reg_10_/D             4.84           5.52 r        -0.68  (VIOLATED)
   line10_reg_11_/D             4.84           5.52 r        -0.68  (VIOLATED)
   line1_reg_0_/D               4.84           5.52 r        -0.68  (VIOLATED)
   line1_reg_1_/D               4.84           5.52 r        -0.68  (VIOLATED)
   line1_reg_2_/D               4.84           5.52 r        -0.68  (VIOLATED)
   line1_reg_3_/D               4.84           5.52 r        -0.68  (VIOLATED)
   line1_reg_4_/D               4.84           5.52 r        -0.68  (VIOLATED)
   line1_reg_5_/D               4.84           5.52 r        -0.68  (VIOLATED)
   line1_reg_6_/D               4.84           5.52 r        -0.68  (VIOLATED)
   line1_reg_7_/D               4.84           5.52 r        -0.68  (VIOLATED)
   line1_reg_8_/D               4.84           5.52 r        -0.68  (VIOLATED)
   line1_reg_9_/D               4.84           5.52 r        -0.68  (VIOLATED)
   line1_reg_10_/D              4.84           5.52 r        -0.68  (VIOLATED)
   line1_reg_11_/D              4.84           5.52 r        -0.68  (VIOLATED)
   line1_reg_12_/D              4.84           5.52 r        -0.68  (VIOLATED)
   line1_reg_13_/D              4.84           5.52 r        -0.68  (VIOLATED)
   line15_reg_0_/D              4.84           5.52 r        -0.68  (VIOLATED)
   line15_reg_1_/D              4.84           5.52 r        -0.68  (VIOLATED)
   line15_reg_2_/D              4.84           5.52 r        -0.68  (VIOLATED)
   line15_reg_3_/D              4.84           5.52 r        -0.68  (VIOLATED)
   line15_reg_4_/D              4.84           5.52 r        -0.68  (VIOLATED)
   line15_reg_5_/D              4.84           5.52 r        -0.68  (VIOLATED)
   line15_reg_6_/D              4.84           5.52 r        -0.68  (VIOLATED)
   line15_reg_7_/D              4.84           5.52 r        -0.68  (VIOLATED)
   line15_reg_8_/D              4.84           5.52 r        -0.68  (VIOLATED)
   line15_reg_9_/D              4.84           5.52 r        -0.68  (VIOLATED)
   line15_reg_10_/D             4.84           5.52 r        -0.68  (VIOLATED)
   line15_reg_11_/D             4.84           5.52 r        -0.68  (VIOLATED)
   line15_reg_12_/D             4.84           5.52 r        -0.68  (VIOLATED)
   line15_reg_13_/D             4.84           5.52 r        -0.68  (VIOLATED)
   line6_reg_0_/D               4.84           5.51 r        -0.68  (VIOLATED)
   line6_reg_1_/D               4.84           5.51 r        -0.68  (VIOLATED)
   line6_reg_2_/D               4.84           5.51 r        -0.68  (VIOLATED)
   line6_reg_3_/D               4.84           5.51 r        -0.68  (VIOLATED)
   line6_reg_4_/D               4.84           5.51 r        -0.68  (VIOLATED)
   line6_reg_5_/D               4.84           5.51 r        -0.68  (VIOLATED)
   line6_reg_6_/D               4.84           5.51 r        -0.68  (VIOLATED)
   line6_reg_7_/D               4.84           5.51 r        -0.68  (VIOLATED)
   line6_reg_8_/D               4.84           5.51 r        -0.68  (VIOLATED)
   line6_reg_9_/D               4.84           5.51 r        -0.68  (VIOLATED)
   line6_reg_10_/D              4.84           5.51 r        -0.68  (VIOLATED)
   line6_reg_11_/D              4.84           5.51 r        -0.68  (VIOLATED)
   line6_reg_12_/D              4.84           5.51 r        -0.68  (VIOLATED)
   line6_reg_13_/D              4.84           5.51 r        -0.68  (VIOLATED)
   line3_reg_0_/D               4.84           5.51 r        -0.68  (VIOLATED)
   line3_reg_1_/D               4.84           5.51 r        -0.68  (VIOLATED)
   line3_reg_2_/D               4.84           5.51 r        -0.68  (VIOLATED)
   line3_reg_3_/D               4.84           5.51 r        -0.68  (VIOLATED)
   line3_reg_4_/D               4.84           5.51 r        -0.68  (VIOLATED)
   line3_reg_5_/D               4.84           5.51 r        -0.68  (VIOLATED)
   line3_reg_6_/D               4.84           5.51 r        -0.68  (VIOLATED)
   line3_reg_7_/D               4.84           5.51 r        -0.68  (VIOLATED)
   line3_reg_8_/D               4.84           5.51 r        -0.68  (VIOLATED)
   line3_reg_9_/D               4.84           5.51 r        -0.68  (VIOLATED)
   line3_reg_10_/D              4.84           5.51 r        -0.68  (VIOLATED)
   line3_reg_11_/D              4.84           5.51 r        -0.68  (VIOLATED)
   line3_reg_12_/D              4.84           5.51 r        -0.68  (VIOLATED)
   line3_reg_13_/D              4.84           5.51 r        -0.68  (VIOLATED)
   line8_reg_0_/D               4.84           5.51 r        -0.67  (VIOLATED)
   line8_reg_1_/D               4.84           5.51 r        -0.67  (VIOLATED)
   line8_reg_2_/D               4.84           5.51 r        -0.67  (VIOLATED)
   line8_reg_3_/D               4.84           5.51 r        -0.67  (VIOLATED)
   line8_reg_4_/D               4.84           5.51 r        -0.67  (VIOLATED)
   line8_reg_5_/D               4.84           5.51 r        -0.67  (VIOLATED)
   line8_reg_6_/D               4.84           5.51 r        -0.67  (VIOLATED)
   line8_reg_7_/D               4.84           5.51 r        -0.67  (VIOLATED)
   line8_reg_8_/D               4.84           5.51 r        -0.67  (VIOLATED)
   line8_reg_9_/D               4.84           5.51 r        -0.67  (VIOLATED)
   line8_reg_10_/D              4.84           5.51 r        -0.67  (VIOLATED)
   line8_reg_11_/D              4.84           5.51 r        -0.67  (VIOLATED)
   line8_reg_12_/D              4.84           5.51 r        -0.67  (VIOLATED)
   line8_reg_13_/D              4.84           5.51 r        -0.67  (VIOLATED)
   line14_reg_10_/D             4.84           5.50 r        -0.66  (VIOLATED)
   line14_reg_13_/D             4.84           5.50 r        -0.66  (VIOLATED)
   line11_reg_0_/D              4.86           5.52 f        -0.66  (VIOLATED)
   line11_reg_1_/D              4.86           5.52 f        -0.66  (VIOLATED)
   line11_reg_2_/D              4.86           5.52 f        -0.66  (VIOLATED)
   line11_reg_3_/D              4.86           5.52 f        -0.66  (VIOLATED)
   line11_reg_4_/D              4.86           5.52 f        -0.66  (VIOLATED)
   line11_reg_5_/D              4.86           5.52 f        -0.66  (VIOLATED)
   line11_reg_6_/D              4.86           5.52 f        -0.66  (VIOLATED)
   line11_reg_7_/D              4.86           5.52 f        -0.66  (VIOLATED)
   line11_reg_8_/D              4.86           5.52 f        -0.66  (VIOLATED)
   line11_reg_9_/D              4.86           5.52 f        -0.66  (VIOLATED)
   line11_reg_10_/D             4.86           5.52 f        -0.66  (VIOLATED)
   line11_reg_11_/D             4.86           5.52 f        -0.66  (VIOLATED)
   line11_reg_12_/D             4.86           5.52 f        -0.66  (VIOLATED)
   line11_reg_13_/D             4.86           5.52 f        -0.66  (VIOLATED)
   line0_reg_0_/D               4.86           5.52 f        -0.66  (VIOLATED)
   line0_reg_1_/D               4.86           5.52 f        -0.66  (VIOLATED)
   line0_reg_2_/D               4.86           5.52 f        -0.66  (VIOLATED)
   line0_reg_3_/D               4.86           5.52 f        -0.66  (VIOLATED)
   line0_reg_4_/D               4.86           5.52 f        -0.66  (VIOLATED)
   line0_reg_5_/D               4.86           5.52 f        -0.66  (VIOLATED)
   line0_reg_6_/D               4.86           5.52 f        -0.66  (VIOLATED)
   line0_reg_7_/D               4.86           5.52 f        -0.66  (VIOLATED)
   line0_reg_8_/D               4.86           5.52 f        -0.66  (VIOLATED)
   line0_reg_9_/D               4.86           5.52 f        -0.66  (VIOLATED)
   line0_reg_10_/D              4.86           5.52 f        -0.66  (VIOLATED)
   line0_reg_11_/D              4.86           5.52 f        -0.66  (VIOLATED)
   line0_reg_12_/D              4.86           5.52 f        -0.66  (VIOLATED)
   line0_reg_13_/D              4.86           5.52 f        -0.66  (VIOLATED)
   line14_reg_0_/D              4.84           5.50 r        -0.66  (VIOLATED)
   line14_reg_1_/D              4.84           5.50 r        -0.66  (VIOLATED)
   line14_reg_2_/D              4.84           5.50 r        -0.66  (VIOLATED)
   line14_reg_3_/D              4.84           5.50 r        -0.66  (VIOLATED)
   line14_reg_4_/D              4.84           5.50 r        -0.66  (VIOLATED)
   line14_reg_5_/D              4.84           5.50 r        -0.66  (VIOLATED)
   line14_reg_6_/D              4.84           5.50 r        -0.66  (VIOLATED)
   line14_reg_7_/D              4.84           5.50 r        -0.66  (VIOLATED)
   line14_reg_8_/D              4.84           5.50 r        -0.66  (VIOLATED)
   line14_reg_9_/D              4.84           5.50 r        -0.66  (VIOLATED)
   line14_reg_11_/D             4.84           5.50 r        -0.66  (VIOLATED)
   line14_reg_12_/D             4.84           5.50 r        -0.66  (VIOLATED)
   line12_reg_1_/D              4.86           5.48 f        -0.62  (VIOLATED)
   line12_reg_3_/D              4.86           5.48 f        -0.62  (VIOLATED)
   line12_reg_12_/D             4.86           5.48 f        -0.62  (VIOLATED)
   line12_reg_4_/D              4.86           5.47 f        -0.61  (VIOLATED)
   line12_reg_13_/D             4.86           5.47 f        -0.61  (VIOLATED)
   line12_reg_0_/D              4.86           5.47 f        -0.61  (VIOLATED)
   line12_reg_2_/D              4.86           5.47 f        -0.61  (VIOLATED)
   line12_reg_5_/D              4.86           5.47 f        -0.61  (VIOLATED)
   line12_reg_6_/D              4.86           5.47 f        -0.61  (VIOLATED)
   line12_reg_7_/D              4.86           5.47 f        -0.61  (VIOLATED)
   line12_reg_8_/D              4.86           5.47 f        -0.61  (VIOLATED)
   line12_reg_9_/D              4.86           5.47 f        -0.61  (VIOLATED)
   line12_reg_10_/D             4.86           5.47 f        -0.61  (VIOLATED)
   line12_reg_11_/D             4.86           5.47 f        -0.61  (VIOLATED)


   max_transition

                             Required        Actual
   Net                      Transition     Transition        Slack
   -----------------------------------------------------------------
   n18902                       0.28           0.37          -0.09  (VIOLATED)
       PIN :   U10483/A1        0.28           0.37          -0.09  (VIOLATED)
       PIN :   U10481/A1        0.28           0.37          -0.09  (VIOLATED)
       PIN :   U10486/A1        0.28           0.37          -0.09  (VIOLATED)
       PIN :   U10484/A1        0.28           0.37          -0.09  (VIOLATED)
       PIN :   U10480/A1        0.28           0.37          -0.09  (VIOLATED)
       PIN :   U10479/A1        0.28           0.37          -0.09  (VIOLATED)
       PIN :   U10490/A1        0.28           0.37          -0.09  (VIOLATED)
       PIN :   U10489/A1        0.28           0.37          -0.09  (VIOLATED)
       PIN :   U10488/A1        0.28           0.37          -0.09  (VIOLATED)
       PIN :   U10482/A1        0.28           0.37          -0.09  (VIOLATED)
       PIN :   U6547/A1         0.28           0.37          -0.09  (VIOLATED)
       PIN :   U6548/A1         0.28           0.37          -0.09  (VIOLATED)
       PIN :   U10491/A1        0.28           0.37          -0.09  (VIOLATED)
       PIN :   U10485/A1        0.28           0.37          -0.09  (VIOLATED)
       PIN :   U10487/A1        0.28           0.37          -0.09  (VIOLATED)
       PIN :   U10492/A1        0.28           0.37          -0.09  (VIOLATED)
       PIN :   U20648/B         0.28           0.37          -0.09  (VIOLATED)
       PIN :   U20656/A         0.28           0.37          -0.09  (VIOLATED)
       PIN :   U10454/Y         0.28           0.37          -0.09  (VIOLATED)
   n18918                       0.28           0.36          -0.08  (VIOLATED)
       PIN :   U11032/B0        0.28           0.36          -0.08  (VIOLATED)
       PIN :   U11028/B0        0.28           0.36          -0.08  (VIOLATED)
       PIN :   U6520/B0         0.28           0.36          -0.08  (VIOLATED)
       PIN :   U11029/B0        0.28           0.36          -0.08  (VIOLATED)
       PIN :   U11030/B0        0.28           0.36          -0.08  (VIOLATED)
       PIN :   U6521/B0         0.28           0.36          -0.08  (VIOLATED)
       PIN :   U6522/B0         0.28           0.36          -0.08  (VIOLATED)
       PIN :   U6535/B0         0.28           0.36          -0.08  (VIOLATED)
       PIN :   U6537/B0         0.28           0.36          -0.08  (VIOLATED)
       PIN :   U6540/B0         0.28           0.36          -0.08  (VIOLATED)
       PIN :   U6542/B0         0.28           0.36          -0.08  (VIOLATED)
       PIN :   U12385/B0        0.28           0.36          -0.08  (VIOLATED)
       PIN :   U8293/B0         0.28           0.36          -0.08  (VIOLATED)
       PIN :   U16455/B0        0.28           0.36          -0.08  (VIOLATED)
       PIN :   U16448/B0        0.28           0.36          -0.08  (VIOLATED)
       PIN :   U16420/B0        0.28           0.36          -0.08  (VIOLATED)
       PIN :   U20659/A         0.28           0.36          -0.08  (VIOLATED)
       PIN :   U20658/Y         0.28           0.36          -0.08  (VIOLATED)
   n18937                       0.28           0.34          -0.06  (VIOLATED)
       PIN :   U20755/C0        0.28           0.34          -0.06  (VIOLATED)
       PIN :   U20668/C0        0.28           0.34          -0.06  (VIOLATED)
       PIN :   U8882/C0         0.28           0.34          -0.06  (VIOLATED)
       PIN :   U20673/C0        0.28           0.34          -0.06  (VIOLATED)
       PIN :   U6505/C0         0.28           0.34          -0.06  (VIOLATED)
       PIN :   U6504/C0         0.28           0.34          -0.06  (VIOLATED)
       PIN :   U6500/C0         0.28           0.34          -0.06  (VIOLATED)
       PIN :   U6499/C0         0.28           0.34          -0.06  (VIOLATED)
       PIN :   U6498/C0         0.28           0.34          -0.06  (VIOLATED)
       PIN :   U6503/C0         0.28           0.34          -0.06  (VIOLATED)
       PIN :   U6497/C0         0.28           0.34          -0.06  (VIOLATED)
       PIN :   U6501/C0         0.28           0.34          -0.06  (VIOLATED)
       PIN :   U6496/C0         0.28           0.34          -0.06  (VIOLATED)
       PIN :   U6502/C0         0.28           0.34          -0.06  (VIOLATED)
       PIN :   U20694/C0        0.28           0.34          -0.06  (VIOLATED)
       PIN :   U6495/C0         0.28           0.34          -0.06  (VIOLATED)
       PIN :   U20667/Y         0.28           0.34          -0.06  (VIOLATED)
   n18909                       0.28           0.29          -0.01  (VIOLATED)
       PIN :   U8166/A1         0.28           0.29          -0.01  (VIOLATED)
       PIN :   U20766/A0        0.28           0.29          -0.01  (VIOLATED)
       PIN :   U8814/A0         0.28           0.29          -0.01  (VIOLATED)
       PIN :   U20718/A0        0.28           0.29          -0.01  (VIOLATED)
       PIN :   U20759/A0        0.28           0.29          -0.01  (VIOLATED)
       PIN :   U20739/A0        0.28           0.29          -0.01  (VIOLATED)
       PIN :   U10602/A1        0.28           0.29          -0.01  (VIOLATED)
       PIN :   U10617/A1        0.28           0.29          -0.01  (VIOLATED)
       PIN :   U10633/A1        0.28           0.29          -0.01  (VIOLATED)
       PIN :   U8831/A0         0.28           0.29          -0.01  (VIOLATED)
       PIN :   U12384/A0        0.28           0.29          -0.01  (VIOLATED)
       PIN :   U20752/A0        0.28           0.29          -0.01  (VIOLATED)
       PIN :   U20775/A0        0.28           0.29          -0.01  (VIOLATED)
       PIN :   U20729/A0        0.28           0.29          -0.01  (VIOLATED)
       PIN :   U10539/A2        0.28           0.29          -0.01  (VIOLATED)
       PIN :   U20649/A         0.28           0.29          -0.01  (VIOLATED)
       PIN :   U20648/Y         0.28           0.29          -0.01  (VIOLATED)
   n17059                       0.28           0.29          -0.01  (VIOLATED)
       PIN :   U12391/B0        0.28           0.29          -0.01  (VIOLATED)
       PIN :   U7815/B0         0.28           0.29          -0.01  (VIOLATED)
       PIN :   U7573/B0         0.28           0.29          -0.01  (VIOLATED)
       PIN :   U7585/B0         0.28           0.29          -0.01  (VIOLATED)
       PIN :   U7587/B0         0.28           0.29          -0.01  (VIOLATED)
       PIN :   U8334/B0         0.28           0.29          -0.01  (VIOLATED)
       PIN :   U19297/A         0.28           0.29          -0.01  (VIOLATED)
       PIN :   U19376/B0        0.28           0.29          -0.01  (VIOLATED)
       PIN :   U19377/B0        0.28           0.29          -0.01  (VIOLATED)
       PIN :   U19380/B0        0.28           0.29          -0.01  (VIOLATED)
       PIN :   U19381/B0        0.28           0.29          -0.01  (VIOLATED)
       PIN :   U19393/B0        0.28           0.29          -0.01  (VIOLATED)
       PIN :   U19405/B0        0.28           0.29          -0.01  (VIOLATED)
       PIN :   U19416/B0        0.28           0.29          -0.01  (VIOLATED)
       PIN :   U19418/B0        0.28           0.29          -0.01  (VIOLATED)
       PIN :   U19427/B0        0.28           0.29          -0.01  (VIOLATED)
       PIN :   U19430/B0        0.28           0.29          -0.01  (VIOLATED)
       PIN :   U19432/B0        0.28           0.29          -0.01  (VIOLATED)
       PIN :   U19285/A         0.28           0.29          -0.01  (VIOLATED)
       PIN :   U10466/Y         0.28           0.29          -0.01  (VIOLATED)
   n16787                       0.28           0.28           0.00  (VIOLATED: increase significant digits)
   n18921                       0.28           0.28           0.00  (VIOLATED: increase significant digits)

   -----------------------------------------------------------------
   Total                      7                  -0.25  

   max_area

                             Required        Actual
   Design                      Area           Area           Slack
   -----------------------------------------------------------------
   qrcode_decoder               0.00       28381.90       -28381.90 (VIOLATED)


1
