 
****************************************
Report : timing
        -path full
        -delay max
        -max_paths 4
Design : qrcode_decoder
Version: R-2020.09-SP5
Date   : Thu Nov  6 19:54:57 2025
****************************************

Operating Conditions: PVT_1P08V_125C   Library: slow_vdd1v2
Wire Load Model Mode: enclosed

  Startpoint: rot_state_reg_0_
              (rising edge-triggered flip-flop clocked by clk)
  Endpoint: line9_reg_0_
            (rising edge-triggered flip-flop clocked by clk)
  Path Group: clk
  Path Type: max

  Des/Clust/Port     Wire Load Model       Library
  ------------------------------------------------
  qrcode_decoder     Large                 slow_vdd1v2

  Point                                    Incr       Path
  -----------------------------------------------------------
  clock clk (rise edge)                    0.00       0.00
  clock network delay (ideal)              0.00       0.00
  rot_state_reg_0_/CK (DFFTRXL)            0.00       0.00 r
  rot_state_reg_0_/QN (DFFTRXL)            0.13       0.13 r
  U7201/Y (NAND2XL)                        0.07       0.19 f
  U7199/Y (NOR2BXL)                        0.08       0.27 r
  U13198/Y (INVXL)                         0.07       0.35 f
  U12265/Y (BUFX2)                         0.08       0.43 f
  U7577/Y (OAI22X1)                        0.07       0.50 r
  U9120/Y (INVX1)                          0.11       0.61 f
  U10995/Y (XNOR2X1)                       0.15       0.76 r
  U7308/Y (INVX1)                          0.07       0.83 f
  U7008/Y (XNOR2XL)                        0.10       0.93 f
  U11721/Y (NAND2XL)                       0.04       0.97 r
  U10794/Y (NAND2XL)                       0.07       1.04 f
  U10785/Y (NOR2XL)                        0.08       1.11 r
  U7157/S (ADDFXL)                         0.26       1.37 r
  U6792/CO (ADDFXL)                        0.17       1.55 r
  U6956/CO (ADDFXL)                        0.22       1.76 r
  U9280/CO (ADDFX1)                        0.18       1.94 r
  U11349/CO (ADDFXL)                       0.15       2.09 r
  U11258/Y (AO22XL)                        0.10       2.19 r
  U16211/CO (ADDFXL)                       0.17       2.36 r
  U6907/CO (ADDFXL)                        0.17       2.53 r
  U10905/Y (NAND2BXL)                      0.06       2.59 f
  U11184/Y (NAND2XL)                       0.06       2.64 r
  U11181/Y (NAND2XL)                       0.06       2.71 f
  U15068/Y (NAND2XL)                       0.06       2.76 r
  U14910/Y (XOR2XL)                        0.11       2.88 r
  U12084/Y (NAND2XL)                       0.06       2.94 f
  U9403/Y (NOR2XL)                         0.07       3.01 r
  U9402/Y (NOR2XL)                         0.06       3.06 f
  U12083/Y (AOI22XL)                       0.06       3.12 r
  U16228/Y (OAI21XL)                       0.11       3.23 f
  U11250/Y (NOR2XL)                        0.07       3.30 r
  U11203/Y (AOI21XL)                       0.07       3.37 f
  U9836/Y (XNOR2XL)                        0.14       3.51 r
  U12077/Y (NOR2XL)                        0.05       3.55 f
  U12076/Y (AOI21XL)                       0.06       3.62 r
  U16238/Y (OAI22XL)                       0.09       3.70 f
  U16239/Y (AOI22XL)                       0.09       3.79 r
  U7160/Y (XNOR2XL)                        0.13       3.92 f
  U12080/Y (NOR2XL)                        0.05       3.98 r
  U12079/Y (AOI21XL)                       0.05       4.03 f
  U9348/Y (OAI22XL)                        0.08       4.11 r
  U16250/Y (INVXL)                         0.07       4.18 f
  U16251/Y (XNOR2XL)                       0.13       4.32 r
  U16252/Y (MXI2XL)                        0.11       4.43 f
  U11302/Y (NOR2BXL)                       0.07       4.49 r
  U16262/Y (NAND2XL)                       0.08       4.57 f
  U15501/Y (AOI22XL)                       0.07       4.64 r
  U9329/Y (MXI2XL)                         0.12       4.76 f
  U9328/Y (NOR2XL)                         0.07       4.83 r
  U9220/Y (NAND2BXL)                       0.08       4.91 f
  U8096/Y (XNOR2X1)                        0.15       5.06 r
  U7927/Y (NOR2XL)                         0.05       5.11 f
  U12069/Y (AOI22XL)                       0.07       5.17 r
  U17251/Y (NOR2XL)                        0.07       5.24 f
  U17252/Y (OAI31XL)                       0.09       5.33 r
  U17253/Y (BUFX2)                         0.10       5.43 r
  U17254/Y (OAI2BB1XL)                     0.06       5.49 f
  line9_reg_0_/D (SEDFFHQX1)               0.05       5.54 f
  data arrival time                                   5.54

  clock clk (rise edge)                    5.00       5.00
  clock network delay (ideal)              0.00       5.00
  line9_reg_0_/CK (SEDFFHQX1)              0.00       5.00 r
  library setup time                      -0.14       4.86
  data required time                                  4.86
  -----------------------------------------------------------
  data required time                                  4.86
  data arrival time                                  -5.54
  -----------------------------------------------------------
  slack (VIOLATED)                                   -0.68


  Startpoint: rot_state_reg_0_
              (rising edge-triggered flip-flop clocked by clk)
  Endpoint: line9_reg_2_
            (rising edge-triggered flip-flop clocked by clk)
  Path Group: clk
  Path Type: max

  Des/Clust/Port     Wire Load Model       Library
  ------------------------------------------------
  qrcode_decoder     Large                 slow_vdd1v2

  Point                                    Incr       Path
  -----------------------------------------------------------
  clock clk (rise edge)                    0.00       0.00
  clock network delay (ideal)              0.00       0.00
  rot_state_reg_0_/CK (DFFTRXL)            0.00       0.00 r
  rot_state_reg_0_/QN (DFFTRXL)            0.13       0.13 r
  U7201/Y (NAND2XL)                        0.07       0.19 f
  U7199/Y (NOR2BXL)                        0.08       0.27 r
  U13198/Y (INVXL)                         0.07       0.35 f
  U12265/Y (BUFX2)                         0.08       0.43 f
  U7577/Y (OAI22X1)                        0.07       0.50 r
  U9120/Y (INVX1)                          0.11       0.61 f
  U10995/Y (XNOR2X1)                       0.15       0.76 r
  U7308/Y (INVX1)                          0.07       0.83 f
  U7008/Y (XNOR2XL)                        0.10       0.93 f
  U11721/Y (NAND2XL)                       0.04       0.97 r
  U10794/Y (NAND2XL)                       0.07       1.04 f
  U10785/Y (NOR2XL)                        0.08       1.11 r
  U7157/S (ADDFXL)                         0.26       1.37 r
  U6792/CO (ADDFXL)                        0.17       1.55 r
  U6956/CO (ADDFXL)                        0.22       1.76 r
  U9280/CO (ADDFX1)                        0.18       1.94 r
  U11349/CO (ADDFXL)                       0.15       2.09 r
  U11258/Y (AO22XL)                        0.10       2.19 r
  U16211/CO (ADDFXL)                       0.17       2.36 r
  U6907/CO (ADDFXL)                        0.17       2.53 r
  U10905/Y (NAND2BXL)                      0.06       2.59 f
  U11184/Y (NAND2XL)                       0.06       2.64 r
  U11181/Y (NAND2XL)                       0.06       2.71 f
  U15068/Y (NAND2XL)                       0.06       2.76 r
  U14910/Y (XOR2XL)                        0.11       2.88 r
  U12084/Y (NAND2XL)                       0.06       2.94 f
  U9403/Y (NOR2XL)                         0.07       3.01 r
  U9402/Y (NOR2XL)                         0.06       3.06 f
  U12083/Y (AOI22XL)                       0.06       3.12 r
  U16228/Y (OAI21XL)                       0.11       3.23 f
  U11250/Y (NOR2XL)                        0.07       3.30 r
  U11203/Y (AOI21XL)                       0.07       3.37 f
  U9836/Y (XNOR2XL)                        0.14       3.51 r
  U12077/Y (NOR2XL)                        0.05       3.55 f
  U12076/Y (AOI21XL)                       0.06       3.62 r
  U16238/Y (OAI22XL)                       0.09       3.70 f
  U16239/Y (AOI22XL)                       0.09       3.79 r
  U7160/Y (XNOR2XL)                        0.13       3.92 f
  U12080/Y (NOR2XL)                        0.05       3.98 r
  U12079/Y (AOI21XL)                       0.05       4.03 f
  U9348/Y (OAI22XL)                        0.08       4.11 r
  U16250/Y (INVXL)                         0.07       4.18 f
  U16251/Y (XNOR2XL)                       0.13       4.32 r
  U16252/Y (MXI2XL)                        0.11       4.43 f
  U11302/Y (NOR2BXL)                       0.07       4.49 r
  U16262/Y (NAND2XL)                       0.08       4.57 f
  U15501/Y (AOI22XL)                       0.07       4.64 r
  U9329/Y (MXI2XL)                         0.12       4.76 f
  U9328/Y (NOR2XL)                         0.07       4.83 r
  U9220/Y (NAND2BXL)                       0.08       4.91 f
  U8096/Y (XNOR2X1)                        0.15       5.06 r
  U7927/Y (NOR2XL)                         0.05       5.11 f
  U12069/Y (AOI22XL)                       0.07       5.17 r
  U17251/Y (NOR2XL)                        0.07       5.24 f
  U17252/Y (OAI31XL)                       0.09       5.33 r
  U17253/Y (BUFX2)                         0.10       5.43 r
  U17256/Y (OAI2BB1XL)                     0.06       5.49 f
  line9_reg_2_/D (SEDFFHQX1)               0.05       5.54 f
  data arrival time                                   5.54

  clock clk (rise edge)                    5.00       5.00
  clock network delay (ideal)              0.00       5.00
  line9_reg_2_/CK (SEDFFHQX1)              0.00       5.00 r
  library setup time                      -0.14       4.86
  data required time                                  4.86
  -----------------------------------------------------------
  data required time                                  4.86
  data arrival time                                  -5.54
  -----------------------------------------------------------
  slack (VIOLATED)                                   -0.68


  Startpoint: rot_state_reg_0_
              (rising edge-triggered flip-flop clocked by clk)
  Endpoint: line9_reg_3_
            (rising edge-triggered flip-flop clocked by clk)
  Path Group: clk
  Path Type: max

  Des/Clust/Port     Wire Load Model       Library
  ------------------------------------------------
  qrcode_decoder     Large                 slow_vdd1v2

  Point                                    Incr       Path
  -----------------------------------------------------------
  clock clk (rise edge)                    0.00       0.00
  clock network delay (ideal)              0.00       0.00
  rot_state_reg_0_/CK (DFFTRXL)            0.00       0.00 r
  rot_state_reg_0_/QN (DFFTRXL)            0.13       0.13 r
  U7201/Y (NAND2XL)                        0.07       0.19 f
  U7199/Y (NOR2BXL)                        0.08       0.27 r
  U13198/Y (INVXL)                         0.07       0.35 f
  U12265/Y (BUFX2)                         0.08       0.43 f
  U7577/Y (OAI22X1)                        0.07       0.50 r
  U9120/Y (INVX1)                          0.11       0.61 f
  U10995/Y (XNOR2X1)                       0.15       0.76 r
  U7308/Y (INVX1)                          0.07       0.83 f
  U7008/Y (XNOR2XL)                        0.10       0.93 f
  U11721/Y (NAND2XL)                       0.04       0.97 r
  U10794/Y (NAND2XL)                       0.07       1.04 f
  U10785/Y (NOR2XL)                        0.08       1.11 r
  U7157/S (ADDFXL)                         0.26       1.37 r
  U6792/CO (ADDFXL)                        0.17       1.55 r
  U6956/CO (ADDFXL)                        0.22       1.76 r
  U9280/CO (ADDFX1)                        0.18       1.94 r
  U11349/CO (ADDFXL)                       0.15       2.09 r
  U11258/Y (AO22XL)                        0.10       2.19 r
  U16211/CO (ADDFXL)                       0.17       2.36 r
  U6907/CO (ADDFXL)                        0.17       2.53 r
  U10905/Y (NAND2BXL)                      0.06       2.59 f
  U11184/Y (NAND2XL)                       0.06       2.64 r
  U11181/Y (NAND2XL)                       0.06       2.71 f
  U15068/Y (NAND2XL)                       0.06       2.76 r
  U14910/Y (XOR2XL)                        0.11       2.88 r
  U12084/Y (NAND2XL)                       0.06       2.94 f
  U9403/Y (NOR2XL)                         0.07       3.01 r
  U9402/Y (NOR2XL)                         0.06       3.06 f
  U12083/Y (AOI22XL)                       0.06       3.12 r
  U16228/Y (OAI21XL)                       0.11       3.23 f
  U11250/Y (NOR2XL)                        0.07       3.30 r
  U11203/Y (AOI21XL)                       0.07       3.37 f
  U9836/Y (XNOR2XL)                        0.14       3.51 r
  U12077/Y (NOR2XL)                        0.05       3.55 f
  U12076/Y (AOI21XL)                       0.06       3.62 r
  U16238/Y (OAI22XL)                       0.09       3.70 f
  U16239/Y (AOI22XL)                       0.09       3.79 r
  U7160/Y (XNOR2XL)                        0.13       3.92 f
  U12080/Y (NOR2XL)                        0.05       3.98 r
  U12079/Y (AOI21XL)                       0.05       4.03 f
  U9348/Y (OAI22XL)                        0.08       4.11 r
  U16250/Y (INVXL)                         0.07       4.18 f
  U16251/Y (XNOR2XL)                       0.13       4.32 r
  U16252/Y (MXI2XL)                        0.11       4.43 f
  U11302/Y (NOR2BXL)                       0.07       4.49 r
  U16262/Y (NAND2XL)                       0.08       4.57 f
  U15501/Y (AOI22XL)                       0.07       4.64 r
  U9329/Y (MXI2XL)                         0.12       4.76 f
  U9328/Y (NOR2XL)                         0.07       4.83 r
  U9220/Y (NAND2BXL)                       0.08       4.91 f
  U8096/Y (XNOR2X1)                        0.15       5.06 r
  U7927/Y (NOR2XL)                         0.05       5.11 f
  U12069/Y (AOI22XL)                       0.07       5.17 r
  U17251/Y (NOR2XL)                        0.07       5.24 f
  U17252/Y (OAI31XL)                       0.09       5.33 r
  U15933/Y (BUFX2)                         0.10       5.43 r
  U17257/Y (OAI2BB1XL)                     0.06       5.49 f
  line9_reg_3_/D (SEDFFHQX1)               0.05       5.54 f
  data arrival time                                   5.54

  clock clk (rise edge)                    5.00       5.00
  clock network delay (ideal)              0.00       5.00
  line9_reg_3_/CK (SEDFFHQX1)              0.00       5.00 r
  library setup time                      -0.14       4.86
  data required time                                  4.86
  -----------------------------------------------------------
  data required time                                  4.86
  data arrival time                                  -5.54
  -----------------------------------------------------------
  slack (VIOLATED)                                   -0.68


  Startpoint: rot_state_reg_0_
              (rising edge-triggered flip-flop clocked by clk)
  Endpoint: line9_reg_1_
            (rising edge-triggered flip-flop clocked by clk)
  Path Group: clk
  Path Type: max

  Des/Clust/Port     Wire Load Model       Library
  ------------------------------------------------
  qrcode_decoder     Large                 slow_vdd1v2

  Point                                    Incr       Path
  -----------------------------------------------------------
  clock clk (rise edge)                    0.00       0.00
  clock network delay (ideal)              0.00       0.00
  rot_state_reg_0_/CK (DFFTRXL)            0.00       0.00 r
  rot_state_reg_0_/QN (DFFTRXL)            0.13       0.13 r
  U7201/Y (NAND2XL)                        0.07       0.19 f
  U7199/Y (NOR2BXL)                        0.08       0.27 r
  U13198/Y (INVXL)                         0.07       0.35 f
  U12265/Y (BUFX2)                         0.08       0.43 f
  U7577/Y (OAI22X1)                        0.07       0.50 r
  U9120/Y (INVX1)                          0.11       0.61 f
  U10995/Y (XNOR2X1)                       0.15       0.76 r
  U7308/Y (INVX1)                          0.07       0.83 f
  U7008/Y (XNOR2XL)                        0.10       0.93 f
  U11721/Y (NAND2XL)                       0.04       0.97 r
  U10794/Y (NAND2XL)                       0.07       1.04 f
  U10785/Y (NOR2XL)                        0.08       1.11 r
  U7157/S (ADDFXL)                         0.26       1.37 r
  U6792/CO (ADDFXL)                        0.17       1.55 r
  U6956/CO (ADDFXL)                        0.22       1.76 r
  U9280/CO (ADDFX1)                        0.18       1.94 r
  U11349/CO (ADDFXL)                       0.15       2.09 r
  U11258/Y (AO22XL)                        0.10       2.19 r
  U16211/CO (ADDFXL)                       0.17       2.36 r
  U6907/CO (ADDFXL)                        0.17       2.53 r
  U10905/Y (NAND2BXL)                      0.06       2.59 f
  U11184/Y (NAND2XL)                       0.06       2.64 r
  U11181/Y (NAND2XL)                       0.06       2.71 f
  U15068/Y (NAND2XL)                       0.06       2.76 r
  U14910/Y (XOR2XL)                        0.11       2.88 r
  U12084/Y (NAND2XL)                       0.06       2.94 f
  U9403/Y (NOR2XL)                         0.07       3.01 r
  U9402/Y (NOR2XL)                         0.06       3.06 f
  U12083/Y (AOI22XL)                       0.06       3.12 r
  U16228/Y (OAI21XL)                       0.11       3.23 f
  U11250/Y (NOR2XL)                        0.07       3.30 r
  U11203/Y (AOI21XL)                       0.07       3.37 f
  U9836/Y (XNOR2XL)                        0.14       3.51 r
  U12077/Y (NOR2XL)                        0.05       3.55 f
  U12076/Y (AOI21XL)                       0.06       3.62 r
  U16238/Y (OAI22XL)                       0.09       3.70 f
  U16239/Y (AOI22XL)                       0.09       3.79 r
  U7160/Y (XNOR2XL)                        0.13       3.92 f
  U12080/Y (NOR2XL)                        0.05       3.98 r
  U12079/Y (AOI21XL)                       0.05       4.03 f
  U9348/Y (OAI22XL)                        0.08       4.11 r
  U16250/Y (INVXL)                         0.07       4.18 f
  U16251/Y (XNOR2XL)                       0.13       4.32 r
  U16252/Y (MXI2XL)                        0.11       4.43 f
  U11302/Y (NOR2BXL)                       0.07       4.49 r
  U16262/Y (NAND2XL)                       0.08       4.57 f
  U15501/Y (AOI22XL)                       0.07       4.64 r
  U9329/Y (MXI2XL)                         0.12       4.76 f
  U9328/Y (NOR2XL)                         0.07       4.83 r
  U9220/Y (NAND2BXL)                       0.08       4.91 f
  U8096/Y (XNOR2X1)                        0.15       5.06 r
  U7927/Y (NOR2XL)                         0.05       5.11 f
  U12069/Y (AOI22XL)                       0.07       5.17 r
  U17251/Y (NOR2XL)                        0.07       5.24 f
  U17252/Y (OAI31XL)                       0.09       5.33 r
  U15933/Y (BUFX2)                         0.10       5.43 r
  U17255/Y (OAI2BB1XL)                     0.06       5.49 f
  line9_reg_1_/D (SEDFFHQX1)               0.05       5.54 f
  data arrival time                                   5.54

  clock clk (rise edge)                    5.00       5.00
  clock network delay (ideal)              0.00       5.00
  line9_reg_1_/CK (SEDFFHQX1)              0.00       5.00 r
  library setup time                      -0.14       4.86
  data required time                                  4.86
  -----------------------------------------------------------
  data required time                                  4.86
  data arrival time                                  -5.54
  -----------------------------------------------------------
  slack (VIOLATED)                                   -0.68


1
