 
****************************************
Report : timing
        -path full
        -delay max
        -max_paths 1
Design : qrcode_decoder
Version: R-2020.09-SP5
Date   : Thu Nov  6 19:54:57 2025
****************************************

Operating Conditions: PVT_1P08V_125C   Library: slow_vdd1v2
Wire Load Model Mode: enclosed

  Startpoint: rot_state_reg_0_
              (rising edge-triggered flip-flop clocked by clk)
  Endpoint: line9_reg_0_
            (rising edge-triggered flip-flop clocked by clk)
  Path Group: clk
  Path Type: max

  Des/Clust/Port     Wire Load Model       Library
  ------------------------------------------------
  qrcode_decoder     Large                 slow_vdd1v2

  Point                                    Incr       Path
  -----------------------------------------------------------
  clock clk (rise edge)                  0.0000     0.0000
  clock network delay (ideal)            0.0000     0.0000
  rot_state_reg_0_/CK (DFFTRXL)          0.0000     0.0000 r
  rot_state_reg_0_/QN (DFFTRXL)          0.1272     0.1272 r
  U7201/Y (NAND2XL)                      0.0669     0.1941 f
  U7199/Y (NOR2BXL)                      0.0799     0.2740 r
  U13198/Y (INVXL)                       0.0735     0.3475 f
  U12265/Y (BUFX2)                       0.0806     0.4281 f
  U7577/Y (OAI22X1)                      0.0689     0.4970 r
  U9120/Y (INVX1)                        0.1118     0.6088 f
  U10995/Y (XNOR2X1)                     0.1463     0.7550 r
  U7308/Y (INVX1)                        0.0748     0.8298 f
  U7008/Y (XNOR2XL)                      0.0982     0.9280 f
  U11721/Y (NAND2XL)                     0.0399     0.9679 r
  U10794/Y (NAND2XL)                     0.0691     1.0370 f
  U10785/Y (NOR2XL)                      0.0760     1.1131 r
  U7157/S (ADDFXL)                       0.2615     1.3746 r
  U6792/CO (ADDFXL)                      0.1726     1.5472 r
  U6956/CO (ADDFXL)                      0.2173     1.7645 r
  U9280/CO (ADDFX1)                      0.1789     1.9434 r
  U11349/CO (ADDFXL)                     0.1495     2.0930 r
  U11258/Y (AO22XL)                      0.0960     2.1890 r
  U16211/CO (ADDFXL)                     0.1679     2.3569 r
  U6907/CO (ADDFXL)                      0.1695     2.5264 r
  U10905/Y (NAND2BXL)                    0.0586     2.5851 f
  U11184/Y (NAND2XL)                     0.0594     2.6445 r
  U11181/Y (NAND2XL)                     0.0609     2.7054 f
  U15068/Y (NAND2XL)                     0.0595     2.7649 r
  U14910/Y (XOR2XL)                      0.1143     2.8792 r
  U12084/Y (NAND2XL)                     0.0614     2.9406 f
  U9403/Y (NOR2XL)                       0.0650     3.0056 r
  U9402/Y (NOR2XL)                       0.0582     3.0639 f
  U12083/Y (AOI22XL)                     0.0611     3.1250 r
  U16228/Y (OAI21XL)                     0.1063     3.2313 f
  U11250/Y (NOR2XL)                      0.0715     3.3028 r
  U11203/Y (AOI21XL)                     0.0657     3.3685 f
  U9836/Y (XNOR2XL)                      0.1374     3.5059 r
  U12077/Y (NOR2XL)                      0.0487     3.5546 f
  U12076/Y (AOI21XL)                     0.0617     3.6163 r
  U16238/Y (OAI22XL)                     0.0877     3.7040 f
  U16239/Y (AOI22XL)                     0.0863     3.7903 r
  U7160/Y (XNOR2XL)                      0.1345     3.9247 f
  U12080/Y (NOR2XL)                      0.0541     3.9788 r
  U12079/Y (AOI21XL)                     0.0542     4.0331 f
  U9348/Y (OAI22XL)                      0.0762     4.1092 r
  U16250/Y (INVXL)                       0.0727     4.1820 f
  U16251/Y (XNOR2XL)                     0.1348     4.3167 r
  U16252/Y (MXI2XL)                      0.1101     4.4269 f
  U11302/Y (NOR2BXL)                     0.0679     4.4948 r
  U16262/Y (NAND2XL)                     0.0765     4.5712 f
  U15501/Y (AOI22XL)                     0.0732     4.6445 r
  U9329/Y (MXI2XL)                       0.1182     4.7627 f
  U9328/Y (NOR2XL)                       0.0689     4.8315 r
  U9220/Y (NAND2BXL)                     0.0752     4.9068 f
  U8096/Y (XNOR2X1)                      0.1517     5.0584 r
  U7927/Y (NOR2XL)                       0.0485     5.1070 f
  U12069/Y (AOI22XL)                     0.0669     5.1739 r
  U17251/Y (NOR2XL)                      0.0691     5.2430 f
  U17252/Y (OAI31XL)                     0.0916     5.3346 r
  U17253/Y (BUFX2)                       0.0972     5.4317 r
  U17254/Y (OAI2BB1XL)                   0.0604     5.4921 f
  line9_reg_0_/D (SEDFFHQX1)             0.0483     5.5404 f
  data arrival time                                 5.5404

  clock clk (rise edge)                  5.0000     5.0000
  clock network delay (ideal)            0.0000     5.0000
  line9_reg_0_/CK (SEDFFHQX1)            0.0000     5.0000 r
  library setup time                    -0.1420     4.8580
  data required time                                4.8580
  -----------------------------------------------------------
  data required time                                4.8580
  data arrival time                                -5.5404
  -----------------------------------------------------------
  slack (VIOLATED)                                 -0.6824


1
