
################################################################################
#
# This file has been generated by SpyGlass:
#     Report Name      : moresimple
#     Report Created by: u110022124
#     Report Created on:  Wed Nov 26 23:15:24 2025
#     Working Directory: /home/u110/u110022124/ICLAB/EE4292_HW5/util
#     SpyGlass Version : SpyGlass_vR-2020.12-SP2
#     Policy Name      : SpyGlass(SpyGlass_vR-2020.12-SP2)
#                        erc(SpyGlass_vR-2020.12-SP2)
#                        latch(SpyGlass_vR-2020.12-SP2)
#                        lint(SpyGlass_vR-2020.12-SP2)
#                        morelint(SpyGlass_vR-2020.12-SP2)
#                        openmore(SpyGlass_vR-2020.12-SP2)
#                        simulation(SpyGlass_vR-2020.12-SP2)
#                        starc(SpyGlass_vR-2020.12-SP2)
#                        starc2005(SpyGlass_vR-2020.12-SP2)
#
#     Total Number of Generated Messages :         13
#     Number of Waived Messages          :          0
#     Number of Reported Messages        :         13
#     Number of Overlimit Messages       :          0
#
#
################################################################################

+++++++++++++++++++++++++++++++++++++++++++++++++++++++++++++++++++++++
MORESIMPLE REPORT:


############### BuiltIn -> RuleGroup=Design Read ###############
+++++++++++++++++++++++++++++++++++++++++++++++++++++++++++++++++++++++++++++++++++++++
ID       Rule                    Alias                   Severity    File                                                                     Line    Wt    Message
======================================================================================
[1]      DetectTopDesignUnits    DetectTopDesignUnits    Info        ../hdl/ViT_top.v                                                         2       2     Module ViT_top is a top level design unit
[0]      ElabSummary             ElabSummary             Info        ./spyglass-1/lint/lint_rtl/spyglass_reports/SpyGlass/elab_summary.rpt    0       2     Please refer file './spyglass-1/lint/lint_rtl/spyglass_reports/SpyGlass/elab_summary.rpt' for elab summary report
+++++++++++++++++++++++++++++++++++++++++++++++++++++++++++++++++++++++++++++++++++++++


############### Non-BuiltIn -> Goal=lint/lint_rtl ###############
+++++++++++++++++++++++++++++++++++++++++++++++++++++++++++++++++++++++++++++++++++++++
ID       Rule                Alias                Severity    File                Line    Wt    Message
======================================================================================
[B]      STARC05-2.11.3.1    SepStateNextLogic    Warning     ../hdl/ViT_top.v    434     10    Combinational and sequential parts of an FSM 'ViT_top.cnt8' described in same always block
[C]      STARC05-2.11.3.1    SepStateNextLogic    Warning     ../hdl/ViT_top.v    1833    10    Combinational and sequential parts of an FSM 'ViT_top.sram_c_block_cnt' described in same always block
[A]      STARC05-2.2.3.3     InitValUsingNBA      Warning     ../hdl/ViT_top.v    556     5     Flipflop 'valid_1' is assigned over the same signal in an always construct for sequential circuits (at line '545')
[2]      W287b                                    Warning     ../hdl/ViT_top.v    918     5     Instance output port 'remainder' is not connected
[3]      W287b                                    Warning     ../hdl/ViT_top.v    926     5     Instance output port 'remainder' is not connected
[4]      W287b                                    Warning     ../hdl/ViT_top.v    934     5     Instance output port 'remainder' is not connected
[5]      W287b                                    Warning     ../hdl/ViT_top.v    942     5     Instance output port 'remainder' is not connected
[6]      W287b                                    Warning     ../hdl/ViT_top.v    950     5     Instance output port 'remainder' is not connected
[7]      W287b                                    Warning     ../hdl/ViT_top.v    958     5     Instance output port 'remainder' is not connected
[8]      W287b                                    Warning     ../hdl/ViT_top.v    966     5     Instance output port 'remainder' is not connected
[9]      W287b                                    Warning     ../hdl/ViT_top.v    974     5     Instance output port 'remainder' is not connected
+++++++++++++++++++++++++++++++++++++++++++++++++++++++++++++++++++++++++++++++++++++++

################################################################################
#
# This file has been generated by SpyGlass:
#     Report Name      : moresimple
#     Report Created by: u110022124
#     Report Created on: Wed Nov 26 23:15:45 2025
#     Working Directory: /home/u110/u110022124/ICLAB/EE4292_HW5/util
#     SpyGlass Version : SpyGlass_vR-2020.12-SP2
#     Policy Name      : SpyGlass(SpyGlass_vR-2020.12-SP2)
#                        auto-verify(SpyGlass_vR-2020.12-SP2)
#                        erc(SpyGlass_vR-2020.12-SP2)
#                        latch(SpyGlass_vR-2020.12-SP2)
#                        lint(SpyGlass_vR-2020.12-SP2)
#                        morelint(SpyGlass_vR-2020.12-SP2)
#                        openmore(SpyGlass_vR-2020.12-SP2)
#                        simulation(SpyGlass_vR-2020.12-SP2)
#                        starc(SpyGlass_vR-2020.12-SP2)
#                        starc2005(SpyGlass_vR-2020.12-SP2)
#
#     Total Number of Generated Primary Messages   :          7
#     Total Number of Generated Secondary Messages :          8
#     Number of Waived Primary Messages            :          0
#     Number of Waived Secondary Messages          :          0
#     Number of Reported Primary Messages          :          7
#     Number of Overlimit Messages                 :          0
#
#
################################################################################

++++++++++++++++++++++++++++++++++++++++++++++++++++++++++++++++++++++++++++++++++++++++++++++++++++++++++++++++
MORESIMPLE REPORT:


############### BuiltIn -> RuleGroup=Design Read ###############
++++++++++++++++++++++++++++++++++++++++++++++++++++++++++++++++++++++++++++++++++++++++++++++++++++++++++++++++++++++++
ID       Rule                    Alias                   Severity    File                                                                           Line    Wt    Secondary Msg Count    Message
========================================================================================================================
[2]      DetectTopDesignUnits    DetectTopDesignUnits    Info        ../hdl/ViT_top.v                                                               2       2     NA                     Module ViT_top is a top level design unit
[1]      ElabSummary             ElabSummary             Info        ./spyglass-1/lint/lint_turbo_rtl/spyglass_reports/SpyGlass/elab_summary.rpt    0       2     NA                     Please refer file './spyglass-1/lint/lint_turbo_rtl/spyglass_reports/SpyGlass/elab_summary.rpt' for elab summary report
[0]      TurboModeStatus         TurboModeStatus         Info        N.A.                                                                           0       10    NA                     Turbo-Mode is enabled in the current run as turbo_struct license feature successfully checked out
+++++++++++++++++++++++++++++++++++++++++++++++++++++++++++++++++++++++++++++++++++++++++++++++++++++++++++++++++++++++


############### Non-BuiltIn -> Goal=lint/lint_turbo_rtl ###############
++++++++++++++++++++++++++++++++++++++++++++++++++++++++++++++++++++++++++++++++++++++++++++++++++++++++++++++++++++++++
ID       Rule                Alias                Severity    File                Line    Wt    Secondary Msg Count    Message
========================================================================================================================
[D]      STARC05-2.11.3.1    SepStateNextLogic    Warning     ../hdl/ViT_top.v    434     10    NA                     Combinational and sequential parts of an FSM 'ViT_top.cnt8' described in same always block
[E]      STARC05-2.11.3.1    SepStateNextLogic    Warning     ../hdl/ViT_top.v    1833    10    NA                     Combinational and sequential parts of an FSM 'ViT_top.sram_c_block_cnt' described in same always block
[C]      STARC05-2.2.3.3     InitValUsingNBA      Warning     ../hdl/ViT_top.v    556     5     NA                     Flipflop 'valid_1' is assigned over the same signal in an always construct for sequential circuits (at line '545')
[B]      W287b                                    Warning     ../hdl/ViT_top.v    918     5     8                      Instance output port 'remainder' is not connected. For similar '8' violations of module 'div', please refer to the spreadsheet for details
+++++++++++++++++++++++++++++++++++++++++++++++++++++++++++++++++++++++++++++++++++++++++++++++++++++++++++++++++++++++

################################################################################
#
# This file has been generated by SpyGlass:
#     Report Name      : moresimple
#     Report Created by: u110022124
#     Report Created on:  Wed Nov 26 23:16:01 2025
#     Working Directory: /home/u110/u110022124/ICLAB/EE4292_HW5/util
#     SpyGlass Version : SpyGlass_vR-2020.12-SP2
#     Policy Name      : SpyGlass(SpyGlass_vR-2020.12-SP2)
#                        lint(SpyGlass_vR-2020.12-SP2)
#
#     Total Number of Generated Messages :          3
#     Number of Waived Messages          :          0
#     Number of Reported Messages        :          3
#     Number of Overlimit Messages       :          0
#
#
################################################################################

+++++++++++++++++++++++++++++++++++++++++++++++++++++++++++++++++++++++
MORESIMPLE REPORT:


############### BuiltIn -> RuleGroup=Design Read ###############
+++++++++++++++++++++++++++++++++++++++++++++++++++++++++++++++++++++++++++++++++++++++
ID       Rule                    Alias                   Severity    File                                                                          Line    Wt    Message
======================================================================================
[1]      DetectTopDesignUnits    DetectTopDesignUnits    Info        ../hdl/ViT_top.v                                                              2       2     Module ViT_top is a top level design unit
[0]      ElabSummary             ElabSummary             Info        ./spyglass-1/lint/lint_abstract/spyglass_reports/SpyGlass/elab_summary.rpt    0       2     Please refer file './spyglass-1/lint/lint_abstract/spyglass_reports/SpyGlass/elab_summary.rpt' for elab summary report
+++++++++++++++++++++++++++++++++++++++++++++++++++++++++++++++++++++++++++++++++++++++


############### Non-BuiltIn -> Goal=lint/lint_abstract ###############
+++++++++++++++++++++++++++++++++++++++++++++++++++++++++++++++++++++++++++++++++++++++
ID       Rule               Alias    Severity    File                                                                                                                                            Line    Wt    Message
======================================================================================
[2]      LINT_abstract01             Info        ./spyglass-1/lint/lint_abstract/spyglass_reports/abstract_view/ViT_top_ACT_PER_ADDR_1_BIAS_PER_ADDR_1_BW_PER_ACT_10_BW__1_lint_abstract.sgdc    0       2     Abstract view for design 'ViT_top' succesfully created
+++++++++++++++++++++++++++++++++++++++++++++++++++++++++++++++++++++++++++++++++++++++

################################################################################
#
# This file has been generated by SpyGlass:
#     Report Name      : moresimple
#     Report Created by: u110022124
#     Report Created on:  Wed Nov 26 23:16:13 2025
#     Working Directory: /home/u110/u110022124/ICLAB/EE4292_HW5/util
#     SpyGlass Version : SpyGlass_vR-2020.12-SP2
#     Policy Name      : SpyGlass(SpyGlass_vR-2020.12-SP2)
#                        lint(SpyGlass_vR-2020.12-SP2)
#
#     Total Number of Generated Messages :          3
#     Number of Waived Messages          :          0
#     Number of Reported Messages        :          3
#     Number of Overlimit Messages       :          0
#
#
################################################################################

+++++++++++++++++++++++++++++++++++++++++++++++++++++++++++++++++++++++
MORESIMPLE REPORT:


############### BuiltIn -> RuleGroup=Design Read ###############
+++++++++++++++++++++++++++++++++++++++++++++++++++++++++++++++++++++++++++++++++++++++
ID       Rule                    Alias                   Severity    File                                                                          Line    Wt    Message
======================================================================================
[1]      DetectTopDesignUnits    DetectTopDesignUnits    Info        ../hdl/ViT_top.v                                                              2       2     Module ViT_top is a top level design unit
[0]      ElabSummary             ElabSummary             Info        ./spyglass-1/lint/lint_abstract/spyglass_reports/SpyGlass/elab_summary.rpt    0       2     Please refer file './spyglass-1/lint/lint_abstract/spyglass_reports/SpyGlass/elab_summary.rpt' for elab summary report
+++++++++++++++++++++++++++++++++++++++++++++++++++++++++++++++++++++++++++++++++++++++


############### Non-BuiltIn -> Goal=lint/lint_abstract ###############
+++++++++++++++++++++++++++++++++++++++++++++++++++++++++++++++++++++++++++++++++++++++
ID       Rule               Alias    Severity    File                                                                                                                                            Line    Wt    Message
======================================================================================
[2]      LINT_abstract01             Info        ./spyglass-1/lint/lint_abstract/spyglass_reports/abstract_view/ViT_top_ACT_PER_ADDR_1_BIAS_PER_ADDR_1_BW_PER_ACT_10_BW__1_lint_abstract.sgdc    0       2     Abstract view for design 'ViT_top' succesfully created
+++++++++++++++++++++++++++++++++++++++++++++++++++++++++++++++++++++++++++++++++++++++
