 
****************************************
Report : timing
        -path full
        -delay max
        -nworst 2
        -max_paths 4
Design : div
Version: R-2020.09-SP5
Date   : Tue Nov 18 03:16:02 2025
****************************************

 # A fanout number of 1000 was used for high fanout net computations.

Operating Conditions: PVT_1P08V_125C   Library: slow_vdd1v2
Wire Load Model Mode: enclosed

  Startpoint: sqrt_stepx_3__u_divider_step/divisor_kp_reg_0_
              (rising edge-triggered flip-flop clocked by clk)
  Endpoint: sqrt_stepx_4__u_divider_step/remainder_reg_17_
            (rising edge-triggered flip-flop clocked by clk)
  Path Group: clk
  Path Type: max

  Des/Clust/Port     Wire Load Model       Library
  ------------------------------------------------
  div                Large                 slow_vdd1v2
  divider_cell_N41_M18_mydesign_19
                     Small                 slow_vdd1v2

  Point                                                   Incr       Path
  --------------------------------------------------------------------------
  clock clk (rise edge)                                 0.0000     0.0000
  clock network delay (ideal)                           0.0000     0.0000
  sqrt_stepx_3__u_divider_step/divisor_kp_reg_0_/CK (DFFTRXL)
                                                        0.0000 #   0.0000 r
  sqrt_stepx_3__u_divider_step/divisor_kp_reg_0_/Q (DFFTRXL)
                                                        0.1007     0.1007 r
  sqrt_stepx_3__u_divider_step/divisor_kp[0] (divider_cell_N41_M18_mydesign_20)
                                                        0.0000     0.1007 r
  sqrt_stepx_4__u_divider_step/divisor[0] (divider_cell_N41_M18_mydesign_19)
                                                        0.0000     0.1007 r
  sqrt_stepx_4__u_divider_step/U39/Y (INVXL)            0.0529     0.1537 f
  sqrt_stepx_4__u_divider_step/U24/Y (NOR2XL)           0.0455     0.1992 r
  sqrt_stepx_4__u_divider_step/U124/CO (ADDFX1)         0.1345     0.3337 r
  sqrt_stepx_4__u_divider_step/U125/CO (ADDFX1)         0.1275     0.4612 r
  sqrt_stepx_4__u_divider_step/intadd_3_U15/CO (ADDFX1)
                                                        0.1223     0.5835 r
  sqrt_stepx_4__u_divider_step/intadd_3_U14/CO (ADDFX1)
                                                        0.1258     0.7093 r
  sqrt_stepx_4__u_divider_step/intadd_3_U13/CO (ADDFX1)
                                                        0.1258     0.8350 r
  sqrt_stepx_4__u_divider_step/intadd_3_U12/CO (ADDFX1)
                                                        0.1258     0.9608 r
  sqrt_stepx_4__u_divider_step/intadd_3_U11/CO (ADDFX1)
                                                        0.1258     1.0866 r
  sqrt_stepx_4__u_divider_step/intadd_3_U10/CO (ADDFX1)
                                                        0.1258     1.2124 r
  sqrt_stepx_4__u_divider_step/intadd_3_U9/CO (ADDFX1)
                                                        0.1258     1.3381 r
  sqrt_stepx_4__u_divider_step/intadd_3_U8/CO (ADDFX1)
                                                        0.1258     1.4639 r
  sqrt_stepx_4__u_divider_step/intadd_3_U7/CO (ADDFX1)
                                                        0.1258     1.5897 r
  sqrt_stepx_4__u_divider_step/intadd_3_U6/CO (ADDFX1)
                                                        0.1258     1.7154 r
  sqrt_stepx_4__u_divider_step/intadd_3_U5/CO (ADDFX1)
                                                        0.1258     1.8412 r
  sqrt_stepx_4__u_divider_step/intadd_3_U4/CO (ADDFX1)
                                                        0.1258     1.9670 r
  sqrt_stepx_4__u_divider_step/intadd_3_U3/CO (ADDFX1)
                                                        0.1258     2.0928 r
  sqrt_stepx_4__u_divider_step/intadd_3_U2/CO (ADDFX1)
                                                        0.1232     2.2159 r
  sqrt_stepx_4__u_divider_step/U56/Y (XNOR2X1)          0.1097     2.3257 f
  sqrt_stepx_4__u_divider_step/U127/Y (AOI211XL)        0.0521     2.3777 r
  sqrt_stepx_4__u_divider_step/remainder_reg_17_/RN (DFFTRXL)
                                                        0.0110     2.3887 r
  data arrival time                                                2.3887

  clock clk (rise edge)                                 3.0000     3.0000
  clock network delay (ideal)                           0.0000     3.0000
  sqrt_stepx_4__u_divider_step/remainder_reg_17_/CK (DFFTRXL)
                                                        0.0000     3.0000 r
  library setup time                                   -0.1126     2.8874
  data required time                                               2.8874
  --------------------------------------------------------------------------
  data required time                                               2.8874
  data arrival time                                               -2.3887
  --------------------------------------------------------------------------
  slack (MET)                                                      0.4987


  Startpoint: sqrt_stepx_6__u_divider_step/divisor_kp_reg_0_
              (rising edge-triggered flip-flop clocked by clk)
  Endpoint: sqrt_stepx_7__u_divider_step/remainder_reg_17_
            (rising edge-triggered flip-flop clocked by clk)
  Path Group: clk
  Path Type: max

  Des/Clust/Port     Wire Load Model       Library
  ------------------------------------------------
  div                Large                 slow_vdd1v2
  divider_cell_N41_M18_mydesign_16
                     Small                 slow_vdd1v2

  Point                                                   Incr       Path
  --------------------------------------------------------------------------
  clock clk (rise edge)                                 0.0000     0.0000
  clock network delay (ideal)                           0.0000     0.0000
  sqrt_stepx_6__u_divider_step/divisor_kp_reg_0_/CK (DFFTRXL)
                                                        0.0000 #   0.0000 r
  sqrt_stepx_6__u_divider_step/divisor_kp_reg_0_/Q (DFFTRXL)
                                                        0.1007     0.1007 r
  sqrt_stepx_6__u_divider_step/divisor_kp[0] (divider_cell_N41_M18_mydesign_17)
                                                        0.0000     0.1007 r
  sqrt_stepx_7__u_divider_step/divisor[0] (divider_cell_N41_M18_mydesign_16)
                                                        0.0000     0.1007 r
  sqrt_stepx_7__u_divider_step/U43/Y (INVXL)            0.0529     0.1537 f
  sqrt_stepx_7__u_divider_step/U28/Y (NOR2XL)           0.0455     0.1992 r
  sqrt_stepx_7__u_divider_step/U127/CO (ADDFX1)         0.1345     0.3337 r
  sqrt_stepx_7__u_divider_step/U128/CO (ADDFX1)         0.1275     0.4612 r
  sqrt_stepx_7__u_divider_step/intadd_6_U15/CO (ADDFX1)
                                                        0.1223     0.5835 r
  sqrt_stepx_7__u_divider_step/intadd_6_U14/CO (ADDFX1)
                                                        0.1258     0.7093 r
  sqrt_stepx_7__u_divider_step/intadd_6_U13/CO (ADDFX1)
                                                        0.1258     0.8350 r
  sqrt_stepx_7__u_divider_step/intadd_6_U12/CO (ADDFX1)
                                                        0.1258     0.9608 r
  sqrt_stepx_7__u_divider_step/intadd_6_U11/CO (ADDFX1)
                                                        0.1258     1.0866 r
  sqrt_stepx_7__u_divider_step/intadd_6_U10/CO (ADDFX1)
                                                        0.1258     1.2124 r
  sqrt_stepx_7__u_divider_step/intadd_6_U9/CO (ADDFX1)
                                                        0.1258     1.3381 r
  sqrt_stepx_7__u_divider_step/intadd_6_U8/CO (ADDFX1)
                                                        0.1258     1.4639 r
  sqrt_stepx_7__u_divider_step/intadd_6_U7/CO (ADDFX1)
                                                        0.1258     1.5897 r
  sqrt_stepx_7__u_divider_step/intadd_6_U6/CO (ADDFX1)
                                                        0.1258     1.7154 r
  sqrt_stepx_7__u_divider_step/intadd_6_U5/CO (ADDFX1)
                                                        0.1258     1.8412 r
  sqrt_stepx_7__u_divider_step/intadd_6_U4/CO (ADDFX1)
                                                        0.1258     1.9670 r
  sqrt_stepx_7__u_divider_step/intadd_6_U3/CO (ADDFX1)
                                                        0.1258     2.0928 r
  sqrt_stepx_7__u_divider_step/intadd_6_U2/CO (ADDFX1)
                                                        0.1232     2.2159 r
  sqrt_stepx_7__u_divider_step/U61/Y (XNOR2X1)          0.1097     2.3257 f
  sqrt_stepx_7__u_divider_step/U129/Y (AOI211XL)        0.0521     2.3777 r
  sqrt_stepx_7__u_divider_step/remainder_reg_17_/RN (DFFTRXL)
                                                        0.0110     2.3887 r
  data arrival time                                                2.3887

  clock clk (rise edge)                                 3.0000     3.0000
  clock network delay (ideal)                           0.0000     3.0000
  sqrt_stepx_7__u_divider_step/remainder_reg_17_/CK (DFFTRXL)
                                                        0.0000     3.0000 r
  library setup time                                   -0.1126     2.8874
  data required time                                               2.8874
  --------------------------------------------------------------------------
  data required time                                               2.8874
  data arrival time                                               -2.3887
  --------------------------------------------------------------------------
  slack (MET)                                                      0.4987


  Startpoint: sqrt_stepx_10__u_divider_step/divisor_kp_reg_0_
              (rising edge-triggered flip-flop clocked by clk)
  Endpoint: sqrt_stepx_11__u_divider_step/remainder_reg_17_
            (rising edge-triggered flip-flop clocked by clk)
  Path Group: clk
  Path Type: max

  Des/Clust/Port     Wire Load Model       Library
  ------------------------------------------------
  div                Large                 slow_vdd1v2
  divider_cell_N41_M18_mydesign_12
                     Small                 slow_vdd1v2

  Point                                                   Incr       Path
  --------------------------------------------------------------------------
  clock clk (rise edge)                                 0.0000     0.0000
  clock network delay (ideal)                           0.0000     0.0000
  sqrt_stepx_10__u_divider_step/divisor_kp_reg_0_/CK (DFFTRXL)
                                                        0.0000 #   0.0000 r
  sqrt_stepx_10__u_divider_step/divisor_kp_reg_0_/Q (DFFTRXL)
                                                        0.1007     0.1007 r
  sqrt_stepx_10__u_divider_step/divisor_kp[0] (divider_cell_N41_M18_mydesign_13)
                                                        0.0000     0.1007 r
  sqrt_stepx_11__u_divider_step/divisor[0] (divider_cell_N41_M18_mydesign_12)
                                                        0.0000     0.1007 r
  sqrt_stepx_11__u_divider_step/U42/Y (INVXL)           0.0529     0.1537 f
  sqrt_stepx_11__u_divider_step/U27/Y (NOR2XL)          0.0455     0.1992 r
  sqrt_stepx_11__u_divider_step/U126/CO (ADDFX1)        0.1345     0.3337 r
  sqrt_stepx_11__u_divider_step/U127/CO (ADDFX1)        0.1275     0.4612 r
  sqrt_stepx_11__u_divider_step/intadd_10_U15/CO (ADDFX1)
                                                        0.1223     0.5835 r
  sqrt_stepx_11__u_divider_step/intadd_10_U14/CO (ADDFX1)
                                                        0.1258     0.7093 r
  sqrt_stepx_11__u_divider_step/intadd_10_U13/CO (ADDFX1)
                                                        0.1258     0.8350 r
  sqrt_stepx_11__u_divider_step/intadd_10_U12/CO (ADDFX1)
                                                        0.1258     0.9608 r
  sqrt_stepx_11__u_divider_step/intadd_10_U11/CO (ADDFX1)
                                                        0.1258     1.0866 r
  sqrt_stepx_11__u_divider_step/intadd_10_U10/CO (ADDFX1)
                                                        0.1258     1.2124 r
  sqrt_stepx_11__u_divider_step/intadd_10_U9/CO (ADDFX1)
                                                        0.1258     1.3381 r
  sqrt_stepx_11__u_divider_step/intadd_10_U8/CO (ADDFX1)
                                                        0.1258     1.4639 r
  sqrt_stepx_11__u_divider_step/intadd_10_U7/CO (ADDFX1)
                                                        0.1258     1.5897 r
  sqrt_stepx_11__u_divider_step/intadd_10_U6/CO (ADDFX1)
                                                        0.1258     1.7154 r
  sqrt_stepx_11__u_divider_step/intadd_10_U5/CO (ADDFX1)
                                                        0.1258     1.8412 r
  sqrt_stepx_11__u_divider_step/intadd_10_U4/CO (ADDFX1)
                                                        0.1258     1.9670 r
  sqrt_stepx_11__u_divider_step/intadd_10_U3/CO (ADDFX1)
                                                        0.1258     2.0928 r
  sqrt_stepx_11__u_divider_step/intadd_10_U2/CO (ADDFX1)
                                                        0.1232     2.2159 r
  sqrt_stepx_11__u_divider_step/U60/Y (XNOR2X1)         0.1097     2.3257 f
  sqrt_stepx_11__u_divider_step/U129/Y (AOI211XL)       0.0521     2.3777 r
  sqrt_stepx_11__u_divider_step/remainder_reg_17_/RN (DFFTRXL)
                                                        0.0110     2.3887 r
  data arrival time                                                2.3887

  clock clk (rise edge)                                 3.0000     3.0000
  clock network delay (ideal)                           0.0000     3.0000
  sqrt_stepx_11__u_divider_step/remainder_reg_17_/CK (DFFTRXL)
                                                        0.0000     3.0000 r
  library setup time                                   -0.1126     2.8874
  data required time                                               2.8874
  --------------------------------------------------------------------------
  data required time                                               2.8874
  data arrival time                                               -2.3887
  --------------------------------------------------------------------------
  slack (MET)                                                      0.4987


  Startpoint: sqrt_stepx_18__u_divider_step/divisor_kp_reg_0_
              (rising edge-triggered flip-flop clocked by clk)
  Endpoint: sqrt_stepx_19__u_divider_step/remainder_reg_17_
            (rising edge-triggered flip-flop clocked by clk)
  Path Group: clk
  Path Type: max

  Des/Clust/Port     Wire Load Model       Library
  ------------------------------------------------
  div                Large                 slow_vdd1v2
  divider_cell_N41_M18_mydesign_4
                     Small                 slow_vdd1v2

  Point                                                   Incr       Path
  --------------------------------------------------------------------------
  clock clk (rise edge)                                 0.0000     0.0000
  clock network delay (ideal)                           0.0000     0.0000
  sqrt_stepx_18__u_divider_step/divisor_kp_reg_0_/CK (DFFTRXL)
                                                        0.0000 #   0.0000 r
  sqrt_stepx_18__u_divider_step/divisor_kp_reg_0_/Q (DFFTRXL)
                                                        0.1007     0.1007 r
  sqrt_stepx_18__u_divider_step/divisor_kp[0] (divider_cell_N41_M18_mydesign_5)
                                                        0.0000     0.1007 r
  sqrt_stepx_19__u_divider_step/divisor[0] (divider_cell_N41_M18_mydesign_4)
                                                        0.0000     0.1007 r
  sqrt_stepx_19__u_divider_step/U39/Y (INVXL)           0.0529     0.1537 f
  sqrt_stepx_19__u_divider_step/U24/Y (NOR2XL)          0.0455     0.1992 r
  sqrt_stepx_19__u_divider_step/U126/CO (ADDFX1)        0.1345     0.3337 r
  sqrt_stepx_19__u_divider_step/U127/CO (ADDFX1)        0.1275     0.4612 r
  sqrt_stepx_19__u_divider_step/intadd_18_U15/CO (ADDFX1)
                                                        0.1223     0.5835 r
  sqrt_stepx_19__u_divider_step/intadd_18_U14/CO (ADDFX1)
                                                        0.1258     0.7093 r
  sqrt_stepx_19__u_divider_step/intadd_18_U13/CO (ADDFX1)
                                                        0.1258     0.8350 r
  sqrt_stepx_19__u_divider_step/intadd_18_U12/CO (ADDFX1)
                                                        0.1258     0.9608 r
  sqrt_stepx_19__u_divider_step/intadd_18_U11/CO (ADDFX1)
                                                        0.1258     1.0866 r
  sqrt_stepx_19__u_divider_step/intadd_18_U10/CO (ADDFX1)
                                                        0.1258     1.2124 r
  sqrt_stepx_19__u_divider_step/intadd_18_U9/CO (ADDFX1)
                                                        0.1258     1.3381 r
  sqrt_stepx_19__u_divider_step/intadd_18_U8/CO (ADDFX1)
                                                        0.1258     1.4639 r
  sqrt_stepx_19__u_divider_step/intadd_18_U7/CO (ADDFX1)
                                                        0.1258     1.5897 r
  sqrt_stepx_19__u_divider_step/intadd_18_U6/CO (ADDFX1)
                                                        0.1258     1.7154 r
  sqrt_stepx_19__u_divider_step/intadd_18_U5/CO (ADDFX1)
                                                        0.1258     1.8412 r
  sqrt_stepx_19__u_divider_step/intadd_18_U4/CO (ADDFX1)
                                                        0.1258     1.9670 r
  sqrt_stepx_19__u_divider_step/intadd_18_U3/CO (ADDFX1)
                                                        0.1258     2.0928 r
  sqrt_stepx_19__u_divider_step/intadd_18_U2/CO (ADDFX1)
                                                        0.1232     2.2159 r
  sqrt_stepx_19__u_divider_step/U57/Y (XNOR2X1)         0.1097     2.3257 f
  sqrt_stepx_19__u_divider_step/U129/Y (AOI211XL)       0.0521     2.3777 r
  sqrt_stepx_19__u_divider_step/remainder_reg_17_/RN (DFFTRXL)
                                                        0.0110     2.3887 r
  data arrival time                                                2.3887

  clock clk (rise edge)                                 3.0000     3.0000
  clock network delay (ideal)                           0.0000     3.0000
  sqrt_stepx_19__u_divider_step/remainder_reg_17_/CK (DFFTRXL)
                                                        0.0000     3.0000 r
  library setup time                                   -0.1126     2.8874
  data required time                                               2.8874
  --------------------------------------------------------------------------
  data required time                                               2.8874
  data arrival time                                               -2.3887
  --------------------------------------------------------------------------
  slack (MET)                                                      0.4987


1
