 
****************************************
Report : resources
Design : div
Version: R-2020.09-SP5
Date   : Tue Nov 18 03:16:03 2025
****************************************


No resource sharing information to report.

No implementations to report
 
****************************************
Design : divider_cell_N41_M18_mydesign_0
****************************************

Resource Report for this hierarchy in file ../hdl/div.v
=============================================================================
| Cell           | Module         | Parameters | Contained Operations       |
=============================================================================
| gte_x_1        | DW_cmp         | width=19   | gte_112 (div.v:112)        |
| sub_x_3        | DW01_sub       | width=18   | sub_114 (div.v:114)        |
=============================================================================


Implementation Report
===============================================================================
|                    |                  | Current            | Set            |
| Cell               | Module           | Implementation     | Implementation |
===============================================================================
| gte_x_1            | DW_cmp           | apparch (area)     |                |
| sub_x_3            | DW01_sub         | apparch (area)     |                |
===============================================================================

 
****************************************
Design : divider_cell_N41_M18_mydesign_1
****************************************

Resource Report for this hierarchy in file ../hdl/div.v
=============================================================================
| Cell           | Module         | Parameters | Contained Operations       |
=============================================================================
| gte_x_1        | DW_cmp         | width=19   | gte_112 (div.v:112)        |
| sub_x_3        | DW01_sub       | width=18   | sub_114 (div.v:114)        |
=============================================================================


Implementation Report
===============================================================================
|                    |                  | Current            | Set            |
| Cell               | Module           | Implementation     | Implementation |
===============================================================================
| gte_x_1            | DW_cmp           | apparch (area)     |                |
| sub_x_3            | DW01_sub         | apparch (area)     |                |
===============================================================================

 
****************************************
Design : divider_cell_N41_M18_mydesign_2
****************************************

Resource Report for this hierarchy in file ../hdl/div.v
=============================================================================
| Cell           | Module         | Parameters | Contained Operations       |
=============================================================================
| gte_x_1        | DW_cmp         | width=19   | gte_112 (div.v:112)        |
| sub_x_3        | DW01_sub       | width=18   | sub_114 (div.v:114)        |
=============================================================================


Implementation Report
===============================================================================
|                    |                  | Current            | Set            |
| Cell               | Module           | Implementation     | Implementation |
===============================================================================
| gte_x_1            | DW_cmp           | apparch (area)     |                |
| sub_x_3            | DW01_sub         | apparch (area)     |                |
===============================================================================

 
****************************************
Design : divider_cell_N41_M18_mydesign_3
****************************************

Resource Report for this hierarchy in file ../hdl/div.v
=============================================================================
| Cell           | Module         | Parameters | Contained Operations       |
=============================================================================
| gte_x_1        | DW_cmp         | width=19   | gte_112 (div.v:112)        |
| sub_x_3        | DW01_sub       | width=18   | sub_114 (div.v:114)        |
=============================================================================


Implementation Report
===============================================================================
|                    |                  | Current            | Set            |
| Cell               | Module           | Implementation     | Implementation |
===============================================================================
| gte_x_1            | DW_cmp           | apparch (area)     |                |
| sub_x_3            | DW01_sub         | apparch (area)     |                |
===============================================================================

 
****************************************
Design : divider_cell_N41_M18_mydesign_4
****************************************

Resource Report for this hierarchy in file ../hdl/div.v
=============================================================================
| Cell           | Module         | Parameters | Contained Operations       |
=============================================================================
| gte_x_1        | DW_cmp         | width=19   | gte_112 (div.v:112)        |
| sub_x_3        | DW01_sub       | width=18   | sub_114 (div.v:114)        |
=============================================================================


Implementation Report
===============================================================================
|                    |                  | Current            | Set            |
| Cell               | Module           | Implementation     | Implementation |
===============================================================================
| gte_x_1            | DW_cmp           | apparch (area)     |                |
| sub_x_3            | DW01_sub         | apparch (area)     |                |
===============================================================================

 
****************************************
Design : divider_cell_N41_M18_mydesign_5
****************************************

Resource Report for this hierarchy in file ../hdl/div.v
=============================================================================
| Cell           | Module         | Parameters | Contained Operations       |
=============================================================================
| gte_x_1        | DW_cmp         | width=19   | gte_112 (div.v:112)        |
| sub_x_3        | DW01_sub       | width=18   | sub_114 (div.v:114)        |
=============================================================================


Implementation Report
===============================================================================
|                    |                  | Current            | Set            |
| Cell               | Module           | Implementation     | Implementation |
===============================================================================
| gte_x_1            | DW_cmp           | apparch (area)     |                |
| sub_x_3            | DW01_sub         | apparch (area)     |                |
===============================================================================

 
****************************************
Design : divider_cell_N41_M18_mydesign_6
****************************************

Resource Report for this hierarchy in file ../hdl/div.v
=============================================================================
| Cell           | Module         | Parameters | Contained Operations       |
=============================================================================
| gte_x_1        | DW_cmp         | width=19   | gte_112 (div.v:112)        |
| sub_x_3        | DW01_sub       | width=18   | sub_114 (div.v:114)        |
=============================================================================


Implementation Report
===============================================================================
|                    |                  | Current            | Set            |
| Cell               | Module           | Implementation     | Implementation |
===============================================================================
| gte_x_1            | DW_cmp           | apparch (area)     |                |
| sub_x_3            | DW01_sub         | apparch (area)     |                |
===============================================================================

 
****************************************
Design : divider_cell_N41_M18_mydesign_7
****************************************

Resource Report for this hierarchy in file ../hdl/div.v
=============================================================================
| Cell           | Module         | Parameters | Contained Operations       |
=============================================================================
| gte_x_1        | DW_cmp         | width=19   | gte_112 (div.v:112)        |
| sub_x_3        | DW01_sub       | width=18   | sub_114 (div.v:114)        |
=============================================================================


Implementation Report
===============================================================================
|                    |                  | Current            | Set            |
| Cell               | Module           | Implementation     | Implementation |
===============================================================================
| gte_x_1            | DW_cmp           | apparch (area)     |                |
| sub_x_3            | DW01_sub         | apparch (area)     |                |
===============================================================================

 
****************************************
Design : divider_cell_N41_M18_mydesign_8
****************************************

Resource Report for this hierarchy in file ../hdl/div.v
=============================================================================
| Cell           | Module         | Parameters | Contained Operations       |
=============================================================================
| gte_x_1        | DW_cmp         | width=19   | gte_112 (div.v:112)        |
| sub_x_3        | DW01_sub       | width=18   | sub_114 (div.v:114)        |
=============================================================================


Implementation Report
===============================================================================
|                    |                  | Current            | Set            |
| Cell               | Module           | Implementation     | Implementation |
===============================================================================
| gte_x_1            | DW_cmp           | apparch (area)     |                |
| sub_x_3            | DW01_sub         | apparch (area)     |                |
===============================================================================

 
****************************************
Design : divider_cell_N41_M18_mydesign_9
****************************************

Resource Report for this hierarchy in file ../hdl/div.v
=============================================================================
| Cell           | Module         | Parameters | Contained Operations       |
=============================================================================
| gte_x_1        | DW_cmp         | width=19   | gte_112 (div.v:112)        |
| sub_x_3        | DW01_sub       | width=18   | sub_114 (div.v:114)        |
=============================================================================


Implementation Report
===============================================================================
|                    |                  | Current            | Set            |
| Cell               | Module           | Implementation     | Implementation |
===============================================================================
| gte_x_1            | DW_cmp           | apparch (area)     |                |
| sub_x_3            | DW01_sub         | apparch (area)     |                |
===============================================================================

 
****************************************
Design : divider_cell_N41_M18_mydesign_10
****************************************

Resource Report for this hierarchy in file ../hdl/div.v
=============================================================================
| Cell           | Module         | Parameters | Contained Operations       |
=============================================================================
| gte_x_1        | DW_cmp         | width=19   | gte_112 (div.v:112)        |
| sub_x_3        | DW01_sub       | width=18   | sub_114 (div.v:114)        |
=============================================================================


Implementation Report
===============================================================================
|                    |                  | Current            | Set            |
| Cell               | Module           | Implementation     | Implementation |
===============================================================================
| gte_x_1            | DW_cmp           | apparch (area)     |                |
| sub_x_3            | DW01_sub         | apparch (area)     |                |
===============================================================================

 
****************************************
Design : divider_cell_N41_M18_mydesign_11
****************************************

Resource Report for this hierarchy in file ../hdl/div.v
=============================================================================
| Cell           | Module         | Parameters | Contained Operations       |
=============================================================================
| gte_x_1        | DW_cmp         | width=19   | gte_112 (div.v:112)        |
| sub_x_3        | DW01_sub       | width=18   | sub_114 (div.v:114)        |
=============================================================================


Implementation Report
===============================================================================
|                    |                  | Current            | Set            |
| Cell               | Module           | Implementation     | Implementation |
===============================================================================
| gte_x_1            | DW_cmp           | apparch (area)     |                |
| sub_x_3            | DW01_sub         | apparch (area)     |                |
===============================================================================

 
****************************************
Design : divider_cell_N41_M18_mydesign_12
****************************************

Resource Report for this hierarchy in file ../hdl/div.v
=============================================================================
| Cell           | Module         | Parameters | Contained Operations       |
=============================================================================
| gte_x_1        | DW_cmp         | width=19   | gte_112 (div.v:112)        |
| sub_x_3        | DW01_sub       | width=18   | sub_114 (div.v:114)        |
=============================================================================


Implementation Report
===============================================================================
|                    |                  | Current            | Set            |
| Cell               | Module           | Implementation     | Implementation |
===============================================================================
| gte_x_1            | DW_cmp           | apparch (area)     |                |
| sub_x_3            | DW01_sub         | apparch (area)     |                |
===============================================================================

 
****************************************
Design : divider_cell_N41_M18_mydesign_13
****************************************

Resource Report for this hierarchy in file ../hdl/div.v
=============================================================================
| Cell           | Module         | Parameters | Contained Operations       |
=============================================================================
| gte_x_1        | DW_cmp         | width=19   | gte_112 (div.v:112)        |
| sub_x_3        | DW01_sub       | width=18   | sub_114 (div.v:114)        |
=============================================================================


Implementation Report
===============================================================================
|                    |                  | Current            | Set            |
| Cell               | Module           | Implementation     | Implementation |
===============================================================================
| gte_x_1            | DW_cmp           | apparch (area)     |                |
| sub_x_3            | DW01_sub         | apparch (area)     |                |
===============================================================================

 
****************************************
Design : divider_cell_N41_M18_mydesign_14
****************************************

Resource Report for this hierarchy in file ../hdl/div.v
=============================================================================
| Cell           | Module         | Parameters | Contained Operations       |
=============================================================================
| gte_x_1        | DW_cmp         | width=19   | gte_112 (div.v:112)        |
| sub_x_3        | DW01_sub       | width=18   | sub_114 (div.v:114)        |
=============================================================================


Implementation Report
===============================================================================
|                    |                  | Current            | Set            |
| Cell               | Module           | Implementation     | Implementation |
===============================================================================
| gte_x_1            | DW_cmp           | apparch (area)     |                |
| sub_x_3            | DW01_sub         | apparch (area)     |                |
===============================================================================

 
****************************************
Design : divider_cell_N41_M18_mydesign_15
****************************************

Resource Report for this hierarchy in file ../hdl/div.v
=============================================================================
| Cell           | Module         | Parameters | Contained Operations       |
=============================================================================
| gte_x_1        | DW_cmp         | width=19   | gte_112 (div.v:112)        |
| sub_x_3        | DW01_sub       | width=18   | sub_114 (div.v:114)        |
=============================================================================


Implementation Report
===============================================================================
|                    |                  | Current            | Set            |
| Cell               | Module           | Implementation     | Implementation |
===============================================================================
| gte_x_1            | DW_cmp           | apparch (area)     |                |
| sub_x_3            | DW01_sub         | apparch (area)     |                |
===============================================================================

 
****************************************
Design : divider_cell_N41_M18_mydesign_16
****************************************

Resource Report for this hierarchy in file ../hdl/div.v
=============================================================================
| Cell           | Module         | Parameters | Contained Operations       |
=============================================================================
| gte_x_1        | DW_cmp         | width=19   | gte_112 (div.v:112)        |
| sub_x_3        | DW01_sub       | width=18   | sub_114 (div.v:114)        |
=============================================================================


Implementation Report
===============================================================================
|                    |                  | Current            | Set            |
| Cell               | Module           | Implementation     | Implementation |
===============================================================================
| gte_x_1            | DW_cmp           | apparch (area)     |                |
| sub_x_3            | DW01_sub         | apparch (area)     |                |
===============================================================================

 
****************************************
Design : divider_cell_N41_M18_mydesign_17
****************************************

Resource Report for this hierarchy in file ../hdl/div.v
=============================================================================
| Cell           | Module         | Parameters | Contained Operations       |
=============================================================================
| gte_x_1        | DW_cmp         | width=19   | gte_112 (div.v:112)        |
| sub_x_3        | DW01_sub       | width=18   | sub_114 (div.v:114)        |
=============================================================================


Implementation Report
===============================================================================
|                    |                  | Current            | Set            |
| Cell               | Module           | Implementation     | Implementation |
===============================================================================
| gte_x_1            | DW_cmp           | apparch (area)     |                |
| sub_x_3            | DW01_sub         | apparch (area)     |                |
===============================================================================

 
****************************************
Design : divider_cell_N41_M18_mydesign_18
****************************************

Resource Report for this hierarchy in file ../hdl/div.v
=============================================================================
| Cell           | Module         | Parameters | Contained Operations       |
=============================================================================
| gte_x_1        | DW_cmp         | width=19   | gte_112 (div.v:112)        |
| sub_x_3        | DW01_sub       | width=18   | sub_114 (div.v:114)        |
=============================================================================


Implementation Report
===============================================================================
|                    |                  | Current            | Set            |
| Cell               | Module           | Implementation     | Implementation |
===============================================================================
| gte_x_1            | DW_cmp           | apparch (area)     |                |
| sub_x_3            | DW01_sub         | apparch (area)     |                |
===============================================================================

 
****************************************
Design : divider_cell_N41_M18_mydesign_19
****************************************

Resource Report for this hierarchy in file ../hdl/div.v
=============================================================================
| Cell           | Module         | Parameters | Contained Operations       |
=============================================================================
| gte_x_1        | DW_cmp         | width=19   | gte_112 (div.v:112)        |
| sub_x_3        | DW01_sub       | width=18   | sub_114 (div.v:114)        |
=============================================================================


Implementation Report
===============================================================================
|                    |                  | Current            | Set            |
| Cell               | Module           | Implementation     | Implementation |
===============================================================================
| gte_x_1            | DW_cmp           | apparch (area)     |                |
| sub_x_3            | DW01_sub         | apparch (area)     |                |
===============================================================================

 
****************************************
Design : divider_cell_N41_M18_mydesign_20
****************************************

Resource Report for this hierarchy in file ../hdl/div.v
=============================================================================
| Cell           | Module         | Parameters | Contained Operations       |
=============================================================================
| gte_x_1        | DW_cmp         | width=19   | gte_112 (div.v:112)        |
| sub_x_3        | DW01_sub       | width=18   | sub_114 (div.v:114)        |
=============================================================================


Implementation Report
===============================================================================
|                    |                  | Current            | Set            |
| Cell               | Module           | Implementation     | Implementation |
===============================================================================
| gte_x_1            | DW_cmp           | apparch (area)     |                |
| sub_x_3            | DW01_sub         | apparch (area)     |                |
===============================================================================

 
****************************************
Design : divider_cell_N41_M18_mydesign_21
****************************************

Resource Report for this hierarchy in file ../hdl/div.v
=============================================================================
| Cell           | Module         | Parameters | Contained Operations       |
=============================================================================
| gte_x_1        | DW_cmp         | width=19   | gte_112 (div.v:112)        |
| sub_x_3        | DW01_sub       | width=18   | sub_114 (div.v:114)        |
=============================================================================


Implementation Report
===============================================================================
|                    |                  | Current            | Set            |
| Cell               | Module           | Implementation     | Implementation |
===============================================================================
| gte_x_1            | DW_cmp           | apparch (area)     |                |
| sub_x_3            | DW01_sub         | apparch (area)     |                |
===============================================================================

 
****************************************
Design : divider_cell_N41_M18_mydesign_22
****************************************

Resource Report for this hierarchy in file ../hdl/div.v
=============================================================================
| Cell           | Module         | Parameters | Contained Operations       |
=============================================================================
| gte_x_1        | DW_cmp         | width=19   | gte_112 (div.v:112)        |
| sub_x_3        | DW01_sub       | width=18   | sub_114 (div.v:114)        |
=============================================================================


Implementation Report
===============================================================================
|                    |                  | Current            | Set            |
| Cell               | Module           | Implementation     | Implementation |
===============================================================================
| gte_x_1            | DW_cmp           | apparch (area)     |                |
| sub_x_3            | DW01_sub         | apparch (area)     |                |
===============================================================================

 
****************************************
Design : divider_cell_N41_M18_mydesign_23
****************************************

Resource Report for this hierarchy in file ../hdl/div.v
=============================================================================
| Cell           | Module         | Parameters | Contained Operations       |
=============================================================================
| gte_x_1        | DW_cmp         | width=18   | gte_112 (div.v:112)        |
| sub_x_2        | DW01_sub       | width=18   | sub_114 (div.v:114)        |
=============================================================================


Implementation Report
===============================================================================
|                    |                  | Current            | Set            |
| Cell               | Module           | Implementation     | Implementation |
===============================================================================
| gte_x_1            | DW_cmp           | apparch (area)     |                |
| sub_x_2            | DW01_sub         | apparch (area)     |                |
===============================================================================

1
