 
****************************************
Report : timing
        -path full
        -delay max
        -max_paths 4
Design : ViT_top
Version: R-2020.09-SP5
Date   : Tue Nov 18 17:50:34 2025
****************************************

 # A fanout number of 1000 was used for high fanout net computations.

Operating Conditions: PVT_1P08V_125C   Library: slow_vdd1v2
Wire Load Model Mode: enclosed

  Startpoint: cnt8_reg_1_
              (rising edge-triggered flip-flop clocked by clk)
  Endpoint: div7/merchant_t_reg_0__0_
            (rising edge-triggered flip-flop clocked by clk)
  Path Group: clk
  Path Type: max

  Des/Clust/Port     Wire Load Model       Library
  ------------------------------------------------
  ViT_top            Large                 slow_vdd1v2
  div_mydesign_0     Small                 slow_vdd1v2

  Point                                                   Incr       Path
  --------------------------------------------------------------------------
  clock clk (rise edge)                                   0.00       0.00
  clock network delay (ideal)                             0.00       0.00
  cnt8_reg_1_/CK (DFFTRX1)                                0.00       0.00 r
  cnt8_reg_1_/QN (DFFTRX1)                                0.13       0.13 f
  U9197/Y (NOR2BXL)                                       0.05       0.19 r
  U16108/Y (NOR2XL)                                       0.06       0.24 f
  U16109/Y (AND2X2)                                       0.09       0.33 f
  U9199/Y (CLKAND2X2)                                     0.10       0.43 f
  U18294/Y (NAND2XL)                                      0.04       0.47 r
  U18295/Y (NAND4XL)                                      0.11       0.58 f
  U18296/Y (NOR2XL)                                       0.10       0.68 r
  U18297/Y (OAI21XL)                                      0.08       0.76 f
  U14440/Y (AOI21XL)                                      0.08       0.84 r
  U14602/Y (OAI21XL)                                      0.09       0.93 f
  U14409/Y (AOI21XL)                                      0.08       1.01 r
  U14408/Y (CLKXOR2X1)                                    0.16       1.16 r
  U4961/Y (MXI2X1)                                        0.12       1.28 r
  U13822/Y (OR2XL)                                        0.07       1.35 r
  U13821/Y (AO22XL)                                       0.11       1.46 r
  U19907/S (ADDFXL)                                       0.27       1.73 f
  U14633/Y (NOR2XL)                                       0.05       1.78 r
  U14630/Y (NAND2BXL)                                     0.07       1.85 r
  U14547/Y (NAND2XL)                                      0.08       1.93 f
  U14548/Y (XOR3XL)                                       0.22       2.14 r
  U19934/Y (XNOR2XL)                                      0.11       2.25 f
  U10643/Y (XNOR2XL)                                      0.13       2.38 r
  U10810/Y (OR2XL)                                        0.06       2.44 r
  U19944/Y (AOI21XL)                                      0.08       2.52 f
  U19945/Y (OAI21XL)                                      0.08       2.60 r
  U19947/Y (AOI21XL)                                      0.09       2.69 f
  U14786/Y (OAI21XL)                                      0.08       2.77 r
  U9034/Y (AOI21XL)                                       0.09       2.86 f
  U9033/Y (OAI21XL)                                       0.08       2.94 r
  U19959/Y (AO21XL)                                       0.11       3.04 r
  U19960/Y (AO22XL)                                       0.10       3.14 r
  U21534/CO (ADDFX2)                                      0.22       3.35 r
  U21542/Y (MX2X1)                                        0.15       3.51 f
  div7/divisor_3_ (div_mydesign_0)                        0.00       3.51 f
  div7/U3695/Y (NOR3XL)                                   0.08       3.59 r
  div7/U3696/Y (NAND2XL)                                  0.06       3.65 f
  div7/U3697/Y (NOR3XL)                                   0.05       3.70 r
  div7/U1400/Y (NAND4XL)                                  0.11       3.81 f
  div7/merchant_t_reg_0__0_/SE (SMDFFHQX1)                0.03       3.84 f
  data arrival time                                                  3.84

  clock clk (rise edge)                                   3.00       3.00
  clock network delay (ideal)                             0.00       3.00
  div7/merchant_t_reg_0__0_/CK (SMDFFHQX1)                0.00       3.00 r
  library setup time                                     -0.14       2.86
  data required time                                                 2.86
  --------------------------------------------------------------------------
  data required time                                                 2.86
  data arrival time                                                 -3.84
  --------------------------------------------------------------------------
  slack (VIOLATED)                                                  -0.99


  Startpoint: cnt8_reg_1_
              (rising edge-triggered flip-flop clocked by clk)
  Endpoint: div0/merchant_t_reg_0__0_
            (rising edge-triggered flip-flop clocked by clk)
  Path Group: clk
  Path Type: max

  Des/Clust/Port     Wire Load Model       Library
  ------------------------------------------------
  ViT_top            Large                 slow_vdd1v2
  div_mydesign_7     Small                 slow_vdd1v2

  Point                                                   Incr       Path
  --------------------------------------------------------------------------
  clock clk (rise edge)                                   0.00       0.00
  clock network delay (ideal)                             0.00       0.00
  cnt8_reg_1_/CK (DFFTRX1)                                0.00       0.00 r
  cnt8_reg_1_/QN (DFFTRX1)                                0.13       0.13 f
  U9197/Y (NOR2BXL)                                       0.05       0.19 r
  U16108/Y (NOR2XL)                                       0.06       0.24 f
  U16109/Y (AND2X2)                                       0.09       0.33 f
  U9199/Y (CLKAND2X2)                                     0.10       0.43 f
  U18294/Y (NAND2XL)                                      0.04       0.47 r
  U18295/Y (NAND4XL)                                      0.11       0.58 f
  U18296/Y (NOR2XL)                                       0.10       0.68 r
  U18297/Y (OAI21XL)                                      0.08       0.76 f
  U14440/Y (AOI21XL)                                      0.08       0.84 r
  U14602/Y (OAI21XL)                                      0.09       0.93 f
  U14409/Y (AOI21XL)                                      0.08       1.01 r
  U14408/Y (CLKXOR2X1)                                    0.16       1.16 r
  U4961/Y (MXI2X1)                                        0.12       1.28 r
  U13822/Y (OR2XL)                                        0.07       1.35 r
  U13821/Y (AO22XL)                                       0.11       1.46 r
  U19907/S (ADDFXL)                                       0.27       1.73 f
  U14633/Y (NOR2XL)                                       0.05       1.78 r
  U14630/Y (NAND2BXL)                                     0.07       1.85 r
  U14547/Y (NAND2XL)                                      0.08       1.93 f
  U14548/Y (XOR3XL)                                       0.22       2.14 r
  U19934/Y (XNOR2XL)                                      0.11       2.25 f
  U10643/Y (XNOR2XL)                                      0.13       2.38 r
  U10810/Y (OR2XL)                                        0.06       2.44 r
  U19944/Y (AOI21XL)                                      0.08       2.52 f
  U19945/Y (OAI21XL)                                      0.08       2.60 r
  U19947/Y (AOI21XL)                                      0.09       2.69 f
  U14786/Y (OAI21XL)                                      0.08       2.77 r
  U9034/Y (AOI21XL)                                       0.09       2.86 f
  U9033/Y (OAI21XL)                                       0.08       2.94 r
  U19959/Y (AO21XL)                                       0.11       3.04 r
  U19960/Y (AO22XL)                                       0.10       3.14 r
  U21534/CO (ADDFX2)                                      0.22       3.35 r
  U21546/Y (MX2X1)                                        0.15       3.51 f
  div0/divisor_2_ (div_mydesign_7)                        0.00       3.51 f
  div0/U3724/Y (NOR3XL)                                   0.08       3.59 r
  div0/U3725/Y (NAND2XL)                                  0.06       3.65 f
  div0/U3726/Y (NOR3XL)                                   0.05       3.70 r
  div0/U1404/Y (NAND4XL)                                  0.11       3.81 f
  div0/merchant_t_reg_0__0_/SE (SMDFFHQX1)                0.03       3.84 f
  data arrival time                                                  3.84

  clock clk (rise edge)                                   3.00       3.00
  clock network delay (ideal)                             0.00       3.00
  div0/merchant_t_reg_0__0_/CK (SMDFFHQX1)                0.00       3.00 r
  library setup time                                     -0.14       2.86
  data required time                                                 2.86
  --------------------------------------------------------------------------
  data required time                                                 2.86
  data arrival time                                                 -3.84
  --------------------------------------------------------------------------
  slack (VIOLATED)                                                  -0.99


  Startpoint: cnt8_reg_1_
              (rising edge-triggered flip-flop clocked by clk)
  Endpoint: div1/merchant_t_reg_0__0_
            (rising edge-triggered flip-flop clocked by clk)
  Path Group: clk
  Path Type: max

  Des/Clust/Port     Wire Load Model       Library
  ------------------------------------------------
  ViT_top            Large                 slow_vdd1v2
  div_mydesign_6     Small                 slow_vdd1v2

  Point                                                   Incr       Path
  --------------------------------------------------------------------------
  clock clk (rise edge)                                   0.00       0.00
  clock network delay (ideal)                             0.00       0.00
  cnt8_reg_1_/CK (DFFTRX1)                                0.00       0.00 r
  cnt8_reg_1_/QN (DFFTRX1)                                0.13       0.13 f
  U9197/Y (NOR2BXL)                                       0.05       0.19 r
  U16108/Y (NOR2XL)                                       0.06       0.24 f
  U16109/Y (AND2X2)                                       0.09       0.33 f
  U9199/Y (CLKAND2X2)                                     0.10       0.43 f
  U18294/Y (NAND2XL)                                      0.04       0.47 r
  U18295/Y (NAND4XL)                                      0.11       0.58 f
  U18296/Y (NOR2XL)                                       0.10       0.68 r
  U18297/Y (OAI21XL)                                      0.08       0.76 f
  U14440/Y (AOI21XL)                                      0.08       0.84 r
  U14602/Y (OAI21XL)                                      0.09       0.93 f
  U14409/Y (AOI21XL)                                      0.08       1.01 r
  U14408/Y (CLKXOR2X1)                                    0.16       1.16 r
  U4961/Y (MXI2X1)                                        0.12       1.28 r
  U13822/Y (OR2XL)                                        0.07       1.35 r
  U13821/Y (AO22XL)                                       0.11       1.46 r
  U19907/S (ADDFXL)                                       0.27       1.73 f
  U14633/Y (NOR2XL)                                       0.05       1.78 r
  U14630/Y (NAND2BXL)                                     0.07       1.85 r
  U14547/Y (NAND2XL)                                      0.08       1.93 f
  U14548/Y (XOR3XL)                                       0.22       2.14 r
  U19934/Y (XNOR2XL)                                      0.11       2.25 f
  U10643/Y (XNOR2XL)                                      0.13       2.38 r
  U10810/Y (OR2XL)                                        0.06       2.44 r
  U19944/Y (AOI21XL)                                      0.08       2.52 f
  U19945/Y (OAI21XL)                                      0.08       2.60 r
  U19947/Y (AOI21XL)                                      0.09       2.69 f
  U14786/Y (OAI21XL)                                      0.08       2.77 r
  U9034/Y (AOI21XL)                                       0.09       2.86 f
  U9033/Y (OAI21XL)                                       0.08       2.94 r
  U19959/Y (AO21XL)                                       0.11       3.04 r
  U19960/Y (AO22XL)                                       0.10       3.14 r
  U21534/CO (ADDFX2)                                      0.22       3.35 r
  U21546/Y (MX2X1)                                        0.15       3.51 f
  div1/divisor_2_ (div_mydesign_6)                        0.00       3.51 f
  div1/U3707/Y (NOR3XL)                                   0.08       3.59 r
  div1/U3708/Y (NAND2XL)                                  0.06       3.65 f
  div1/U3709/Y (NOR3XL)                                   0.05       3.70 r
  div1/U1407/Y (NAND4XL)                                  0.11       3.81 f
  div1/merchant_t_reg_0__0_/SE (SMDFFHQX1)                0.03       3.84 f
  data arrival time                                                  3.84

  clock clk (rise edge)                                   3.00       3.00
  clock network delay (ideal)                             0.00       3.00
  div1/merchant_t_reg_0__0_/CK (SMDFFHQX1)                0.00       3.00 r
  library setup time                                     -0.14       2.86
  data required time                                                 2.86
  --------------------------------------------------------------------------
  data required time                                                 2.86
  data arrival time                                                 -3.84
  --------------------------------------------------------------------------
  slack (VIOLATED)                                                  -0.99


  Startpoint: cnt8_reg_1_
              (rising edge-triggered flip-flop clocked by clk)
  Endpoint: div2/merchant_t_reg_0__0_
            (rising edge-triggered flip-flop clocked by clk)
  Path Group: clk
  Path Type: max

  Des/Clust/Port     Wire Load Model       Library
  ------------------------------------------------
  ViT_top            Large                 slow_vdd1v2
  div_mydesign_5     Small                 slow_vdd1v2

  Point                                                   Incr       Path
  --------------------------------------------------------------------------
  clock clk (rise edge)                                   0.00       0.00
  clock network delay (ideal)                             0.00       0.00
  cnt8_reg_1_/CK (DFFTRX1)                                0.00       0.00 r
  cnt8_reg_1_/QN (DFFTRX1)                                0.13       0.13 f
  U9197/Y (NOR2BXL)                                       0.05       0.19 r
  U16108/Y (NOR2XL)                                       0.06       0.24 f
  U16109/Y (AND2X2)                                       0.09       0.33 f
  U9199/Y (CLKAND2X2)                                     0.10       0.43 f
  U18294/Y (NAND2XL)                                      0.04       0.47 r
  U18295/Y (NAND4XL)                                      0.11       0.58 f
  U18296/Y (NOR2XL)                                       0.10       0.68 r
  U18297/Y (OAI21XL)                                      0.08       0.76 f
  U14440/Y (AOI21XL)                                      0.08       0.84 r
  U14602/Y (OAI21XL)                                      0.09       0.93 f
  U14409/Y (AOI21XL)                                      0.08       1.01 r
  U14408/Y (CLKXOR2X1)                                    0.16       1.16 r
  U4961/Y (MXI2X1)                                        0.12       1.28 r
  U13822/Y (OR2XL)                                        0.07       1.35 r
  U13821/Y (AO22XL)                                       0.11       1.46 r
  U19907/S (ADDFXL)                                       0.27       1.73 f
  U14633/Y (NOR2XL)                                       0.05       1.78 r
  U14630/Y (NAND2BXL)                                     0.07       1.85 r
  U14547/Y (NAND2XL)                                      0.08       1.93 f
  U14548/Y (XOR3XL)                                       0.22       2.14 r
  U19934/Y (XNOR2XL)                                      0.11       2.25 f
  U10643/Y (XNOR2XL)                                      0.13       2.38 r
  U10810/Y (OR2XL)                                        0.06       2.44 r
  U19944/Y (AOI21XL)                                      0.08       2.52 f
  U19945/Y (OAI21XL)                                      0.08       2.60 r
  U19947/Y (AOI21XL)                                      0.09       2.69 f
  U14786/Y (OAI21XL)                                      0.08       2.77 r
  U9034/Y (AOI21XL)                                       0.09       2.86 f
  U9033/Y (OAI21XL)                                       0.08       2.94 r
  U19959/Y (AO21XL)                                       0.11       3.04 r
  U19960/Y (AO22XL)                                       0.10       3.14 r
  U21534/CO (ADDFX2)                                      0.22       3.35 r
  U21546/Y (MX2X1)                                        0.15       3.51 f
  div2/divisor_2_ (div_mydesign_5)                        0.00       3.51 f
  div2/U3698/Y (NOR3XL)                                   0.08       3.59 r
  div2/U3699/Y (NAND2XL)                                  0.06       3.65 f
  div2/U3700/Y (NOR3XL)                                   0.05       3.70 r
  div2/U1430/Y (NAND4XL)                                  0.11       3.81 f
  div2/merchant_t_reg_0__0_/SE (SMDFFHQX1)                0.03       3.84 f
  data arrival time                                                  3.84

  clock clk (rise edge)                                   3.00       3.00
  clock network delay (ideal)                             0.00       3.00
  div2/merchant_t_reg_0__0_/CK (SMDFFHQX1)                0.00       3.00 r
  library setup time                                     -0.14       2.86
  data required time                                                 2.86
  --------------------------------------------------------------------------
  data required time                                                 2.86
  data arrival time                                                 -3.84
  --------------------------------------------------------------------------
  slack (VIOLATED)                                                  -0.99


1
