 
****************************************
Report : constraint
        -all_violators
Design : ViT_top
Version: R-2020.09-SP5
Date   : Tue Nov 18 17:36:04 2025
****************************************


   max_delay/setup ('clk' group)

                             Required        Actual
   Endpoint                 Path Delay     Path Delay        Slack
   -----------------------------------------------------------------
   div0/remainder_t_reg_0__0_/next_state
                                3.00           3.83 r        -0.83  (VIOLATED)
   div0/remainder_t_reg_0__1_/next_state
                                3.00           3.83 r        -0.83  (VIOLATED)
   div0/remainder_t_reg_0__2_/next_state
                                3.00           3.83 r        -0.83  (VIOLATED)
   div0/remainder_t_reg_0__3_/next_state
                                3.00           3.83 r        -0.83  (VIOLATED)
   div0/remainder_t_reg_0__4_/next_state
                                3.00           3.83 r        -0.83  (VIOLATED)
   div0/remainder_t_reg_0__5_/next_state
                                3.00           3.83 r        -0.83  (VIOLATED)
   div0/remainder_t_reg_0__6_/next_state
                                3.00           3.83 r        -0.83  (VIOLATED)
   div0/remainder_t_reg_0__7_/next_state
                                3.00           3.83 r        -0.83  (VIOLATED)
   div0/remainder_t_reg_0__8_/next_state
                                3.00           3.83 r        -0.83  (VIOLATED)
   div0/remainder_t_reg_0__9_/next_state
                                3.00           3.83 r        -0.83  (VIOLATED)
   div0/remainder_t_reg_0__10_/next_state
                                3.00           3.83 r        -0.83  (VIOLATED)
   div0/remainder_t_reg_0__11_/next_state
                                3.00           3.83 r        -0.83  (VIOLATED)
   div0/remainder_t_reg_0__12_/next_state
                                3.00           3.83 r        -0.83  (VIOLATED)
   div0/remainder_t_reg_0__13_/next_state
                                3.00           3.83 r        -0.83  (VIOLATED)
   div0/remainder_t_reg_0__14_/next_state
                                3.00           3.83 r        -0.83  (VIOLATED)
   div0/remainder_t_reg_0__15_/next_state
                                3.00           3.83 r        -0.83  (VIOLATED)
   div0/remainder_t_reg_0__16_/next_state
                                3.00           3.83 r        -0.83  (VIOLATED)
   div0/remainder_t_reg_0__17_/next_state
                                3.00           3.83 r        -0.83  (VIOLATED)
   div1/remainder_t_reg_0__0_/next_state
                                3.00           3.83 r        -0.83  (VIOLATED)
   div1/remainder_t_reg_0__1_/next_state
                                3.00           3.83 r        -0.83  (VIOLATED)
   div1/remainder_t_reg_0__2_/next_state
                                3.00           3.83 r        -0.83  (VIOLATED)
   div1/remainder_t_reg_0__3_/next_state
                                3.00           3.83 r        -0.83  (VIOLATED)
   div1/remainder_t_reg_0__4_/next_state
                                3.00           3.83 r        -0.83  (VIOLATED)
   div1/remainder_t_reg_0__5_/next_state
                                3.00           3.83 r        -0.83  (VIOLATED)
   div1/remainder_t_reg_0__6_/next_state
                                3.00           3.83 r        -0.83  (VIOLATED)
   div1/remainder_t_reg_0__7_/next_state
                                3.00           3.83 r        -0.83  (VIOLATED)
   div1/remainder_t_reg_0__8_/next_state
                                3.00           3.83 r        -0.83  (VIOLATED)
   div1/remainder_t_reg_0__9_/next_state
                                3.00           3.83 r        -0.83  (VIOLATED)
   div1/remainder_t_reg_0__10_/next_state
                                3.00           3.83 r        -0.83  (VIOLATED)
   div1/remainder_t_reg_0__11_/next_state
                                3.00           3.83 r        -0.83  (VIOLATED)
   div1/remainder_t_reg_0__12_/next_state
                                3.00           3.83 r        -0.83  (VIOLATED)
   div1/remainder_t_reg_0__13_/next_state
                                3.00           3.83 r        -0.83  (VIOLATED)
   div1/remainder_t_reg_0__14_/next_state
                                3.00           3.83 r        -0.83  (VIOLATED)
   div1/remainder_t_reg_0__15_/next_state
                                3.00           3.83 r        -0.83  (VIOLATED)
   div1/remainder_t_reg_0__16_/next_state
                                3.00           3.83 r        -0.83  (VIOLATED)
   div1/remainder_t_reg_0__17_/next_state
                                3.00           3.83 r        -0.83  (VIOLATED)
   div2/remainder_t_reg_0__0_/next_state
                                3.00           3.83 r        -0.83  (VIOLATED)
   div2/remainder_t_reg_0__1_/next_state
                                3.00           3.83 r        -0.83  (VIOLATED)
   div2/remainder_t_reg_0__2_/next_state
                                3.00           3.83 r        -0.83  (VIOLATED)
   div2/remainder_t_reg_0__3_/next_state
                                3.00           3.83 r        -0.83  (VIOLATED)
   div2/remainder_t_reg_0__4_/next_state
                                3.00           3.83 r        -0.83  (VIOLATED)
   div2/remainder_t_reg_0__5_/next_state
                                3.00           3.83 r        -0.83  (VIOLATED)
   div2/remainder_t_reg_0__6_/next_state
                                3.00           3.83 r        -0.83  (VIOLATED)
   div2/remainder_t_reg_0__7_/next_state
                                3.00           3.83 r        -0.83  (VIOLATED)
   div2/remainder_t_reg_0__8_/next_state
                                3.00           3.83 r        -0.83  (VIOLATED)
   div2/remainder_t_reg_0__9_/next_state
                                3.00           3.83 r        -0.83  (VIOLATED)
   div2/remainder_t_reg_0__10_/next_state
                                3.00           3.83 r        -0.83  (VIOLATED)
   div2/remainder_t_reg_0__11_/next_state
                                3.00           3.83 r        -0.83  (VIOLATED)
   div2/remainder_t_reg_0__12_/next_state
                                3.00           3.83 r        -0.83  (VIOLATED)
   div2/remainder_t_reg_0__13_/next_state
                                3.00           3.83 r        -0.83  (VIOLATED)
   div2/remainder_t_reg_0__14_/next_state
                                3.00           3.83 r        -0.83  (VIOLATED)
   div2/remainder_t_reg_0__15_/next_state
                                3.00           3.83 r        -0.83  (VIOLATED)
   div2/remainder_t_reg_0__16_/next_state
                                3.00           3.83 r        -0.83  (VIOLATED)
   div2/remainder_t_reg_0__17_/next_state
                                3.00           3.83 r        -0.83  (VIOLATED)
   div3/remainder_t_reg_0__0_/next_state
                                3.00           3.83 r        -0.83  (VIOLATED)
   div3/remainder_t_reg_0__1_/next_state
                                3.00           3.83 r        -0.83  (VIOLATED)
   div3/remainder_t_reg_0__2_/next_state
                                3.00           3.83 r        -0.83  (VIOLATED)
   div3/remainder_t_reg_0__3_/next_state
                                3.00           3.83 r        -0.83  (VIOLATED)
   div3/remainder_t_reg_0__4_/next_state
                                3.00           3.83 r        -0.83  (VIOLATED)
   div3/remainder_t_reg_0__5_/next_state
                                3.00           3.83 r        -0.83  (VIOLATED)
   div3/remainder_t_reg_0__6_/next_state
                                3.00           3.83 r        -0.83  (VIOLATED)
   div3/remainder_t_reg_0__7_/next_state
                                3.00           3.83 r        -0.83  (VIOLATED)
   div3/remainder_t_reg_0__8_/next_state
                                3.00           3.83 r        -0.83  (VIOLATED)
   div3/remainder_t_reg_0__9_/next_state
                                3.00           3.83 r        -0.83  (VIOLATED)
   div3/remainder_t_reg_0__10_/next_state
                                3.00           3.83 r        -0.83  (VIOLATED)
   div3/remainder_t_reg_0__11_/next_state
                                3.00           3.83 r        -0.83  (VIOLATED)
   div3/remainder_t_reg_0__12_/next_state
                                3.00           3.83 r        -0.83  (VIOLATED)
   div3/remainder_t_reg_0__13_/next_state
                                3.00           3.83 r        -0.83  (VIOLATED)
   div3/remainder_t_reg_0__14_/next_state
                                3.00           3.83 r        -0.83  (VIOLATED)
   div3/remainder_t_reg_0__15_/next_state
                                3.00           3.83 r        -0.83  (VIOLATED)
   div3/remainder_t_reg_0__16_/next_state
                                3.00           3.83 r        -0.83  (VIOLATED)
   div3/remainder_t_reg_0__17_/next_state
                                3.00           3.83 r        -0.83  (VIOLATED)
   div4/remainder_t_reg_0__0_/next_state
                                3.00           3.83 r        -0.83  (VIOLATED)
   div4/remainder_t_reg_0__1_/next_state
                                3.00           3.83 r        -0.83  (VIOLATED)
   div4/remainder_t_reg_0__2_/next_state
                                3.00           3.83 r        -0.83  (VIOLATED)
   div4/remainder_t_reg_0__3_/next_state
                                3.00           3.83 r        -0.83  (VIOLATED)
   div4/remainder_t_reg_0__4_/next_state
                                3.00           3.83 r        -0.83  (VIOLATED)
   div4/remainder_t_reg_0__5_/next_state
                                3.00           3.83 r        -0.83  (VIOLATED)
   div4/remainder_t_reg_0__6_/next_state
                                3.00           3.83 r        -0.83  (VIOLATED)
   div4/remainder_t_reg_0__7_/next_state
                                3.00           3.83 r        -0.83  (VIOLATED)
   div4/remainder_t_reg_0__8_/next_state
                                3.00           3.83 r        -0.83  (VIOLATED)
   div4/remainder_t_reg_0__9_/next_state
                                3.00           3.83 r        -0.83  (VIOLATED)
   div4/remainder_t_reg_0__10_/next_state
                                3.00           3.83 r        -0.83  (VIOLATED)
   div4/remainder_t_reg_0__11_/next_state
                                3.00           3.83 r        -0.83  (VIOLATED)
   div4/remainder_t_reg_0__12_/next_state
                                3.00           3.83 r        -0.83  (VIOLATED)
   div4/remainder_t_reg_0__13_/next_state
                                3.00           3.83 r        -0.83  (VIOLATED)
   div4/remainder_t_reg_0__14_/next_state
                                3.00           3.83 r        -0.83  (VIOLATED)
   div4/remainder_t_reg_0__15_/next_state
                                3.00           3.83 r        -0.83  (VIOLATED)
   div4/remainder_t_reg_0__16_/next_state
                                3.00           3.83 r        -0.83  (VIOLATED)
   div4/remainder_t_reg_0__17_/next_state
                                3.00           3.83 r        -0.83  (VIOLATED)
   div5/remainder_t_reg_0__0_/next_state
                                3.00           3.83 r        -0.83  (VIOLATED)
   div5/remainder_t_reg_0__1_/next_state
                                3.00           3.83 r        -0.83  (VIOLATED)
   div5/remainder_t_reg_0__2_/next_state
                                3.00           3.83 r        -0.83  (VIOLATED)
   div5/remainder_t_reg_0__3_/next_state
                                3.00           3.83 r        -0.83  (VIOLATED)
   div5/remainder_t_reg_0__4_/next_state
                                3.00           3.83 r        -0.83  (VIOLATED)
   div5/remainder_t_reg_0__5_/next_state
                                3.00           3.83 r        -0.83  (VIOLATED)
   div5/remainder_t_reg_0__6_/next_state
                                3.00           3.83 r        -0.83  (VIOLATED)
   div5/remainder_t_reg_0__7_/next_state
                                3.00           3.83 r        -0.83  (VIOLATED)
   div5/remainder_t_reg_0__8_/next_state
                                3.00           3.83 r        -0.83  (VIOLATED)
   div5/remainder_t_reg_0__9_/next_state
                                3.00           3.83 r        -0.83  (VIOLATED)
   div5/remainder_t_reg_0__10_/next_state
                                3.00           3.83 r        -0.83  (VIOLATED)
   div5/remainder_t_reg_0__11_/next_state
                                3.00           3.83 r        -0.83  (VIOLATED)
   div5/remainder_t_reg_0__12_/next_state
                                3.00           3.83 r        -0.83  (VIOLATED)
   div5/remainder_t_reg_0__13_/next_state
                                3.00           3.83 r        -0.83  (VIOLATED)
   div5/remainder_t_reg_0__14_/next_state
                                3.00           3.83 r        -0.83  (VIOLATED)
   div5/remainder_t_reg_0__15_/next_state
                                3.00           3.83 r        -0.83  (VIOLATED)
   div5/remainder_t_reg_0__16_/next_state
                                3.00           3.83 r        -0.83  (VIOLATED)
   div5/remainder_t_reg_0__17_/next_state
                                3.00           3.83 r        -0.83  (VIOLATED)
   div6/remainder_t_reg_0__0_/next_state
                                3.00           3.83 r        -0.83  (VIOLATED)
   div6/remainder_t_reg_0__1_/next_state
                                3.00           3.83 r        -0.83  (VIOLATED)
   div6/remainder_t_reg_0__2_/next_state
                                3.00           3.83 r        -0.83  (VIOLATED)
   div6/remainder_t_reg_0__3_/next_state
                                3.00           3.83 r        -0.83  (VIOLATED)
   div6/remainder_t_reg_0__4_/next_state
                                3.00           3.83 r        -0.83  (VIOLATED)
   div6/remainder_t_reg_0__5_/next_state
                                3.00           3.83 r        -0.83  (VIOLATED)
   div6/remainder_t_reg_0__6_/next_state
                                3.00           3.83 r        -0.83  (VIOLATED)
   div6/remainder_t_reg_0__7_/next_state
                                3.00           3.83 r        -0.83  (VIOLATED)
   div6/remainder_t_reg_0__8_/next_state
                                3.00           3.83 r        -0.83  (VIOLATED)
   div6/remainder_t_reg_0__9_/next_state
                                3.00           3.83 r        -0.83  (VIOLATED)
   div6/remainder_t_reg_0__10_/next_state
                                3.00           3.83 r        -0.83  (VIOLATED)
   div6/remainder_t_reg_0__11_/next_state
                                3.00           3.83 r        -0.83  (VIOLATED)
   div6/remainder_t_reg_0__12_/next_state
                                3.00           3.83 r        -0.83  (VIOLATED)
   div6/remainder_t_reg_0__13_/next_state
                                3.00           3.83 r        -0.83  (VIOLATED)
   div6/remainder_t_reg_0__14_/next_state
                                3.00           3.83 r        -0.83  (VIOLATED)
   div6/remainder_t_reg_0__15_/next_state
                                3.00           3.83 r        -0.83  (VIOLATED)
   div6/remainder_t_reg_0__16_/next_state
                                3.00           3.83 r        -0.83  (VIOLATED)
   div6/remainder_t_reg_0__17_/next_state
                                3.00           3.83 r        -0.83  (VIOLATED)
   div7/remainder_t_reg_0__0_/next_state
                                3.00           3.83 r        -0.83  (VIOLATED)
   div7/remainder_t_reg_0__1_/next_state
                                3.00           3.83 r        -0.83  (VIOLATED)
   div7/remainder_t_reg_0__2_/next_state
                                3.00           3.83 r        -0.83  (VIOLATED)
   div7/remainder_t_reg_0__3_/next_state
                                3.00           3.83 r        -0.83  (VIOLATED)
   div7/remainder_t_reg_0__4_/next_state
                                3.00           3.83 r        -0.83  (VIOLATED)
   div7/remainder_t_reg_0__5_/next_state
                                3.00           3.83 r        -0.83  (VIOLATED)
   div7/remainder_t_reg_0__6_/next_state
                                3.00           3.83 r        -0.83  (VIOLATED)
   div7/remainder_t_reg_0__7_/next_state
                                3.00           3.83 r        -0.83  (VIOLATED)
   div7/remainder_t_reg_0__8_/next_state
                                3.00           3.83 r        -0.83  (VIOLATED)
   div7/remainder_t_reg_0__9_/next_state
                                3.00           3.83 r        -0.83  (VIOLATED)
   div7/remainder_t_reg_0__10_/next_state
                                3.00           3.83 r        -0.83  (VIOLATED)
   div7/remainder_t_reg_0__11_/next_state
                                3.00           3.83 r        -0.83  (VIOLATED)
   div7/remainder_t_reg_0__12_/next_state
                                3.00           3.83 r        -0.83  (VIOLATED)
   div7/remainder_t_reg_0__13_/next_state
                                3.00           3.83 r        -0.83  (VIOLATED)
   div7/remainder_t_reg_0__14_/next_state
                                3.00           3.83 r        -0.83  (VIOLATED)
   div7/remainder_t_reg_0__15_/next_state
                                3.00           3.83 r        -0.83  (VIOLATED)
   div7/remainder_t_reg_0__16_/next_state
                                3.00           3.83 r        -0.83  (VIOLATED)
   div7/remainder_t_reg_0__17_/next_state
                                3.00           3.83 r        -0.83  (VIOLATED)
   div0/merchant_t_reg_0__0_/synch_preset
                                3.00           3.83 f        -0.83  (VIOLATED)
   div1/merchant_t_reg_0__0_/synch_preset
                                3.00           3.83 f        -0.83  (VIOLATED)
   div2/merchant_t_reg_0__0_/synch_preset
                                3.00           3.83 f        -0.83  (VIOLATED)
   div3/merchant_t_reg_0__0_/synch_preset
                                3.00           3.83 f        -0.83  (VIOLATED)
   div4/merchant_t_reg_0__0_/synch_preset
                                3.00           3.83 f        -0.83  (VIOLATED)
   div5/merchant_t_reg_0__0_/synch_preset
                                3.00           3.83 f        -0.83  (VIOLATED)
   div6/merchant_t_reg_0__0_/synch_preset
                                3.00           3.83 f        -0.83  (VIOLATED)
   div7/merchant_t_reg_0__0_/synch_preset
                                3.00           3.83 f        -0.83  (VIOLATED)
   bank1_proj_reg_reg_18_/D     2.94           3.76 r        -0.82  (VIOLATED)
   bank2_proj_reg_reg_18_/D     2.94           3.76 r        -0.82  (VIOLATED)
   bank0_proj_reg_reg_18_/D     2.94           3.76 r        -0.82  (VIOLATED)
   bank3_proj_reg_reg_18_/D     2.94           3.76 r        -0.82  (VIOLATED)
   bank3_proj_reg_reg_19_/D     2.94           3.76 r        -0.82  (VIOLATED)
   bank3_proj_reg_reg_17_/D     2.94           3.76 r        -0.82  (VIOLATED)
   bank0_proj_reg_reg_19_/D     2.94           3.76 r        -0.82  (VIOLATED)
   bank1_proj_reg_reg_19_/D     2.94           3.76 r        -0.82  (VIOLATED)
   bank2_proj_reg_reg_19_/D     2.94           3.76 r        -0.82  (VIOLATED)
   bank2_proj_reg_reg_17_/D     2.94           3.76 r        -0.82  (VIOLATED)
   bank0_proj_reg_reg_17_/D     2.94           3.76 r        -0.82  (VIOLATED)
   bank1_proj_reg_reg_17_/D     2.94           3.76 r        -0.82  (VIOLATED)
   div0/divisor_t_reg_0__3_/next_state
                                3.00           3.82 r        -0.82  (VIOLATED)
   div0/divisor_t_reg_0__4_/next_state
                                3.00           3.82 r        -0.82  (VIOLATED)
   div0/divisor_t_reg_0__5_/next_state
                                3.00           3.82 r        -0.82  (VIOLATED)
   div0/divisor_t_reg_0__6_/next_state
                                3.00           3.82 r        -0.82  (VIOLATED)
   div0/divisor_t_reg_0__7_/next_state
                                3.00           3.82 r        -0.82  (VIOLATED)
   div0/divisor_t_reg_0__13_/next_state
                                3.00           3.82 r        -0.82  (VIOLATED)
   div1/divisor_t_reg_0__3_/next_state
                                3.00           3.82 r        -0.82  (VIOLATED)
   div1/divisor_t_reg_0__4_/next_state
                                3.00           3.82 r        -0.82  (VIOLATED)
   div1/divisor_t_reg_0__5_/next_state
                                3.00           3.82 r        -0.82  (VIOLATED)
   div1/divisor_t_reg_0__6_/next_state
                                3.00           3.82 r        -0.82  (VIOLATED)
   div1/divisor_t_reg_0__7_/next_state
                                3.00           3.82 r        -0.82  (VIOLATED)
   div1/divisor_t_reg_0__13_/next_state
                                3.00           3.82 r        -0.82  (VIOLATED)
   div2/divisor_t_reg_0__3_/next_state
                                3.00           3.82 r        -0.82  (VIOLATED)
   div2/divisor_t_reg_0__4_/next_state
                                3.00           3.82 r        -0.82  (VIOLATED)
   div2/divisor_t_reg_0__5_/next_state
                                3.00           3.82 r        -0.82  (VIOLATED)
   div2/divisor_t_reg_0__6_/next_state
                                3.00           3.82 r        -0.82  (VIOLATED)
   div2/divisor_t_reg_0__7_/next_state
                                3.00           3.82 r        -0.82  (VIOLATED)
   div2/divisor_t_reg_0__13_/next_state
                                3.00           3.82 r        -0.82  (VIOLATED)
   div3/divisor_t_reg_0__3_/next_state
                                3.00           3.82 r        -0.82  (VIOLATED)
   div3/divisor_t_reg_0__4_/next_state
                                3.00           3.82 r        -0.82  (VIOLATED)
   div3/divisor_t_reg_0__5_/next_state
                                3.00           3.82 r        -0.82  (VIOLATED)
   div3/divisor_t_reg_0__6_/next_state
                                3.00           3.82 r        -0.82  (VIOLATED)
   div3/divisor_t_reg_0__7_/next_state
                                3.00           3.82 r        -0.82  (VIOLATED)
   div3/divisor_t_reg_0__13_/next_state
                                3.00           3.82 r        -0.82  (VIOLATED)
   div4/divisor_t_reg_0__3_/next_state
                                3.00           3.82 r        -0.82  (VIOLATED)
   div4/divisor_t_reg_0__4_/next_state
                                3.00           3.82 r        -0.82  (VIOLATED)
   div4/divisor_t_reg_0__5_/next_state
                                3.00           3.82 r        -0.82  (VIOLATED)
   div4/divisor_t_reg_0__6_/next_state
                                3.00           3.82 r        -0.82  (VIOLATED)
   div4/divisor_t_reg_0__7_/next_state
                                3.00           3.82 r        -0.82  (VIOLATED)
   div4/divisor_t_reg_0__13_/next_state
                                3.00           3.82 r        -0.82  (VIOLATED)
   div5/divisor_t_reg_0__3_/next_state
                                3.00           3.82 r        -0.82  (VIOLATED)
   div5/divisor_t_reg_0__4_/next_state
                                3.00           3.82 r        -0.82  (VIOLATED)
   div5/divisor_t_reg_0__5_/next_state
                                3.00           3.82 r        -0.82  (VIOLATED)
   div5/divisor_t_reg_0__6_/next_state
                                3.00           3.82 r        -0.82  (VIOLATED)
   div5/divisor_t_reg_0__7_/next_state
                                3.00           3.82 r        -0.82  (VIOLATED)
   div5/divisor_t_reg_0__13_/next_state
                                3.00           3.82 r        -0.82  (VIOLATED)
   div6/divisor_t_reg_0__3_/next_state
                                3.00           3.82 r        -0.82  (VIOLATED)
   div6/divisor_t_reg_0__4_/next_state
                                3.00           3.82 r        -0.82  (VIOLATED)
   div6/divisor_t_reg_0__5_/next_state
                                3.00           3.82 r        -0.82  (VIOLATED)
   div6/divisor_t_reg_0__6_/next_state
                                3.00           3.82 r        -0.82  (VIOLATED)
   div6/divisor_t_reg_0__7_/next_state
                                3.00           3.82 r        -0.82  (VIOLATED)
   div6/divisor_t_reg_0__13_/next_state
                                3.00           3.82 r        -0.82  (VIOLATED)
   div7/divisor_t_reg_0__3_/next_state
                                3.00           3.82 r        -0.82  (VIOLATED)
   div7/divisor_t_reg_0__4_/next_state
                                3.00           3.82 r        -0.82  (VIOLATED)
   div7/divisor_t_reg_0__5_/next_state
                                3.00           3.82 r        -0.82  (VIOLATED)
   div7/divisor_t_reg_0__6_/next_state
                                3.00           3.82 r        -0.82  (VIOLATED)
   div7/divisor_t_reg_0__7_/next_state
                                3.00           3.82 r        -0.82  (VIOLATED)
   div7/divisor_t_reg_0__13_/next_state
                                3.00           3.82 r        -0.82  (VIOLATED)
   div0/divisor_t_reg_0__2_/next_state
                                3.00           3.82 r        -0.82  (VIOLATED)
   div0/divisor_t_reg_0__8_/next_state
                                3.00           3.82 r        -0.82  (VIOLATED)
   div0/divisor_t_reg_0__10_/next_state
                                3.00           3.82 r        -0.82  (VIOLATED)
   div0/divisor_t_reg_0__11_/next_state
                                3.00           3.82 r        -0.82  (VIOLATED)
   div0/divisor_t_reg_0__12_/next_state
                                3.00           3.82 r        -0.82  (VIOLATED)
   div0/divisor_t_reg_0__14_/next_state
                                3.00           3.82 r        -0.82  (VIOLATED)
   div1/divisor_t_reg_0__2_/next_state
                                3.00           3.82 r        -0.82  (VIOLATED)
   div1/divisor_t_reg_0__8_/next_state
                                3.00           3.82 r        -0.82  (VIOLATED)
   div1/divisor_t_reg_0__10_/next_state
                                3.00           3.82 r        -0.82  (VIOLATED)
   div1/divisor_t_reg_0__11_/next_state
                                3.00           3.82 r        -0.82  (VIOLATED)
   div1/divisor_t_reg_0__12_/next_state
                                3.00           3.82 r        -0.82  (VIOLATED)
   div1/divisor_t_reg_0__14_/next_state
                                3.00           3.82 r        -0.82  (VIOLATED)
   div2/divisor_t_reg_0__2_/next_state
                                3.00           3.82 r        -0.82  (VIOLATED)
   div2/divisor_t_reg_0__8_/next_state
                                3.00           3.82 r        -0.82  (VIOLATED)
   div2/divisor_t_reg_0__10_/next_state
                                3.00           3.82 r        -0.82  (VIOLATED)
   div2/divisor_t_reg_0__11_/next_state
                                3.00           3.82 r        -0.82  (VIOLATED)
   div2/divisor_t_reg_0__12_/next_state
                                3.00           3.82 r        -0.82  (VIOLATED)
   div2/divisor_t_reg_0__14_/next_state
                                3.00           3.82 r        -0.82  (VIOLATED)
   div3/divisor_t_reg_0__2_/next_state
                                3.00           3.82 r        -0.82  (VIOLATED)
   div3/divisor_t_reg_0__8_/next_state
                                3.00           3.82 r        -0.82  (VIOLATED)
   div3/divisor_t_reg_0__10_/next_state
                                3.00           3.82 r        -0.82  (VIOLATED)
   div3/divisor_t_reg_0__11_/next_state
                                3.00           3.82 r        -0.82  (VIOLATED)
   div3/divisor_t_reg_0__12_/next_state
                                3.00           3.82 r        -0.82  (VIOLATED)
   div3/divisor_t_reg_0__14_/next_state
                                3.00           3.82 r        -0.82  (VIOLATED)
   div4/divisor_t_reg_0__2_/next_state
                                3.00           3.82 r        -0.82  (VIOLATED)
   div4/divisor_t_reg_0__8_/next_state
                                3.00           3.82 r        -0.82  (VIOLATED)
   div4/divisor_t_reg_0__10_/next_state
                                3.00           3.82 r        -0.82  (VIOLATED)
   div4/divisor_t_reg_0__11_/next_state
                                3.00           3.82 r        -0.82  (VIOLATED)
   div4/divisor_t_reg_0__12_/next_state
                                3.00           3.82 r        -0.82  (VIOLATED)
   div4/divisor_t_reg_0__14_/next_state
                                3.00           3.82 r        -0.82  (VIOLATED)
   div5/divisor_t_reg_0__2_/next_state
                                3.00           3.82 r        -0.82  (VIOLATED)
   div5/divisor_t_reg_0__8_/next_state
                                3.00           3.82 r        -0.82  (VIOLATED)
   div5/divisor_t_reg_0__10_/next_state
                                3.00           3.82 r        -0.82  (VIOLATED)
   div5/divisor_t_reg_0__11_/next_state
                                3.00           3.82 r        -0.82  (VIOLATED)
   div5/divisor_t_reg_0__12_/next_state
                                3.00           3.82 r        -0.82  (VIOLATED)
   div5/divisor_t_reg_0__14_/next_state
                                3.00           3.82 r        -0.82  (VIOLATED)
   div6/divisor_t_reg_0__2_/next_state
                                3.00           3.82 r        -0.82  (VIOLATED)
   div6/divisor_t_reg_0__8_/next_state
                                3.00           3.82 r        -0.82  (VIOLATED)
   div6/divisor_t_reg_0__10_/next_state
                                3.00           3.82 r        -0.82  (VIOLATED)
   div6/divisor_t_reg_0__11_/next_state
                                3.00           3.82 r        -0.82  (VIOLATED)
   div6/divisor_t_reg_0__12_/next_state
                                3.00           3.82 r        -0.82  (VIOLATED)
   div6/divisor_t_reg_0__14_/next_state
                                3.00           3.82 r        -0.82  (VIOLATED)
   div7/divisor_t_reg_0__2_/next_state
                                3.00           3.82 r        -0.82  (VIOLATED)
   div7/divisor_t_reg_0__8_/next_state
                                3.00           3.82 r        -0.82  (VIOLATED)
   div7/divisor_t_reg_0__10_/next_state
                                3.00           3.82 r        -0.82  (VIOLATED)
   div7/divisor_t_reg_0__11_/next_state
                                3.00           3.82 r        -0.82  (VIOLATED)
   div7/divisor_t_reg_0__12_/next_state
                                3.00           3.82 r        -0.82  (VIOLATED)
   div7/divisor_t_reg_0__14_/next_state
                                3.00           3.82 r        -0.82  (VIOLATED)
   div0/divisor_t_reg_0__9_/next_state
                                3.00           3.81 f        -0.81  (VIOLATED)
   div1/divisor_t_reg_0__9_/next_state
                                3.00           3.81 f        -0.81  (VIOLATED)
   div2/divisor_t_reg_0__9_/next_state
                                3.00           3.81 f        -0.81  (VIOLATED)
   div3/divisor_t_reg_0__9_/next_state
                                3.00           3.81 f        -0.81  (VIOLATED)
   div4/divisor_t_reg_0__9_/next_state
                                3.00           3.81 f        -0.81  (VIOLATED)
   div5/divisor_t_reg_0__9_/next_state
                                3.00           3.81 f        -0.81  (VIOLATED)
   div6/divisor_t_reg_0__9_/next_state
                                3.00           3.81 f        -0.81  (VIOLATED)
   div7/divisor_t_reg_0__9_/next_state
                                3.00           3.81 f        -0.81  (VIOLATED)
   bank3_proj_reg_reg_15_/D     2.94           3.74 r        -0.80  (VIOLATED)
   bank2_proj_add_reg_15_/D     2.94           3.74 r        -0.80  (VIOLATED)
   bank2_proj_add_reg_17_/D     2.94           3.74 r        -0.80  (VIOLATED)
   div0/divisor_t_reg_0__16_/next_state
                                3.00           3.79 f        -0.79  (VIOLATED)
   div1/divisor_t_reg_0__16_/next_state
                                3.00           3.79 f        -0.79  (VIOLATED)
   div2/divisor_t_reg_0__16_/next_state
                                3.00           3.79 f        -0.79  (VIOLATED)
   div3/divisor_t_reg_0__16_/next_state
                                3.00           3.79 f        -0.79  (VIOLATED)
   div4/divisor_t_reg_0__16_/next_state
                                3.00           3.79 f        -0.79  (VIOLATED)
   div5/divisor_t_reg_0__16_/next_state
                                3.00           3.79 f        -0.79  (VIOLATED)
   div6/divisor_t_reg_0__16_/next_state
                                3.00           3.79 f        -0.79  (VIOLATED)
   div7/divisor_t_reg_0__16_/next_state
                                3.00           3.79 f        -0.79  (VIOLATED)
   bank1_proj_reg_reg_15_/D     2.94           3.73 r        -0.79  (VIOLATED)
   bank1_proj_reg_reg_14_/D     2.94           3.73 r        -0.79  (VIOLATED)
   bank1_proj_reg_reg_13_/D     2.94           3.73 r        -0.79  (VIOLATED)
   bank3_proj_add_reg_17_/D     2.94           3.73 r        -0.79  (VIOLATED)
   bank1_proj_add_reg_17_/D     2.94           3.72 r        -0.78  (VIOLATED)
   bank0_proj_add_reg_15_/D     2.94           3.72 r        -0.77  (VIOLATED)
   bank2_proj_reg_reg_15_/D     2.94           3.72 r        -0.77  (VIOLATED)
   bank0_proj_reg_reg_15_/D     2.94           3.71 r        -0.77  (VIOLATED)
   bank0_proj_reg_reg_14_/D     2.94           3.71 r        -0.77  (VIOLATED)
   bank0_proj_reg_reg_13_/D     2.94           3.71 r        -0.77  (VIOLATED)
   bank2_proj_add_reg_19_/D     2.94           3.71 r        -0.76  (VIOLATED)
   bank3_proj_reg_reg_14_/D     2.94           3.71 r        -0.76  (VIOLATED)
   bank3_proj_reg_reg_13_/D     2.94           3.70 r        -0.76  (VIOLATED)
   bank0_proj_add_reg_17_/D     2.94           3.70 r        -0.76  (VIOLATED)
   bank1_proj_add_reg_15_/D     2.94           3.70 r        -0.76  (VIOLATED)
   bank2_proj_add_reg_18_/D     2.94           3.70 r        -0.75  (VIOLATED)
   div0/divisor_t_reg_0__17_/next_state
                                3.00           3.75 f        -0.75  (VIOLATED)
   div5/divisor_t_reg_0__17_/next_state
                                3.00           3.75 f        -0.75  (VIOLATED)
   div6/divisor_t_reg_0__17_/next_state
                                3.00           3.75 f        -0.75  (VIOLATED)
   div7/divisor_t_reg_0__17_/next_state
                                3.00           3.75 f        -0.75  (VIOLATED)
   token_mae_sign_d1_reg/D      2.93           3.67 r        -0.75  (VIOLATED)
   div0/divisor_t_reg_0__15_/next_state
                                3.00           3.75 f        -0.75  (VIOLATED)
   div1/divisor_t_reg_0__15_/next_state
                                3.00           3.75 f        -0.75  (VIOLATED)
   div2/divisor_t_reg_0__15_/next_state
                                3.00           3.75 f        -0.75  (VIOLATED)
   div3/divisor_t_reg_0__15_/next_state
                                3.00           3.75 f        -0.75  (VIOLATED)
   div4/divisor_t_reg_0__15_/next_state
                                3.00           3.75 f        -0.75  (VIOLATED)
   div5/divisor_t_reg_0__15_/next_state
                                3.00           3.75 f        -0.75  (VIOLATED)
   div6/divisor_t_reg_0__15_/next_state
                                3.00           3.75 f        -0.75  (VIOLATED)
   div7/divisor_t_reg_0__15_/next_state
                                3.00           3.75 f        -0.75  (VIOLATED)
   bank3_proj_add_reg_15_/D     2.94           3.69 r        -0.75  (VIOLATED)
   bank2_proj_reg_reg_16_/D     2.94           3.69 r        -0.74  (VIOLATED)
   bank1_proj_reg_reg_16_/D     2.94           3.69 r        -0.74  (VIOLATED)
   bank2_proj_reg_reg_14_/D     2.94           3.68 r        -0.74  (VIOLATED)
   bank2_proj_reg_reg_13_/D     2.94           3.68 r        -0.74  (VIOLATED)
   bank0_proj_reg_reg_16_/D     2.94           3.68 r        -0.74  (VIOLATED)
   bank3_proj_reg_reg_16_/D     2.94           3.68 r        -0.74  (VIOLATED)
   token_x_nor_result_reg_5__19_/D
                                2.96           3.70 f        -0.74  (VIOLATED)
   bank1_proj_add_reg_19_/D     2.94           3.68 r        -0.74  (VIOLATED)
   token_x_nor_result_reg_7__19_/D
                                2.94           3.68 r        -0.74  (VIOLATED)
   token_x_nor_result_reg_2__18_/D
                                2.94           3.68 r        -0.73  (VIOLATED)
   div1/divisor_t_reg_0__17_/next_state
                                3.00           3.73 r        -0.73  (VIOLATED)
   div2/divisor_t_reg_0__17_/next_state
                                3.00           3.73 r        -0.73  (VIOLATED)
   div3/divisor_t_reg_0__17_/next_state
                                3.00           3.73 r        -0.73  (VIOLATED)
   div4/divisor_t_reg_0__17_/next_state
                                3.00           3.73 r        -0.73  (VIOLATED)
   token_x_nor_result_reg_1__18_/D
                                2.94           3.67 r        -0.73  (VIOLATED)
   token_x_nor_result_reg_4__19_/D
                                2.94           3.67 r        -0.73  (VIOLATED)
   token_x_nor_result_reg_0__18_/D
                                2.94           3.67 r        -0.73  (VIOLATED)
   bank0_proj_add_reg_19_/D     2.94           3.67 r        -0.73  (VIOLATED)
   token_x_nor_result_reg_5__18_/D
                                2.94           3.67 r        -0.73  (VIOLATED)
   bank1_proj_add_reg_18_/D     2.94           3.67 r        -0.73  (VIOLATED)
   token_x_nor_result_reg_7__18_/D
                                2.94           3.67 r        -0.73  (VIOLATED)
   token_x_nor_result_reg_2__19_/D
                                2.94           3.67 r        -0.73  (VIOLATED)
   token_mean_reg_13_/D         2.94           3.67 r        -0.73  (VIOLATED)
   token_x_nor_result_reg_6__18_/D
                                2.94           3.67 r        -0.73  (VIOLATED)
   token_x_nor_result_reg_4__18_/D
                                2.94           3.66 r        -0.72  (VIOLATED)
   bank3_proj_add_reg_18_/D     2.94           3.66 r        -0.72  (VIOLATED)
   bank3_proj_add_reg_19_/D     2.94           3.66 r        -0.72  (VIOLATED)
   bank0_proj_add_reg_18_/D     2.94           3.66 r        -0.72  (VIOLATED)
   token_mean_reg_12_/D         2.94           3.66 r        -0.72  (VIOLATED)
   bank2_proj_add_reg_13_/D     2.94           3.65 r        -0.71  (VIOLATED)
   bank2_proj_add_reg_14_/D     2.94           3.64 r        -0.70  (VIOLATED)
   token_x_nor_result_reg_1__19_/D
                                2.93           3.63 r        -0.70  (VIOLATED)
   bank1_proj_add_reg_16_/D     2.94           3.64 r        -0.70  (VIOLATED)
   bank1_proj_reg_reg_12_/D     2.94           3.64 r        -0.70  (VIOLATED)
   token_x_nor_result_reg_6__19_/D
                                2.93           3.63 r        -0.69  (VIOLATED)
   bank3_proj_reg_reg_11_/D     2.94           3.64 r        -0.69  (VIOLATED)
   bank3_proj_reg_reg_12_/D     2.94           3.63 r        -0.69  (VIOLATED)
   token_x_nor_result_reg_0__19_/D
                                2.93           3.62 r        -0.69  (VIOLATED)
   bank3_proj_add_reg_16_/D     2.94           3.63 r        -0.69  (VIOLATED)
   bank0_proj_reg_reg_12_/D     2.94           3.63 r        -0.69  (VIOLATED)
   bank1_proj_add_reg_13_/D     2.94           3.62 r        -0.68  (VIOLATED)
   bank1_proj_reg_reg_11_/D     2.94           3.62 r        -0.68  (VIOLATED)
   bank0_proj_add_reg_13_/D     2.94           3.62 r        -0.68  (VIOLATED)
   token_x_nor_result_reg_3__18_/D
                                2.94           3.62 r        -0.68  (VIOLATED)
   bank0_proj_reg_reg_11_/D     2.94           3.62 r        -0.68  (VIOLATED)
   bank1_proj_add_reg_14_/D     2.94           3.62 r        -0.68  (VIOLATED)
   bank0_proj_add_reg_14_/D     2.94           3.62 r        -0.68  (VIOLATED)
   bank0_proj_add_reg_16_/D     2.94           3.61 r        -0.67  (VIOLATED)
   bank2_proj_reg_reg_11_/D     2.94           3.60 r        -0.66  (VIOLATED)
   token_mean_reg_11_/D         2.94           3.60 r        -0.66  (VIOLATED)
   bank2_proj_reg_reg_12_/D     2.94           3.60 r        -0.66  (VIOLATED)
   bank3_proj_add_reg_13_/D     2.94           3.59 r        -0.65  (VIOLATED)
   bank2_proj_add_reg_16_/D     2.94           3.59 r        -0.65  (VIOLATED)
   bank3_proj_add_reg_14_/D     2.94           3.59 r        -0.65  (VIOLATED)
   token_x_nor_result_reg_0__17_/D
                                2.94           3.58 r        -0.64  (VIOLATED)
   token_x_nor_result_reg_3__19_/D
                                2.95           3.59 f        -0.64  (VIOLATED)
   bank0_proj_reg_reg_10_/D     2.94           3.58 r        -0.64  (VIOLATED)
   token_x_nor_result_reg_5__17_/D
                                2.94           3.56 r        -0.62  (VIOLATED)
   bank2_proj_add_reg_11_/D     2.94           3.56 r        -0.62  (VIOLATED)
   bank2_proj_add_reg_12_/D     2.94           3.56 r        -0.62  (VIOLATED)
   token_x_nor_result_reg_4__17_/D
                                2.94           3.56 r        -0.61  (VIOLATED)
   token_x_nor_result_reg_1__17_/D
                                2.94           3.55 r        -0.61  (VIOLATED)
   token_x_nor_result_reg_6__17_/D
                                2.94           3.54 r        -0.60  (VIOLATED)
   bank2_proj_reg_reg_10_/D     2.94           3.54 r        -0.60  (VIOLATED)
   token_x_nor_result_reg_7__17_/D
                                2.94           3.54 r        -0.60  (VIOLATED)
   bank1_proj_reg_reg_10_/D     2.94           3.54 r        -0.60  (VIOLATED)
   bank1_proj_add_reg_11_/D     2.94           3.53 r        -0.59  (VIOLATED)
   bank1_proj_add_reg_12_/D     2.94           3.53 r        -0.59  (VIOLATED)
   bank0_proj_add_reg_12_/D     2.94           3.53 r        -0.59  (VIOLATED)
   bank0_proj_add_reg_11_/D     2.94           3.53 r        -0.58  (VIOLATED)
   bank3_proj_reg_reg_10_/D     2.94           3.52 r        -0.58  (VIOLATED)
   token_x_nor_result_reg_3__17_/D
                                2.94           3.51 r        -0.57  (VIOLATED)
   token_x_nor_result_reg_2__17_/D
                                2.94           3.51 r        -0.57  (VIOLATED)
   bank3_proj_add_reg_11_/D     2.94           3.51 r        -0.57  (VIOLATED)
   bank3_proj_add_reg_12_/D     2.94           3.50 r        -0.56  (VIOLATED)
   bank1_proj_reg_reg_9_/D      2.94           3.49 r        -0.55  (VIOLATED)
   token_x_nor_result_reg_6__16_/D
                                2.94           3.48 r        -0.54  (VIOLATED)
   bank2_proj_reg_reg_9_/D      2.94           3.48 r        -0.54  (VIOLATED)
   token_x_nor_result_reg_5__16_/D
                                2.94           3.48 r        -0.54  (VIOLATED)
   bank3_proj_reg_reg_9_/D      2.94           3.48 r        -0.54  (VIOLATED)
   token_x_nor_result_reg_4__16_/D
                                2.94           3.47 r        -0.53  (VIOLATED)
   token_x_nor_result_reg_0__16_/D
                                2.94           3.46 r        -0.52  (VIOLATED)
   bank2_proj_add_reg_10_/D     2.94           3.46 r        -0.52  (VIOLATED)
   bank2_proj_reg_reg_8_/D      2.94           3.45 r        -0.51  (VIOLATED)
   bank1_proj_add_reg_10_/D     2.94           3.43 r        -0.49  (VIOLATED)
   bank0_proj_add_reg_10_/D     2.94           3.43 r        -0.49  (VIOLATED)
   bank0_proj_reg_reg_9_/D      2.94           3.43 r        -0.49  (VIOLATED)
   token_x_nor_result_reg_7__16_/D
                                2.94           3.43 r        -0.49  (VIOLATED)
   token_x_nor_result_reg_3__16_/D
                                2.94           3.43 r        -0.49  (VIOLATED)
   token_x_nor_result_reg_1__16_/D
                                2.94           3.42 r        -0.48  (VIOLATED)
   bank0_proj_reg_reg_8_/D      2.94           3.42 r        -0.47  (VIOLATED)
   bank3_proj_add_reg_10_/D     2.94           3.41 r        -0.47  (VIOLATED)
   token_x_nor_result_reg_0__15_/D
                                2.94           3.41 r        -0.47  (VIOLATED)
   token_x_nor_result_reg_5__15_/D
                                2.94           3.40 r        -0.46  (VIOLATED)
   token_x_nor_result_reg_4__15_/D
                                2.94           3.39 r        -0.45  (VIOLATED)
   bank1_proj_reg_reg_8_/D      2.94           3.37 r        -0.43  (VIOLATED)
   bank1_proj_add_reg_9_/D      2.94           3.37 r        -0.43  (VIOLATED)
   bank2_proj_reg_reg_7_/D      2.94           3.37 r        -0.43  (VIOLATED)
   token_mean_reg_10_/D         2.94           3.37 r        -0.42  (VIOLATED)
   token_x_nor_result_reg_7__15_/D
                                2.94           3.35 r        -0.41  (VIOLATED)
   token_x_nor_result_reg_3__15_/D
                                2.94           3.35 r        -0.41  (VIOLATED)
   bank1_proj_reg_reg_7_/D      2.94           3.34 r        -0.40  (VIOLATED)
   bank3_proj_reg_reg_8_/D      2.94           3.34 r        -0.40  (VIOLATED)
   bank3_proj_reg_reg_7_/D      2.94           3.34 r        -0.40  (VIOLATED)
   bank0_proj_reg_reg_7_/D      2.94           3.34 r        -0.40  (VIOLATED)
   bank2_proj_add_reg_9_/D      2.94           3.34 r        -0.40  (VIOLATED)
   token_x_nor_result_reg_1__15_/D
                                2.94           3.32 r        -0.38  (VIOLATED)
   bank0_proj_add_reg_9_/D      2.94           3.31 r        -0.37  (VIOLATED)
   token_mean_reg_9_/D          2.94           3.30 r        -0.36  (VIOLATED)
   bank3_proj_add_reg_9_/D      2.94           3.29 r        -0.35  (VIOLATED)
   token_x_nor_result_reg_7__14_/D
                                2.94           3.28 r        -0.34  (VIOLATED)
   bank2_proj_reg_reg_6_/D      2.94           3.27 r        -0.33  (VIOLATED)
   bank2_proj_add_reg_8_/D      2.94           3.27 r        -0.33  (VIOLATED)
   token_x_nor_result_reg_2__16_/D
                                2.94           3.26 r        -0.32  (VIOLATED)
   token_x_nor_result_reg_6__15_/D
                                2.94           3.26 r        -0.31  (VIOLATED)
   bank1_proj_reg_reg_6_/D      2.94           3.25 r        -0.31  (VIOLATED)
   bank0_proj_add_reg_7_/D      2.94           3.25 r        -0.31  (VIOLATED)
   bank2_proj_add_reg_7_/D      2.94           3.25 r        -0.31  (VIOLATED)
   bank1_proj_add_reg_7_/D      2.94           3.25 r        -0.31  (VIOLATED)
   bank0_proj_reg_reg_6_/D      2.94           3.24 r        -0.30  (VIOLATED)
   bank1_proj_add_reg_8_/D      2.94           3.24 r        -0.30  (VIOLATED)
   bank3_proj_reg_reg_6_/D      2.94           3.24 r        -0.30  (VIOLATED)
   token_x_nor_result_reg_1__14_/D
                                2.94           3.23 r        -0.29  (VIOLATED)
   bank0_proj_add_reg_8_/D      2.94           3.23 r        -0.29  (VIOLATED)
   token_x_nor_result_reg_5__14_/D
                                2.94           3.23 r        -0.29  (VIOLATED)
   token_x_nor_result_reg_4__14_/D
                                2.94           3.22 r        -0.28  (VIOLATED)
   token_x_nor_result_reg_0__14_/D
                                2.94           3.22 r        -0.28  (VIOLATED)
   bank3_proj_add_reg_7_/D      2.94           3.22 r        -0.28  (VIOLATED)
   bank3_proj_add_reg_8_/D      2.94           3.21 r        -0.27  (VIOLATED)
   token_x_nor_result_reg_6__14_/D
                                2.94           3.19 r        -0.25  (VIOLATED)
   bank2_proj_add_reg_6_/D      2.94           3.18 r        -0.24  (VIOLATED)
   token_x_nor_result_reg_3__14_/D
                                2.94           3.16 r        -0.21  (VIOLATED)
   token_x_nor_result_reg_1__13_/D
                                2.94           3.15 r        -0.21  (VIOLATED)
   token_x_nor_result_reg_2__15_/D
                                2.94           3.13 r        -0.19  (VIOLATED)
   bank2_proj_add_reg_5_/D      2.94           3.13 r        -0.18  (VIOLATED)
   bank1_proj_add_reg_6_/D      2.94           3.11 r        -0.17  (VIOLATED)
   token_x_nor_result_reg_7__13_/D
                                2.94           3.10 r        -0.16  (VIOLATED)
   bank0_proj_add_reg_5_/D      2.94           3.09 r        -0.15  (VIOLATED)
   bank0_proj_add_reg_6_/D      2.94           3.09 r        -0.15  (VIOLATED)
   bank3_proj_add_reg_6_/D      2.94           3.08 r        -0.13  (VIOLATED)
   token_x_nor_result_reg_3__13_/D
                                2.94           3.07 r        -0.13  (VIOLATED)
   token_mean_reg_8_/D          2.94           3.07 r        -0.13  (VIOLATED)
   token_x_nor_result_reg_5__13_/D
                                2.94           3.06 r        -0.12  (VIOLATED)
   bank1_proj_add_reg_5_/D      2.94           3.05 r        -0.11  (VIOLATED)
   bank3_proj_add_reg_5_/D      2.94           3.03 r        -0.09  (VIOLATED)
   token_x_nor_result_reg_4__13_/D
                                2.94           3.02 r        -0.08  (VIOLATED)
   token_mean_reg_7_/D          2.94           3.01 r        -0.07  (VIOLATED)
   token_x_nor_result_reg_0__13_/D
                                2.94           3.00 r        -0.06  (VIOLATED)
   token_x_nor_result_reg_3__12_/D
                                2.94           3.00 r        -0.06  (VIOLATED)
   token_x_nor_result_reg_2__14_/D
                                2.94           3.00 r        -0.06  (VIOLATED)
   token_x_nor_result_reg_1__12_/D
                                2.94           2.98 r        -0.04  (VIOLATED)
   token_x_nor_result_reg_6__13_/D
                                2.94           2.97 r        -0.03  (VIOLATED)
   token_x_nor_result_reg_0__12_/D
                                2.94           2.94 r         0.00  (VIOLATED: increase significant digits)


   max_fanout

                             Required        Actual
   Net                        Fanout         Fanout          Slack
   -----------------------------------------------------------------
   n3674                       20.00          32.00         -12.00  (VIOLATED)
   n22783                      20.00          24.00          -4.00  (VIOLATED)
   n6015                       20.00          21.00          -1.00  (VIOLATED)

   -----------------------------------------------------------------
   Total                      3                 -17.00  

   max_area

                             Required        Actual
   Design                      Area           Area           Slack
   -----------------------------------------------------------------
   ViT_top                      0.00       50551.02       -50551.02 (VIOLATED)


1
