Information: Changed wire load model for 'DW01_sub_width18' from '(none)' to 'Small'. (OPT-170)
Information: Changed wire load model for '*SUB_UNS_OP_18_18_18' from '(none)' to 'Small'. (OPT-170)
Information: Changed wire load model for 'DW01_sub_width18' from '(none)' to 'Small'. (OPT-170)
Information: Changed wire load model for '*SUB_UNS_OP_18_18_18' from '(none)' to 'Small'. (OPT-170)
Information: Changed wire load model for 'DW01_sub_width18' from '(none)' to 'Small'. (OPT-170)
Information: Changed wire load model for '*SUB_UNS_OP_18_18_18' from '(none)' to 'Small'. (OPT-170)
Information: Changed wire load model for 'DW01_sub_width18' from '(none)' to 'Small'. (OPT-170)
Information: Changed wire load model for '*SUB_UNS_OP_18_18_18' from '(none)' to 'Small'. (OPT-170)
Information: Changed wire load model for 'DW01_sub_width18' from '(none)' to 'Small'. (OPT-170)
Information: Changed wire load model for '*SUB_UNS_OP_18_18_18' from '(none)' to 'Small'. (OPT-170)
Information: Changed wire load model for 'DW01_sub_width18' from '(none)' to 'Small'. (OPT-170)
Information: Changed wire load model for '*SUB_UNS_OP_18_18_18' from '(none)' to 'Small'. (OPT-170)
Information: Changed wire load model for 'DW01_sub_width18' from '(none)' to 'Small'. (OPT-170)
Information: Changed wire load model for '*SUB_UNS_OP_18_18_18' from '(none)' to 'Small'. (OPT-170)
Information: Changed wire load model for 'DW01_sub_width18' from '(none)' to 'Small'. (OPT-170)
Information: Changed wire load model for '*SUB_UNS_OP_18_18_18' from '(none)' to 'Small'. (OPT-170)
Information: Changed wire load model for 'DW01_sub_width18' from '(none)' to 'Small'. (OPT-170)
Information: Changed wire load model for '*SUB_UNS_OP_18_18_18' from '(none)' to 'Small'. (OPT-170)
Information: Changed wire load model for 'DW01_sub_width18' from '(none)' to 'Small'. (OPT-170)
Information: Changed wire load model for '*SUB_UNS_OP_18_18_18' from '(none)' to 'Small'. (OPT-170)
Information: Changed wire load model for 'DW01_sub_width18' from '(none)' to 'Small'. (OPT-170)
Information: Changed wire load model for '*SUB_UNS_OP_18_18_18' from '(none)' to 'Small'. (OPT-170)
Information: Changed wire load model for 'DW01_sub_width18' from '(none)' to 'Small'. (OPT-170)
Information: Changed wire load model for '*SUB_UNS_OP_18_18_18' from '(none)' to 'Small'. (OPT-170)
Information: Changed wire load model for 'DW01_sub_width18' from '(none)' to 'Small'. (OPT-170)
Information: Changed wire load model for '*SUB_UNS_OP_18_18_18' from '(none)' to 'Small'. (OPT-170)
Information: Changed wire load model for 'DW01_sub_width18' from '(none)' to 'Small'. (OPT-170)
Information: Changed wire load model for '*SUB_UNS_OP_18_18_18' from '(none)' to 'Small'. (OPT-170)
Information: Changed wire load model for 'DW01_sub_width18' from '(none)' to 'Small'. (OPT-170)
Information: Changed wire load model for '*SUB_UNS_OP_18_18_18' from '(none)' to 'Small'. (OPT-170)
Information: Changed wire load model for 'DW01_sub_width18' from '(none)' to 'Small'. (OPT-170)
Information: Changed wire load model for '*SUB_UNS_OP_18_18_18' from '(none)' to 'Small'. (OPT-170)
Information: Changed wire load model for 'DW01_sub_width18' from '(none)' to 'Small'. (OPT-170)
Information: Changed wire load model for '*SUB_UNS_OP_18_18_18' from '(none)' to 'Small'. (OPT-170)
Information: Changed wire load model for 'DW01_sub_width18' from '(none)' to 'Small'. (OPT-170)
Information: Changed wire load model for '*SUB_UNS_OP_1_18_18' from '(none)' to 'Small'. (OPT-170)
Information: Changed wire load model for 'DW01_sub_width18' from '(none)' to 'Small'. (OPT-170)
Information: Changed wire load model for '*SUB_UNS_OP_18_18_18' from '(none)' to 'Small'. (OPT-170)
Information: Changed wire load model for 'DW01_sub_width18' from '(none)' to 'Small'. (OPT-170)
Information: Changed wire load model for '*SUB_UNS_OP_18_18_18' from '(none)' to 'Small'. (OPT-170)
Information: Changed wire load model for 'DW01_sub_width18' from '(none)' to 'Small'. (OPT-170)
Information: Changed wire load model for '*SUB_UNS_OP_18_18_18' from '(none)' to 'Small'. (OPT-170)
Information: Changed wire load model for 'DW01_sub_width18' from '(none)' to 'Small'. (OPT-170)
Information: Changed wire load model for '*SUB_UNS_OP_18_18_18' from '(none)' to 'Small'. (OPT-170)
Information: Changed wire load model for 'DW01_sub_width18' from '(none)' to 'Small'. (OPT-170)
Information: Changed wire load model for '*SUB_UNS_OP_18_18_18' from '(none)' to 'Small'. (OPT-170)
Information: Changed wire load model for 'DW01_sub_width18' from '(none)' to 'Small'. (OPT-170)
Information: Changed wire load model for '*SUB_UNS_OP_18_18_18' from '(none)' to 'Small'. (OPT-170)
Information: Changed wire load model for 'DW01_cmp2_width19' from '(none)' to 'Small'. (OPT-170)
Information: Changed wire load model for '*GEQ_UNS_OP_19_18_1' from '(none)' to 'Small'. (OPT-170)
Information: Changed wire load model for 'DW01_cmp2_width19' from '(none)' to 'Small'. (OPT-170)
Information: Changed wire load model for '*GEQ_UNS_OP_19_18_1' from '(none)' to 'Small'. (OPT-170)
Information: Changed wire load model for 'DW01_cmp2_width19' from '(none)' to 'Small'. (OPT-170)
Information: Changed wire load model for '*GEQ_UNS_OP_19_18_1' from '(none)' to 'Small'. (OPT-170)
Information: Changed wire load model for 'DW01_cmp2_width19' from '(none)' to 'Small'. (OPT-170)
Information: Changed wire load model for '*GEQ_UNS_OP_19_18_1' from '(none)' to 'Small'. (OPT-170)
Information: Changed wire load model for 'DW01_cmp2_width19' from '(none)' to 'Small'. (OPT-170)
Information: Changed wire load model for '*GEQ_UNS_OP_19_18_1' from '(none)' to 'Small'. (OPT-170)
Information: Changed wire load model for 'DW01_cmp2_width19' from '(none)' to 'Small'. (OPT-170)
Information: Changed wire load model for '*GEQ_UNS_OP_19_18_1' from '(none)' to 'Small'. (OPT-170)
Information: Changed wire load model for 'DW01_cmp2_width19' from '(none)' to 'Small'. (OPT-170)
Information: Changed wire load model for '*GEQ_UNS_OP_19_18_1' from '(none)' to 'Small'. (OPT-170)
Information: Changed wire load model for 'DW01_cmp2_width19' from '(none)' to 'Small'. (OPT-170)
Information: Changed wire load model for '*GEQ_UNS_OP_19_18_1' from '(none)' to 'Small'. (OPT-170)
Information: Changed wire load model for 'DW01_cmp2_width19' from '(none)' to 'Small'. (OPT-170)
Information: Changed wire load model for '*GEQ_UNS_OP_19_18_1' from '(none)' to 'Small'. (OPT-170)
Information: Changed wire load model for 'DW01_cmp2_width19' from '(none)' to 'Small'. (OPT-170)
Information: Changed wire load model for '*GEQ_UNS_OP_19_18_1' from '(none)' to 'Small'. (OPT-170)
Information: Changed wire load model for 'DW01_cmp2_width19' from '(none)' to 'Small'. (OPT-170)
Information: Changed wire load model for '*GEQ_UNS_OP_19_18_1' from '(none)' to 'Small'. (OPT-170)
Information: Changed wire load model for 'DW01_cmp2_width19' from '(none)' to 'Small'. (OPT-170)
Information: Changed wire load model for '*GEQ_UNS_OP_19_18_1' from '(none)' to 'Small'. (OPT-170)
Information: Changed wire load model for 'DW01_cmp2_width19' from '(none)' to 'Small'. (OPT-170)
Information: Changed wire load model for '*GEQ_UNS_OP_19_18_1' from '(none)' to 'Small'. (OPT-170)
Information: Changed wire load model for 'DW01_cmp2_width19' from '(none)' to 'Small'. (OPT-170)
Information: Changed wire load model for '*GEQ_UNS_OP_19_18_1' from '(none)' to 'Small'. (OPT-170)
Information: Changed wire load model for 'DW01_cmp2_width19' from '(none)' to 'Small'. (OPT-170)
Information: Changed wire load model for '*GEQ_UNS_OP_19_18_1' from '(none)' to 'Small'. (OPT-170)
Information: Changed wire load model for 'DW01_cmp2_width19' from '(none)' to 'Small'. (OPT-170)
Information: Changed wire load model for '*GEQ_UNS_OP_19_18_1' from '(none)' to 'Small'. (OPT-170)
Information: Changed wire load model for 'DW01_cmp2_width19' from '(none)' to 'Small'. (OPT-170)
Information: Changed wire load model for '*GEQ_UNS_OP_19_18_1' from '(none)' to 'Small'. (OPT-170)
Information: Changed wire load model for 'DW01_cmp2_width19' from '(none)' to 'Small'. (OPT-170)
Information: Changed wire load model for '*GEQ_UNS_OP_19_18_1' from '(none)' to 'Small'. (OPT-170)
Information: Changed wire load model for 'DW01_cmp2_width19' from '(none)' to 'Small'. (OPT-170)
Information: Changed wire load model for '*GEQ_UNS_OP_19_18_1' from '(none)' to 'Small'. (OPT-170)
Information: Changed wire load model for 'DW01_cmp2_width19' from '(none)' to 'Small'. (OPT-170)
Information: Changed wire load model for '*GEQ_UNS_OP_19_18_1' from '(none)' to 'Small'. (OPT-170)
Information: Changed wire load model for 'DW01_cmp2_width19' from '(none)' to 'Small'. (OPT-170)
Information: Changed wire load model for '*GEQ_UNS_OP_19_18_1' from '(none)' to 'Small'. (OPT-170)
Information: Changed wire load model for 'DW01_cmp2_width19' from '(none)' to 'Small'. (OPT-170)
Information: Changed wire load model for '*GEQ_UNS_OP_19_18_1' from '(none)' to 'Small'. (OPT-170)
Information: Changed wire load model for 'DW01_cmp2_width19' from '(none)' to 'Small'. (OPT-170)
Information: Changed wire load model for '*GEQ_UNS_OP_19_18_1' from '(none)' to 'Small'. (OPT-170)
Information: Changed wire load model for 'DW01_cmp2_width19' from '(none)' to 'Small'. (OPT-170)
Information: Changed wire load model for '*GEQ_UNS_OP_19_18_1' from '(none)' to 'Small'. (OPT-170)
Information: Changed wire load model for 'DW01_sub_width18' from '(none)' to 'Small'. (OPT-170)
Information: Changed wire load model for '*SUB_UNS_OP_18_18_18' from '(none)' to 'Small'. (OPT-170)
Information: Changed wire load model for 'DW01_sub_width18' from '(none)' to 'Small'. (OPT-170)
Information: Changed wire load model for '*SUB_UNS_OP_18_18_18' from '(none)' to 'Small'. (OPT-170)
Information: Changed wire load model for 'DW01_sub_width18' from '(none)' to 'Small'. (OPT-170)
Information: Changed wire load model for '*SUB_UNS_OP_18_18_18' from '(none)' to 'Small'. (OPT-170)
Information: Changed wire load model for 'DW01_sub_width18' from '(none)' to 'Small'. (OPT-170)
Information: Changed wire load model for '*SUB_UNS_OP_18_18_18' from '(none)' to 'Small'. (OPT-170)
Information: Changed wire load model for 'DW01_sub_width18' from '(none)' to 'Small'. (OPT-170)
Information: Changed wire load model for '*SUB_UNS_OP_18_18_18' from '(none)' to 'Small'. (OPT-170)
Information: Changed wire load model for 'DW01_sub_width18' from '(none)' to 'Small'. (OPT-170)
Information: Changed wire load model for '*SUB_UNS_OP_18_18_18' from '(none)' to 'Small'. (OPT-170)
Information: Changed wire load model for 'DW01_sub_width18' from '(none)' to 'Small'. (OPT-170)
Information: Changed wire load model for '*SUB_UNS_OP_18_18_18' from '(none)' to 'Small'. (OPT-170)
Information: Changed wire load model for 'DW01_sub_width18' from '(none)' to 'Small'. (OPT-170)
Information: Changed wire load model for '*SUB_UNS_OP_18_18_18' from '(none)' to 'Small'. (OPT-170)
Information: Changed wire load model for 'DW01_sub_width18' from '(none)' to 'Small'. (OPT-170)
Information: Changed wire load model for '*SUB_UNS_OP_18_18_18' from '(none)' to 'Small'. (OPT-170)
Information: Changed wire load model for 'DW01_sub_width18' from '(none)' to 'Small'. (OPT-170)
Information: Changed wire load model for '*SUB_UNS_OP_18_18_18' from '(none)' to 'Small'. (OPT-170)
Information: Changed wire load model for 'DW01_sub_width18' from '(none)' to 'Small'. (OPT-170)
Information: Changed wire load model for '*SUB_UNS_OP_18_18_18' from '(none)' to 'Small'. (OPT-170)
Information: Changed wire load model for 'DW01_sub_width18' from '(none)' to 'Small'. (OPT-170)
Information: Changed wire load model for '*SUB_UNS_OP_18_18_18' from '(none)' to 'Small'. (OPT-170)
Information: Changed wire load model for 'DW01_sub_width18' from '(none)' to 'Small'. (OPT-170)
Information: Changed wire load model for '*SUB_UNS_OP_18_18_18' from '(none)' to 'Small'. (OPT-170)
Information: Changed wire load model for 'DW01_sub_width18' from '(none)' to 'Small'. (OPT-170)
Information: Changed wire load model for '*SUB_UNS_OP_18_18_18' from '(none)' to 'Small'. (OPT-170)
Information: Changed wire load model for 'DW01_sub_width18' from '(none)' to 'Small'. (OPT-170)
Information: Changed wire load model for '*SUB_UNS_OP_18_18_18' from '(none)' to 'Small'. (OPT-170)
Information: Changed wire load model for 'DW01_sub_width18' from '(none)' to 'Small'. (OPT-170)
Information: Changed wire load model for '*SUB_UNS_OP_18_18_18' from '(none)' to 'Small'. (OPT-170)
Information: Changed wire load model for 'DW01_sub_width18' from '(none)' to 'Small'. (OPT-170)
Information: Changed wire load model for '*SUB_UNS_OP_18_18_18' from '(none)' to 'Small'. (OPT-170)
Information: Changed wire load model for 'DW01_sub_width18' from '(none)' to 'Small'. (OPT-170)
Information: Changed wire load model for '*SUB_UNS_OP_1_18_18' from '(none)' to 'Small'. (OPT-170)
Information: Changed wire load model for 'DW01_sub_width18' from '(none)' to 'Small'. (OPT-170)
Information: Changed wire load model for '*SUB_UNS_OP_18_18_18' from '(none)' to 'Small'. (OPT-170)
Information: Changed wire load model for 'DW01_sub_width18' from '(none)' to 'Small'. (OPT-170)
Information: Changed wire load model for '*SUB_UNS_OP_18_18_18' from '(none)' to 'Small'. (OPT-170)
Information: Changed wire load model for 'DW01_sub_width18' from '(none)' to 'Small'. (OPT-170)
Information: Changed wire load model for '*SUB_UNS_OP_18_18_18' from '(none)' to 'Small'. (OPT-170)
Information: Changed wire load model for 'DW01_sub_width18' from '(none)' to 'Small'. (OPT-170)
Information: Changed wire load model for '*SUB_UNS_OP_18_18_18' from '(none)' to 'Small'. (OPT-170)
Information: Changed wire load model for 'DW01_sub_width18' from '(none)' to 'Small'. (OPT-170)
Information: Changed wire load model for '*SUB_UNS_OP_18_18_18' from '(none)' to 'Small'. (OPT-170)
Information: Changed wire load model for 'DW01_sub_width18' from '(none)' to 'Small'. (OPT-170)
Information: Changed wire load model for '*SUB_UNS_OP_18_18_18' from '(none)' to 'Small'. (OPT-170)
Information: Changed wire load model for 'DW01_cmp2_width19' from '(none)' to 'Small'. (OPT-170)
Information: Changed wire load model for '*GEQ_UNS_OP_19_18_1' from '(none)' to 'Small'. (OPT-170)
Information: Changed wire load model for 'DW01_cmp2_width19' from '(none)' to 'Small'. (OPT-170)
Information: Changed wire load model for '*GEQ_UNS_OP_19_18_1' from '(none)' to 'Small'. (OPT-170)
Information: Changed wire load model for 'DW01_cmp2_width19' from '(none)' to 'Small'. (OPT-170)
Information: Changed wire load model for '*GEQ_UNS_OP_19_18_1' from '(none)' to 'Small'. (OPT-170)
Information: Changed wire load model for 'DW01_cmp2_width19' from '(none)' to 'Small'. (OPT-170)
Information: Changed wire load model for '*GEQ_UNS_OP_19_18_1' from '(none)' to 'Small'. (OPT-170)
Information: Changed wire load model for 'DW01_cmp2_width19' from '(none)' to 'Small'. (OPT-170)
Information: Changed wire load model for '*GEQ_UNS_OP_19_18_1' from '(none)' to 'Small'. (OPT-170)
Information: Changed wire load model for 'DW01_cmp2_width19' from '(none)' to 'Small'. (OPT-170)
Information: Changed wire load model for '*GEQ_UNS_OP_19_18_1' from '(none)' to 'Small'. (OPT-170)
Information: Changed wire load model for 'DW01_cmp2_width19' from '(none)' to 'Small'. (OPT-170)
Information: Changed wire load model for '*GEQ_UNS_OP_19_18_1' from '(none)' to 'Small'. (OPT-170)
Information: Changed wire load model for 'DW01_cmp2_width19' from '(none)' to 'Small'. (OPT-170)
Information: Changed wire load model for '*GEQ_UNS_OP_19_18_1' from '(none)' to 'Small'. (OPT-170)
Information: Changed wire load model for 'DW01_cmp2_width19' from '(none)' to 'Small'. (OPT-170)
Information: Changed wire load model for '*GEQ_UNS_OP_19_18_1' from '(none)' to 'Small'. (OPT-170)
Information: Changed wire load model for 'DW01_cmp2_width19' from '(none)' to 'Small'. (OPT-170)
Information: Changed wire load model for '*GEQ_UNS_OP_19_18_1' from '(none)' to 'Small'. (OPT-170)
Information: Changed wire load model for 'DW01_cmp2_width19' from '(none)' to 'Small'. (OPT-170)
Information: Changed wire load model for '*GEQ_UNS_OP_19_18_1' from '(none)' to 'Small'. (OPT-170)
Information: Changed wire load model for 'DW01_cmp2_width19' from '(none)' to 'Small'. (OPT-170)
Information: Changed wire load model for '*GEQ_UNS_OP_19_18_1' from '(none)' to 'Small'. (OPT-170)
Information: Changed wire load model for 'DW01_cmp2_width19' from '(none)' to 'Small'. (OPT-170)
Information: Changed wire load model for '*GEQ_UNS_OP_19_18_1' from '(none)' to 'Small'. (OPT-170)
Information: Changed wire load model for 'DW01_cmp2_width19' from '(none)' to 'Small'. (OPT-170)
Information: Changed wire load model for '*GEQ_UNS_OP_19_18_1' from '(none)' to 'Small'. (OPT-170)
Information: Changed wire load model for 'DW01_cmp2_width19' from '(none)' to 'Small'. (OPT-170)
Information: Changed wire load model for '*GEQ_UNS_OP_19_18_1' from '(none)' to 'Small'. (OPT-170)
Information: Changed wire load model for 'DW01_cmp2_width19' from '(none)' to 'Small'. (OPT-170)
Information: Changed wire load model for '*GEQ_UNS_OP_19_18_1' from '(none)' to 'Small'. (OPT-170)
Information: Changed wire load model for 'DW01_cmp2_width19' from '(none)' to 'Small'. (OPT-170)
Information: Changed wire load model for '*GEQ_UNS_OP_19_18_1' from '(none)' to 'Small'. (OPT-170)
Information: Changed wire load model for 'DW01_cmp2_width19' from '(none)' to 'Small'. (OPT-170)
Information: Changed wire load model for '*GEQ_UNS_OP_19_18_1' from '(none)' to 'Small'. (OPT-170)
Information: Changed wire load model for 'DW01_cmp2_width19' from '(none)' to 'Small'. (OPT-170)
Information: Changed wire load model for '*GEQ_UNS_OP_19_18_1' from '(none)' to 'Small'. (OPT-170)
Information: Changed wire load model for 'DW01_cmp2_width19' from '(none)' to 'Small'. (OPT-170)
Information: Changed wire load model for '*GEQ_UNS_OP_19_18_1' from '(none)' to 'Small'. (OPT-170)
Information: Changed wire load model for 'DW01_cmp2_width19' from '(none)' to 'Small'. (OPT-170)
Information: Changed wire load model for '*GEQ_UNS_OP_19_18_1' from '(none)' to 'Small'. (OPT-170)
Information: Changed wire load model for 'DW01_cmp2_width19' from '(none)' to 'Small'. (OPT-170)
Information: Changed wire load model for '*GEQ_UNS_OP_19_18_1' from '(none)' to 'Small'. (OPT-170)
Information: Changed wire load model for 'DW01_cmp2_width19' from '(none)' to 'Small'. (OPT-170)
Information: Changed wire load model for '*GEQ_UNS_OP_19_18_1' from '(none)' to 'Small'. (OPT-170)
Information: Changed wire load model for 'DW01_cmp2_width19' from '(none)' to 'Small'. (OPT-170)
Information: Changed wire load model for '*GEQ_UNS_OP_19_18_1' from '(none)' to 'Small'. (OPT-170)
Information: Changed wire load model for 'DW01_sub_width18' from '(none)' to 'Small'. (OPT-170)
Information: Changed wire load model for '*SUB_UNS_OP_18_18_18' from '(none)' to 'Small'. (OPT-170)
Information: Changed wire load model for 'DW01_sub_width18' from '(none)' to 'Small'. (OPT-170)
Information: Changed wire load model for '*SUB_UNS_OP_18_18_18' from '(none)' to 'Small'. (OPT-170)
Information: Changed wire load model for 'DW01_sub_width18' from '(none)' to 'Small'. (OPT-170)
Information: Changed wire load model for '*SUB_UNS_OP_18_18_18' from '(none)' to 'Small'. (OPT-170)
Information: Changed wire load model for 'DW01_sub_width18' from '(none)' to 'Small'. (OPT-170)
Information: Changed wire load model for '*SUB_UNS_OP_18_18_18' from '(none)' to 'Small'. (OPT-170)
Information: Changed wire load model for 'DW01_sub_width18' from '(none)' to 'Small'. (OPT-170)
Information: Changed wire load model for '*SUB_UNS_OP_18_18_18' from '(none)' to 'Small'. (OPT-170)
Information: Changed wire load model for 'DW01_sub_width18' from '(none)' to 'Small'. (OPT-170)
Information: Changed wire load model for '*SUB_UNS_OP_18_18_18' from '(none)' to 'Small'. (OPT-170)
Information: Changed wire load model for 'DW01_sub_width18' from '(none)' to 'Small'. (OPT-170)
Information: Changed wire load model for '*SUB_UNS_OP_18_18_18' from '(none)' to 'Small'. (OPT-170)
Information: Changed wire load model for 'DW01_sub_width18' from '(none)' to 'Small'. (OPT-170)
Information: Changed wire load model for '*SUB_UNS_OP_18_18_18' from '(none)' to 'Small'. (OPT-170)
Information: Changed wire load model for 'DW01_sub_width18' from '(none)' to 'Small'. (OPT-170)
Information: Changed wire load model for '*SUB_UNS_OP_18_18_18' from '(none)' to 'Small'. (OPT-170)
Information: Changed wire load model for 'DW01_sub_width18' from '(none)' to 'Small'. (OPT-170)
Information: Changed wire load model for '*SUB_UNS_OP_18_18_18' from '(none)' to 'Small'. (OPT-170)
Information: Changed wire load model for 'DW01_sub_width18' from '(none)' to 'Small'. (OPT-170)
Information: Changed wire load model for '*SUB_UNS_OP_18_18_18' from '(none)' to 'Small'. (OPT-170)
Information: Changed wire load model for 'DW01_sub_width18' from '(none)' to 'Small'. (OPT-170)
Information: Changed wire load model for '*SUB_UNS_OP_18_18_18' from '(none)' to 'Small'. (OPT-170)
Information: Changed wire load model for 'DW01_sub_width18' from '(none)' to 'Small'. (OPT-170)
Information: Changed wire load model for '*SUB_UNS_OP_18_18_18' from '(none)' to 'Small'. (OPT-170)
Information: Changed wire load model for 'DW01_sub_width18' from '(none)' to 'Small'. (OPT-170)
Information: Changed wire load model for '*SUB_UNS_OP_18_18_18' from '(none)' to 'Small'. (OPT-170)
Information: Changed wire load model for 'DW01_sub_width18' from '(none)' to 'Small'. (OPT-170)
Information: Changed wire load model for '*SUB_UNS_OP_18_18_18' from '(none)' to 'Small'. (OPT-170)
Information: Changed wire load model for 'DW01_sub_width18' from '(none)' to 'Small'. (OPT-170)
Information: Changed wire load model for '*SUB_UNS_OP_18_18_18' from '(none)' to 'Small'. (OPT-170)
Information: Changed wire load model for 'DW01_sub_width18' from '(none)' to 'Small'. (OPT-170)
Information: Changed wire load model for '*SUB_UNS_OP_18_18_18' from '(none)' to 'Small'. (OPT-170)
Information: Changed wire load model for 'DW01_sub_width18' from '(none)' to 'Small'. (OPT-170)
Information: Changed wire load model for '*SUB_UNS_OP_1_18_18' from '(none)' to 'Small'. (OPT-170)
Information: Changed wire load model for 'DW01_sub_width18' from '(none)' to 'Small'. (OPT-170)
Information: Changed wire load model for '*SUB_UNS_OP_18_18_18' from '(none)' to 'Small'. (OPT-170)
Information: Changed wire load model for 'DW01_sub_width18' from '(none)' to 'Small'. (OPT-170)
Information: Changed wire load model for '*SUB_UNS_OP_18_18_18' from '(none)' to 'Small'. (OPT-170)
Information: Changed wire load model for 'DW01_sub_width18' from '(none)' to 'Small'. (OPT-170)
Information: Changed wire load model for '*SUB_UNS_OP_18_18_18' from '(none)' to 'Small'. (OPT-170)
Information: Changed wire load model for 'DW01_sub_width18' from '(none)' to 'Small'. (OPT-170)
Information: Changed wire load model for '*SUB_UNS_OP_18_18_18' from '(none)' to 'Small'. (OPT-170)
Information: Changed wire load model for 'DW01_sub_width18' from '(none)' to 'Small'. (OPT-170)
Information: Changed wire load model for '*SUB_UNS_OP_18_18_18' from '(none)' to 'Small'. (OPT-170)
Information: Changed wire load model for 'DW01_sub_width18' from '(none)' to 'Small'. (OPT-170)
Information: Changed wire load model for '*SUB_UNS_OP_18_18_18' from '(none)' to 'Small'. (OPT-170)
Information: Changed wire load model for 'DW01_cmp2_width19' from '(none)' to 'Small'. (OPT-170)
Information: Changed wire load model for '*GEQ_UNS_OP_19_18_1' from '(none)' to 'Small'. (OPT-170)
Information: Changed wire load model for 'DW01_cmp2_width19' from '(none)' to 'Small'. (OPT-170)
Information: Changed wire load model for '*GEQ_UNS_OP_19_18_1' from '(none)' to 'Small'. (OPT-170)
Information: Changed wire load model for 'DW01_cmp2_width19' from '(none)' to 'Small'. (OPT-170)
Information: Changed wire load model for '*GEQ_UNS_OP_19_18_1' from '(none)' to 'Small'. (OPT-170)
Information: Changed wire load model for 'DW01_cmp2_width19' from '(none)' to 'Small'. (OPT-170)
Information: Changed wire load model for '*GEQ_UNS_OP_19_18_1' from '(none)' to 'Small'. (OPT-170)
Information: Changed wire load model for 'DW01_cmp2_width19' from '(none)' to 'Small'. (OPT-170)
Information: Changed wire load model for '*GEQ_UNS_OP_19_18_1' from '(none)' to 'Small'. (OPT-170)
Information: Changed wire load model for 'DW01_cmp2_width19' from '(none)' to 'Small'. (OPT-170)
Information: Changed wire load model for '*GEQ_UNS_OP_19_18_1' from '(none)' to 'Small'. (OPT-170)
Information: Changed wire load model for 'DW01_cmp2_width19' from '(none)' to 'Small'. (OPT-170)
Information: Changed wire load model for '*GEQ_UNS_OP_19_18_1' from '(none)' to 'Small'. (OPT-170)
Information: Changed wire load model for 'DW01_cmp2_width19' from '(none)' to 'Small'. (OPT-170)
Information: Changed wire load model for '*GEQ_UNS_OP_19_18_1' from '(none)' to 'Small'. (OPT-170)
Information: Changed wire load model for 'DW01_cmp2_width19' from '(none)' to 'Small'. (OPT-170)
Information: Changed wire load model for '*GEQ_UNS_OP_19_18_1' from '(none)' to 'Small'. (OPT-170)
Information: Changed wire load model for 'DW01_cmp2_width19' from '(none)' to 'Small'. (OPT-170)
Information: Changed wire load model for '*GEQ_UNS_OP_19_18_1' from '(none)' to 'Small'. (OPT-170)
Information: Changed wire load model for 'DW01_cmp2_width19' from '(none)' to 'Small'. (OPT-170)
Information: Changed wire load model for '*GEQ_UNS_OP_19_18_1' from '(none)' to 'Small'. (OPT-170)
Information: Changed wire load model for 'DW01_cmp2_width19' from '(none)' to 'Small'. (OPT-170)
Information: Changed wire load model for '*GEQ_UNS_OP_19_18_1' from '(none)' to 'Small'. (OPT-170)
Information: Changed wire load model for 'DW01_cmp2_width19' from '(none)' to 'Small'. (OPT-170)
Information: Changed wire load model for '*GEQ_UNS_OP_19_18_1' from '(none)' to 'Small'. (OPT-170)
Information: Changed wire load model for 'DW01_cmp2_width19' from '(none)' to 'Small'. (OPT-170)
Information: Changed wire load model for '*GEQ_UNS_OP_19_18_1' from '(none)' to 'Small'. (OPT-170)
Information: Changed wire load model for 'DW01_cmp2_width19' from '(none)' to 'Small'. (OPT-170)
Information: Changed wire load model for '*GEQ_UNS_OP_19_18_1' from '(none)' to 'Small'. (OPT-170)
Information: Changed wire load model for 'DW01_cmp2_width19' from '(none)' to 'Small'. (OPT-170)
Information: Changed wire load model for '*GEQ_UNS_OP_19_18_1' from '(none)' to 'Small'. (OPT-170)
Information: Changed wire load model for 'DW01_cmp2_width19' from '(none)' to 'Small'. (OPT-170)
Information: Changed wire load model for '*GEQ_UNS_OP_19_18_1' from '(none)' to 'Small'. (OPT-170)
Information: Changed wire load model for 'DW01_cmp2_width19' from '(none)' to 'Small'. (OPT-170)
Information: Changed wire load model for '*GEQ_UNS_OP_19_18_1' from '(none)' to 'Small'. (OPT-170)
Information: Changed wire load model for 'DW01_cmp2_width19' from '(none)' to 'Small'. (OPT-170)
Information: Changed wire load model for '*GEQ_UNS_OP_19_18_1' from '(none)' to 'Small'. (OPT-170)
Information: Changed wire load model for 'DW01_cmp2_width19' from '(none)' to 'Small'. (OPT-170)
Information: Changed wire load model for '*GEQ_UNS_OP_19_18_1' from '(none)' to 'Small'. (OPT-170)
Information: Changed wire load model for 'DW01_cmp2_width19' from '(none)' to 'Small'. (OPT-170)
Information: Changed wire load model for '*GEQ_UNS_OP_19_18_1' from '(none)' to 'Small'. (OPT-170)
Information: Changed wire load model for 'DW01_cmp2_width19' from '(none)' to 'Small'. (OPT-170)
Information: Changed wire load model for '*GEQ_UNS_OP_19_18_1' from '(none)' to 'Small'. (OPT-170)
Information: Changed wire load model for 'DW01_cmp2_width19' from '(none)' to 'Small'. (OPT-170)
Information: Changed wire load model for '*GEQ_UNS_OP_19_18_1' from '(none)' to 'Small'. (OPT-170)
Information: Changed wire load model for 'DW01_cmp2_width19' from '(none)' to 'Small'. (OPT-170)
Information: Changed wire load model for '*GEQ_UNS_OP_19_18_1' from '(none)' to 'Small'. (OPT-170)
Information: Changed wire load model for 'DW01_sub_width18' from '(none)' to 'Small'. (OPT-170)
Information: Changed wire load model for '*SUB_UNS_OP_18_18_18' from '(none)' to 'Small'. (OPT-170)
Information: Changed wire load model for 'DW01_sub_width18' from '(none)' to 'Small'. (OPT-170)
Information: Changed wire load model for '*SUB_UNS_OP_18_18_18' from '(none)' to 'Small'. (OPT-170)
Information: Changed wire load model for 'DW01_sub_width18' from '(none)' to 'Small'. (OPT-170)
Information: Changed wire load model for '*SUB_UNS_OP_18_18_18' from '(none)' to 'Small'. (OPT-170)
Information: Changed wire load model for 'DW01_sub_width18' from '(none)' to 'Small'. (OPT-170)
Information: Changed wire load model for '*SUB_UNS_OP_18_18_18' from '(none)' to 'Small'. (OPT-170)
Information: Changed wire load model for 'DW01_sub_width18' from '(none)' to 'Small'. (OPT-170)
Information: Changed wire load model for '*SUB_UNS_OP_18_18_18' from '(none)' to 'Small'. (OPT-170)
Information: Changed wire load model for 'DW01_sub_width18' from '(none)' to 'Small'. (OPT-170)
Information: Changed wire load model for '*SUB_UNS_OP_18_18_18' from '(none)' to 'Small'. (OPT-170)
Information: Changed wire load model for 'DW01_sub_width18' from '(none)' to 'Small'. (OPT-170)
Information: Changed wire load model for '*SUB_UNS_OP_18_18_18' from '(none)' to 'Small'. (OPT-170)
Information: Changed wire load model for 'DW01_sub_width18' from '(none)' to 'Small'. (OPT-170)
Information: Changed wire load model for '*SUB_UNS_OP_18_18_18' from '(none)' to 'Small'. (OPT-170)
Information: Changed wire load model for 'DW01_sub_width18' from '(none)' to 'Small'. (OPT-170)
Information: Changed wire load model for '*SUB_UNS_OP_18_18_18' from '(none)' to 'Small'. (OPT-170)
Information: Changed wire load model for 'DW01_sub_width18' from '(none)' to 'Small'. (OPT-170)
Information: Changed wire load model for '*SUB_UNS_OP_18_18_18' from '(none)' to 'Small'. (OPT-170)
Information: Changed wire load model for 'DW01_sub_width18' from '(none)' to 'Small'. (OPT-170)
Information: Changed wire load model for '*SUB_UNS_OP_18_18_18' from '(none)' to 'Small'. (OPT-170)
Information: Changed wire load model for 'DW01_sub_width18' from '(none)' to 'Small'. (OPT-170)
Information: Changed wire load model for '*SUB_UNS_OP_18_18_18' from '(none)' to 'Small'. (OPT-170)
Information: Changed wire load model for 'DW01_sub_width18' from '(none)' to 'Small'. (OPT-170)
Information: Changed wire load model for '*SUB_UNS_OP_18_18_18' from '(none)' to 'Small'. (OPT-170)
Information: Changed wire load model for 'DW01_sub_width18' from '(none)' to 'Small'. (OPT-170)
Information: Changed wire load model for '*SUB_UNS_OP_18_18_18' from '(none)' to 'Small'. (OPT-170)
Information: Changed wire load model for 'DW01_sub_width18' from '(none)' to 'Small'. (OPT-170)
Information: Changed wire load model for '*SUB_UNS_OP_18_18_18' from '(none)' to 'Small'. (OPT-170)
Information: Changed wire load model for 'DW01_sub_width18' from '(none)' to 'Small'. (OPT-170)
Information: Changed wire load model for '*SUB_UNS_OP_18_18_18' from '(none)' to 'Small'. (OPT-170)
Information: Changed wire load model for 'DW01_sub_width18' from '(none)' to 'Small'. (OPT-170)
Information: Changed wire load model for '*SUB_UNS_OP_18_18_18' from '(none)' to 'Small'. (OPT-170)
Information: Changed wire load model for 'DW01_sub_width18' from '(none)' to 'Small'. (OPT-170)
Information: Changed wire load model for '*SUB_UNS_OP_1_18_18' from '(none)' to 'Small'. (OPT-170)
Information: Changed wire load model for 'DW01_sub_width18' from '(none)' to 'Small'. (OPT-170)
Information: Changed wire load model for '*SUB_UNS_OP_18_18_18' from '(none)' to 'Small'. (OPT-170)
Information: Changed wire load model for 'DW01_sub_width18' from '(none)' to 'Small'. (OPT-170)
Information: Changed wire load model for '*SUB_UNS_OP_18_18_18' from '(none)' to 'Small'. (OPT-170)
Information: Changed wire load model for 'DW01_sub_width18' from '(none)' to 'Small'. (OPT-170)
Information: Changed wire load model for '*SUB_UNS_OP_18_18_18' from '(none)' to 'Small'. (OPT-170)
Information: Changed wire load model for 'DW01_sub_width18' from '(none)' to 'Small'. (OPT-170)
Information: Changed wire load model for '*SUB_UNS_OP_18_18_18' from '(none)' to 'Small'. (OPT-170)
Information: Changed wire load model for 'DW01_sub_width18' from '(none)' to 'Small'. (OPT-170)
Information: Changed wire load model for '*SUB_UNS_OP_18_18_18' from '(none)' to 'Small'. (OPT-170)
Information: Changed wire load model for 'DW01_sub_width18' from '(none)' to 'Small'. (OPT-170)
Information: Changed wire load model for '*SUB_UNS_OP_18_18_18' from '(none)' to 'Small'. (OPT-170)
Information: Changed wire load model for 'DW01_cmp2_width19' from '(none)' to 'Small'. (OPT-170)
Information: Changed wire load model for '*GEQ_UNS_OP_19_18_1' from '(none)' to 'Small'. (OPT-170)
Information: Changed wire load model for 'DW01_cmp2_width19' from '(none)' to 'Small'. (OPT-170)
Information: Changed wire load model for '*GEQ_UNS_OP_19_18_1' from '(none)' to 'Small'. (OPT-170)
Information: Changed wire load model for 'DW01_cmp2_width19' from '(none)' to 'Small'. (OPT-170)
Information: Changed wire load model for '*GEQ_UNS_OP_19_18_1' from '(none)' to 'Small'. (OPT-170)
Information: Changed wire load model for 'DW01_cmp2_width19' from '(none)' to 'Small'. (OPT-170)
Information: Changed wire load model for '*GEQ_UNS_OP_19_18_1' from '(none)' to 'Small'. (OPT-170)
Information: Changed wire load model for 'DW01_cmp2_width19' from '(none)' to 'Small'. (OPT-170)
Information: Changed wire load model for '*GEQ_UNS_OP_19_18_1' from '(none)' to 'Small'. (OPT-170)
Information: Changed wire load model for 'DW01_cmp2_width19' from '(none)' to 'Small'. (OPT-170)
Information: Changed wire load model for '*GEQ_UNS_OP_19_18_1' from '(none)' to 'Small'. (OPT-170)
Information: Changed wire load model for 'DW01_cmp2_width19' from '(none)' to 'Small'. (OPT-170)
Information: Changed wire load model for '*GEQ_UNS_OP_19_18_1' from '(none)' to 'Small'. (OPT-170)
Information: Changed wire load model for 'DW01_cmp2_width19' from '(none)' to 'Small'. (OPT-170)
Information: Changed wire load model for '*GEQ_UNS_OP_19_18_1' from '(none)' to 'Small'. (OPT-170)
Information: Changed wire load model for 'DW01_cmp2_width19' from '(none)' to 'Small'. (OPT-170)
Information: Changed wire load model for '*GEQ_UNS_OP_19_18_1' from '(none)' to 'Small'. (OPT-170)
Information: Changed wire load model for 'DW01_cmp2_width19' from '(none)' to 'Small'. (OPT-170)
Information: Changed wire load model for '*GEQ_UNS_OP_19_18_1' from '(none)' to 'Small'. (OPT-170)
Information: Changed wire load model for 'DW01_cmp2_width19' from '(none)' to 'Small'. (OPT-170)
Information: Changed wire load model for '*GEQ_UNS_OP_19_18_1' from '(none)' to 'Small'. (OPT-170)
Information: Changed wire load model for 'DW01_cmp2_width19' from '(none)' to 'Small'. (OPT-170)
Information: Changed wire load model for '*GEQ_UNS_OP_19_18_1' from '(none)' to 'Small'. (OPT-170)
Information: Changed wire load model for 'DW01_cmp2_width19' from '(none)' to 'Small'. (OPT-170)
Information: Changed wire load model for '*GEQ_UNS_OP_19_18_1' from '(none)' to 'Small'. (OPT-170)
Information: Changed wire load model for 'DW01_cmp2_width19' from '(none)' to 'Small'. (OPT-170)
Information: Changed wire load model for '*GEQ_UNS_OP_19_18_1' from '(none)' to 'Small'. (OPT-170)
Information: Changed wire load model for 'DW01_cmp2_width19' from '(none)' to 'Small'. (OPT-170)
Information: Changed wire load model for '*GEQ_UNS_OP_19_18_1' from '(none)' to 'Small'. (OPT-170)
Information: Changed wire load model for 'DW01_cmp2_width19' from '(none)' to 'Small'. (OPT-170)
Information: Changed wire load model for '*GEQ_UNS_OP_19_18_1' from '(none)' to 'Small'. (OPT-170)
Information: Changed wire load model for 'DW01_cmp2_width19' from '(none)' to 'Small'. (OPT-170)
Information: Changed wire load model for '*GEQ_UNS_OP_19_18_1' from '(none)' to 'Small'. (OPT-170)
Information: Changed wire load model for 'DW01_cmp2_width19' from '(none)' to 'Small'. (OPT-170)
Information: Changed wire load model for '*GEQ_UNS_OP_19_18_1' from '(none)' to 'Small'. (OPT-170)
Information: Changed wire load model for 'DW01_cmp2_width19' from '(none)' to 'Small'. (OPT-170)
Information: Changed wire load model for '*GEQ_UNS_OP_19_18_1' from '(none)' to 'Small'. (OPT-170)
Information: Changed wire load model for 'DW01_cmp2_width19' from '(none)' to 'Small'. (OPT-170)
Information: Changed wire load model for '*GEQ_UNS_OP_19_18_1' from '(none)' to 'Small'. (OPT-170)
Information: Changed wire load model for 'DW01_cmp2_width19' from '(none)' to 'Small'. (OPT-170)
Information: Changed wire load model for '*GEQ_UNS_OP_19_18_1' from '(none)' to 'Small'. (OPT-170)
Information: Changed wire load model for 'DW01_cmp2_width19' from '(none)' to 'Small'. (OPT-170)
Information: Changed wire load model for '*GEQ_UNS_OP_19_18_1' from '(none)' to 'Small'. (OPT-170)
Information: Changed wire load model for 'DW01_cmp2_width19' from '(none)' to 'Small'. (OPT-170)
Information: Changed wire load model for '*GEQ_UNS_OP_19_18_1' from '(none)' to 'Small'. (OPT-170)
Information: Changed wire load model for 'DW01_cmp2_width19' from '(none)' to 'Small'. (OPT-170)
Information: Changed wire load model for '*GEQ_UNS_OP_19_18_1' from '(none)' to 'Small'. (OPT-170)
Information: Changed wire load model for 'DW01_sub_width18' from '(none)' to 'Small'. (OPT-170)
Information: Changed wire load model for '*SUB_UNS_OP_18_18_18' from '(none)' to 'Small'. (OPT-170)
Information: Changed wire load model for 'DW01_sub_width18' from '(none)' to 'Small'. (OPT-170)
Information: Changed wire load model for '*SUB_UNS_OP_18_18_18' from '(none)' to 'Small'. (OPT-170)
Information: Changed wire load model for 'DW01_sub_width18' from '(none)' to 'Small'. (OPT-170)
Information: Changed wire load model for '*SUB_UNS_OP_18_18_18' from '(none)' to 'Small'. (OPT-170)
Information: Changed wire load model for 'DW01_sub_width18' from '(none)' to 'Small'. (OPT-170)
Information: Changed wire load model for '*SUB_UNS_OP_18_18_18' from '(none)' to 'Small'. (OPT-170)
Information: Changed wire load model for 'DW01_sub_width18' from '(none)' to 'Small'. (OPT-170)
Information: Changed wire load model for '*SUB_UNS_OP_18_18_18' from '(none)' to 'Small'. (OPT-170)
Information: Changed wire load model for 'DW01_sub_width18' from '(none)' to 'Small'. (OPT-170)
Information: Changed wire load model for '*SUB_UNS_OP_18_18_18' from '(none)' to 'Small'. (OPT-170)
Information: Changed wire load model for 'DW01_sub_width18' from '(none)' to 'Small'. (OPT-170)
Information: Changed wire load model for '*SUB_UNS_OP_18_18_18' from '(none)' to 'Small'. (OPT-170)
Information: Changed wire load model for 'DW01_sub_width18' from '(none)' to 'Small'. (OPT-170)
Information: Changed wire load model for '*SUB_UNS_OP_18_18_18' from '(none)' to 'Small'. (OPT-170)
Information: Changed wire load model for 'DW01_sub_width18' from '(none)' to 'Small'. (OPT-170)
Information: Changed wire load model for '*SUB_UNS_OP_18_18_18' from '(none)' to 'Small'. (OPT-170)
Information: Changed wire load model for 'DW01_sub_width18' from '(none)' to 'Small'. (OPT-170)
Information: Changed wire load model for '*SUB_UNS_OP_18_18_18' from '(none)' to 'Small'. (OPT-170)
Information: Changed wire load model for 'DW01_sub_width18' from '(none)' to 'Small'. (OPT-170)
Information: Changed wire load model for '*SUB_UNS_OP_18_18_18' from '(none)' to 'Small'. (OPT-170)
Information: Changed wire load model for 'DW01_sub_width18' from '(none)' to 'Small'. (OPT-170)
Information: Changed wire load model for '*SUB_UNS_OP_18_18_18' from '(none)' to 'Small'. (OPT-170)
Information: Changed wire load model for 'DW01_sub_width18' from '(none)' to 'Small'. (OPT-170)
Information: Changed wire load model for '*SUB_UNS_OP_18_18_18' from '(none)' to 'Small'. (OPT-170)
Information: Changed wire load model for 'DW01_sub_width18' from '(none)' to 'Small'. (OPT-170)
Information: Changed wire load model for '*SUB_UNS_OP_18_18_18' from '(none)' to 'Small'. (OPT-170)
Information: Changed wire load model for 'DW01_sub_width18' from '(none)' to 'Small'. (OPT-170)
Information: Changed wire load model for '*SUB_UNS_OP_18_18_18' from '(none)' to 'Small'. (OPT-170)
Information: Changed wire load model for 'DW01_sub_width18' from '(none)' to 'Small'. (OPT-170)
Information: Changed wire load model for '*SUB_UNS_OP_18_18_18' from '(none)' to 'Small'. (OPT-170)
Information: Changed wire load model for 'DW01_sub_width18' from '(none)' to 'Small'. (OPT-170)
Information: Changed wire load model for '*SUB_UNS_OP_18_18_18' from '(none)' to 'Small'. (OPT-170)
Information: Changed wire load model for 'DW01_sub_width18' from '(none)' to 'Small'. (OPT-170)
Information: Changed wire load model for '*SUB_UNS_OP_1_18_18' from '(none)' to 'Small'. (OPT-170)
Information: Changed wire load model for 'DW01_sub_width18' from '(none)' to 'Small'. (OPT-170)
Information: Changed wire load model for '*SUB_UNS_OP_18_18_18' from '(none)' to 'Small'. (OPT-170)
Information: Changed wire load model for 'DW01_sub_width18' from '(none)' to 'Small'. (OPT-170)
Information: Changed wire load model for '*SUB_UNS_OP_18_18_18' from '(none)' to 'Small'. (OPT-170)
Information: Changed wire load model for 'DW01_sub_width18' from '(none)' to 'Small'. (OPT-170)
Information: Changed wire load model for '*SUB_UNS_OP_18_18_18' from '(none)' to 'Small'. (OPT-170)
Information: Changed wire load model for 'DW01_sub_width18' from '(none)' to 'Small'. (OPT-170)
Information: Changed wire load model for '*SUB_UNS_OP_18_18_18' from '(none)' to 'Small'. (OPT-170)
Information: Changed wire load model for 'DW01_sub_width18' from '(none)' to 'Small'. (OPT-170)
Information: Changed wire load model for '*SUB_UNS_OP_18_18_18' from '(none)' to 'Small'. (OPT-170)
Information: Changed wire load model for 'DW01_sub_width18' from '(none)' to 'Small'. (OPT-170)
Information: Changed wire load model for '*SUB_UNS_OP_18_18_18' from '(none)' to 'Small'. (OPT-170)
Information: Changed wire load model for 'DW01_cmp2_width19' from '(none)' to 'Small'. (OPT-170)
Information: Changed wire load model for '*GEQ_UNS_OP_19_18_1' from '(none)' to 'Small'. (OPT-170)
Information: Changed wire load model for 'DW01_cmp2_width19' from '(none)' to 'Small'. (OPT-170)
Information: Changed wire load model for '*GEQ_UNS_OP_19_18_1' from '(none)' to 'Small'. (OPT-170)
Information: Changed wire load model for 'DW01_cmp2_width19' from '(none)' to 'Small'. (OPT-170)
Information: Changed wire load model for '*GEQ_UNS_OP_19_18_1' from '(none)' to 'Small'. (OPT-170)
Information: Changed wire load model for 'DW01_cmp2_width19' from '(none)' to 'Small'. (OPT-170)
Information: Changed wire load model for '*GEQ_UNS_OP_19_18_1' from '(none)' to 'Small'. (OPT-170)
Information: Changed wire load model for 'DW01_cmp2_width19' from '(none)' to 'Small'. (OPT-170)
Information: Changed wire load model for '*GEQ_UNS_OP_19_18_1' from '(none)' to 'Small'. (OPT-170)
Information: Changed wire load model for 'DW01_cmp2_width19' from '(none)' to 'Small'. (OPT-170)
Information: Changed wire load model for '*GEQ_UNS_OP_19_18_1' from '(none)' to 'Small'. (OPT-170)
Information: Changed wire load model for 'DW01_cmp2_width19' from '(none)' to 'Small'. (OPT-170)
Information: Changed wire load model for '*GEQ_UNS_OP_19_18_1' from '(none)' to 'Small'. (OPT-170)
Information: Changed wire load model for 'DW01_cmp2_width19' from '(none)' to 'Small'. (OPT-170)
Information: Changed wire load model for '*GEQ_UNS_OP_19_18_1' from '(none)' to 'Small'. (OPT-170)
Information: Changed wire load model for 'DW01_cmp2_width19' from '(none)' to 'Small'. (OPT-170)
Information: Changed wire load model for '*GEQ_UNS_OP_19_18_1' from '(none)' to 'Small'. (OPT-170)
Information: Changed wire load model for 'DW01_cmp2_width19' from '(none)' to 'Small'. (OPT-170)
Information: Changed wire load model for '*GEQ_UNS_OP_19_18_1' from '(none)' to 'Small'. (OPT-170)
Information: Changed wire load model for 'DW01_cmp2_width19' from '(none)' to 'Small'. (OPT-170)
Information: Changed wire load model for '*GEQ_UNS_OP_19_18_1' from '(none)' to 'Small'. (OPT-170)
Information: Changed wire load model for 'DW01_cmp2_width19' from '(none)' to 'Small'. (OPT-170)
Information: Changed wire load model for '*GEQ_UNS_OP_19_18_1' from '(none)' to 'Small'. (OPT-170)
Information: Changed wire load model for 'DW01_cmp2_width19' from '(none)' to 'Small'. (OPT-170)
Information: Changed wire load model for '*GEQ_UNS_OP_19_18_1' from '(none)' to 'Small'. (OPT-170)
Information: Changed wire load model for 'DW01_cmp2_width19' from '(none)' to 'Small'. (OPT-170)
Information: Changed wire load model for '*GEQ_UNS_OP_19_18_1' from '(none)' to 'Small'. (OPT-170)
Information: Changed wire load model for 'DW01_cmp2_width19' from '(none)' to 'Small'. (OPT-170)
Information: Changed wire load model for '*GEQ_UNS_OP_19_18_1' from '(none)' to 'Small'. (OPT-170)
Information: Changed wire load model for 'DW01_cmp2_width19' from '(none)' to 'Small'. (OPT-170)
Information: Changed wire load model for '*GEQ_UNS_OP_19_18_1' from '(none)' to 'Small'. (OPT-170)
Information: Changed wire load model for 'DW01_cmp2_width19' from '(none)' to 'Small'. (OPT-170)
Information: Changed wire load model for '*GEQ_UNS_OP_19_18_1' from '(none)' to 'Small'. (OPT-170)
Information: Changed wire load model for 'DW01_cmp2_width19' from '(none)' to 'Small'. (OPT-170)
Information: Changed wire load model for '*GEQ_UNS_OP_19_18_1' from '(none)' to 'Small'. (OPT-170)
Information: Changed wire load model for 'DW01_cmp2_width19' from '(none)' to 'Small'. (OPT-170)
Information: Changed wire load model for '*GEQ_UNS_OP_19_18_1' from '(none)' to 'Small'. (OPT-170)
Information: Changed wire load model for 'DW01_cmp2_width19' from '(none)' to 'Small'. (OPT-170)
Information: Changed wire load model for '*GEQ_UNS_OP_19_18_1' from '(none)' to 'Small'. (OPT-170)
Information: Changed wire load model for 'DW01_cmp2_width19' from '(none)' to 'Small'. (OPT-170)
Information: Changed wire load model for '*GEQ_UNS_OP_19_18_1' from '(none)' to 'Small'. (OPT-170)
Information: Changed wire load model for 'DW01_cmp2_width19' from '(none)' to 'Small'. (OPT-170)
Information: Changed wire load model for '*GEQ_UNS_OP_19_18_1' from '(none)' to 'Small'. (OPT-170)
Information: Changed wire load model for 'DW01_cmp2_width19' from '(none)' to 'Small'. (OPT-170)
Information: Changed wire load model for '*GEQ_UNS_OP_19_18_1' from '(none)' to 'Small'. (OPT-170)
Information: Changed wire load model for 'DW01_cmp2_width19' from '(none)' to 'Small'. (OPT-170)
Information: Changed wire load model for '*GEQ_UNS_OP_19_18_1' from '(none)' to 'Small'. (OPT-170)
Information: Changed wire load model for 'DW01_sub_width18' from '(none)' to 'Small'. (OPT-170)
Information: Changed wire load model for '*SUB_UNS_OP_18_18_18' from '(none)' to 'Small'. (OPT-170)
Information: Changed wire load model for 'DW01_sub_width18' from '(none)' to 'Small'. (OPT-170)
Information: Changed wire load model for '*SUB_UNS_OP_18_18_18' from '(none)' to 'Small'. (OPT-170)
Information: Changed wire load model for 'DW01_sub_width18' from '(none)' to 'Small'. (OPT-170)
Information: Changed wire load model for '*SUB_UNS_OP_18_18_18' from '(none)' to 'Small'. (OPT-170)
Information: Changed wire load model for 'DW01_sub_width18' from '(none)' to 'Small'. (OPT-170)
Information: Changed wire load model for '*SUB_UNS_OP_18_18_18' from '(none)' to 'Small'. (OPT-170)
Information: Changed wire load model for 'DW01_sub_width18' from '(none)' to 'Small'. (OPT-170)
Information: Changed wire load model for '*SUB_UNS_OP_18_18_18' from '(none)' to 'Small'. (OPT-170)
Information: Changed wire load model for 'DW01_sub_width18' from '(none)' to 'Small'. (OPT-170)
Information: Changed wire load model for '*SUB_UNS_OP_18_18_18' from '(none)' to 'Small'. (OPT-170)
Information: Changed wire load model for 'DW01_sub_width18' from '(none)' to 'Small'. (OPT-170)
Information: Changed wire load model for '*SUB_UNS_OP_18_18_18' from '(none)' to 'Small'. (OPT-170)
Information: Changed wire load model for 'DW01_sub_width18' from '(none)' to 'Small'. (OPT-170)
Information: Changed wire load model for '*SUB_UNS_OP_18_18_18' from '(none)' to 'Small'. (OPT-170)
Information: Changed wire load model for 'DW01_sub_width18' from '(none)' to 'Small'. (OPT-170)
Information: Changed wire load model for '*SUB_UNS_OP_18_18_18' from '(none)' to 'Small'. (OPT-170)
Information: Changed wire load model for 'DW01_sub_width18' from '(none)' to 'Small'. (OPT-170)
Information: Changed wire load model for '*SUB_UNS_OP_18_18_18' from '(none)' to 'Small'. (OPT-170)
Information: Changed wire load model for 'DW01_sub_width18' from '(none)' to 'Small'. (OPT-170)
Information: Changed wire load model for '*SUB_UNS_OP_18_18_18' from '(none)' to 'Small'. (OPT-170)
Information: Changed wire load model for 'DW01_sub_width18' from '(none)' to 'Small'. (OPT-170)
Information: Changed wire load model for '*SUB_UNS_OP_18_18_18' from '(none)' to 'Small'. (OPT-170)
Information: Changed wire load model for 'DW01_sub_width18' from '(none)' to 'Small'. (OPT-170)
Information: Changed wire load model for '*SUB_UNS_OP_18_18_18' from '(none)' to 'Small'. (OPT-170)
Information: Changed wire load model for 'DW01_sub_width18' from '(none)' to 'Small'. (OPT-170)
Information: Changed wire load model for '*SUB_UNS_OP_18_18_18' from '(none)' to 'Small'. (OPT-170)
Information: Changed wire load model for 'DW01_sub_width18' from '(none)' to 'Small'. (OPT-170)
Information: Changed wire load model for '*SUB_UNS_OP_18_18_18' from '(none)' to 'Small'. (OPT-170)
Information: Changed wire load model for 'DW01_sub_width18' from '(none)' to 'Small'. (OPT-170)
Information: Changed wire load model for '*SUB_UNS_OP_18_18_18' from '(none)' to 'Small'. (OPT-170)
Information: Changed wire load model for 'DW01_sub_width18' from '(none)' to 'Small'. (OPT-170)
Information: Changed wire load model for '*SUB_UNS_OP_18_18_18' from '(none)' to 'Small'. (OPT-170)
Information: Changed wire load model for 'DW01_sub_width18' from '(none)' to 'Small'. (OPT-170)
Information: Changed wire load model for '*SUB_UNS_OP_1_18_18' from '(none)' to 'Small'. (OPT-170)
Information: Changed wire load model for 'DW01_sub_width18' from '(none)' to 'Small'. (OPT-170)
Information: Changed wire load model for '*SUB_UNS_OP_18_18_18' from '(none)' to 'Small'. (OPT-170)
Information: Changed wire load model for 'DW01_sub_width18' from '(none)' to 'Small'. (OPT-170)
Information: Changed wire load model for '*SUB_UNS_OP_18_18_18' from '(none)' to 'Small'. (OPT-170)
Information: Changed wire load model for 'DW01_sub_width18' from '(none)' to 'Small'. (OPT-170)
Information: Changed wire load model for '*SUB_UNS_OP_18_18_18' from '(none)' to 'Small'. (OPT-170)
Information: Changed wire load model for 'DW01_sub_width18' from '(none)' to 'Small'. (OPT-170)
Information: Changed wire load model for '*SUB_UNS_OP_18_18_18' from '(none)' to 'Small'. (OPT-170)
Information: Changed wire load model for 'DW01_sub_width18' from '(none)' to 'Small'. (OPT-170)
Information: Changed wire load model for '*SUB_UNS_OP_18_18_18' from '(none)' to 'Small'. (OPT-170)
Information: Changed wire load model for 'DW01_sub_width18' from '(none)' to 'Small'. (OPT-170)
Information: Changed wire load model for '*SUB_UNS_OP_18_18_18' from '(none)' to 'Small'. (OPT-170)
Information: Changed wire load model for 'DW01_cmp2_width19' from '(none)' to 'Small'. (OPT-170)
Information: Changed wire load model for '*GEQ_UNS_OP_19_18_1' from '(none)' to 'Small'. (OPT-170)
Information: Changed wire load model for 'DW01_cmp2_width19' from '(none)' to 'Small'. (OPT-170)
Information: Changed wire load model for '*GEQ_UNS_OP_19_18_1' from '(none)' to 'Small'. (OPT-170)
Information: Changed wire load model for 'DW01_cmp2_width19' from '(none)' to 'Small'. (OPT-170)
Information: Changed wire load model for '*GEQ_UNS_OP_19_18_1' from '(none)' to 'Small'. (OPT-170)
Information: Changed wire load model for 'DW01_cmp2_width19' from '(none)' to 'Small'. (OPT-170)
Information: Changed wire load model for '*GEQ_UNS_OP_19_18_1' from '(none)' to 'Small'. (OPT-170)
Information: Changed wire load model for 'DW01_cmp2_width19' from '(none)' to 'Small'. (OPT-170)
Information: Changed wire load model for '*GEQ_UNS_OP_19_18_1' from '(none)' to 'Small'. (OPT-170)
Information: Changed wire load model for 'DW01_cmp2_width19' from '(none)' to 'Small'. (OPT-170)
Information: Changed wire load model for '*GEQ_UNS_OP_19_18_1' from '(none)' to 'Small'. (OPT-170)
Information: Changed wire load model for 'DW01_cmp2_width19' from '(none)' to 'Small'. (OPT-170)
Information: Changed wire load model for '*GEQ_UNS_OP_19_18_1' from '(none)' to 'Small'. (OPT-170)
Information: Changed wire load model for 'DW01_cmp2_width19' from '(none)' to 'Small'. (OPT-170)
Information: Changed wire load model for '*GEQ_UNS_OP_19_18_1' from '(none)' to 'Small'. (OPT-170)
Information: Changed wire load model for 'DW01_cmp2_width19' from '(none)' to 'Small'. (OPT-170)
Information: Changed wire load model for '*GEQ_UNS_OP_19_18_1' from '(none)' to 'Small'. (OPT-170)
Information: Changed wire load model for 'DW01_cmp2_width19' from '(none)' to 'Small'. (OPT-170)
Information: Changed wire load model for '*GEQ_UNS_OP_19_18_1' from '(none)' to 'Small'. (OPT-170)
Information: Changed wire load model for 'DW01_cmp2_width19' from '(none)' to 'Small'. (OPT-170)
Information: Changed wire load model for '*GEQ_UNS_OP_19_18_1' from '(none)' to 'Small'. (OPT-170)
Information: Changed wire load model for 'DW01_cmp2_width19' from '(none)' to 'Small'. (OPT-170)
Information: Changed wire load model for '*GEQ_UNS_OP_19_18_1' from '(none)' to 'Small'. (OPT-170)
Information: Changed wire load model for 'DW01_cmp2_width19' from '(none)' to 'Small'. (OPT-170)
Information: Changed wire load model for '*GEQ_UNS_OP_19_18_1' from '(none)' to 'Small'. (OPT-170)
Information: Changed wire load model for 'DW01_cmp2_width19' from '(none)' to 'Small'. (OPT-170)
Information: Changed wire load model for '*GEQ_UNS_OP_19_18_1' from '(none)' to 'Small'. (OPT-170)
Information: Changed wire load model for 'DW01_cmp2_width19' from '(none)' to 'Small'. (OPT-170)
Information: Changed wire load model for '*GEQ_UNS_OP_19_18_1' from '(none)' to 'Small'. (OPT-170)
Information: Changed wire load model for 'DW01_cmp2_width19' from '(none)' to 'Small'. (OPT-170)
Information: Changed wire load model for '*GEQ_UNS_OP_19_18_1' from '(none)' to 'Small'. (OPT-170)
Information: Changed wire load model for 'DW01_cmp2_width19' from '(none)' to 'Small'. (OPT-170)
Information: Changed wire load model for '*GEQ_UNS_OP_19_18_1' from '(none)' to 'Small'. (OPT-170)
Information: Changed wire load model for 'DW01_cmp2_width19' from '(none)' to 'Small'. (OPT-170)
Information: Changed wire load model for '*GEQ_UNS_OP_19_18_1' from '(none)' to 'Small'. (OPT-170)
Information: Changed wire load model for 'DW01_cmp2_width19' from '(none)' to 'Small'. (OPT-170)
Information: Changed wire load model for '*GEQ_UNS_OP_19_18_1' from '(none)' to 'Small'. (OPT-170)
Information: Changed wire load model for 'DW01_cmp2_width19' from '(none)' to 'Small'. (OPT-170)
Information: Changed wire load model for '*GEQ_UNS_OP_19_18_1' from '(none)' to 'Small'. (OPT-170)
Information: Changed wire load model for 'DW01_cmp2_width19' from '(none)' to 'Small'. (OPT-170)
Information: Changed wire load model for '*GEQ_UNS_OP_19_18_1' from '(none)' to 'Small'. (OPT-170)
Information: Changed wire load model for 'DW01_cmp2_width19' from '(none)' to 'Small'. (OPT-170)
Information: Changed wire load model for '*GEQ_UNS_OP_19_18_1' from '(none)' to 'Small'. (OPT-170)
Information: Changed wire load model for 'DW01_cmp2_width19' from '(none)' to 'Small'. (OPT-170)
Information: Changed wire load model for '*GEQ_UNS_OP_19_18_1' from '(none)' to 'Small'. (OPT-170)
Information: Changed wire load model for 'DW01_cmp2_width19' from '(none)' to 'Small'. (OPT-170)
Information: Changed wire load model for '*GEQ_UNS_OP_19_18_1' from '(none)' to 'Small'. (OPT-170)
Information: Changed wire load model for 'DW01_sub_width18' from '(none)' to 'Small'. (OPT-170)
Information: Changed wire load model for '*SUB_UNS_OP_18_18_18' from '(none)' to 'Small'. (OPT-170)
Information: Changed wire load model for 'DW01_sub_width18' from '(none)' to 'Small'. (OPT-170)
Information: Changed wire load model for '*SUB_UNS_OP_18_18_18' from '(none)' to 'Small'. (OPT-170)
Information: Changed wire load model for 'DW01_sub_width18' from '(none)' to 'Small'. (OPT-170)
Information: Changed wire load model for '*SUB_UNS_OP_18_18_18' from '(none)' to 'Small'. (OPT-170)
Information: Changed wire load model for 'DW01_sub_width18' from '(none)' to 'Small'. (OPT-170)
Information: Changed wire load model for '*SUB_UNS_OP_18_18_18' from '(none)' to 'Small'. (OPT-170)
Information: Changed wire load model for 'DW01_sub_width18' from '(none)' to 'Small'. (OPT-170)
Information: Changed wire load model for '*SUB_UNS_OP_18_18_18' from '(none)' to 'Small'. (OPT-170)
Information: Changed wire load model for 'DW01_sub_width18' from '(none)' to 'Small'. (OPT-170)
Information: Changed wire load model for '*SUB_UNS_OP_18_18_18' from '(none)' to 'Small'. (OPT-170)
Information: Changed wire load model for 'DW01_sub_width18' from '(none)' to 'Small'. (OPT-170)
Information: Changed wire load model for '*SUB_UNS_OP_18_18_18' from '(none)' to 'Small'. (OPT-170)
Information: Changed wire load model for 'DW01_sub_width18' from '(none)' to 'Small'. (OPT-170)
Information: Changed wire load model for '*SUB_UNS_OP_18_18_18' from '(none)' to 'Small'. (OPT-170)
Information: Changed wire load model for 'DW01_sub_width18' from '(none)' to 'Small'. (OPT-170)
Information: Changed wire load model for '*SUB_UNS_OP_18_18_18' from '(none)' to 'Small'. (OPT-170)
Information: Changed wire load model for 'DW01_sub_width18' from '(none)' to 'Small'. (OPT-170)
Information: Changed wire load model for '*SUB_UNS_OP_18_18_18' from '(none)' to 'Small'. (OPT-170)
Information: Changed wire load model for 'DW01_sub_width18' from '(none)' to 'Small'. (OPT-170)
Information: Changed wire load model for '*SUB_UNS_OP_18_18_18' from '(none)' to 'Small'. (OPT-170)
Information: Changed wire load model for 'DW01_sub_width18' from '(none)' to 'Small'. (OPT-170)
Information: Changed wire load model for '*SUB_UNS_OP_18_18_18' from '(none)' to 'Small'. (OPT-170)
Information: Changed wire load model for 'DW01_sub_width18' from '(none)' to 'Small'. (OPT-170)
Information: Changed wire load model for '*SUB_UNS_OP_18_18_18' from '(none)' to 'Small'. (OPT-170)
Information: Changed wire load model for 'DW01_sub_width18' from '(none)' to 'Small'. (OPT-170)
Information: Changed wire load model for '*SUB_UNS_OP_18_18_18' from '(none)' to 'Small'. (OPT-170)
Information: Changed wire load model for 'DW01_sub_width18' from '(none)' to 'Small'. (OPT-170)
Information: Changed wire load model for '*SUB_UNS_OP_18_18_18' from '(none)' to 'Small'. (OPT-170)
Information: Changed wire load model for 'DW01_sub_width18' from '(none)' to 'Small'. (OPT-170)
Information: Changed wire load model for '*SUB_UNS_OP_18_18_18' from '(none)' to 'Small'. (OPT-170)
Information: Changed wire load model for 'DW01_sub_width18' from '(none)' to 'Small'. (OPT-170)
Information: Changed wire load model for '*SUB_UNS_OP_18_18_18' from '(none)' to 'Small'. (OPT-170)
Information: Changed wire load model for 'DW01_sub_width18' from '(none)' to 'Small'. (OPT-170)
Information: Changed wire load model for '*SUB_UNS_OP_1_18_18' from '(none)' to 'Small'. (OPT-170)
Information: Changed wire load model for 'DW01_sub_width18' from '(none)' to 'Small'. (OPT-170)
Information: Changed wire load model for '*SUB_UNS_OP_18_18_18' from '(none)' to 'Small'. (OPT-170)
Information: Changed wire load model for 'DW01_sub_width18' from '(none)' to 'Small'. (OPT-170)
Information: Changed wire load model for '*SUB_UNS_OP_18_18_18' from '(none)' to 'Small'. (OPT-170)
Information: Changed wire load model for 'DW01_sub_width18' from '(none)' to 'Small'. (OPT-170)
Information: Changed wire load model for '*SUB_UNS_OP_18_18_18' from '(none)' to 'Small'. (OPT-170)
Information: Changed wire load model for 'DW01_sub_width18' from '(none)' to 'Small'. (OPT-170)
Information: Changed wire load model for '*SUB_UNS_OP_18_18_18' from '(none)' to 'Small'. (OPT-170)
Information: Changed wire load model for 'DW01_sub_width18' from '(none)' to 'Small'. (OPT-170)
Information: Changed wire load model for '*SUB_UNS_OP_18_18_18' from '(none)' to 'Small'. (OPT-170)
Information: Changed wire load model for 'DW01_sub_width18' from '(none)' to 'Small'. (OPT-170)
Information: Changed wire load model for '*SUB_UNS_OP_18_18_18' from '(none)' to 'Small'. (OPT-170)
Information: Changed wire load model for 'DW01_cmp2_width19' from '(none)' to 'Small'. (OPT-170)
Information: Changed wire load model for '*GEQ_UNS_OP_19_18_1' from '(none)' to 'Small'. (OPT-170)
Information: Changed wire load model for 'DW01_cmp2_width19' from '(none)' to 'Small'. (OPT-170)
Information: Changed wire load model for '*GEQ_UNS_OP_19_18_1' from '(none)' to 'Small'. (OPT-170)
Information: Changed wire load model for 'DW01_cmp2_width19' from '(none)' to 'Small'. (OPT-170)
Information: Changed wire load model for '*GEQ_UNS_OP_19_18_1' from '(none)' to 'Small'. (OPT-170)
Information: Changed wire load model for 'DW01_cmp2_width19' from '(none)' to 'Small'. (OPT-170)
Information: Changed wire load model for '*GEQ_UNS_OP_19_18_1' from '(none)' to 'Small'. (OPT-170)
Information: Changed wire load model for 'DW01_cmp2_width19' from '(none)' to 'Small'. (OPT-170)
Information: Changed wire load model for '*GEQ_UNS_OP_19_18_1' from '(none)' to 'Small'. (OPT-170)
Information: Changed wire load model for 'DW01_cmp2_width19' from '(none)' to 'Small'. (OPT-170)
Information: Changed wire load model for '*GEQ_UNS_OP_19_18_1' from '(none)' to 'Small'. (OPT-170)
Information: Changed wire load model for 'DW01_cmp2_width19' from '(none)' to 'Small'. (OPT-170)
Information: Changed wire load model for '*GEQ_UNS_OP_19_18_1' from '(none)' to 'Small'. (OPT-170)
Information: Changed wire load model for 'DW01_cmp2_width19' from '(none)' to 'Small'. (OPT-170)
Information: Changed wire load model for '*GEQ_UNS_OP_19_18_1' from '(none)' to 'Small'. (OPT-170)
Information: Changed wire load model for 'DW01_cmp2_width19' from '(none)' to 'Small'. (OPT-170)
Information: Changed wire load model for '*GEQ_UNS_OP_19_18_1' from '(none)' to 'Small'. (OPT-170)
Information: Changed wire load model for 'DW01_cmp2_width19' from '(none)' to 'Small'. (OPT-170)
Information: Changed wire load model for '*GEQ_UNS_OP_19_18_1' from '(none)' to 'Small'. (OPT-170)
Information: Changed wire load model for 'DW01_cmp2_width19' from '(none)' to 'Small'. (OPT-170)
Information: Changed wire load model for '*GEQ_UNS_OP_19_18_1' from '(none)' to 'Small'. (OPT-170)
Information: Changed wire load model for 'DW01_cmp2_width19' from '(none)' to 'Small'. (OPT-170)
Information: Changed wire load model for '*GEQ_UNS_OP_19_18_1' from '(none)' to 'Small'. (OPT-170)
Information: Changed wire load model for 'DW01_cmp2_width19' from '(none)' to 'Small'. (OPT-170)
Information: Changed wire load model for '*GEQ_UNS_OP_19_18_1' from '(none)' to 'Small'. (OPT-170)
Information: Changed wire load model for 'DW01_cmp2_width19' from '(none)' to 'Small'. (OPT-170)
Information: Changed wire load model for '*GEQ_UNS_OP_19_18_1' from '(none)' to 'Small'. (OPT-170)
Information: Changed wire load model for 'DW01_cmp2_width19' from '(none)' to 'Small'. (OPT-170)
Information: Changed wire load model for '*GEQ_UNS_OP_19_18_1' from '(none)' to 'Small'. (OPT-170)
Information: Changed wire load model for 'DW01_cmp2_width19' from '(none)' to 'Small'. (OPT-170)
Information: Changed wire load model for '*GEQ_UNS_OP_19_18_1' from '(none)' to 'Small'. (OPT-170)
Information: Changed wire load model for 'DW01_cmp2_width19' from '(none)' to 'Small'. (OPT-170)
Information: Changed wire load model for '*GEQ_UNS_OP_19_18_1' from '(none)' to 'Small'. (OPT-170)
Information: Changed wire load model for 'DW01_cmp2_width19' from '(none)' to 'Small'. (OPT-170)
Information: Changed wire load model for '*GEQ_UNS_OP_19_18_1' from '(none)' to 'Small'. (OPT-170)
Information: Changed wire load model for 'DW01_cmp2_width19' from '(none)' to 'Small'. (OPT-170)
Information: Changed wire load model for '*GEQ_UNS_OP_19_18_1' from '(none)' to 'Small'. (OPT-170)
Information: Changed wire load model for 'DW01_cmp2_width19' from '(none)' to 'Small'. (OPT-170)
Information: Changed wire load model for '*GEQ_UNS_OP_19_18_1' from '(none)' to 'Small'. (OPT-170)
Information: Changed wire load model for 'DW01_cmp2_width19' from '(none)' to 'Small'. (OPT-170)
Information: Changed wire load model for '*GEQ_UNS_OP_19_18_1' from '(none)' to 'Small'. (OPT-170)
Information: Changed wire load model for 'DW01_cmp2_width19' from '(none)' to 'Small'. (OPT-170)
Information: Changed wire load model for '*GEQ_UNS_OP_19_18_1' from '(none)' to 'Small'. (OPT-170)
Information: Changed wire load model for 'DW01_cmp2_width19' from '(none)' to 'Small'. (OPT-170)
Information: Changed wire load model for '*GEQ_UNS_OP_19_18_1' from '(none)' to 'Small'. (OPT-170)
Information: Changed wire load model for 'DW01_cmp2_width19' from '(none)' to 'Small'. (OPT-170)
Information: Changed wire load model for '*GEQ_UNS_OP_19_18_1' from '(none)' to 'Small'. (OPT-170)
Information: Changed wire load model for 'DW01_sub_width18' from '(none)' to 'Small'. (OPT-170)
Information: Changed wire load model for '*SUB_UNS_OP_18_18_18' from '(none)' to 'Small'. (OPT-170)
Information: Changed wire load model for 'DW01_sub_width18' from '(none)' to 'Small'. (OPT-170)
Information: Changed wire load model for '*SUB_UNS_OP_18_18_18' from '(none)' to 'Small'. (OPT-170)
Information: Changed wire load model for 'DW01_sub_width18' from '(none)' to 'Small'. (OPT-170)
Information: Changed wire load model for '*SUB_UNS_OP_18_18_18' from '(none)' to 'Small'. (OPT-170)
Information: Changed wire load model for 'DW01_sub_width18' from '(none)' to 'Small'. (OPT-170)
Information: Changed wire load model for '*SUB_UNS_OP_18_18_18' from '(none)' to 'Small'. (OPT-170)
Information: Changed wire load model for 'DW01_sub_width18' from '(none)' to 'Small'. (OPT-170)
Information: Changed wire load model for '*SUB_UNS_OP_18_18_18' from '(none)' to 'Small'. (OPT-170)
Information: Changed wire load model for 'DW01_sub_width18' from '(none)' to 'Small'. (OPT-170)
Information: Changed wire load model for '*SUB_UNS_OP_18_18_18' from '(none)' to 'Small'. (OPT-170)
Information: Changed wire load model for 'DW01_sub_width18' from '(none)' to 'Small'. (OPT-170)
Information: Changed wire load model for '*SUB_UNS_OP_18_18_18' from '(none)' to 'Small'. (OPT-170)
Information: Changed wire load model for 'DW01_sub_width18' from '(none)' to 'Small'. (OPT-170)
Information: Changed wire load model for '*SUB_UNS_OP_18_18_18' from '(none)' to 'Small'. (OPT-170)
Information: Changed wire load model for 'DW01_sub_width18' from '(none)' to 'Small'. (OPT-170)
Information: Changed wire load model for '*SUB_UNS_OP_18_18_18' from '(none)' to 'Small'. (OPT-170)
Information: Changed wire load model for 'DW01_sub_width18' from '(none)' to 'Small'. (OPT-170)
Information: Changed wire load model for '*SUB_UNS_OP_18_18_18' from '(none)' to 'Small'. (OPT-170)
Information: Changed wire load model for 'DW01_sub_width18' from '(none)' to 'Small'. (OPT-170)
Information: Changed wire load model for '*SUB_UNS_OP_18_18_18' from '(none)' to 'Small'. (OPT-170)
Information: Changed wire load model for 'DW01_sub_width18' from '(none)' to 'Small'. (OPT-170)
Information: Changed wire load model for '*SUB_UNS_OP_18_18_18' from '(none)' to 'Small'. (OPT-170)
Information: Changed wire load model for 'DW01_sub_width18' from '(none)' to 'Small'. (OPT-170)
Information: Changed wire load model for '*SUB_UNS_OP_18_18_18' from '(none)' to 'Small'. (OPT-170)
Information: Changed wire load model for 'DW01_sub_width18' from '(none)' to 'Small'. (OPT-170)
Information: Changed wire load model for '*SUB_UNS_OP_18_18_18' from '(none)' to 'Small'. (OPT-170)
Information: Changed wire load model for 'DW01_sub_width18' from '(none)' to 'Small'. (OPT-170)
Information: Changed wire load model for '*SUB_UNS_OP_18_18_18' from '(none)' to 'Small'. (OPT-170)
Information: Changed wire load model for 'DW01_sub_width18' from '(none)' to 'Small'. (OPT-170)
Information: Changed wire load model for '*SUB_UNS_OP_18_18_18' from '(none)' to 'Small'. (OPT-170)
Information: Changed wire load model for 'DW01_sub_width18' from '(none)' to 'Small'. (OPT-170)
Information: Changed wire load model for '*SUB_UNS_OP_18_18_18' from '(none)' to 'Small'. (OPT-170)
Information: Changed wire load model for 'DW01_sub_width18' from '(none)' to 'Small'. (OPT-170)
Information: Changed wire load model for '*SUB_UNS_OP_1_18_18' from '(none)' to 'Small'. (OPT-170)
Information: Changed wire load model for 'DW01_sub_width18' from '(none)' to 'Small'. (OPT-170)
Information: Changed wire load model for '*SUB_UNS_OP_18_18_18' from '(none)' to 'Small'. (OPT-170)
Information: Changed wire load model for 'DW01_sub_width18' from '(none)' to 'Small'. (OPT-170)
Information: Changed wire load model for '*SUB_UNS_OP_18_18_18' from '(none)' to 'Small'. (OPT-170)
Information: Changed wire load model for 'DW01_sub_width18' from '(none)' to 'Small'. (OPT-170)
Information: Changed wire load model for '*SUB_UNS_OP_18_18_18' from '(none)' to 'Small'. (OPT-170)
Information: Changed wire load model for 'DW01_sub_width18' from '(none)' to 'Small'. (OPT-170)
Information: Changed wire load model for '*SUB_UNS_OP_18_18_18' from '(none)' to 'Small'. (OPT-170)
Information: Changed wire load model for 'DW01_sub_width18' from '(none)' to 'Small'. (OPT-170)
Information: Changed wire load model for '*SUB_UNS_OP_18_18_18' from '(none)' to 'Small'. (OPT-170)
Information: Changed wire load model for 'DW01_sub_width18' from '(none)' to 'Small'. (OPT-170)
Information: Changed wire load model for '*SUB_UNS_OP_18_18_18' from '(none)' to 'Small'. (OPT-170)
Information: Changed wire load model for 'DW01_cmp2_width19' from '(none)' to 'Small'. (OPT-170)
Information: Changed wire load model for '*GEQ_UNS_OP_19_18_1' from '(none)' to 'Small'. (OPT-170)
Information: Changed wire load model for 'DW01_cmp2_width19' from '(none)' to 'Small'. (OPT-170)
Information: Changed wire load model for '*GEQ_UNS_OP_19_18_1' from '(none)' to 'Small'. (OPT-170)
Information: Changed wire load model for 'DW01_cmp2_width19' from '(none)' to 'Small'. (OPT-170)
Information: Changed wire load model for '*GEQ_UNS_OP_19_18_1' from '(none)' to 'Small'. (OPT-170)
Information: Changed wire load model for 'DW01_cmp2_width19' from '(none)' to 'Small'. (OPT-170)
Information: Changed wire load model for '*GEQ_UNS_OP_19_18_1' from '(none)' to 'Small'. (OPT-170)
Information: Changed wire load model for 'DW01_cmp2_width19' from '(none)' to 'Small'. (OPT-170)
Information: Changed wire load model for '*GEQ_UNS_OP_19_18_1' from '(none)' to 'Small'. (OPT-170)
Information: Changed wire load model for 'DW01_cmp2_width19' from '(none)' to 'Small'. (OPT-170)
Information: Changed wire load model for '*GEQ_UNS_OP_19_18_1' from '(none)' to 'Small'. (OPT-170)
Information: Changed wire load model for 'DW01_cmp2_width19' from '(none)' to 'Small'. (OPT-170)
Information: Changed wire load model for '*GEQ_UNS_OP_19_18_1' from '(none)' to 'Small'. (OPT-170)
Information: Changed wire load model for 'DW01_cmp2_width19' from '(none)' to 'Small'. (OPT-170)
Information: Changed wire load model for '*GEQ_UNS_OP_19_18_1' from '(none)' to 'Small'. (OPT-170)
Information: Changed wire load model for 'DW01_cmp2_width19' from '(none)' to 'Small'. (OPT-170)
Information: Changed wire load model for '*GEQ_UNS_OP_19_18_1' from '(none)' to 'Small'. (OPT-170)
Information: Changed wire load model for 'DW01_cmp2_width19' from '(none)' to 'Small'. (OPT-170)
Information: Changed wire load model for '*GEQ_UNS_OP_19_18_1' from '(none)' to 'Small'. (OPT-170)
Information: Changed wire load model for 'DW01_cmp2_width19' from '(none)' to 'Small'. (OPT-170)
Information: Changed wire load model for '*GEQ_UNS_OP_19_18_1' from '(none)' to 'Small'. (OPT-170)
Information: Changed wire load model for 'DW01_cmp2_width19' from '(none)' to 'Small'. (OPT-170)
Information: Changed wire load model for '*GEQ_UNS_OP_19_18_1' from '(none)' to 'Small'. (OPT-170)
Information: Changed wire load model for 'DW01_cmp2_width19' from '(none)' to 'Small'. (OPT-170)
Information: Changed wire load model for '*GEQ_UNS_OP_19_18_1' from '(none)' to 'Small'. (OPT-170)
Information: Changed wire load model for 'DW01_cmp2_width19' from '(none)' to 'Small'. (OPT-170)
Information: Changed wire load model for '*GEQ_UNS_OP_19_18_1' from '(none)' to 'Small'. (OPT-170)
Information: Changed wire load model for 'DW01_cmp2_width19' from '(none)' to 'Small'. (OPT-170)
Information: Changed wire load model for '*GEQ_UNS_OP_19_18_1' from '(none)' to 'Small'. (OPT-170)
Information: Changed wire load model for 'DW01_cmp2_width19' from '(none)' to 'Small'. (OPT-170)
Information: Changed wire load model for '*GEQ_UNS_OP_19_18_1' from '(none)' to 'Small'. (OPT-170)
Information: Changed wire load model for 'DW01_cmp2_width19' from '(none)' to 'Small'. (OPT-170)
Information: Changed wire load model for '*GEQ_UNS_OP_19_18_1' from '(none)' to 'Small'. (OPT-170)
Information: Changed wire load model for 'DW01_cmp2_width19' from '(none)' to 'Small'. (OPT-170)
Information: Changed wire load model for '*GEQ_UNS_OP_19_18_1' from '(none)' to 'Small'. (OPT-170)
Information: Changed wire load model for 'DW01_cmp2_width19' from '(none)' to 'Small'. (OPT-170)
Information: Changed wire load model for '*GEQ_UNS_OP_19_18_1' from '(none)' to 'Small'. (OPT-170)
Information: Changed wire load model for 'DW01_cmp2_width19' from '(none)' to 'Small'. (OPT-170)
Information: Changed wire load model for '*GEQ_UNS_OP_19_18_1' from '(none)' to 'Small'. (OPT-170)
Information: Changed wire load model for 'DW01_cmp2_width19' from '(none)' to 'Small'. (OPT-170)
Information: Changed wire load model for '*GEQ_UNS_OP_19_18_1' from '(none)' to 'Small'. (OPT-170)
Information: Changed wire load model for 'DW01_cmp2_width19' from '(none)' to 'Small'. (OPT-170)
Information: Changed wire load model for '*GEQ_UNS_OP_19_18_1' from '(none)' to 'Small'. (OPT-170)
Information: Changed wire load model for 'DW01_cmp2_width19' from '(none)' to 'Small'. (OPT-170)
Information: Changed wire load model for '*GEQ_UNS_OP_19_18_1' from '(none)' to 'Small'. (OPT-170)
Information: Changed wire load model for 'DW01_cmp2_width19' from '(none)' to 'Small'. (OPT-170)
Information: Changed wire load model for '*GEQ_UNS_OP_19_18_1' from '(none)' to 'Small'. (OPT-170)
Information: Updating design information... (UID-85)
Warning: Design 'ViT_top' contains 9 high-fanout nets. A fanout number of 1000 will be used for delay calculations involving these nets. (TIM-134)
 
****************************************
Report : timing
        -path full
        -delay min
        -max_paths 4
Design : ViT_top
Version: R-2020.09-SP5
Date   : Tue Nov 18 17:35:59 2025
****************************************

 # A fanout number of 1000 was used for high fanout net computations.

Operating Conditions: PVT_1P08V_125C   Library: slow_vdd1v2
Wire Load Model Mode: enclosed

  Startpoint: div0/divisor_t_reg_0__3_
              (rising edge-triggered flip-flop clocked by clk)
  Endpoint: div0/divisor_t_reg_4__3_
            (rising edge-triggered flip-flop clocked by clk)
  Path Group: clk
  Path Type: min

  Des/Clust/Port     Wire Load Model       Library
  ------------------------------------------------
  ViT_top            Large                 slow_vdd1v2
  div_mydesign_7     Small                 slow_vdd1v2

  Point                                                   Incr       Path
  --------------------------------------------------------------------------
  clock clk (rise edge)                                   0.00       0.00
  clock network delay (ideal)                             0.00       0.00
  div0/divisor_t_reg_0__3_/clocked_on (**SEQGEN**)        0.00 #     0.00 r
  div0/divisor_t_reg_0__3_/Q (**SEQGEN**)                 0.00       0.00 r
  div0/divisor_t_reg_4__3_/next_state (**SEQGEN**)        0.00       0.00 r
  data arrival time                                                  0.00

  clock clk (rise edge)                                   0.00       0.00
  clock network delay (ideal)                             0.00       0.00
  div0/divisor_t_reg_4__3_/clocked_on (**SEQGEN**)        0.00       0.00 r
  library hold time                                       0.00       0.00
  data required time                                                 0.00
  --------------------------------------------------------------------------
  data required time                                                 0.00
  data arrival time                                                  0.00
  --------------------------------------------------------------------------
  slack (MET)                                                        0.00


  Startpoint: div0/divisor_t_reg_0__2_
              (rising edge-triggered flip-flop clocked by clk)
  Endpoint: div0/divisor_t_reg_4__2_
            (rising edge-triggered flip-flop clocked by clk)
  Path Group: clk
  Path Type: min

  Des/Clust/Port     Wire Load Model       Library
  ------------------------------------------------
  ViT_top            Large                 slow_vdd1v2
  div_mydesign_7     Small                 slow_vdd1v2

  Point                                                   Incr       Path
  --------------------------------------------------------------------------
  clock clk (rise edge)                                   0.00       0.00
  clock network delay (ideal)                             0.00       0.00
  div0/divisor_t_reg_0__2_/clocked_on (**SEQGEN**)        0.00 #     0.00 r
  div0/divisor_t_reg_0__2_/Q (**SEQGEN**)                 0.00       0.00 r
  div0/divisor_t_reg_4__2_/next_state (**SEQGEN**)        0.00       0.00 r
  data arrival time                                                  0.00

  clock clk (rise edge)                                   0.00       0.00
  clock network delay (ideal)                             0.00       0.00
  div0/divisor_t_reg_4__2_/clocked_on (**SEQGEN**)        0.00       0.00 r
  library hold time                                       0.00       0.00
  data required time                                                 0.00
  --------------------------------------------------------------------------
  data required time                                                 0.00
  data arrival time                                                  0.00
  --------------------------------------------------------------------------
  slack (MET)                                                        0.00


  Startpoint: div0/divisor_t_reg_0__1_
              (rising edge-triggered flip-flop clocked by clk)
  Endpoint: div0/divisor_t_reg_4__1_
            (rising edge-triggered flip-flop clocked by clk)
  Path Group: clk
  Path Type: min

  Des/Clust/Port     Wire Load Model       Library
  ------------------------------------------------
  ViT_top            Large                 slow_vdd1v2
  div_mydesign_7     Small                 slow_vdd1v2

  Point                                                   Incr       Path
  --------------------------------------------------------------------------
  clock clk (rise edge)                                   0.00       0.00
  clock network delay (ideal)                             0.00       0.00
  div0/divisor_t_reg_0__1_/clocked_on (**SEQGEN**)        0.00 #     0.00 r
  div0/divisor_t_reg_0__1_/Q (**SEQGEN**)                 0.00       0.00 r
  div0/divisor_t_reg_4__1_/next_state (**SEQGEN**)        0.00       0.00 r
  data arrival time                                                  0.00

  clock clk (rise edge)                                   0.00       0.00
  clock network delay (ideal)                             0.00       0.00
  div0/divisor_t_reg_4__1_/clocked_on (**SEQGEN**)        0.00       0.00 r
  library hold time                                       0.00       0.00
  data required time                                                 0.00
  --------------------------------------------------------------------------
  data required time                                                 0.00
  data arrival time                                                  0.00
  --------------------------------------------------------------------------
  slack (MET)                                                        0.00


  Startpoint: div0/divisor_t_reg_0__0_
              (rising edge-triggered flip-flop clocked by clk)
  Endpoint: div0/divisor_t_reg_4__0_
            (rising edge-triggered flip-flop clocked by clk)
  Path Group: clk
  Path Type: min

  Des/Clust/Port     Wire Load Model       Library
  ------------------------------------------------
  ViT_top            Large                 slow_vdd1v2
  div_mydesign_7     Small                 slow_vdd1v2

  Point                                                   Incr       Path
  --------------------------------------------------------------------------
  clock clk (rise edge)                                   0.00       0.00
  clock network delay (ideal)                             0.00       0.00
  div0/divisor_t_reg_0__0_/clocked_on (**SEQGEN**)        0.00 #     0.00 r
  div0/divisor_t_reg_0__0_/Q (**SEQGEN**)                 0.00       0.00 r
  div0/divisor_t_reg_4__0_/next_state (**SEQGEN**)        0.00       0.00 r
  data arrival time                                                  0.00

  clock clk (rise edge)                                   0.00       0.00
  clock network delay (ideal)                             0.00       0.00
  div0/divisor_t_reg_4__0_/clocked_on (**SEQGEN**)        0.00       0.00 r
  library hold time                                       0.00       0.00
  data required time                                                 0.00
  --------------------------------------------------------------------------
  data required time                                                 0.00
  data arrival time                                                  0.00
  --------------------------------------------------------------------------
  slack (MET)                                                        0.00


1
