 
****************************************
Report : area
Design : ViT_top
Version: R-2020.09-SP5
Date   : Tue Nov 18 17:35:59 2025
****************************************

Library(s) Used:

    slow_vdd1v2 (File: /usr/cadtool/GPDK45/gsclib045_svt_v4.4/gsclib045/db/slow_vdd1v2_basicCells_wl.db)
    gtech (File: /usr/cad/synopsys/synthesis/cur/libraries/syn/gtech.db)

Number of ports:                        40323
Number of nets:                         94017
Number of cells:                        48468
Number of combinational cells:          42303
Number of sequential cells:              4691
Number of macros/black boxes:               0
Number of buf/inv:                       7509
Number of references:                     204

Combinational area:              41576.598927
Buf/Inv area:                     2080.386046
Noncombinational area:            8974.422200
Macro/Black Box area:                0.000000
Net Interconnect area:               0.000000

Total cell area:                 50551.021128
Total area:                      50551.021128

Information: This design contains unmapped logic. (RPT-7)

Hierarchical area distribution
------------------------------

                                  Global cell area            Local cell area
                                  -------------------  ----------------------------- 
Hierarchical cell                 Absolute    Percent  Combi-      Noncombi-  Black-
                                  Total       Total    national    national   boxes   Design
--------------------------------  ----------  -------  ----------  ---------  ------  -----------------------------------------
ViT_top                           50551.0211    100.0  41431.5909  8394.3902  0.0000  ViT_top
clk_gate_a_bank0_reg_h_reg_0_         6.8400      0.0      1.3680     5.4720  0.0000  SNPS_CLOCK_GATE_HIGH_ViT_top_mydesign_79
clk_gate_a_bank0_reg_h_reg_1_         6.8400      0.0      1.3680     5.4720  0.0000  SNPS_CLOCK_GATE_HIGH_ViT_top_mydesign_78
clk_gate_a_bank0_reg_h_reg_2_         6.8400      0.0      1.3680     5.4720  0.0000  SNPS_CLOCK_GATE_HIGH_ViT_top_mydesign_77
clk_gate_a_bank0_reg_h_reg_3_         6.8400      0.0      1.3680     5.4720  0.0000  SNPS_CLOCK_GATE_HIGH_ViT_top_mydesign_76
clk_gate_a_bank0_reg_h_reg_4_         6.8400      0.0      1.3680     5.4720  0.0000  SNPS_CLOCK_GATE_HIGH_ViT_top_mydesign_75
clk_gate_a_bank0_reg_h_reg_5_         6.8400      0.0      1.3680     5.4720  0.0000  SNPS_CLOCK_GATE_HIGH_ViT_top_mydesign_74
clk_gate_a_bank0_reg_h_reg_6_         6.8400      0.0      1.3680     5.4720  0.0000  SNPS_CLOCK_GATE_HIGH_ViT_top_mydesign_73
clk_gate_a_bank0_reg_h_reg_7_         6.8400      0.0      1.3680     5.4720  0.0000  SNPS_CLOCK_GATE_HIGH_ViT_top_mydesign_72
clk_gate_a_bank0_reg_l_reg_0_         6.8400      0.0      1.3680     5.4720  0.0000  SNPS_CLOCK_GATE_HIGH_ViT_top_mydesign_87
clk_gate_a_bank0_reg_l_reg_1_         6.8400      0.0      1.3680     5.4720  0.0000  SNPS_CLOCK_GATE_HIGH_ViT_top_mydesign_86
clk_gate_a_bank0_reg_l_reg_2_         6.8400      0.0      1.3680     5.4720  0.0000  SNPS_CLOCK_GATE_HIGH_ViT_top_mydesign_85
clk_gate_a_bank0_reg_l_reg_3_         6.8400      0.0      1.3680     5.4720  0.0000  SNPS_CLOCK_GATE_HIGH_ViT_top_mydesign_84
clk_gate_a_bank0_reg_l_reg_4_         6.8400      0.0      1.3680     5.4720  0.0000  SNPS_CLOCK_GATE_HIGH_ViT_top_mydesign_83
clk_gate_a_bank0_reg_l_reg_5_         6.8400      0.0      1.3680     5.4720  0.0000  SNPS_CLOCK_GATE_HIGH_ViT_top_mydesign_82
clk_gate_a_bank0_reg_l_reg_6_         6.8400      0.0      1.3680     5.4720  0.0000  SNPS_CLOCK_GATE_HIGH_ViT_top_mydesign_81
clk_gate_a_bank0_reg_l_reg_7_         6.8400      0.0      1.3680     5.4720  0.0000  SNPS_CLOCK_GATE_HIGH_ViT_top_mydesign_80
clk_gate_a_bank1_reg_h_reg_0_         6.8400      0.0      1.3680     5.4720  0.0000  SNPS_CLOCK_GATE_HIGH_ViT_top_mydesign_63
clk_gate_a_bank1_reg_h_reg_1_         6.8400      0.0      1.3680     5.4720  0.0000  SNPS_CLOCK_GATE_HIGH_ViT_top_mydesign_62
clk_gate_a_bank1_reg_h_reg_2_         6.8400      0.0      1.3680     5.4720  0.0000  SNPS_CLOCK_GATE_HIGH_ViT_top_mydesign_61
clk_gate_a_bank1_reg_h_reg_3_         6.8400      0.0      1.3680     5.4720  0.0000  SNPS_CLOCK_GATE_HIGH_ViT_top_mydesign_60
clk_gate_a_bank1_reg_h_reg_4_         6.8400      0.0      1.3680     5.4720  0.0000  SNPS_CLOCK_GATE_HIGH_ViT_top_mydesign_59
clk_gate_a_bank1_reg_h_reg_5_         6.8400      0.0      1.3680     5.4720  0.0000  SNPS_CLOCK_GATE_HIGH_ViT_top_mydesign_58
clk_gate_a_bank1_reg_h_reg_6_         6.8400      0.0      1.3680     5.4720  0.0000  SNPS_CLOCK_GATE_HIGH_ViT_top_mydesign_57
clk_gate_a_bank1_reg_h_reg_7_         6.8400      0.0      1.3680     5.4720  0.0000  SNPS_CLOCK_GATE_HIGH_ViT_top_mydesign_56
clk_gate_a_bank1_reg_l_reg_0_         6.8400      0.0      1.3680     5.4720  0.0000  SNPS_CLOCK_GATE_HIGH_ViT_top_mydesign_71
clk_gate_a_bank1_reg_l_reg_1_         6.8400      0.0      1.3680     5.4720  0.0000  SNPS_CLOCK_GATE_HIGH_ViT_top_mydesign_70
clk_gate_a_bank1_reg_l_reg_2_         6.8400      0.0      1.3680     5.4720  0.0000  SNPS_CLOCK_GATE_HIGH_ViT_top_mydesign_69
clk_gate_a_bank1_reg_l_reg_3_         6.8400      0.0      1.3680     5.4720  0.0000  SNPS_CLOCK_GATE_HIGH_ViT_top_mydesign_68
clk_gate_a_bank1_reg_l_reg_4_         6.8400      0.0      1.3680     5.4720  0.0000  SNPS_CLOCK_GATE_HIGH_ViT_top_mydesign_67
clk_gate_a_bank1_reg_l_reg_5_         6.8400      0.0      1.3680     5.4720  0.0000  SNPS_CLOCK_GATE_HIGH_ViT_top_mydesign_66
clk_gate_a_bank1_reg_l_reg_6_         6.8400      0.0      1.3680     5.4720  0.0000  SNPS_CLOCK_GATE_HIGH_ViT_top_mydesign_65
clk_gate_a_bank1_reg_l_reg_7_         6.8400      0.0      1.3680     5.4720  0.0000  SNPS_CLOCK_GATE_HIGH_ViT_top_mydesign_64
clk_gate_a_bank2_reg_h_reg_0_         6.8400      0.0      1.3680     5.4720  0.0000  SNPS_CLOCK_GATE_HIGH_ViT_top_mydesign_47
clk_gate_a_bank2_reg_h_reg_1_         6.8400      0.0      1.3680     5.4720  0.0000  SNPS_CLOCK_GATE_HIGH_ViT_top_mydesign_46
clk_gate_a_bank2_reg_h_reg_2_         6.8400      0.0      1.3680     5.4720  0.0000  SNPS_CLOCK_GATE_HIGH_ViT_top_mydesign_45
clk_gate_a_bank2_reg_h_reg_3_         6.8400      0.0      1.3680     5.4720  0.0000  SNPS_CLOCK_GATE_HIGH_ViT_top_mydesign_44
clk_gate_a_bank2_reg_h_reg_4_         6.8400      0.0      1.3680     5.4720  0.0000  SNPS_CLOCK_GATE_HIGH_ViT_top_mydesign_43
clk_gate_a_bank2_reg_h_reg_5_         6.8400      0.0      1.3680     5.4720  0.0000  SNPS_CLOCK_GATE_HIGH_ViT_top_mydesign_42
clk_gate_a_bank2_reg_h_reg_6_         6.8400      0.0      1.3680     5.4720  0.0000  SNPS_CLOCK_GATE_HIGH_ViT_top_mydesign_41
clk_gate_a_bank2_reg_h_reg_7_         6.8400      0.0      1.3680     5.4720  0.0000  SNPS_CLOCK_GATE_HIGH_ViT_top_mydesign_40
clk_gate_a_bank2_reg_l_reg_0_         6.8400      0.0      1.3680     5.4720  0.0000  SNPS_CLOCK_GATE_HIGH_ViT_top_mydesign_55
clk_gate_a_bank2_reg_l_reg_1_         6.8400      0.0      1.3680     5.4720  0.0000  SNPS_CLOCK_GATE_HIGH_ViT_top_mydesign_54
clk_gate_a_bank2_reg_l_reg_2_         6.8400      0.0      1.3680     5.4720  0.0000  SNPS_CLOCK_GATE_HIGH_ViT_top_mydesign_53
clk_gate_a_bank2_reg_l_reg_3_         6.8400      0.0      1.3680     5.4720  0.0000  SNPS_CLOCK_GATE_HIGH_ViT_top_mydesign_52
clk_gate_a_bank2_reg_l_reg_4_         6.8400      0.0      1.3680     5.4720  0.0000  SNPS_CLOCK_GATE_HIGH_ViT_top_mydesign_51
clk_gate_a_bank2_reg_l_reg_5_         6.8400      0.0      1.3680     5.4720  0.0000  SNPS_CLOCK_GATE_HIGH_ViT_top_mydesign_50
clk_gate_a_bank2_reg_l_reg_6_         6.8400      0.0      1.3680     5.4720  0.0000  SNPS_CLOCK_GATE_HIGH_ViT_top_mydesign_49
clk_gate_a_bank2_reg_l_reg_7_         6.8400      0.0      1.3680     5.4720  0.0000  SNPS_CLOCK_GATE_HIGH_ViT_top_mydesign_48
clk_gate_a_bank3_reg_h_reg_0_         6.8400      0.0      1.3680     5.4720  0.0000  SNPS_CLOCK_GATE_HIGH_ViT_top_mydesign_31
clk_gate_a_bank3_reg_h_reg_1_         6.8400      0.0      1.3680     5.4720  0.0000  SNPS_CLOCK_GATE_HIGH_ViT_top_mydesign_30
clk_gate_a_bank3_reg_h_reg_2_         6.8400      0.0      1.3680     5.4720  0.0000  SNPS_CLOCK_GATE_HIGH_ViT_top_mydesign_29
clk_gate_a_bank3_reg_h_reg_3_         6.8400      0.0      1.3680     5.4720  0.0000  SNPS_CLOCK_GATE_HIGH_ViT_top_mydesign_28
clk_gate_a_bank3_reg_h_reg_4_         6.8400      0.0      1.3680     5.4720  0.0000  SNPS_CLOCK_GATE_HIGH_ViT_top_mydesign_27
clk_gate_a_bank3_reg_h_reg_5_         6.8400      0.0      1.3680     5.4720  0.0000  SNPS_CLOCK_GATE_HIGH_ViT_top_mydesign_26
clk_gate_a_bank3_reg_h_reg_6_         6.8400      0.0      1.3680     5.4720  0.0000  SNPS_CLOCK_GATE_HIGH_ViT_top_mydesign_25
clk_gate_a_bank3_reg_h_reg_7_         6.8400      0.0      1.3680     5.4720  0.0000  SNPS_CLOCK_GATE_HIGH_ViT_top_mydesign_24
clk_gate_a_bank3_reg_l_reg_0_         6.8400      0.0      1.3680     5.4720  0.0000  SNPS_CLOCK_GATE_HIGH_ViT_top_mydesign_39
clk_gate_a_bank3_reg_l_reg_1_         6.8400      0.0      1.3680     5.4720  0.0000  SNPS_CLOCK_GATE_HIGH_ViT_top_mydesign_38
clk_gate_a_bank3_reg_l_reg_2_         6.8400      0.0      1.3680     5.4720  0.0000  SNPS_CLOCK_GATE_HIGH_ViT_top_mydesign_37
clk_gate_a_bank3_reg_l_reg_3_         6.8400      0.0      1.3680     5.4720  0.0000  SNPS_CLOCK_GATE_HIGH_ViT_top_mydesign_36
clk_gate_a_bank3_reg_l_reg_4_         6.8400      0.0      1.3680     5.4720  0.0000  SNPS_CLOCK_GATE_HIGH_ViT_top_mydesign_35
clk_gate_a_bank3_reg_l_reg_5_         6.8400      0.0      1.3680     5.4720  0.0000  SNPS_CLOCK_GATE_HIGH_ViT_top_mydesign_34
clk_gate_a_bank3_reg_l_reg_6_         6.8400      0.0      1.3680     5.4720  0.0000  SNPS_CLOCK_GATE_HIGH_ViT_top_mydesign_33
clk_gate_a_bank3_reg_l_reg_7_         6.8400      0.0      1.3680     5.4720  0.0000  SNPS_CLOCK_GATE_HIGH_ViT_top_mydesign_32
clk_gate_b_base_addr_cnt_b_reg        6.8400      0.0      1.3680     5.4720  0.0000  SNPS_CLOCK_GATE_HIGH_ViT_top_mydesign_21
clk_gate_bank0_proj_add_reg           6.8400      0.0      1.3680     5.4720  0.0000  SNPS_CLOCK_GATE_HIGH_ViT_top_mydesign_15
clk_gate_bank0_proj_add_reg_0         6.8400      0.0      1.3680     5.4720  0.0000  SNPS_CLOCK_GATE_HIGH_ViT_top_mydesign_14
clk_gate_bank1_proj_add_reg           6.8400      0.0      1.3680     5.4720  0.0000  SNPS_CLOCK_GATE_HIGH_ViT_top_mydesign_13
clk_gate_bank1_proj_add_reg_0         6.8400      0.0      1.3680     5.4720  0.0000  SNPS_CLOCK_GATE_HIGH_ViT_top_mydesign_12
clk_gate_bank2_proj_add_reg           6.8400      0.0      1.3680     5.4720  0.0000  SNPS_CLOCK_GATE_HIGH_ViT_top_mydesign_19
clk_gate_bank2_proj_add_reg_0         6.8400      0.0      1.3680     5.4720  0.0000  SNPS_CLOCK_GATE_HIGH_ViT_top_mydesign_18
clk_gate_bank3_proj_add_reg           6.8400      0.0      1.3680     5.4720  0.0000  SNPS_CLOCK_GATE_HIGH_ViT_top_mydesign_17
clk_gate_bank3_proj_add_reg_0         6.8400      0.0      1.3680     5.4720  0.0000  SNPS_CLOCK_GATE_HIGH_ViT_top_mydesign_16
clk_gate_bias_reg_reg_0_              6.8400      0.0      1.3680     5.4720  0.0000  SNPS_CLOCK_GATE_HIGH_ViT_top_mydesign_105
clk_gate_bias_reg_reg_10_             6.8400      0.0      1.3680     5.4720  0.0000  SNPS_CLOCK_GATE_HIGH_ViT_top_mydesign_95
clk_gate_bias_reg_reg_11_             6.8400      0.0      1.3680     5.4720  0.0000  SNPS_CLOCK_GATE_HIGH_ViT_top_mydesign_94
clk_gate_bias_reg_reg_12_             6.8400      0.0      1.3680     5.4720  0.0000  SNPS_CLOCK_GATE_HIGH_ViT_top_mydesign_93
clk_gate_bias_reg_reg_13_             6.8400      0.0      1.3680     5.4720  0.0000  SNPS_CLOCK_GATE_HIGH_ViT_top_mydesign_92
clk_gate_bias_reg_reg_14_             6.8400      0.0      1.3680     5.4720  0.0000  SNPS_CLOCK_GATE_HIGH_ViT_top_mydesign_91
clk_gate_bias_reg_reg_15_             6.8400      0.0      1.3680     5.4720  0.0000  SNPS_CLOCK_GATE_HIGH_ViT_top_mydesign_90
clk_gate_bias_reg_reg_1_              6.8400      0.0      1.3680     5.4720  0.0000  SNPS_CLOCK_GATE_HIGH_ViT_top_mydesign_104
clk_gate_bias_reg_reg_2_              6.8400      0.0      1.3680     5.4720  0.0000  SNPS_CLOCK_GATE_HIGH_ViT_top_mydesign_103
clk_gate_bias_reg_reg_3_              6.8400      0.0      1.3680     5.4720  0.0000  SNPS_CLOCK_GATE_HIGH_ViT_top_mydesign_102
clk_gate_bias_reg_reg_4_              6.8400      0.0      1.3680     5.4720  0.0000  SNPS_CLOCK_GATE_HIGH_ViT_top_mydesign_101
clk_gate_bias_reg_reg_5_              6.8400      0.0      1.3680     5.4720  0.0000  SNPS_CLOCK_GATE_HIGH_ViT_top_mydesign_100
clk_gate_bias_reg_reg_6_              6.8400      0.0      1.3680     5.4720  0.0000  SNPS_CLOCK_GATE_HIGH_ViT_top_mydesign_99
clk_gate_bias_reg_reg_7_              6.8400      0.0      1.3680     5.4720  0.0000  SNPS_CLOCK_GATE_HIGH_ViT_top_mydesign_98
clk_gate_bias_reg_reg_8_              6.8400      0.0      1.3680     5.4720  0.0000  SNPS_CLOCK_GATE_HIGH_ViT_top_mydesign_97
clk_gate_bias_reg_reg_9_              6.8400      0.0      1.3680     5.4720  0.0000  SNPS_CLOCK_GATE_HIGH_ViT_top_mydesign_96
clk_gate_c_bank_dat_reg_reg_0_        6.8400      0.0      1.3680     5.4720  0.0000  SNPS_CLOCK_GATE_HIGH_ViT_top_mydesign_8
clk_gate_c_bank_dat_reg_reg_1_        6.8400      0.0      1.3680     5.4720  0.0000  SNPS_CLOCK_GATE_HIGH_ViT_top_mydesign_7
clk_gate_c_bank_dat_reg_reg_2_        6.8400      0.0      1.3680     5.4720  0.0000  SNPS_CLOCK_GATE_HIGH_ViT_top_mydesign_6
clk_gate_c_bank_dat_reg_reg_3_        6.8400      0.0      1.3680     5.4720  0.0000  SNPS_CLOCK_GATE_HIGH_ViT_top_mydesign_5
clk_gate_c_bank_dat_reg_reg_4_        6.8400      0.0      1.3680     5.4720  0.0000  SNPS_CLOCK_GATE_HIGH_ViT_top_mydesign_4
clk_gate_c_bank_dat_reg_reg_5_        6.8400      0.0      1.3680     5.4720  0.0000  SNPS_CLOCK_GATE_HIGH_ViT_top_mydesign_3
clk_gate_c_bank_dat_reg_reg_6_        6.8400      0.0      1.3680     5.4720  0.0000  SNPS_CLOCK_GATE_HIGH_ViT_top_mydesign_2
clk_gate_c_bank_dat_reg_reg_7_        6.8400      0.0      1.3680     5.4720  0.0000  SNPS_CLOCK_GATE_HIGH_ViT_top_mydesign_1
clk_gate_cnt8_reg                     6.8400      0.0      1.3680     5.4720  0.0000  SNPS_CLOCK_GATE_HIGH_ViT_top_mydesign_89
clk_gate_sram_addr_cnt_a_reg          6.8400      0.0      1.3680     5.4720  0.0000  SNPS_CLOCK_GATE_HIGH_ViT_top_mydesign_88
clk_gate_sram_c_ch_cnt_reg            6.8400      0.0      1.3680     5.4720  0.0000  SNPS_CLOCK_GATE_HIGH_ViT_top_mydesign_11
clk_gate_sramc_k_addr_cnt_reg         6.8400      0.0      1.3680     5.4720  0.0000  SNPS_CLOCK_GATE_HIGH_ViT_top_mydesign_9
clk_gate_sramc_q_addr_cnt_reg         6.8400      0.0      1.3680     5.4720  0.0000  SNPS_CLOCK_GATE_HIGH_ViT_top_mydesign_10
clk_gate_tmp_cnt_reg                  6.8400      0.0      1.3680     5.4720  0.0000  SNPS_CLOCK_GATE_HIGH_ViT_top_mydesign_0
clk_gate_token_mean_reg               6.8400      0.0      1.3680     5.4720  0.0000  SNPS_CLOCK_GATE_HIGH_ViT_top_mydesign_23
clk_gate_token_mean_reg_0             6.8400      0.0      1.3680     5.4720  0.0000  SNPS_CLOCK_GATE_HIGH_ViT_top_mydesign_22
clk_gate_weight_addr_cnt_reg          6.8400      0.0      1.3680     5.4720  0.0000  SNPS_CLOCK_GATE_HIGH_ViT_top_mydesign_20
div0                                  0.0000      0.0      0.0000     0.0000  0.0000  div_mydesign_7
div0/gte_2026                         0.0000      0.0      0.0000     0.0000  0.0000  *GEQ_UNS_OP_19_18_1
div0/gte_2026/*cell*113258            0.0000      0.0      0.0000     0.0000  0.0000  DW01_cmp2_width19
div0/gte_2038                         0.0000      0.0      0.0000     0.0000  0.0000  *GEQ_UNS_OP_19_18_1
div0/gte_2038/*cell*113265            0.0000      0.0      0.0000     0.0000  0.0000  DW01_cmp2_width19
div0/gte_2050                         0.0000      0.0      0.0000     0.0000  0.0000  *GEQ_UNS_OP_19_18_1
div0/gte_2050/*cell*113272            0.0000      0.0      0.0000     0.0000  0.0000  DW01_cmp2_width19
div0/gte_2062                         0.0000      0.0      0.0000     0.0000  0.0000  *GEQ_UNS_OP_19_18_1
div0/gte_2062/*cell*113279            0.0000      0.0      0.0000     0.0000  0.0000  DW01_cmp2_width19
div0/gte_2074                         0.0000      0.0      0.0000     0.0000  0.0000  *GEQ_UNS_OP_19_18_1
div0/gte_2074/*cell*113286            0.0000      0.0      0.0000     0.0000  0.0000  DW01_cmp2_width19
div0/gte_2086                         0.0000      0.0      0.0000     0.0000  0.0000  *GEQ_UNS_OP_19_18_1
div0/gte_2086/*cell*113293            0.0000      0.0      0.0000     0.0000  0.0000  DW01_cmp2_width19
div0/gte_2098                         0.0000      0.0      0.0000     0.0000  0.0000  *GEQ_UNS_OP_19_18_1
div0/gte_2098/*cell*113300            0.0000      0.0      0.0000     0.0000  0.0000  DW01_cmp2_width19
div0/gte_2110                         0.0000      0.0      0.0000     0.0000  0.0000  *GEQ_UNS_OP_19_18_1
div0/gte_2110/*cell*113307            0.0000      0.0      0.0000     0.0000  0.0000  DW01_cmp2_width19
div0/gte_2122                         0.0000      0.0      0.0000     0.0000  0.0000  *GEQ_UNS_OP_19_18_1
div0/gte_2122/*cell*113314            0.0000      0.0      0.0000     0.0000  0.0000  DW01_cmp2_width19
div0/gte_2134                         0.0000      0.0      0.0000     0.0000  0.0000  *GEQ_UNS_OP_19_18_1
div0/gte_2134/*cell*113321            0.0000      0.0      0.0000     0.0000  0.0000  DW01_cmp2_width19
div0/gte_2146                         0.0000      0.0      0.0000     0.0000  0.0000  *GEQ_UNS_OP_19_18_1
div0/gte_2146/*cell*113328            0.0000      0.0      0.0000     0.0000  0.0000  DW01_cmp2_width19
div0/gte_2158                         0.0000      0.0      0.0000     0.0000  0.0000  *GEQ_UNS_OP_19_18_1
div0/gte_2158/*cell*113335            0.0000      0.0      0.0000     0.0000  0.0000  DW01_cmp2_width19
div0/gte_2170                         0.0000      0.0      0.0000     0.0000  0.0000  *GEQ_UNS_OP_19_18_1
div0/gte_2170/*cell*113342            0.0000      0.0      0.0000     0.0000  0.0000  DW01_cmp2_width19
div0/gte_2182                         0.0000      0.0      0.0000     0.0000  0.0000  *GEQ_UNS_OP_19_18_1
div0/gte_2182/*cell*113349            0.0000      0.0      0.0000     0.0000  0.0000  DW01_cmp2_width19
div0/gte_2194                         0.0000      0.0      0.0000     0.0000  0.0000  *GEQ_UNS_OP_19_18_1
div0/gte_2194/*cell*113356            0.0000      0.0      0.0000     0.0000  0.0000  DW01_cmp2_width19
div0/gte_2206                         0.0000      0.0      0.0000     0.0000  0.0000  *GEQ_UNS_OP_19_18_1
div0/gte_2206/*cell*113363            0.0000      0.0      0.0000     0.0000  0.0000  DW01_cmp2_width19
div0/gte_2218                         0.0000      0.0      0.0000     0.0000  0.0000  *GEQ_UNS_OP_19_18_1
div0/gte_2218/*cell*113370            0.0000      0.0      0.0000     0.0000  0.0000  DW01_cmp2_width19
div0/gte_2230                         0.0000      0.0      0.0000     0.0000  0.0000  *GEQ_UNS_OP_19_18_1
div0/gte_2230/*cell*113377            0.0000      0.0      0.0000     0.0000  0.0000  DW01_cmp2_width19
div0/gte_2242                         0.0000      0.0      0.0000     0.0000  0.0000  *GEQ_UNS_OP_19_18_1
div0/gte_2242/*cell*113384            0.0000      0.0      0.0000     0.0000  0.0000  DW01_cmp2_width19
div0/gte_2254                         0.0000      0.0      0.0000     0.0000  0.0000  *GEQ_UNS_OP_19_18_1
div0/gte_2254/*cell*113391            0.0000      0.0      0.0000     0.0000  0.0000  DW01_cmp2_width19
div0/gte_2266                         0.0000      0.0      0.0000     0.0000  0.0000  *GEQ_UNS_OP_19_18_1
div0/gte_2266/*cell*113398            0.0000      0.0      0.0000     0.0000  0.0000  DW01_cmp2_width19
div0/gte_2278                         0.0000      0.0      0.0000     0.0000  0.0000  *GEQ_UNS_OP_19_18_1
div0/gte_2278/*cell*113405            0.0000      0.0      0.0000     0.0000  0.0000  DW01_cmp2_width19
div0/gte_2290                         0.0000      0.0      0.0000     0.0000  0.0000  *GEQ_UNS_OP_19_18_1
div0/gte_2290/*cell*113412            0.0000      0.0      0.0000     0.0000  0.0000  DW01_cmp2_width19
div0/gte_2302                         0.0000      0.0      0.0000     0.0000  0.0000  *GEQ_UNS_OP_19_18_1
div0/gte_2302/*cell*113419            0.0000      0.0      0.0000     0.0000  0.0000  DW01_cmp2_width19
div0/sub_2028                         0.0000      0.0      0.0000     0.0000  0.0000  *SUB_UNS_OP_1_18_18
div0/sub_2028/*cell*113262            0.0000      0.0      0.0000     0.0000  0.0000  DW01_sub_width18
div0/sub_2040                         0.0000      0.0      0.0000     0.0000  0.0000  *SUB_UNS_OP_18_18_18
div0/sub_2040/*cell*113269            0.0000      0.0      0.0000     0.0000  0.0000  DW01_sub_width18
div0/sub_2052                         0.0000      0.0      0.0000     0.0000  0.0000  *SUB_UNS_OP_18_18_18
div0/sub_2052/*cell*113276            0.0000      0.0      0.0000     0.0000  0.0000  DW01_sub_width18
div0/sub_2064                         0.0000      0.0      0.0000     0.0000  0.0000  *SUB_UNS_OP_18_18_18
div0/sub_2064/*cell*113283            0.0000      0.0      0.0000     0.0000  0.0000  DW01_sub_width18
div0/sub_2076                         0.0000      0.0      0.0000     0.0000  0.0000  *SUB_UNS_OP_18_18_18
div0/sub_2076/*cell*113290            0.0000      0.0      0.0000     0.0000  0.0000  DW01_sub_width18
div0/sub_2088                         0.0000      0.0      0.0000     0.0000  0.0000  *SUB_UNS_OP_18_18_18
div0/sub_2088/*cell*113297            0.0000      0.0      0.0000     0.0000  0.0000  DW01_sub_width18
div0/sub_2100                         0.0000      0.0      0.0000     0.0000  0.0000  *SUB_UNS_OP_18_18_18
div0/sub_2100/*cell*113304            0.0000      0.0      0.0000     0.0000  0.0000  DW01_sub_width18
div0/sub_2112                         0.0000      0.0      0.0000     0.0000  0.0000  *SUB_UNS_OP_18_18_18
div0/sub_2112/*cell*113311            0.0000      0.0      0.0000     0.0000  0.0000  DW01_sub_width18
div0/sub_2124                         0.0000      0.0      0.0000     0.0000  0.0000  *SUB_UNS_OP_18_18_18
div0/sub_2124/*cell*113318            0.0000      0.0      0.0000     0.0000  0.0000  DW01_sub_width18
div0/sub_2136                         0.0000      0.0      0.0000     0.0000  0.0000  *SUB_UNS_OP_18_18_18
div0/sub_2136/*cell*113325            0.0000      0.0      0.0000     0.0000  0.0000  DW01_sub_width18
div0/sub_2148                         0.0000      0.0      0.0000     0.0000  0.0000  *SUB_UNS_OP_18_18_18
div0/sub_2148/*cell*113332            0.0000      0.0      0.0000     0.0000  0.0000  DW01_sub_width18
div0/sub_2160                         0.0000      0.0      0.0000     0.0000  0.0000  *SUB_UNS_OP_18_18_18
div0/sub_2160/*cell*113339            0.0000      0.0      0.0000     0.0000  0.0000  DW01_sub_width18
div0/sub_2172                         0.0000      0.0      0.0000     0.0000  0.0000  *SUB_UNS_OP_18_18_18
div0/sub_2172/*cell*113346            0.0000      0.0      0.0000     0.0000  0.0000  DW01_sub_width18
div0/sub_2184                         0.0000      0.0      0.0000     0.0000  0.0000  *SUB_UNS_OP_18_18_18
div0/sub_2184/*cell*113353            0.0000      0.0      0.0000     0.0000  0.0000  DW01_sub_width18
div0/sub_2196                         0.0000      0.0      0.0000     0.0000  0.0000  *SUB_UNS_OP_18_18_18
div0/sub_2196/*cell*113360            0.0000      0.0      0.0000     0.0000  0.0000  DW01_sub_width18
div0/sub_2208                         0.0000      0.0      0.0000     0.0000  0.0000  *SUB_UNS_OP_18_18_18
div0/sub_2208/*cell*113367            0.0000      0.0      0.0000     0.0000  0.0000  DW01_sub_width18
div0/sub_2220                         0.0000      0.0      0.0000     0.0000  0.0000  *SUB_UNS_OP_18_18_18
div0/sub_2220/*cell*113374            0.0000      0.0      0.0000     0.0000  0.0000  DW01_sub_width18
div0/sub_2232                         0.0000      0.0      0.0000     0.0000  0.0000  *SUB_UNS_OP_18_18_18
div0/sub_2232/*cell*113381            0.0000      0.0      0.0000     0.0000  0.0000  DW01_sub_width18
div0/sub_2244                         0.0000      0.0      0.0000     0.0000  0.0000  *SUB_UNS_OP_18_18_18
div0/sub_2244/*cell*113388            0.0000      0.0      0.0000     0.0000  0.0000  DW01_sub_width18
div0/sub_2256                         0.0000      0.0      0.0000     0.0000  0.0000  *SUB_UNS_OP_18_18_18
div0/sub_2256/*cell*113395            0.0000      0.0      0.0000     0.0000  0.0000  DW01_sub_width18
div0/sub_2268                         0.0000      0.0      0.0000     0.0000  0.0000  *SUB_UNS_OP_18_18_18
div0/sub_2268/*cell*113402            0.0000      0.0      0.0000     0.0000  0.0000  DW01_sub_width18
div0/sub_2280                         0.0000      0.0      0.0000     0.0000  0.0000  *SUB_UNS_OP_18_18_18
div0/sub_2280/*cell*113409            0.0000      0.0      0.0000     0.0000  0.0000  DW01_sub_width18
div0/sub_2292                         0.0000      0.0      0.0000     0.0000  0.0000  *SUB_UNS_OP_18_18_18
div0/sub_2292/*cell*113416            0.0000      0.0      0.0000     0.0000  0.0000  DW01_sub_width18
div0/sub_2304                         0.0000      0.0      0.0000     0.0000  0.0000  *SUB_UNS_OP_18_18_18
div0/sub_2304/*cell*113423            0.0000      0.0      0.0000     0.0000  0.0000  DW01_sub_width18
div1                                  0.0000      0.0      0.0000     0.0000  0.0000  div_mydesign_6
div1/gte_2026                         0.0000      0.0      0.0000     0.0000  0.0000  *GEQ_UNS_OP_19_18_1
div1/gte_2026/*cell*113427            0.0000      0.0      0.0000     0.0000  0.0000  DW01_cmp2_width19
div1/gte_2038                         0.0000      0.0      0.0000     0.0000  0.0000  *GEQ_UNS_OP_19_18_1
div1/gte_2038/*cell*113434            0.0000      0.0      0.0000     0.0000  0.0000  DW01_cmp2_width19
div1/gte_2050                         0.0000      0.0      0.0000     0.0000  0.0000  *GEQ_UNS_OP_19_18_1
div1/gte_2050/*cell*113441            0.0000      0.0      0.0000     0.0000  0.0000  DW01_cmp2_width19
div1/gte_2062                         0.0000      0.0      0.0000     0.0000  0.0000  *GEQ_UNS_OP_19_18_1
div1/gte_2062/*cell*113448            0.0000      0.0      0.0000     0.0000  0.0000  DW01_cmp2_width19
div1/gte_2074                         0.0000      0.0      0.0000     0.0000  0.0000  *GEQ_UNS_OP_19_18_1
div1/gte_2074/*cell*113455            0.0000      0.0      0.0000     0.0000  0.0000  DW01_cmp2_width19
div1/gte_2086                         0.0000      0.0      0.0000     0.0000  0.0000  *GEQ_UNS_OP_19_18_1
div1/gte_2086/*cell*113462            0.0000      0.0      0.0000     0.0000  0.0000  DW01_cmp2_width19
div1/gte_2098                         0.0000      0.0      0.0000     0.0000  0.0000  *GEQ_UNS_OP_19_18_1
div1/gte_2098/*cell*113469            0.0000      0.0      0.0000     0.0000  0.0000  DW01_cmp2_width19
div1/gte_2110                         0.0000      0.0      0.0000     0.0000  0.0000  *GEQ_UNS_OP_19_18_1
div1/gte_2110/*cell*113476            0.0000      0.0      0.0000     0.0000  0.0000  DW01_cmp2_width19
div1/gte_2122                         0.0000      0.0      0.0000     0.0000  0.0000  *GEQ_UNS_OP_19_18_1
div1/gte_2122/*cell*113483            0.0000      0.0      0.0000     0.0000  0.0000  DW01_cmp2_width19
div1/gte_2134                         0.0000      0.0      0.0000     0.0000  0.0000  *GEQ_UNS_OP_19_18_1
div1/gte_2134/*cell*113490            0.0000      0.0      0.0000     0.0000  0.0000  DW01_cmp2_width19
div1/gte_2146                         0.0000      0.0      0.0000     0.0000  0.0000  *GEQ_UNS_OP_19_18_1
div1/gte_2146/*cell*113497            0.0000      0.0      0.0000     0.0000  0.0000  DW01_cmp2_width19
div1/gte_2158                         0.0000      0.0      0.0000     0.0000  0.0000  *GEQ_UNS_OP_19_18_1
div1/gte_2158/*cell*113504            0.0000      0.0      0.0000     0.0000  0.0000  DW01_cmp2_width19
div1/gte_2170                         0.0000      0.0      0.0000     0.0000  0.0000  *GEQ_UNS_OP_19_18_1
div1/gte_2170/*cell*113511            0.0000      0.0      0.0000     0.0000  0.0000  DW01_cmp2_width19
div1/gte_2182                         0.0000      0.0      0.0000     0.0000  0.0000  *GEQ_UNS_OP_19_18_1
div1/gte_2182/*cell*113518            0.0000      0.0      0.0000     0.0000  0.0000  DW01_cmp2_width19
div1/gte_2194                         0.0000      0.0      0.0000     0.0000  0.0000  *GEQ_UNS_OP_19_18_1
div1/gte_2194/*cell*113525            0.0000      0.0      0.0000     0.0000  0.0000  DW01_cmp2_width19
div1/gte_2206                         0.0000      0.0      0.0000     0.0000  0.0000  *GEQ_UNS_OP_19_18_1
div1/gte_2206/*cell*113532            0.0000      0.0      0.0000     0.0000  0.0000  DW01_cmp2_width19
div1/gte_2218                         0.0000      0.0      0.0000     0.0000  0.0000  *GEQ_UNS_OP_19_18_1
div1/gte_2218/*cell*113539            0.0000      0.0      0.0000     0.0000  0.0000  DW01_cmp2_width19
div1/gte_2230                         0.0000      0.0      0.0000     0.0000  0.0000  *GEQ_UNS_OP_19_18_1
div1/gte_2230/*cell*113546            0.0000      0.0      0.0000     0.0000  0.0000  DW01_cmp2_width19
div1/gte_2242                         0.0000      0.0      0.0000     0.0000  0.0000  *GEQ_UNS_OP_19_18_1
div1/gte_2242/*cell*113553            0.0000      0.0      0.0000     0.0000  0.0000  DW01_cmp2_width19
div1/gte_2254                         0.0000      0.0      0.0000     0.0000  0.0000  *GEQ_UNS_OP_19_18_1
div1/gte_2254/*cell*113560            0.0000      0.0      0.0000     0.0000  0.0000  DW01_cmp2_width19
div1/gte_2266                         0.0000      0.0      0.0000     0.0000  0.0000  *GEQ_UNS_OP_19_18_1
div1/gte_2266/*cell*113567            0.0000      0.0      0.0000     0.0000  0.0000  DW01_cmp2_width19
div1/gte_2278                         0.0000      0.0      0.0000     0.0000  0.0000  *GEQ_UNS_OP_19_18_1
div1/gte_2278/*cell*113574            0.0000      0.0      0.0000     0.0000  0.0000  DW01_cmp2_width19
div1/gte_2290                         0.0000      0.0      0.0000     0.0000  0.0000  *GEQ_UNS_OP_19_18_1
div1/gte_2290/*cell*113581            0.0000      0.0      0.0000     0.0000  0.0000  DW01_cmp2_width19
div1/gte_2302                         0.0000      0.0      0.0000     0.0000  0.0000  *GEQ_UNS_OP_19_18_1
div1/gte_2302/*cell*113588            0.0000      0.0      0.0000     0.0000  0.0000  DW01_cmp2_width19
div1/sub_2028                         0.0000      0.0      0.0000     0.0000  0.0000  *SUB_UNS_OP_1_18_18
div1/sub_2028/*cell*113431            0.0000      0.0      0.0000     0.0000  0.0000  DW01_sub_width18
div1/sub_2040                         0.0000      0.0      0.0000     0.0000  0.0000  *SUB_UNS_OP_18_18_18
div1/sub_2040/*cell*113438            0.0000      0.0      0.0000     0.0000  0.0000  DW01_sub_width18
div1/sub_2052                         0.0000      0.0      0.0000     0.0000  0.0000  *SUB_UNS_OP_18_18_18
div1/sub_2052/*cell*113445            0.0000      0.0      0.0000     0.0000  0.0000  DW01_sub_width18
div1/sub_2064                         0.0000      0.0      0.0000     0.0000  0.0000  *SUB_UNS_OP_18_18_18
div1/sub_2064/*cell*113452            0.0000      0.0      0.0000     0.0000  0.0000  DW01_sub_width18
div1/sub_2076                         0.0000      0.0      0.0000     0.0000  0.0000  *SUB_UNS_OP_18_18_18
div1/sub_2076/*cell*113459            0.0000      0.0      0.0000     0.0000  0.0000  DW01_sub_width18
div1/sub_2088                         0.0000      0.0      0.0000     0.0000  0.0000  *SUB_UNS_OP_18_18_18
div1/sub_2088/*cell*113466            0.0000      0.0      0.0000     0.0000  0.0000  DW01_sub_width18
div1/sub_2100                         0.0000      0.0      0.0000     0.0000  0.0000  *SUB_UNS_OP_18_18_18
div1/sub_2100/*cell*113473            0.0000      0.0      0.0000     0.0000  0.0000  DW01_sub_width18
div1/sub_2112                         0.0000      0.0      0.0000     0.0000  0.0000  *SUB_UNS_OP_18_18_18
div1/sub_2112/*cell*113480            0.0000      0.0      0.0000     0.0000  0.0000  DW01_sub_width18
div1/sub_2124                         0.0000      0.0      0.0000     0.0000  0.0000  *SUB_UNS_OP_18_18_18
div1/sub_2124/*cell*113487            0.0000      0.0      0.0000     0.0000  0.0000  DW01_sub_width18
div1/sub_2136                         0.0000      0.0      0.0000     0.0000  0.0000  *SUB_UNS_OP_18_18_18
div1/sub_2136/*cell*113494            0.0000      0.0      0.0000     0.0000  0.0000  DW01_sub_width18
div1/sub_2148                         0.0000      0.0      0.0000     0.0000  0.0000  *SUB_UNS_OP_18_18_18
div1/sub_2148/*cell*113501            0.0000      0.0      0.0000     0.0000  0.0000  DW01_sub_width18
div1/sub_2160                         0.0000      0.0      0.0000     0.0000  0.0000  *SUB_UNS_OP_18_18_18
div1/sub_2160/*cell*113508            0.0000      0.0      0.0000     0.0000  0.0000  DW01_sub_width18
div1/sub_2172                         0.0000      0.0      0.0000     0.0000  0.0000  *SUB_UNS_OP_18_18_18
div1/sub_2172/*cell*113515            0.0000      0.0      0.0000     0.0000  0.0000  DW01_sub_width18
div1/sub_2184                         0.0000      0.0      0.0000     0.0000  0.0000  *SUB_UNS_OP_18_18_18
div1/sub_2184/*cell*113522            0.0000      0.0      0.0000     0.0000  0.0000  DW01_sub_width18
div1/sub_2196                         0.0000      0.0      0.0000     0.0000  0.0000  *SUB_UNS_OP_18_18_18
div1/sub_2196/*cell*113529            0.0000      0.0      0.0000     0.0000  0.0000  DW01_sub_width18
div1/sub_2208                         0.0000      0.0      0.0000     0.0000  0.0000  *SUB_UNS_OP_18_18_18
div1/sub_2208/*cell*113536            0.0000      0.0      0.0000     0.0000  0.0000  DW01_sub_width18
div1/sub_2220                         0.0000      0.0      0.0000     0.0000  0.0000  *SUB_UNS_OP_18_18_18
div1/sub_2220/*cell*113543            0.0000      0.0      0.0000     0.0000  0.0000  DW01_sub_width18
div1/sub_2232                         0.0000      0.0      0.0000     0.0000  0.0000  *SUB_UNS_OP_18_18_18
div1/sub_2232/*cell*113550            0.0000      0.0      0.0000     0.0000  0.0000  DW01_sub_width18
div1/sub_2244                         0.0000      0.0      0.0000     0.0000  0.0000  *SUB_UNS_OP_18_18_18
div1/sub_2244/*cell*113557            0.0000      0.0      0.0000     0.0000  0.0000  DW01_sub_width18
div1/sub_2256                         0.0000      0.0      0.0000     0.0000  0.0000  *SUB_UNS_OP_18_18_18
div1/sub_2256/*cell*113564            0.0000      0.0      0.0000     0.0000  0.0000  DW01_sub_width18
div1/sub_2268                         0.0000      0.0      0.0000     0.0000  0.0000  *SUB_UNS_OP_18_18_18
div1/sub_2268/*cell*113571            0.0000      0.0      0.0000     0.0000  0.0000  DW01_sub_width18
div1/sub_2280                         0.0000      0.0      0.0000     0.0000  0.0000  *SUB_UNS_OP_18_18_18
div1/sub_2280/*cell*113578            0.0000      0.0      0.0000     0.0000  0.0000  DW01_sub_width18
div1/sub_2292                         0.0000      0.0      0.0000     0.0000  0.0000  *SUB_UNS_OP_18_18_18
div1/sub_2292/*cell*113585            0.0000      0.0      0.0000     0.0000  0.0000  DW01_sub_width18
div1/sub_2304                         0.0000      0.0      0.0000     0.0000  0.0000  *SUB_UNS_OP_18_18_18
div1/sub_2304/*cell*113592            0.0000      0.0      0.0000     0.0000  0.0000  DW01_sub_width18
div2                                  0.0000      0.0      0.0000     0.0000  0.0000  div_mydesign_5
div2/gte_2026                         0.0000      0.0      0.0000     0.0000  0.0000  *GEQ_UNS_OP_19_18_1
div2/gte_2026/*cell*113596            0.0000      0.0      0.0000     0.0000  0.0000  DW01_cmp2_width19
div2/gte_2038                         0.0000      0.0      0.0000     0.0000  0.0000  *GEQ_UNS_OP_19_18_1
div2/gte_2038/*cell*113603            0.0000      0.0      0.0000     0.0000  0.0000  DW01_cmp2_width19
div2/gte_2050                         0.0000      0.0      0.0000     0.0000  0.0000  *GEQ_UNS_OP_19_18_1
div2/gte_2050/*cell*113610            0.0000      0.0      0.0000     0.0000  0.0000  DW01_cmp2_width19
div2/gte_2062                         0.0000      0.0      0.0000     0.0000  0.0000  *GEQ_UNS_OP_19_18_1
div2/gte_2062/*cell*113617            0.0000      0.0      0.0000     0.0000  0.0000  DW01_cmp2_width19
div2/gte_2074                         0.0000      0.0      0.0000     0.0000  0.0000  *GEQ_UNS_OP_19_18_1
div2/gte_2074/*cell*113624            0.0000      0.0      0.0000     0.0000  0.0000  DW01_cmp2_width19
div2/gte_2086                         0.0000      0.0      0.0000     0.0000  0.0000  *GEQ_UNS_OP_19_18_1
div2/gte_2086/*cell*113631            0.0000      0.0      0.0000     0.0000  0.0000  DW01_cmp2_width19
div2/gte_2098                         0.0000      0.0      0.0000     0.0000  0.0000  *GEQ_UNS_OP_19_18_1
div2/gte_2098/*cell*113638            0.0000      0.0      0.0000     0.0000  0.0000  DW01_cmp2_width19
div2/gte_2110                         0.0000      0.0      0.0000     0.0000  0.0000  *GEQ_UNS_OP_19_18_1
div2/gte_2110/*cell*113645            0.0000      0.0      0.0000     0.0000  0.0000  DW01_cmp2_width19
div2/gte_2122                         0.0000      0.0      0.0000     0.0000  0.0000  *GEQ_UNS_OP_19_18_1
div2/gte_2122/*cell*113652            0.0000      0.0      0.0000     0.0000  0.0000  DW01_cmp2_width19
div2/gte_2134                         0.0000      0.0      0.0000     0.0000  0.0000  *GEQ_UNS_OP_19_18_1
div2/gte_2134/*cell*113659            0.0000      0.0      0.0000     0.0000  0.0000  DW01_cmp2_width19
div2/gte_2146                         0.0000      0.0      0.0000     0.0000  0.0000  *GEQ_UNS_OP_19_18_1
div2/gte_2146/*cell*113666            0.0000      0.0      0.0000     0.0000  0.0000  DW01_cmp2_width19
div2/gte_2158                         0.0000      0.0      0.0000     0.0000  0.0000  *GEQ_UNS_OP_19_18_1
div2/gte_2158/*cell*113673            0.0000      0.0      0.0000     0.0000  0.0000  DW01_cmp2_width19
div2/gte_2170                         0.0000      0.0      0.0000     0.0000  0.0000  *GEQ_UNS_OP_19_18_1
div2/gte_2170/*cell*113680            0.0000      0.0      0.0000     0.0000  0.0000  DW01_cmp2_width19
div2/gte_2182                         0.0000      0.0      0.0000     0.0000  0.0000  *GEQ_UNS_OP_19_18_1
div2/gte_2182/*cell*113687            0.0000      0.0      0.0000     0.0000  0.0000  DW01_cmp2_width19
div2/gte_2194                         0.0000      0.0      0.0000     0.0000  0.0000  *GEQ_UNS_OP_19_18_1
div2/gte_2194/*cell*113694            0.0000      0.0      0.0000     0.0000  0.0000  DW01_cmp2_width19
div2/gte_2206                         0.0000      0.0      0.0000     0.0000  0.0000  *GEQ_UNS_OP_19_18_1
div2/gte_2206/*cell*113701            0.0000      0.0      0.0000     0.0000  0.0000  DW01_cmp2_width19
div2/gte_2218                         0.0000      0.0      0.0000     0.0000  0.0000  *GEQ_UNS_OP_19_18_1
div2/gte_2218/*cell*113708            0.0000      0.0      0.0000     0.0000  0.0000  DW01_cmp2_width19
div2/gte_2230                         0.0000      0.0      0.0000     0.0000  0.0000  *GEQ_UNS_OP_19_18_1
div2/gte_2230/*cell*113715            0.0000      0.0      0.0000     0.0000  0.0000  DW01_cmp2_width19
div2/gte_2242                         0.0000      0.0      0.0000     0.0000  0.0000  *GEQ_UNS_OP_19_18_1
div2/gte_2242/*cell*113722            0.0000      0.0      0.0000     0.0000  0.0000  DW01_cmp2_width19
div2/gte_2254                         0.0000      0.0      0.0000     0.0000  0.0000  *GEQ_UNS_OP_19_18_1
div2/gte_2254/*cell*113729            0.0000      0.0      0.0000     0.0000  0.0000  DW01_cmp2_width19
div2/gte_2266                         0.0000      0.0      0.0000     0.0000  0.0000  *GEQ_UNS_OP_19_18_1
div2/gte_2266/*cell*113736            0.0000      0.0      0.0000     0.0000  0.0000  DW01_cmp2_width19
div2/gte_2278                         0.0000      0.0      0.0000     0.0000  0.0000  *GEQ_UNS_OP_19_18_1
div2/gte_2278/*cell*113743            0.0000      0.0      0.0000     0.0000  0.0000  DW01_cmp2_width19
div2/gte_2290                         0.0000      0.0      0.0000     0.0000  0.0000  *GEQ_UNS_OP_19_18_1
div2/gte_2290/*cell*113750            0.0000      0.0      0.0000     0.0000  0.0000  DW01_cmp2_width19
div2/gte_2302                         0.0000      0.0      0.0000     0.0000  0.0000  *GEQ_UNS_OP_19_18_1
div2/gte_2302/*cell*113757            0.0000      0.0      0.0000     0.0000  0.0000  DW01_cmp2_width19
div2/sub_2028                         0.0000      0.0      0.0000     0.0000  0.0000  *SUB_UNS_OP_1_18_18
div2/sub_2028/*cell*113600            0.0000      0.0      0.0000     0.0000  0.0000  DW01_sub_width18
div2/sub_2040                         0.0000      0.0      0.0000     0.0000  0.0000  *SUB_UNS_OP_18_18_18
div2/sub_2040/*cell*113607            0.0000      0.0      0.0000     0.0000  0.0000  DW01_sub_width18
div2/sub_2052                         0.0000      0.0      0.0000     0.0000  0.0000  *SUB_UNS_OP_18_18_18
div2/sub_2052/*cell*113614            0.0000      0.0      0.0000     0.0000  0.0000  DW01_sub_width18
div2/sub_2064                         0.0000      0.0      0.0000     0.0000  0.0000  *SUB_UNS_OP_18_18_18
div2/sub_2064/*cell*113621            0.0000      0.0      0.0000     0.0000  0.0000  DW01_sub_width18
div2/sub_2076                         0.0000      0.0      0.0000     0.0000  0.0000  *SUB_UNS_OP_18_18_18
div2/sub_2076/*cell*113628            0.0000      0.0      0.0000     0.0000  0.0000  DW01_sub_width18
div2/sub_2088                         0.0000      0.0      0.0000     0.0000  0.0000  *SUB_UNS_OP_18_18_18
div2/sub_2088/*cell*113635            0.0000      0.0      0.0000     0.0000  0.0000  DW01_sub_width18
div2/sub_2100                         0.0000      0.0      0.0000     0.0000  0.0000  *SUB_UNS_OP_18_18_18
div2/sub_2100/*cell*113642            0.0000      0.0      0.0000     0.0000  0.0000  DW01_sub_width18
div2/sub_2112                         0.0000      0.0      0.0000     0.0000  0.0000  *SUB_UNS_OP_18_18_18
div2/sub_2112/*cell*113649            0.0000      0.0      0.0000     0.0000  0.0000  DW01_sub_width18
div2/sub_2124                         0.0000      0.0      0.0000     0.0000  0.0000  *SUB_UNS_OP_18_18_18
div2/sub_2124/*cell*113656            0.0000      0.0      0.0000     0.0000  0.0000  DW01_sub_width18
div2/sub_2136                         0.0000      0.0      0.0000     0.0000  0.0000  *SUB_UNS_OP_18_18_18
div2/sub_2136/*cell*113663            0.0000      0.0      0.0000     0.0000  0.0000  DW01_sub_width18
div2/sub_2148                         0.0000      0.0      0.0000     0.0000  0.0000  *SUB_UNS_OP_18_18_18
div2/sub_2148/*cell*113670            0.0000      0.0      0.0000     0.0000  0.0000  DW01_sub_width18
div2/sub_2160                         0.0000      0.0      0.0000     0.0000  0.0000  *SUB_UNS_OP_18_18_18
div2/sub_2160/*cell*113677            0.0000      0.0      0.0000     0.0000  0.0000  DW01_sub_width18
div2/sub_2172                         0.0000      0.0      0.0000     0.0000  0.0000  *SUB_UNS_OP_18_18_18
div2/sub_2172/*cell*113684            0.0000      0.0      0.0000     0.0000  0.0000  DW01_sub_width18
div2/sub_2184                         0.0000      0.0      0.0000     0.0000  0.0000  *SUB_UNS_OP_18_18_18
div2/sub_2184/*cell*113691            0.0000      0.0      0.0000     0.0000  0.0000  DW01_sub_width18
div2/sub_2196                         0.0000      0.0      0.0000     0.0000  0.0000  *SUB_UNS_OP_18_18_18
div2/sub_2196/*cell*113698            0.0000      0.0      0.0000     0.0000  0.0000  DW01_sub_width18
div2/sub_2208                         0.0000      0.0      0.0000     0.0000  0.0000  *SUB_UNS_OP_18_18_18
div2/sub_2208/*cell*113705            0.0000      0.0      0.0000     0.0000  0.0000  DW01_sub_width18
div2/sub_2220                         0.0000      0.0      0.0000     0.0000  0.0000  *SUB_UNS_OP_18_18_18
div2/sub_2220/*cell*113712            0.0000      0.0      0.0000     0.0000  0.0000  DW01_sub_width18
div2/sub_2232                         0.0000      0.0      0.0000     0.0000  0.0000  *SUB_UNS_OP_18_18_18
div2/sub_2232/*cell*113719            0.0000      0.0      0.0000     0.0000  0.0000  DW01_sub_width18
div2/sub_2244                         0.0000      0.0      0.0000     0.0000  0.0000  *SUB_UNS_OP_18_18_18
div2/sub_2244/*cell*113726            0.0000      0.0      0.0000     0.0000  0.0000  DW01_sub_width18
div2/sub_2256                         0.0000      0.0      0.0000     0.0000  0.0000  *SUB_UNS_OP_18_18_18
div2/sub_2256/*cell*113733            0.0000      0.0      0.0000     0.0000  0.0000  DW01_sub_width18
div2/sub_2268                         0.0000      0.0      0.0000     0.0000  0.0000  *SUB_UNS_OP_18_18_18
div2/sub_2268/*cell*113740            0.0000      0.0      0.0000     0.0000  0.0000  DW01_sub_width18
div2/sub_2280                         0.0000      0.0      0.0000     0.0000  0.0000  *SUB_UNS_OP_18_18_18
div2/sub_2280/*cell*113747            0.0000      0.0      0.0000     0.0000  0.0000  DW01_sub_width18
div2/sub_2292                         0.0000      0.0      0.0000     0.0000  0.0000  *SUB_UNS_OP_18_18_18
div2/sub_2292/*cell*113754            0.0000      0.0      0.0000     0.0000  0.0000  DW01_sub_width18
div2/sub_2304                         0.0000      0.0      0.0000     0.0000  0.0000  *SUB_UNS_OP_18_18_18
div2/sub_2304/*cell*113761            0.0000      0.0      0.0000     0.0000  0.0000  DW01_sub_width18
div3                                  0.0000      0.0      0.0000     0.0000  0.0000  div_mydesign_4
div3/gte_2026                         0.0000      0.0      0.0000     0.0000  0.0000  *GEQ_UNS_OP_19_18_1
div3/gte_2026/*cell*113765            0.0000      0.0      0.0000     0.0000  0.0000  DW01_cmp2_width19
div3/gte_2038                         0.0000      0.0      0.0000     0.0000  0.0000  *GEQ_UNS_OP_19_18_1
div3/gte_2038/*cell*113772            0.0000      0.0      0.0000     0.0000  0.0000  DW01_cmp2_width19
div3/gte_2050                         0.0000      0.0      0.0000     0.0000  0.0000  *GEQ_UNS_OP_19_18_1
div3/gte_2050/*cell*113779            0.0000      0.0      0.0000     0.0000  0.0000  DW01_cmp2_width19
div3/gte_2062                         0.0000      0.0      0.0000     0.0000  0.0000  *GEQ_UNS_OP_19_18_1
div3/gte_2062/*cell*113786            0.0000      0.0      0.0000     0.0000  0.0000  DW01_cmp2_width19
div3/gte_2074                         0.0000      0.0      0.0000     0.0000  0.0000  *GEQ_UNS_OP_19_18_1
div3/gte_2074/*cell*113793            0.0000      0.0      0.0000     0.0000  0.0000  DW01_cmp2_width19
div3/gte_2086                         0.0000      0.0      0.0000     0.0000  0.0000  *GEQ_UNS_OP_19_18_1
div3/gte_2086/*cell*113800            0.0000      0.0      0.0000     0.0000  0.0000  DW01_cmp2_width19
div3/gte_2098                         0.0000      0.0      0.0000     0.0000  0.0000  *GEQ_UNS_OP_19_18_1
div3/gte_2098/*cell*113807            0.0000      0.0      0.0000     0.0000  0.0000  DW01_cmp2_width19
div3/gte_2110                         0.0000      0.0      0.0000     0.0000  0.0000  *GEQ_UNS_OP_19_18_1
div3/gte_2110/*cell*113814            0.0000      0.0      0.0000     0.0000  0.0000  DW01_cmp2_width19
div3/gte_2122                         0.0000      0.0      0.0000     0.0000  0.0000  *GEQ_UNS_OP_19_18_1
div3/gte_2122/*cell*113821            0.0000      0.0      0.0000     0.0000  0.0000  DW01_cmp2_width19
div3/gte_2134                         0.0000      0.0      0.0000     0.0000  0.0000  *GEQ_UNS_OP_19_18_1
div3/gte_2134/*cell*113828            0.0000      0.0      0.0000     0.0000  0.0000  DW01_cmp2_width19
div3/gte_2146                         0.0000      0.0      0.0000     0.0000  0.0000  *GEQ_UNS_OP_19_18_1
div3/gte_2146/*cell*113835            0.0000      0.0      0.0000     0.0000  0.0000  DW01_cmp2_width19
div3/gte_2158                         0.0000      0.0      0.0000     0.0000  0.0000  *GEQ_UNS_OP_19_18_1
div3/gte_2158/*cell*113842            0.0000      0.0      0.0000     0.0000  0.0000  DW01_cmp2_width19
div3/gte_2170                         0.0000      0.0      0.0000     0.0000  0.0000  *GEQ_UNS_OP_19_18_1
div3/gte_2170/*cell*113849            0.0000      0.0      0.0000     0.0000  0.0000  DW01_cmp2_width19
div3/gte_2182                         0.0000      0.0      0.0000     0.0000  0.0000  *GEQ_UNS_OP_19_18_1
div3/gte_2182/*cell*113856            0.0000      0.0      0.0000     0.0000  0.0000  DW01_cmp2_width19
div3/gte_2194                         0.0000      0.0      0.0000     0.0000  0.0000  *GEQ_UNS_OP_19_18_1
div3/gte_2194/*cell*113863            0.0000      0.0      0.0000     0.0000  0.0000  DW01_cmp2_width19
div3/gte_2206                         0.0000      0.0      0.0000     0.0000  0.0000  *GEQ_UNS_OP_19_18_1
div3/gte_2206/*cell*113870            0.0000      0.0      0.0000     0.0000  0.0000  DW01_cmp2_width19
div3/gte_2218                         0.0000      0.0      0.0000     0.0000  0.0000  *GEQ_UNS_OP_19_18_1
div3/gte_2218/*cell*113877            0.0000      0.0      0.0000     0.0000  0.0000  DW01_cmp2_width19
div3/gte_2230                         0.0000      0.0      0.0000     0.0000  0.0000  *GEQ_UNS_OP_19_18_1
div3/gte_2230/*cell*113884            0.0000      0.0      0.0000     0.0000  0.0000  DW01_cmp2_width19
div3/gte_2242                         0.0000      0.0      0.0000     0.0000  0.0000  *GEQ_UNS_OP_19_18_1
div3/gte_2242/*cell*113891            0.0000      0.0      0.0000     0.0000  0.0000  DW01_cmp2_width19
div3/gte_2254                         0.0000      0.0      0.0000     0.0000  0.0000  *GEQ_UNS_OP_19_18_1
div3/gte_2254/*cell*113898            0.0000      0.0      0.0000     0.0000  0.0000  DW01_cmp2_width19
div3/gte_2266                         0.0000      0.0      0.0000     0.0000  0.0000  *GEQ_UNS_OP_19_18_1
div3/gte_2266/*cell*113905            0.0000      0.0      0.0000     0.0000  0.0000  DW01_cmp2_width19
div3/gte_2278                         0.0000      0.0      0.0000     0.0000  0.0000  *GEQ_UNS_OP_19_18_1
div3/gte_2278/*cell*113912            0.0000      0.0      0.0000     0.0000  0.0000  DW01_cmp2_width19
div3/gte_2290                         0.0000      0.0      0.0000     0.0000  0.0000  *GEQ_UNS_OP_19_18_1
div3/gte_2290/*cell*113919            0.0000      0.0      0.0000     0.0000  0.0000  DW01_cmp2_width19
div3/gte_2302                         0.0000      0.0      0.0000     0.0000  0.0000  *GEQ_UNS_OP_19_18_1
div3/gte_2302/*cell*113926            0.0000      0.0      0.0000     0.0000  0.0000  DW01_cmp2_width19
div3/sub_2028                         0.0000      0.0      0.0000     0.0000  0.0000  *SUB_UNS_OP_1_18_18
div3/sub_2028/*cell*113769            0.0000      0.0      0.0000     0.0000  0.0000  DW01_sub_width18
div3/sub_2040                         0.0000      0.0      0.0000     0.0000  0.0000  *SUB_UNS_OP_18_18_18
div3/sub_2040/*cell*113776            0.0000      0.0      0.0000     0.0000  0.0000  DW01_sub_width18
div3/sub_2052                         0.0000      0.0      0.0000     0.0000  0.0000  *SUB_UNS_OP_18_18_18
div3/sub_2052/*cell*113783            0.0000      0.0      0.0000     0.0000  0.0000  DW01_sub_width18
div3/sub_2064                         0.0000      0.0      0.0000     0.0000  0.0000  *SUB_UNS_OP_18_18_18
div3/sub_2064/*cell*113790            0.0000      0.0      0.0000     0.0000  0.0000  DW01_sub_width18
div3/sub_2076                         0.0000      0.0      0.0000     0.0000  0.0000  *SUB_UNS_OP_18_18_18
div3/sub_2076/*cell*113797            0.0000      0.0      0.0000     0.0000  0.0000  DW01_sub_width18
div3/sub_2088                         0.0000      0.0      0.0000     0.0000  0.0000  *SUB_UNS_OP_18_18_18
div3/sub_2088/*cell*113804            0.0000      0.0      0.0000     0.0000  0.0000  DW01_sub_width18
div3/sub_2100                         0.0000      0.0      0.0000     0.0000  0.0000  *SUB_UNS_OP_18_18_18
div3/sub_2100/*cell*113811            0.0000      0.0      0.0000     0.0000  0.0000  DW01_sub_width18
div3/sub_2112                         0.0000      0.0      0.0000     0.0000  0.0000  *SUB_UNS_OP_18_18_18
div3/sub_2112/*cell*113818            0.0000      0.0      0.0000     0.0000  0.0000  DW01_sub_width18
div3/sub_2124                         0.0000      0.0      0.0000     0.0000  0.0000  *SUB_UNS_OP_18_18_18
div3/sub_2124/*cell*113825            0.0000      0.0      0.0000     0.0000  0.0000  DW01_sub_width18
div3/sub_2136                         0.0000      0.0      0.0000     0.0000  0.0000  *SUB_UNS_OP_18_18_18
div3/sub_2136/*cell*113832            0.0000      0.0      0.0000     0.0000  0.0000  DW01_sub_width18
div3/sub_2148                         0.0000      0.0      0.0000     0.0000  0.0000  *SUB_UNS_OP_18_18_18
div3/sub_2148/*cell*113839            0.0000      0.0      0.0000     0.0000  0.0000  DW01_sub_width18
div3/sub_2160                         0.0000      0.0      0.0000     0.0000  0.0000  *SUB_UNS_OP_18_18_18
div3/sub_2160/*cell*113846            0.0000      0.0      0.0000     0.0000  0.0000  DW01_sub_width18
div3/sub_2172                         0.0000      0.0      0.0000     0.0000  0.0000  *SUB_UNS_OP_18_18_18
div3/sub_2172/*cell*113853            0.0000      0.0      0.0000     0.0000  0.0000  DW01_sub_width18
div3/sub_2184                         0.0000      0.0      0.0000     0.0000  0.0000  *SUB_UNS_OP_18_18_18
div3/sub_2184/*cell*113860            0.0000      0.0      0.0000     0.0000  0.0000  DW01_sub_width18
div3/sub_2196                         0.0000      0.0      0.0000     0.0000  0.0000  *SUB_UNS_OP_18_18_18
div3/sub_2196/*cell*113867            0.0000      0.0      0.0000     0.0000  0.0000  DW01_sub_width18
div3/sub_2208                         0.0000      0.0      0.0000     0.0000  0.0000  *SUB_UNS_OP_18_18_18
div3/sub_2208/*cell*113874            0.0000      0.0      0.0000     0.0000  0.0000  DW01_sub_width18
div3/sub_2220                         0.0000      0.0      0.0000     0.0000  0.0000  *SUB_UNS_OP_18_18_18
div3/sub_2220/*cell*113881            0.0000      0.0      0.0000     0.0000  0.0000  DW01_sub_width18
div3/sub_2232                         0.0000      0.0      0.0000     0.0000  0.0000  *SUB_UNS_OP_18_18_18
div3/sub_2232/*cell*113888            0.0000      0.0      0.0000     0.0000  0.0000  DW01_sub_width18
div3/sub_2244                         0.0000      0.0      0.0000     0.0000  0.0000  *SUB_UNS_OP_18_18_18
div3/sub_2244/*cell*113895            0.0000      0.0      0.0000     0.0000  0.0000  DW01_sub_width18
div3/sub_2256                         0.0000      0.0      0.0000     0.0000  0.0000  *SUB_UNS_OP_18_18_18
div3/sub_2256/*cell*113902            0.0000      0.0      0.0000     0.0000  0.0000  DW01_sub_width18
div3/sub_2268                         0.0000      0.0      0.0000     0.0000  0.0000  *SUB_UNS_OP_18_18_18
div3/sub_2268/*cell*113909            0.0000      0.0      0.0000     0.0000  0.0000  DW01_sub_width18
div3/sub_2280                         0.0000      0.0      0.0000     0.0000  0.0000  *SUB_UNS_OP_18_18_18
div3/sub_2280/*cell*113916            0.0000      0.0      0.0000     0.0000  0.0000  DW01_sub_width18
div3/sub_2292                         0.0000      0.0      0.0000     0.0000  0.0000  *SUB_UNS_OP_18_18_18
div3/sub_2292/*cell*113923            0.0000      0.0      0.0000     0.0000  0.0000  DW01_sub_width18
div3/sub_2304                         0.0000      0.0      0.0000     0.0000  0.0000  *SUB_UNS_OP_18_18_18
div3/sub_2304/*cell*113930            0.0000      0.0      0.0000     0.0000  0.0000  DW01_sub_width18
div4                                  0.0000      0.0      0.0000     0.0000  0.0000  div_mydesign_3
div4/gte_2026                         0.0000      0.0      0.0000     0.0000  0.0000  *GEQ_UNS_OP_19_18_1
div4/gte_2026/*cell*113934            0.0000      0.0      0.0000     0.0000  0.0000  DW01_cmp2_width19
div4/gte_2038                         0.0000      0.0      0.0000     0.0000  0.0000  *GEQ_UNS_OP_19_18_1
div4/gte_2038/*cell*113941            0.0000      0.0      0.0000     0.0000  0.0000  DW01_cmp2_width19
div4/gte_2050                         0.0000      0.0      0.0000     0.0000  0.0000  *GEQ_UNS_OP_19_18_1
div4/gte_2050/*cell*113948            0.0000      0.0      0.0000     0.0000  0.0000  DW01_cmp2_width19
div4/gte_2062                         0.0000      0.0      0.0000     0.0000  0.0000  *GEQ_UNS_OP_19_18_1
div4/gte_2062/*cell*113955            0.0000      0.0      0.0000     0.0000  0.0000  DW01_cmp2_width19
div4/gte_2074                         0.0000      0.0      0.0000     0.0000  0.0000  *GEQ_UNS_OP_19_18_1
div4/gte_2074/*cell*113962            0.0000      0.0      0.0000     0.0000  0.0000  DW01_cmp2_width19
div4/gte_2086                         0.0000      0.0      0.0000     0.0000  0.0000  *GEQ_UNS_OP_19_18_1
div4/gte_2086/*cell*113969            0.0000      0.0      0.0000     0.0000  0.0000  DW01_cmp2_width19
div4/gte_2098                         0.0000      0.0      0.0000     0.0000  0.0000  *GEQ_UNS_OP_19_18_1
div4/gte_2098/*cell*113976            0.0000      0.0      0.0000     0.0000  0.0000  DW01_cmp2_width19
div4/gte_2110                         0.0000      0.0      0.0000     0.0000  0.0000  *GEQ_UNS_OP_19_18_1
div4/gte_2110/*cell*113983            0.0000      0.0      0.0000     0.0000  0.0000  DW01_cmp2_width19
div4/gte_2122                         0.0000      0.0      0.0000     0.0000  0.0000  *GEQ_UNS_OP_19_18_1
div4/gte_2122/*cell*113990            0.0000      0.0      0.0000     0.0000  0.0000  DW01_cmp2_width19
div4/gte_2134                         0.0000      0.0      0.0000     0.0000  0.0000  *GEQ_UNS_OP_19_18_1
div4/gte_2134/*cell*113997            0.0000      0.0      0.0000     0.0000  0.0000  DW01_cmp2_width19
div4/gte_2146                         0.0000      0.0      0.0000     0.0000  0.0000  *GEQ_UNS_OP_19_18_1
div4/gte_2146/*cell*114004            0.0000      0.0      0.0000     0.0000  0.0000  DW01_cmp2_width19
div4/gte_2158                         0.0000      0.0      0.0000     0.0000  0.0000  *GEQ_UNS_OP_19_18_1
div4/gte_2158/*cell*114011            0.0000      0.0      0.0000     0.0000  0.0000  DW01_cmp2_width19
div4/gte_2170                         0.0000      0.0      0.0000     0.0000  0.0000  *GEQ_UNS_OP_19_18_1
div4/gte_2170/*cell*114018            0.0000      0.0      0.0000     0.0000  0.0000  DW01_cmp2_width19
div4/gte_2182                         0.0000      0.0      0.0000     0.0000  0.0000  *GEQ_UNS_OP_19_18_1
div4/gte_2182/*cell*114025            0.0000      0.0      0.0000     0.0000  0.0000  DW01_cmp2_width19
div4/gte_2194                         0.0000      0.0      0.0000     0.0000  0.0000  *GEQ_UNS_OP_19_18_1
div4/gte_2194/*cell*114032            0.0000      0.0      0.0000     0.0000  0.0000  DW01_cmp2_width19
div4/gte_2206                         0.0000      0.0      0.0000     0.0000  0.0000  *GEQ_UNS_OP_19_18_1
div4/gte_2206/*cell*114039            0.0000      0.0      0.0000     0.0000  0.0000  DW01_cmp2_width19
div4/gte_2218                         0.0000      0.0      0.0000     0.0000  0.0000  *GEQ_UNS_OP_19_18_1
div4/gte_2218/*cell*114046            0.0000      0.0      0.0000     0.0000  0.0000  DW01_cmp2_width19
div4/gte_2230                         0.0000      0.0      0.0000     0.0000  0.0000  *GEQ_UNS_OP_19_18_1
div4/gte_2230/*cell*114053            0.0000      0.0      0.0000     0.0000  0.0000  DW01_cmp2_width19
div4/gte_2242                         0.0000      0.0      0.0000     0.0000  0.0000  *GEQ_UNS_OP_19_18_1
div4/gte_2242/*cell*114060            0.0000      0.0      0.0000     0.0000  0.0000  DW01_cmp2_width19
div4/gte_2254                         0.0000      0.0      0.0000     0.0000  0.0000  *GEQ_UNS_OP_19_18_1
div4/gte_2254/*cell*114067            0.0000      0.0      0.0000     0.0000  0.0000  DW01_cmp2_width19
div4/gte_2266                         0.0000      0.0      0.0000     0.0000  0.0000  *GEQ_UNS_OP_19_18_1
div4/gte_2266/*cell*114074            0.0000      0.0      0.0000     0.0000  0.0000  DW01_cmp2_width19
div4/gte_2278                         0.0000      0.0      0.0000     0.0000  0.0000  *GEQ_UNS_OP_19_18_1
div4/gte_2278/*cell*114081            0.0000      0.0      0.0000     0.0000  0.0000  DW01_cmp2_width19
div4/gte_2290                         0.0000      0.0      0.0000     0.0000  0.0000  *GEQ_UNS_OP_19_18_1
div4/gte_2290/*cell*114088            0.0000      0.0      0.0000     0.0000  0.0000  DW01_cmp2_width19
div4/gte_2302                         0.0000      0.0      0.0000     0.0000  0.0000  *GEQ_UNS_OP_19_18_1
div4/gte_2302/*cell*114095            0.0000      0.0      0.0000     0.0000  0.0000  DW01_cmp2_width19
div4/sub_2028                         0.0000      0.0      0.0000     0.0000  0.0000  *SUB_UNS_OP_1_18_18
div4/sub_2028/*cell*113938            0.0000      0.0      0.0000     0.0000  0.0000  DW01_sub_width18
div4/sub_2040                         0.0000      0.0      0.0000     0.0000  0.0000  *SUB_UNS_OP_18_18_18
div4/sub_2040/*cell*113945            0.0000      0.0      0.0000     0.0000  0.0000  DW01_sub_width18
div4/sub_2052                         0.0000      0.0      0.0000     0.0000  0.0000  *SUB_UNS_OP_18_18_18
div4/sub_2052/*cell*113952            0.0000      0.0      0.0000     0.0000  0.0000  DW01_sub_width18
div4/sub_2064                         0.0000      0.0      0.0000     0.0000  0.0000  *SUB_UNS_OP_18_18_18
div4/sub_2064/*cell*113959            0.0000      0.0      0.0000     0.0000  0.0000  DW01_sub_width18
div4/sub_2076                         0.0000      0.0      0.0000     0.0000  0.0000  *SUB_UNS_OP_18_18_18
div4/sub_2076/*cell*113966            0.0000      0.0      0.0000     0.0000  0.0000  DW01_sub_width18
div4/sub_2088                         0.0000      0.0      0.0000     0.0000  0.0000  *SUB_UNS_OP_18_18_18
div4/sub_2088/*cell*113973            0.0000      0.0      0.0000     0.0000  0.0000  DW01_sub_width18
div4/sub_2100                         0.0000      0.0      0.0000     0.0000  0.0000  *SUB_UNS_OP_18_18_18
div4/sub_2100/*cell*113980            0.0000      0.0      0.0000     0.0000  0.0000  DW01_sub_width18
div4/sub_2112                         0.0000      0.0      0.0000     0.0000  0.0000  *SUB_UNS_OP_18_18_18
div4/sub_2112/*cell*113987            0.0000      0.0      0.0000     0.0000  0.0000  DW01_sub_width18
div4/sub_2124                         0.0000      0.0      0.0000     0.0000  0.0000  *SUB_UNS_OP_18_18_18
div4/sub_2124/*cell*113994            0.0000      0.0      0.0000     0.0000  0.0000  DW01_sub_width18
div4/sub_2136                         0.0000      0.0      0.0000     0.0000  0.0000  *SUB_UNS_OP_18_18_18
div4/sub_2136/*cell*114001            0.0000      0.0      0.0000     0.0000  0.0000  DW01_sub_width18
div4/sub_2148                         0.0000      0.0      0.0000     0.0000  0.0000  *SUB_UNS_OP_18_18_18
div4/sub_2148/*cell*114008            0.0000      0.0      0.0000     0.0000  0.0000  DW01_sub_width18
div4/sub_2160                         0.0000      0.0      0.0000     0.0000  0.0000  *SUB_UNS_OP_18_18_18
div4/sub_2160/*cell*114015            0.0000      0.0      0.0000     0.0000  0.0000  DW01_sub_width18
div4/sub_2172                         0.0000      0.0      0.0000     0.0000  0.0000  *SUB_UNS_OP_18_18_18
div4/sub_2172/*cell*114022            0.0000      0.0      0.0000     0.0000  0.0000  DW01_sub_width18
div4/sub_2184                         0.0000      0.0      0.0000     0.0000  0.0000  *SUB_UNS_OP_18_18_18
div4/sub_2184/*cell*114029            0.0000      0.0      0.0000     0.0000  0.0000  DW01_sub_width18
div4/sub_2196                         0.0000      0.0      0.0000     0.0000  0.0000  *SUB_UNS_OP_18_18_18
div4/sub_2196/*cell*114036            0.0000      0.0      0.0000     0.0000  0.0000  DW01_sub_width18
div4/sub_2208                         0.0000      0.0      0.0000     0.0000  0.0000  *SUB_UNS_OP_18_18_18
div4/sub_2208/*cell*114043            0.0000      0.0      0.0000     0.0000  0.0000  DW01_sub_width18
div4/sub_2220                         0.0000      0.0      0.0000     0.0000  0.0000  *SUB_UNS_OP_18_18_18
div4/sub_2220/*cell*114050            0.0000      0.0      0.0000     0.0000  0.0000  DW01_sub_width18
div4/sub_2232                         0.0000      0.0      0.0000     0.0000  0.0000  *SUB_UNS_OP_18_18_18
div4/sub_2232/*cell*114057            0.0000      0.0      0.0000     0.0000  0.0000  DW01_sub_width18
div4/sub_2244                         0.0000      0.0      0.0000     0.0000  0.0000  *SUB_UNS_OP_18_18_18
div4/sub_2244/*cell*114064            0.0000      0.0      0.0000     0.0000  0.0000  DW01_sub_width18
div4/sub_2256                         0.0000      0.0      0.0000     0.0000  0.0000  *SUB_UNS_OP_18_18_18
div4/sub_2256/*cell*114071            0.0000      0.0      0.0000     0.0000  0.0000  DW01_sub_width18
div4/sub_2268                         0.0000      0.0      0.0000     0.0000  0.0000  *SUB_UNS_OP_18_18_18
div4/sub_2268/*cell*114078            0.0000      0.0      0.0000     0.0000  0.0000  DW01_sub_width18
div4/sub_2280                         0.0000      0.0      0.0000     0.0000  0.0000  *SUB_UNS_OP_18_18_18
div4/sub_2280/*cell*114085            0.0000      0.0      0.0000     0.0000  0.0000  DW01_sub_width18
div4/sub_2292                         0.0000      0.0      0.0000     0.0000  0.0000  *SUB_UNS_OP_18_18_18
div4/sub_2292/*cell*114092            0.0000      0.0      0.0000     0.0000  0.0000  DW01_sub_width18
div4/sub_2304                         0.0000      0.0      0.0000     0.0000  0.0000  *SUB_UNS_OP_18_18_18
div4/sub_2304/*cell*114099            0.0000      0.0      0.0000     0.0000  0.0000  DW01_sub_width18
div5                                  0.0000      0.0      0.0000     0.0000  0.0000  div_mydesign_2
div5/gte_2026                         0.0000      0.0      0.0000     0.0000  0.0000  *GEQ_UNS_OP_19_18_1
div5/gte_2026/*cell*114103            0.0000      0.0      0.0000     0.0000  0.0000  DW01_cmp2_width19
div5/gte_2038                         0.0000      0.0      0.0000     0.0000  0.0000  *GEQ_UNS_OP_19_18_1
div5/gte_2038/*cell*114110            0.0000      0.0      0.0000     0.0000  0.0000  DW01_cmp2_width19
div5/gte_2050                         0.0000      0.0      0.0000     0.0000  0.0000  *GEQ_UNS_OP_19_18_1
div5/gte_2050/*cell*114117            0.0000      0.0      0.0000     0.0000  0.0000  DW01_cmp2_width19
div5/gte_2062                         0.0000      0.0      0.0000     0.0000  0.0000  *GEQ_UNS_OP_19_18_1
div5/gte_2062/*cell*114124            0.0000      0.0      0.0000     0.0000  0.0000  DW01_cmp2_width19
div5/gte_2074                         0.0000      0.0      0.0000     0.0000  0.0000  *GEQ_UNS_OP_19_18_1
div5/gte_2074/*cell*114131            0.0000      0.0      0.0000     0.0000  0.0000  DW01_cmp2_width19
div5/gte_2086                         0.0000      0.0      0.0000     0.0000  0.0000  *GEQ_UNS_OP_19_18_1
div5/gte_2086/*cell*114138            0.0000      0.0      0.0000     0.0000  0.0000  DW01_cmp2_width19
div5/gte_2098                         0.0000      0.0      0.0000     0.0000  0.0000  *GEQ_UNS_OP_19_18_1
div5/gte_2098/*cell*114145            0.0000      0.0      0.0000     0.0000  0.0000  DW01_cmp2_width19
div5/gte_2110                         0.0000      0.0      0.0000     0.0000  0.0000  *GEQ_UNS_OP_19_18_1
div5/gte_2110/*cell*114152            0.0000      0.0      0.0000     0.0000  0.0000  DW01_cmp2_width19
div5/gte_2122                         0.0000      0.0      0.0000     0.0000  0.0000  *GEQ_UNS_OP_19_18_1
div5/gte_2122/*cell*114159            0.0000      0.0      0.0000     0.0000  0.0000  DW01_cmp2_width19
div5/gte_2134                         0.0000      0.0      0.0000     0.0000  0.0000  *GEQ_UNS_OP_19_18_1
div5/gte_2134/*cell*114166            0.0000      0.0      0.0000     0.0000  0.0000  DW01_cmp2_width19
div5/gte_2146                         0.0000      0.0      0.0000     0.0000  0.0000  *GEQ_UNS_OP_19_18_1
div5/gte_2146/*cell*114173            0.0000      0.0      0.0000     0.0000  0.0000  DW01_cmp2_width19
div5/gte_2158                         0.0000      0.0      0.0000     0.0000  0.0000  *GEQ_UNS_OP_19_18_1
div5/gte_2158/*cell*114180            0.0000      0.0      0.0000     0.0000  0.0000  DW01_cmp2_width19
div5/gte_2170                         0.0000      0.0      0.0000     0.0000  0.0000  *GEQ_UNS_OP_19_18_1
div5/gte_2170/*cell*114187            0.0000      0.0      0.0000     0.0000  0.0000  DW01_cmp2_width19
div5/gte_2182                         0.0000      0.0      0.0000     0.0000  0.0000  *GEQ_UNS_OP_19_18_1
div5/gte_2182/*cell*114194            0.0000      0.0      0.0000     0.0000  0.0000  DW01_cmp2_width19
div5/gte_2194                         0.0000      0.0      0.0000     0.0000  0.0000  *GEQ_UNS_OP_19_18_1
div5/gte_2194/*cell*114201            0.0000      0.0      0.0000     0.0000  0.0000  DW01_cmp2_width19
div5/gte_2206                         0.0000      0.0      0.0000     0.0000  0.0000  *GEQ_UNS_OP_19_18_1
div5/gte_2206/*cell*114208            0.0000      0.0      0.0000     0.0000  0.0000  DW01_cmp2_width19
div5/gte_2218                         0.0000      0.0      0.0000     0.0000  0.0000  *GEQ_UNS_OP_19_18_1
div5/gte_2218/*cell*114215            0.0000      0.0      0.0000     0.0000  0.0000  DW01_cmp2_width19
div5/gte_2230                         0.0000      0.0      0.0000     0.0000  0.0000  *GEQ_UNS_OP_19_18_1
div5/gte_2230/*cell*114222            0.0000      0.0      0.0000     0.0000  0.0000  DW01_cmp2_width19
div5/gte_2242                         0.0000      0.0      0.0000     0.0000  0.0000  *GEQ_UNS_OP_19_18_1
div5/gte_2242/*cell*114229            0.0000      0.0      0.0000     0.0000  0.0000  DW01_cmp2_width19
div5/gte_2254                         0.0000      0.0      0.0000     0.0000  0.0000  *GEQ_UNS_OP_19_18_1
div5/gte_2254/*cell*114236            0.0000      0.0      0.0000     0.0000  0.0000  DW01_cmp2_width19
div5/gte_2266                         0.0000      0.0      0.0000     0.0000  0.0000  *GEQ_UNS_OP_19_18_1
div5/gte_2266/*cell*114243            0.0000      0.0      0.0000     0.0000  0.0000  DW01_cmp2_width19
div5/gte_2278                         0.0000      0.0      0.0000     0.0000  0.0000  *GEQ_UNS_OP_19_18_1
div5/gte_2278/*cell*114250            0.0000      0.0      0.0000     0.0000  0.0000  DW01_cmp2_width19
div5/gte_2290                         0.0000      0.0      0.0000     0.0000  0.0000  *GEQ_UNS_OP_19_18_1
div5/gte_2290/*cell*114257            0.0000      0.0      0.0000     0.0000  0.0000  DW01_cmp2_width19
div5/gte_2302                         0.0000      0.0      0.0000     0.0000  0.0000  *GEQ_UNS_OP_19_18_1
div5/gte_2302/*cell*114264            0.0000      0.0      0.0000     0.0000  0.0000  DW01_cmp2_width19
div5/sub_2028                         0.0000      0.0      0.0000     0.0000  0.0000  *SUB_UNS_OP_1_18_18
div5/sub_2028/*cell*114107            0.0000      0.0      0.0000     0.0000  0.0000  DW01_sub_width18
div5/sub_2040                         0.0000      0.0      0.0000     0.0000  0.0000  *SUB_UNS_OP_18_18_18
div5/sub_2040/*cell*114114            0.0000      0.0      0.0000     0.0000  0.0000  DW01_sub_width18
div5/sub_2052                         0.0000      0.0      0.0000     0.0000  0.0000  *SUB_UNS_OP_18_18_18
div5/sub_2052/*cell*114121            0.0000      0.0      0.0000     0.0000  0.0000  DW01_sub_width18
div5/sub_2064                         0.0000      0.0      0.0000     0.0000  0.0000  *SUB_UNS_OP_18_18_18
div5/sub_2064/*cell*114128            0.0000      0.0      0.0000     0.0000  0.0000  DW01_sub_width18
div5/sub_2076                         0.0000      0.0      0.0000     0.0000  0.0000  *SUB_UNS_OP_18_18_18
div5/sub_2076/*cell*114135            0.0000      0.0      0.0000     0.0000  0.0000  DW01_sub_width18
div5/sub_2088                         0.0000      0.0      0.0000     0.0000  0.0000  *SUB_UNS_OP_18_18_18
div5/sub_2088/*cell*114142            0.0000      0.0      0.0000     0.0000  0.0000  DW01_sub_width18
div5/sub_2100                         0.0000      0.0      0.0000     0.0000  0.0000  *SUB_UNS_OP_18_18_18
div5/sub_2100/*cell*114149            0.0000      0.0      0.0000     0.0000  0.0000  DW01_sub_width18
div5/sub_2112                         0.0000      0.0      0.0000     0.0000  0.0000  *SUB_UNS_OP_18_18_18
div5/sub_2112/*cell*114156            0.0000      0.0      0.0000     0.0000  0.0000  DW01_sub_width18
div5/sub_2124                         0.0000      0.0      0.0000     0.0000  0.0000  *SUB_UNS_OP_18_18_18
div5/sub_2124/*cell*114163            0.0000      0.0      0.0000     0.0000  0.0000  DW01_sub_width18
div5/sub_2136                         0.0000      0.0      0.0000     0.0000  0.0000  *SUB_UNS_OP_18_18_18
div5/sub_2136/*cell*114170            0.0000      0.0      0.0000     0.0000  0.0000  DW01_sub_width18
div5/sub_2148                         0.0000      0.0      0.0000     0.0000  0.0000  *SUB_UNS_OP_18_18_18
div5/sub_2148/*cell*114177            0.0000      0.0      0.0000     0.0000  0.0000  DW01_sub_width18
div5/sub_2160                         0.0000      0.0      0.0000     0.0000  0.0000  *SUB_UNS_OP_18_18_18
div5/sub_2160/*cell*114184            0.0000      0.0      0.0000     0.0000  0.0000  DW01_sub_width18
div5/sub_2172                         0.0000      0.0      0.0000     0.0000  0.0000  *SUB_UNS_OP_18_18_18
div5/sub_2172/*cell*114191            0.0000      0.0      0.0000     0.0000  0.0000  DW01_sub_width18
div5/sub_2184                         0.0000      0.0      0.0000     0.0000  0.0000  *SUB_UNS_OP_18_18_18
div5/sub_2184/*cell*114198            0.0000      0.0      0.0000     0.0000  0.0000  DW01_sub_width18
div5/sub_2196                         0.0000      0.0      0.0000     0.0000  0.0000  *SUB_UNS_OP_18_18_18
div5/sub_2196/*cell*114205            0.0000      0.0      0.0000     0.0000  0.0000  DW01_sub_width18
div5/sub_2208                         0.0000      0.0      0.0000     0.0000  0.0000  *SUB_UNS_OP_18_18_18
div5/sub_2208/*cell*114212            0.0000      0.0      0.0000     0.0000  0.0000  DW01_sub_width18
div5/sub_2220                         0.0000      0.0      0.0000     0.0000  0.0000  *SUB_UNS_OP_18_18_18
div5/sub_2220/*cell*114219            0.0000      0.0      0.0000     0.0000  0.0000  DW01_sub_width18
div5/sub_2232                         0.0000      0.0      0.0000     0.0000  0.0000  *SUB_UNS_OP_18_18_18
div5/sub_2232/*cell*114226            0.0000      0.0      0.0000     0.0000  0.0000  DW01_sub_width18
div5/sub_2244                         0.0000      0.0      0.0000     0.0000  0.0000  *SUB_UNS_OP_18_18_18
div5/sub_2244/*cell*114233            0.0000      0.0      0.0000     0.0000  0.0000  DW01_sub_width18
div5/sub_2256                         0.0000      0.0      0.0000     0.0000  0.0000  *SUB_UNS_OP_18_18_18
div5/sub_2256/*cell*114240            0.0000      0.0      0.0000     0.0000  0.0000  DW01_sub_width18
div5/sub_2268                         0.0000      0.0      0.0000     0.0000  0.0000  *SUB_UNS_OP_18_18_18
div5/sub_2268/*cell*114247            0.0000      0.0      0.0000     0.0000  0.0000  DW01_sub_width18
div5/sub_2280                         0.0000      0.0      0.0000     0.0000  0.0000  *SUB_UNS_OP_18_18_18
div5/sub_2280/*cell*114254            0.0000      0.0      0.0000     0.0000  0.0000  DW01_sub_width18
div5/sub_2292                         0.0000      0.0      0.0000     0.0000  0.0000  *SUB_UNS_OP_18_18_18
div5/sub_2292/*cell*114261            0.0000      0.0      0.0000     0.0000  0.0000  DW01_sub_width18
div5/sub_2304                         0.0000      0.0      0.0000     0.0000  0.0000  *SUB_UNS_OP_18_18_18
div5/sub_2304/*cell*114268            0.0000      0.0      0.0000     0.0000  0.0000  DW01_sub_width18
div6                                  0.0000      0.0      0.0000     0.0000  0.0000  div_mydesign_1
div6/gte_2026                         0.0000      0.0      0.0000     0.0000  0.0000  *GEQ_UNS_OP_19_18_1
div6/gte_2026/*cell*114272            0.0000      0.0      0.0000     0.0000  0.0000  DW01_cmp2_width19
div6/gte_2038                         0.0000      0.0      0.0000     0.0000  0.0000  *GEQ_UNS_OP_19_18_1
div6/gte_2038/*cell*114279            0.0000      0.0      0.0000     0.0000  0.0000  DW01_cmp2_width19
div6/gte_2050                         0.0000      0.0      0.0000     0.0000  0.0000  *GEQ_UNS_OP_19_18_1
div6/gte_2050/*cell*114286            0.0000      0.0      0.0000     0.0000  0.0000  DW01_cmp2_width19
div6/gte_2062                         0.0000      0.0      0.0000     0.0000  0.0000  *GEQ_UNS_OP_19_18_1
div6/gte_2062/*cell*114293            0.0000      0.0      0.0000     0.0000  0.0000  DW01_cmp2_width19
div6/gte_2074                         0.0000      0.0      0.0000     0.0000  0.0000  *GEQ_UNS_OP_19_18_1
div6/gte_2074/*cell*114300            0.0000      0.0      0.0000     0.0000  0.0000  DW01_cmp2_width19
div6/gte_2086                         0.0000      0.0      0.0000     0.0000  0.0000  *GEQ_UNS_OP_19_18_1
div6/gte_2086/*cell*114307            0.0000      0.0      0.0000     0.0000  0.0000  DW01_cmp2_width19
div6/gte_2098                         0.0000      0.0      0.0000     0.0000  0.0000  *GEQ_UNS_OP_19_18_1
div6/gte_2098/*cell*114314            0.0000      0.0      0.0000     0.0000  0.0000  DW01_cmp2_width19
div6/gte_2110                         0.0000      0.0      0.0000     0.0000  0.0000  *GEQ_UNS_OP_19_18_1
div6/gte_2110/*cell*114321            0.0000      0.0      0.0000     0.0000  0.0000  DW01_cmp2_width19
div6/gte_2122                         0.0000      0.0      0.0000     0.0000  0.0000  *GEQ_UNS_OP_19_18_1
div6/gte_2122/*cell*114328            0.0000      0.0      0.0000     0.0000  0.0000  DW01_cmp2_width19
div6/gte_2134                         0.0000      0.0      0.0000     0.0000  0.0000  *GEQ_UNS_OP_19_18_1
div6/gte_2134/*cell*114335            0.0000      0.0      0.0000     0.0000  0.0000  DW01_cmp2_width19
div6/gte_2146                         0.0000      0.0      0.0000     0.0000  0.0000  *GEQ_UNS_OP_19_18_1
div6/gte_2146/*cell*114342            0.0000      0.0      0.0000     0.0000  0.0000  DW01_cmp2_width19
div6/gte_2158                         0.0000      0.0      0.0000     0.0000  0.0000  *GEQ_UNS_OP_19_18_1
div6/gte_2158/*cell*114349            0.0000      0.0      0.0000     0.0000  0.0000  DW01_cmp2_width19
div6/gte_2170                         0.0000      0.0      0.0000     0.0000  0.0000  *GEQ_UNS_OP_19_18_1
div6/gte_2170/*cell*114356            0.0000      0.0      0.0000     0.0000  0.0000  DW01_cmp2_width19
div6/gte_2182                         0.0000      0.0      0.0000     0.0000  0.0000  *GEQ_UNS_OP_19_18_1
div6/gte_2182/*cell*114363            0.0000      0.0      0.0000     0.0000  0.0000  DW01_cmp2_width19
div6/gte_2194                         0.0000      0.0      0.0000     0.0000  0.0000  *GEQ_UNS_OP_19_18_1
div6/gte_2194/*cell*114370            0.0000      0.0      0.0000     0.0000  0.0000  DW01_cmp2_width19
div6/gte_2206                         0.0000      0.0      0.0000     0.0000  0.0000  *GEQ_UNS_OP_19_18_1
div6/gte_2206/*cell*114377            0.0000      0.0      0.0000     0.0000  0.0000  DW01_cmp2_width19
div6/gte_2218                         0.0000      0.0      0.0000     0.0000  0.0000  *GEQ_UNS_OP_19_18_1
div6/gte_2218/*cell*114384            0.0000      0.0      0.0000     0.0000  0.0000  DW01_cmp2_width19
div6/gte_2230                         0.0000      0.0      0.0000     0.0000  0.0000  *GEQ_UNS_OP_19_18_1
div6/gte_2230/*cell*114391            0.0000      0.0      0.0000     0.0000  0.0000  DW01_cmp2_width19
div6/gte_2242                         0.0000      0.0      0.0000     0.0000  0.0000  *GEQ_UNS_OP_19_18_1
div6/gte_2242/*cell*114398            0.0000      0.0      0.0000     0.0000  0.0000  DW01_cmp2_width19
div6/gte_2254                         0.0000      0.0      0.0000     0.0000  0.0000  *GEQ_UNS_OP_19_18_1
div6/gte_2254/*cell*114405            0.0000      0.0      0.0000     0.0000  0.0000  DW01_cmp2_width19
div6/gte_2266                         0.0000      0.0      0.0000     0.0000  0.0000  *GEQ_UNS_OP_19_18_1
div6/gte_2266/*cell*114412            0.0000      0.0      0.0000     0.0000  0.0000  DW01_cmp2_width19
div6/gte_2278                         0.0000      0.0      0.0000     0.0000  0.0000  *GEQ_UNS_OP_19_18_1
div6/gte_2278/*cell*114419            0.0000      0.0      0.0000     0.0000  0.0000  DW01_cmp2_width19
div6/gte_2290                         0.0000      0.0      0.0000     0.0000  0.0000  *GEQ_UNS_OP_19_18_1
div6/gte_2290/*cell*114426            0.0000      0.0      0.0000     0.0000  0.0000  DW01_cmp2_width19
div6/gte_2302                         0.0000      0.0      0.0000     0.0000  0.0000  *GEQ_UNS_OP_19_18_1
div6/gte_2302/*cell*114433            0.0000      0.0      0.0000     0.0000  0.0000  DW01_cmp2_width19
div6/sub_2028                         0.0000      0.0      0.0000     0.0000  0.0000  *SUB_UNS_OP_1_18_18
div6/sub_2028/*cell*114276            0.0000      0.0      0.0000     0.0000  0.0000  DW01_sub_width18
div6/sub_2040                         0.0000      0.0      0.0000     0.0000  0.0000  *SUB_UNS_OP_18_18_18
div6/sub_2040/*cell*114283            0.0000      0.0      0.0000     0.0000  0.0000  DW01_sub_width18
div6/sub_2052                         0.0000      0.0      0.0000     0.0000  0.0000  *SUB_UNS_OP_18_18_18
div6/sub_2052/*cell*114290            0.0000      0.0      0.0000     0.0000  0.0000  DW01_sub_width18
div6/sub_2064                         0.0000      0.0      0.0000     0.0000  0.0000  *SUB_UNS_OP_18_18_18
div6/sub_2064/*cell*114297            0.0000      0.0      0.0000     0.0000  0.0000  DW01_sub_width18
div6/sub_2076                         0.0000      0.0      0.0000     0.0000  0.0000  *SUB_UNS_OP_18_18_18
div6/sub_2076/*cell*114304            0.0000      0.0      0.0000     0.0000  0.0000  DW01_sub_width18
div6/sub_2088                         0.0000      0.0      0.0000     0.0000  0.0000  *SUB_UNS_OP_18_18_18
div6/sub_2088/*cell*114311            0.0000      0.0      0.0000     0.0000  0.0000  DW01_sub_width18
div6/sub_2100                         0.0000      0.0      0.0000     0.0000  0.0000  *SUB_UNS_OP_18_18_18
div6/sub_2100/*cell*114318            0.0000      0.0      0.0000     0.0000  0.0000  DW01_sub_width18
div6/sub_2112                         0.0000      0.0      0.0000     0.0000  0.0000  *SUB_UNS_OP_18_18_18
div6/sub_2112/*cell*114325            0.0000      0.0      0.0000     0.0000  0.0000  DW01_sub_width18
div6/sub_2124                         0.0000      0.0      0.0000     0.0000  0.0000  *SUB_UNS_OP_18_18_18
div6/sub_2124/*cell*114332            0.0000      0.0      0.0000     0.0000  0.0000  DW01_sub_width18
div6/sub_2136                         0.0000      0.0      0.0000     0.0000  0.0000  *SUB_UNS_OP_18_18_18
div6/sub_2136/*cell*114339            0.0000      0.0      0.0000     0.0000  0.0000  DW01_sub_width18
div6/sub_2148                         0.0000      0.0      0.0000     0.0000  0.0000  *SUB_UNS_OP_18_18_18
div6/sub_2148/*cell*114346            0.0000      0.0      0.0000     0.0000  0.0000  DW01_sub_width18
div6/sub_2160                         0.0000      0.0      0.0000     0.0000  0.0000  *SUB_UNS_OP_18_18_18
div6/sub_2160/*cell*114353            0.0000      0.0      0.0000     0.0000  0.0000  DW01_sub_width18
div6/sub_2172                         0.0000      0.0      0.0000     0.0000  0.0000  *SUB_UNS_OP_18_18_18
div6/sub_2172/*cell*114360            0.0000      0.0      0.0000     0.0000  0.0000  DW01_sub_width18
div6/sub_2184                         0.0000      0.0      0.0000     0.0000  0.0000  *SUB_UNS_OP_18_18_18
div6/sub_2184/*cell*114367            0.0000      0.0      0.0000     0.0000  0.0000  DW01_sub_width18
div6/sub_2196                         0.0000      0.0      0.0000     0.0000  0.0000  *SUB_UNS_OP_18_18_18
div6/sub_2196/*cell*114374            0.0000      0.0      0.0000     0.0000  0.0000  DW01_sub_width18
div6/sub_2208                         0.0000      0.0      0.0000     0.0000  0.0000  *SUB_UNS_OP_18_18_18
div6/sub_2208/*cell*114381            0.0000      0.0      0.0000     0.0000  0.0000  DW01_sub_width18
div6/sub_2220                         0.0000      0.0      0.0000     0.0000  0.0000  *SUB_UNS_OP_18_18_18
div6/sub_2220/*cell*114388            0.0000      0.0      0.0000     0.0000  0.0000  DW01_sub_width18
div6/sub_2232                         0.0000      0.0      0.0000     0.0000  0.0000  *SUB_UNS_OP_18_18_18
div6/sub_2232/*cell*114395            0.0000      0.0      0.0000     0.0000  0.0000  DW01_sub_width18
div6/sub_2244                         0.0000      0.0      0.0000     0.0000  0.0000  *SUB_UNS_OP_18_18_18
div6/sub_2244/*cell*114402            0.0000      0.0      0.0000     0.0000  0.0000  DW01_sub_width18
div6/sub_2256                         0.0000      0.0      0.0000     0.0000  0.0000  *SUB_UNS_OP_18_18_18
div6/sub_2256/*cell*114409            0.0000      0.0      0.0000     0.0000  0.0000  DW01_sub_width18
div6/sub_2268                         0.0000      0.0      0.0000     0.0000  0.0000  *SUB_UNS_OP_18_18_18
div6/sub_2268/*cell*114416            0.0000      0.0      0.0000     0.0000  0.0000  DW01_sub_width18
div6/sub_2280                         0.0000      0.0      0.0000     0.0000  0.0000  *SUB_UNS_OP_18_18_18
div6/sub_2280/*cell*114423            0.0000      0.0      0.0000     0.0000  0.0000  DW01_sub_width18
div6/sub_2292                         0.0000      0.0      0.0000     0.0000  0.0000  *SUB_UNS_OP_18_18_18
div6/sub_2292/*cell*114430            0.0000      0.0      0.0000     0.0000  0.0000  DW01_sub_width18
div6/sub_2304                         0.0000      0.0      0.0000     0.0000  0.0000  *SUB_UNS_OP_18_18_18
div6/sub_2304/*cell*114437            0.0000      0.0      0.0000     0.0000  0.0000  DW01_sub_width18
div7                                  0.0000      0.0      0.0000     0.0000  0.0000  div_mydesign_0
div7/gte_2026                         0.0000      0.0      0.0000     0.0000  0.0000  *GEQ_UNS_OP_19_18_1
div7/gte_2026/*cell*114441            0.0000      0.0      0.0000     0.0000  0.0000  DW01_cmp2_width19
div7/gte_2038                         0.0000      0.0      0.0000     0.0000  0.0000  *GEQ_UNS_OP_19_18_1
div7/gte_2038/*cell*114448            0.0000      0.0      0.0000     0.0000  0.0000  DW01_cmp2_width19
div7/gte_2050                         0.0000      0.0      0.0000     0.0000  0.0000  *GEQ_UNS_OP_19_18_1
div7/gte_2050/*cell*114455            0.0000      0.0      0.0000     0.0000  0.0000  DW01_cmp2_width19
div7/gte_2062                         0.0000      0.0      0.0000     0.0000  0.0000  *GEQ_UNS_OP_19_18_1
div7/gte_2062/*cell*114462            0.0000      0.0      0.0000     0.0000  0.0000  DW01_cmp2_width19
div7/gte_2074                         0.0000      0.0      0.0000     0.0000  0.0000  *GEQ_UNS_OP_19_18_1
div7/gte_2074/*cell*114469            0.0000      0.0      0.0000     0.0000  0.0000  DW01_cmp2_width19
div7/gte_2086                         0.0000      0.0      0.0000     0.0000  0.0000  *GEQ_UNS_OP_19_18_1
div7/gte_2086/*cell*114476            0.0000      0.0      0.0000     0.0000  0.0000  DW01_cmp2_width19
div7/gte_2098                         0.0000      0.0      0.0000     0.0000  0.0000  *GEQ_UNS_OP_19_18_1
div7/gte_2098/*cell*114483            0.0000      0.0      0.0000     0.0000  0.0000  DW01_cmp2_width19
div7/gte_2110                         0.0000      0.0      0.0000     0.0000  0.0000  *GEQ_UNS_OP_19_18_1
div7/gte_2110/*cell*114490            0.0000      0.0      0.0000     0.0000  0.0000  DW01_cmp2_width19
div7/gte_2122                         0.0000      0.0      0.0000     0.0000  0.0000  *GEQ_UNS_OP_19_18_1
div7/gte_2122/*cell*114497            0.0000      0.0      0.0000     0.0000  0.0000  DW01_cmp2_width19
div7/gte_2134                         0.0000      0.0      0.0000     0.0000  0.0000  *GEQ_UNS_OP_19_18_1
div7/gte_2134/*cell*114504            0.0000      0.0      0.0000     0.0000  0.0000  DW01_cmp2_width19
div7/gte_2146                         0.0000      0.0      0.0000     0.0000  0.0000  *GEQ_UNS_OP_19_18_1
div7/gte_2146/*cell*114511            0.0000      0.0      0.0000     0.0000  0.0000  DW01_cmp2_width19
div7/gte_2158                         0.0000      0.0      0.0000     0.0000  0.0000  *GEQ_UNS_OP_19_18_1
div7/gte_2158/*cell*114518            0.0000      0.0      0.0000     0.0000  0.0000  DW01_cmp2_width19
div7/gte_2170                         0.0000      0.0      0.0000     0.0000  0.0000  *GEQ_UNS_OP_19_18_1
div7/gte_2170/*cell*114525            0.0000      0.0      0.0000     0.0000  0.0000  DW01_cmp2_width19
div7/gte_2182                         0.0000      0.0      0.0000     0.0000  0.0000  *GEQ_UNS_OP_19_18_1
div7/gte_2182/*cell*114532            0.0000      0.0      0.0000     0.0000  0.0000  DW01_cmp2_width19
div7/gte_2194                         0.0000      0.0      0.0000     0.0000  0.0000  *GEQ_UNS_OP_19_18_1
div7/gte_2194/*cell*114539            0.0000      0.0      0.0000     0.0000  0.0000  DW01_cmp2_width19
div7/gte_2206                         0.0000      0.0      0.0000     0.0000  0.0000  *GEQ_UNS_OP_19_18_1
div7/gte_2206/*cell*114546            0.0000      0.0      0.0000     0.0000  0.0000  DW01_cmp2_width19
div7/gte_2218                         0.0000      0.0      0.0000     0.0000  0.0000  *GEQ_UNS_OP_19_18_1
div7/gte_2218/*cell*114553            0.0000      0.0      0.0000     0.0000  0.0000  DW01_cmp2_width19
div7/gte_2230                         0.0000      0.0      0.0000     0.0000  0.0000  *GEQ_UNS_OP_19_18_1
div7/gte_2230/*cell*114560            0.0000      0.0      0.0000     0.0000  0.0000  DW01_cmp2_width19
div7/gte_2242                         0.0000      0.0      0.0000     0.0000  0.0000  *GEQ_UNS_OP_19_18_1
div7/gte_2242/*cell*114567            0.0000      0.0      0.0000     0.0000  0.0000  DW01_cmp2_width19
div7/gte_2254                         0.0000      0.0      0.0000     0.0000  0.0000  *GEQ_UNS_OP_19_18_1
div7/gte_2254/*cell*114574            0.0000      0.0      0.0000     0.0000  0.0000  DW01_cmp2_width19
div7/gte_2266                         0.0000      0.0      0.0000     0.0000  0.0000  *GEQ_UNS_OP_19_18_1
div7/gte_2266/*cell*114581            0.0000      0.0      0.0000     0.0000  0.0000  DW01_cmp2_width19
div7/gte_2278                         0.0000      0.0      0.0000     0.0000  0.0000  *GEQ_UNS_OP_19_18_1
div7/gte_2278/*cell*114588            0.0000      0.0      0.0000     0.0000  0.0000  DW01_cmp2_width19
div7/gte_2290                         0.0000      0.0      0.0000     0.0000  0.0000  *GEQ_UNS_OP_19_18_1
div7/gte_2290/*cell*114595            0.0000      0.0      0.0000     0.0000  0.0000  DW01_cmp2_width19
div7/gte_2302                         0.0000      0.0      0.0000     0.0000  0.0000  *GEQ_UNS_OP_19_18_1
div7/gte_2302/*cell*114602            0.0000      0.0      0.0000     0.0000  0.0000  DW01_cmp2_width19
div7/sub_2028                         0.0000      0.0      0.0000     0.0000  0.0000  *SUB_UNS_OP_1_18_18
div7/sub_2028/*cell*114445            0.0000      0.0      0.0000     0.0000  0.0000  DW01_sub_width18
div7/sub_2040                         0.0000      0.0      0.0000     0.0000  0.0000  *SUB_UNS_OP_18_18_18
div7/sub_2040/*cell*114452            0.0000      0.0      0.0000     0.0000  0.0000  DW01_sub_width18
div7/sub_2052                         0.0000      0.0      0.0000     0.0000  0.0000  *SUB_UNS_OP_18_18_18
div7/sub_2052/*cell*114459            0.0000      0.0      0.0000     0.0000  0.0000  DW01_sub_width18
div7/sub_2064                         0.0000      0.0      0.0000     0.0000  0.0000  *SUB_UNS_OP_18_18_18
div7/sub_2064/*cell*114466            0.0000      0.0      0.0000     0.0000  0.0000  DW01_sub_width18
div7/sub_2076                         0.0000      0.0      0.0000     0.0000  0.0000  *SUB_UNS_OP_18_18_18
div7/sub_2076/*cell*114473            0.0000      0.0      0.0000     0.0000  0.0000  DW01_sub_width18
div7/sub_2088                         0.0000      0.0      0.0000     0.0000  0.0000  *SUB_UNS_OP_18_18_18
div7/sub_2088/*cell*114480            0.0000      0.0      0.0000     0.0000  0.0000  DW01_sub_width18
div7/sub_2100                         0.0000      0.0      0.0000     0.0000  0.0000  *SUB_UNS_OP_18_18_18
div7/sub_2100/*cell*114487            0.0000      0.0      0.0000     0.0000  0.0000  DW01_sub_width18
div7/sub_2112                         0.0000      0.0      0.0000     0.0000  0.0000  *SUB_UNS_OP_18_18_18
div7/sub_2112/*cell*114494            0.0000      0.0      0.0000     0.0000  0.0000  DW01_sub_width18
div7/sub_2124                         0.0000      0.0      0.0000     0.0000  0.0000  *SUB_UNS_OP_18_18_18
div7/sub_2124/*cell*114501            0.0000      0.0      0.0000     0.0000  0.0000  DW01_sub_width18
div7/sub_2136                         0.0000      0.0      0.0000     0.0000  0.0000  *SUB_UNS_OP_18_18_18
div7/sub_2136/*cell*114508            0.0000      0.0      0.0000     0.0000  0.0000  DW01_sub_width18
div7/sub_2148                         0.0000      0.0      0.0000     0.0000  0.0000  *SUB_UNS_OP_18_18_18
div7/sub_2148/*cell*114515            0.0000      0.0      0.0000     0.0000  0.0000  DW01_sub_width18
div7/sub_2160                         0.0000      0.0      0.0000     0.0000  0.0000  *SUB_UNS_OP_18_18_18
div7/sub_2160/*cell*114522            0.0000      0.0      0.0000     0.0000  0.0000  DW01_sub_width18
div7/sub_2172                         0.0000      0.0      0.0000     0.0000  0.0000  *SUB_UNS_OP_18_18_18
div7/sub_2172/*cell*114529            0.0000      0.0      0.0000     0.0000  0.0000  DW01_sub_width18
div7/sub_2184                         0.0000      0.0      0.0000     0.0000  0.0000  *SUB_UNS_OP_18_18_18
div7/sub_2184/*cell*114536            0.0000      0.0      0.0000     0.0000  0.0000  DW01_sub_width18
div7/sub_2196                         0.0000      0.0      0.0000     0.0000  0.0000  *SUB_UNS_OP_18_18_18
div7/sub_2196/*cell*114543            0.0000      0.0      0.0000     0.0000  0.0000  DW01_sub_width18
div7/sub_2208                         0.0000      0.0      0.0000     0.0000  0.0000  *SUB_UNS_OP_18_18_18
div7/sub_2208/*cell*114550            0.0000      0.0      0.0000     0.0000  0.0000  DW01_sub_width18
div7/sub_2220                         0.0000      0.0      0.0000     0.0000  0.0000  *SUB_UNS_OP_18_18_18
div7/sub_2220/*cell*114557            0.0000      0.0      0.0000     0.0000  0.0000  DW01_sub_width18
div7/sub_2232                         0.0000      0.0      0.0000     0.0000  0.0000  *SUB_UNS_OP_18_18_18
div7/sub_2232/*cell*114564            0.0000      0.0      0.0000     0.0000  0.0000  DW01_sub_width18
div7/sub_2244                         0.0000      0.0      0.0000     0.0000  0.0000  *SUB_UNS_OP_18_18_18
div7/sub_2244/*cell*114571            0.0000      0.0      0.0000     0.0000  0.0000  DW01_sub_width18
div7/sub_2256                         0.0000      0.0      0.0000     0.0000  0.0000  *SUB_UNS_OP_18_18_18
div7/sub_2256/*cell*114578            0.0000      0.0      0.0000     0.0000  0.0000  DW01_sub_width18
div7/sub_2268                         0.0000      0.0      0.0000     0.0000  0.0000  *SUB_UNS_OP_18_18_18
div7/sub_2268/*cell*114585            0.0000      0.0      0.0000     0.0000  0.0000  DW01_sub_width18
div7/sub_2280                         0.0000      0.0      0.0000     0.0000  0.0000  *SUB_UNS_OP_18_18_18
div7/sub_2280/*cell*114592            0.0000      0.0      0.0000     0.0000  0.0000  DW01_sub_width18
div7/sub_2292                         0.0000      0.0      0.0000     0.0000  0.0000  *SUB_UNS_OP_18_18_18
div7/sub_2292/*cell*114599            0.0000      0.0      0.0000     0.0000  0.0000  DW01_sub_width18
div7/sub_2304                         0.0000      0.0      0.0000     0.0000  0.0000  *SUB_UNS_OP_18_18_18
div7/sub_2304/*cell*114606            0.0000      0.0      0.0000     0.0000  0.0000  DW01_sub_width18
--------------------------------  ----------  -------  ----------  ---------  ------  -----------------------------------------
Total                                                  41576.5989  8974.4222  0.0000

1
