Information: Checking out the license 'DesignWare'. (SEC-104)
Information: Changed wire load model for 'alt1' from '(none)' to 'Large'. (OPT-170)
Information: Changed wire load model for 'astr' from '(none)' to 'Large'. (OPT-170)
Information: Changed wire load model for 'DW_leftsh' from '(none)' to 'Small'. (OPT-170)
Information: Changed wire load model for '*ASH_UNS_UNS_OP_8_3_8' from '(none)' to 'Small'. (OPT-170)
Information: Changed wire load model for 'DW_leftsh' from '(none)' to 'Small'. (OPT-170)
Information: Changed wire load model for '*ASH_UNS_UNS_OP_8_3_8' from '(none)' to 'Small'. (OPT-170)
Information: Changed wire load model for 'DW_leftsh' from '(none)' to 'Small'. (OPT-170)
Information: Changed wire load model for '*ASH_UNS_UNS_OP_8_3_8' from '(none)' to 'Small'. (OPT-170)
Information: Changed wire load model for 'DW_leftsh' from '(none)' to 'Small'. (OPT-170)
Information: Changed wire load model for '*ASH_UNS_UNS_OP_8_3_8' from '(none)' to 'Small'. (OPT-170)
Information: Changed wire load model for 'DW_leftsh' from '(none)' to 'Small'. (OPT-170)
Information: Changed wire load model for '*ASH_UNS_UNS_OP_8_3_8' from '(none)' to 'Small'. (OPT-170)
Information: Changed wire load model for 'DW_leftsh' from '(none)' to 'Small'. (OPT-170)
Information: Changed wire load model for '*ASH_UNS_UNS_OP_8_3_8' from '(none)' to 'Small'. (OPT-170)
Information: Changed wire load model for 'DW_leftsh' from '(none)' to 'Small'. (OPT-170)
Information: Changed wire load model for '*ASH_UNS_UNS_OP_8_3_8' from '(none)' to 'Small'. (OPT-170)
Information: Changed wire load model for 'DW_leftsh' from '(none)' to 'Small'. (OPT-170)
Information: Changed wire load model for '*ASH_UNS_UNS_OP_8_3_8' from '(none)' to 'Small'. (OPT-170)
Information: Changed wire load model for 'DW_leftsh' from '(none)' to 'Small'. (OPT-170)
Information: Changed wire load model for '*ASH_UNS_UNS_OP_8_3_8' from '(none)' to 'Small'. (OPT-170)
Information: Changed wire load model for 'DW_leftsh' from '(none)' to 'Small'. (OPT-170)
Information: Changed wire load model for '*ASH_UNS_UNS_OP_8_3_8' from '(none)' to 'Small'. (OPT-170)
Information: Changed wire load model for 'DW_leftsh' from '(none)' to 'Small'. (OPT-170)
Information: Changed wire load model for '*ASH_UNS_UNS_OP_8_3_8' from '(none)' to 'Small'. (OPT-170)
Information: Changed wire load model for 'DW_leftsh' from '(none)' to 'Small'. (OPT-170)
Information: Changed wire load model for '*ASH_UNS_UNS_OP_8_3_8' from '(none)' to 'Small'. (OPT-170)
Information: Changed wire load model for 'DW_leftsh' from '(none)' to 'Small'. (OPT-170)
Information: Changed wire load model for '*ASH_UNS_UNS_OP_8_3_8' from '(none)' to 'Small'. (OPT-170)
Information: Changed wire load model for 'DW_leftsh' from '(none)' to 'Small'. (OPT-170)
Information: Changed wire load model for '*ASH_UNS_UNS_OP_8_3_8' from '(none)' to 'Small'. (OPT-170)
Information: Changed wire load model for 'DW_leftsh' from '(none)' to 'Small'. (OPT-170)
Information: Changed wire load model for '*ASH_UNS_UNS_OP_8_3_8' from '(none)' to 'Small'. (OPT-170)
Information: Changed wire load model for 'DW_leftsh' from '(none)' to 'Small'. (OPT-170)
Information: Changed wire load model for '*ASH_UNS_UNS_OP_8_3_8' from '(none)' to 'Small'. (OPT-170)
Information: Changed wire load model for 'DW_leftsh' from '(none)' to 'Small'. (OPT-170)
Information: Changed wire load model for '*ASH_UNS_UNS_OP_8_3_8' from '(none)' to 'Small'. (OPT-170)
Information: Changed wire load model for 'DW_leftsh' from '(none)' to 'Small'. (OPT-170)
Information: Changed wire load model for '*ASH_UNS_UNS_OP_8_3_8' from '(none)' to 'Small'. (OPT-170)
Information: Changed wire load model for 'DW_leftsh' from '(none)' to 'Small'. (OPT-170)
Information: Changed wire load model for '*ASH_UNS_UNS_OP_8_3_8' from '(none)' to 'Small'. (OPT-170)
Information: Changed wire load model for 'DW_leftsh' from '(none)' to 'Small'. (OPT-170)
Information: Changed wire load model for '*ASH_UNS_UNS_OP_8_3_8' from '(none)' to 'Small'. (OPT-170)
Information: Changed wire load model for 'DW_leftsh' from '(none)' to 'Small'. (OPT-170)
Information: Changed wire load model for '*ASH_UNS_UNS_OP_8_3_8' from '(none)' to 'Small'. (OPT-170)
Information: Changed wire load model for 'DW_leftsh' from '(none)' to 'Small'. (OPT-170)
Information: Changed wire load model for '*ASH_UNS_UNS_OP_8_3_8' from '(none)' to 'Small'. (OPT-170)
Information: Changed wire load model for 'DW_leftsh' from '(none)' to 'Small'. (OPT-170)
Information: Changed wire load model for '*ASH_UNS_UNS_OP_8_3_8' from '(none)' to 'Small'. (OPT-170)
Information: Changed wire load model for 'DW_leftsh' from '(none)' to 'Small'. (OPT-170)
Information: Changed wire load model for '*ASH_UNS_UNS_OP_8_3_8' from '(none)' to 'Small'. (OPT-170)
Information: Changed wire load model for 'DW_leftsh' from '(none)' to 'Small'. (OPT-170)
Information: Changed wire load model for '*ASH_UNS_UNS_OP_8_3_8' from '(none)' to 'Small'. (OPT-170)
Information: Changed wire load model for 'DW_leftsh' from '(none)' to 'Small'. (OPT-170)
Information: Changed wire load model for '*ASH_UNS_UNS_OP_8_3_8' from '(none)' to 'Small'. (OPT-170)
Information: Changed wire load model for 'DW_leftsh' from '(none)' to 'Small'. (OPT-170)
Information: Changed wire load model for '*ASH_UNS_UNS_OP_8_3_8' from '(none)' to 'Small'. (OPT-170)
Information: Changed wire load model for 'DW_leftsh' from '(none)' to 'Small'. (OPT-170)
Information: Changed wire load model for '*ASH_UNS_UNS_OP_8_3_8' from '(none)' to 'Small'. (OPT-170)
Information: Changed wire load model for 'DW_leftsh' from '(none)' to 'Small'. (OPT-170)
Information: Changed wire load model for '*ASH_UNS_UNS_OP_8_3_8' from '(none)' to 'Small'. (OPT-170)
Information: Changed wire load model for 'DW_leftsh' from '(none)' to 'Small'. (OPT-170)
Information: Changed wire load model for '*ASH_UNS_UNS_OP_8_3_8' from '(none)' to 'Small'. (OPT-170)
Information: Changed wire load model for 'DW_leftsh' from '(none)' to 'Small'. (OPT-170)
Information: Changed wire load model for '*ASH_UNS_UNS_OP_8_3_8' from '(none)' to 'Small'. (OPT-170)
Information: Changed wire load model for 'DW_leftsh' from '(none)' to 'Small'. (OPT-170)
Information: Changed wire load model for '*ASH_UNS_UNS_OP_8_3_8' from '(none)' to 'Small'. (OPT-170)
Information: Updating design information... (UID-85)
Warning: Design 'rop3_smart' contains 1 high-fanout nets. A fanout number of 1000 will be used for delay calculations involving these nets. (TIM-134)

Information: Checking generated_clocks...

Information: Checking loops...

Information: Checking no_input_delay...

Information: Checking unconstrained_endpoints...

Information: Checking pulse_clock_cell_type...

Information: Checking no_driving_cell...

Information: Checking partial_input_delay...
1
