 
****************************************
Report : timing
        -path full
        -delay min
        -max_paths 4
Design : rop3_smart
Version: R-2020.09-SP5
Date   : Tue Oct 21 13:29:27 2025
****************************************

Operating Conditions: PVT_1P08V_125C   Library: slow_vdd1v2
Wire Load Model Mode: enclosed

  Startpoint: stage1_din_valid_reg
              (rising edge-triggered flip-flop clocked by clk)
  Endpoint: dout_valid_reg
            (rising edge-triggered flip-flop clocked by clk)
  Path Group: clk
  Path Type: min

  Des/Clust/Port     Wire Load Model       Library
  ------------------------------------------------
  rop3_smart         Large                 slow_vdd1v2

  Point                                    Incr       Path
  -----------------------------------------------------------
  clock clk (rise edge)                    0.00       0.00
  clock network delay (ideal)              0.00       0.00
  stage1_din_valid_reg/CK (DFFQXL)         0.00       0.00 r
  stage1_din_valid_reg/Q (DFFQXL)          0.10       0.10 f
  dout_valid_reg/D (DFFQXL)                0.03       0.13 f
  data arrival time                                   0.13

  clock clk (rise edge)                    0.00       0.00
  clock network delay (ideal)              0.00       0.00
  dout_valid_reg/CK (DFFQXL)               0.00       0.00 r
  library hold time                        0.00       0.00
  data required time                                  0.00
  -----------------------------------------------------------
  data required time                                  0.00
  data arrival time                                  -0.13
  -----------------------------------------------------------
  slack (MET)                                         0.13


  Startpoint: stage1_din_reg_32_
              (rising edge-triggered flip-flop clocked by clk)
  Endpoint: result_reg_0_
            (rising edge-triggered flip-flop clocked by clk)
  Path Group: clk
  Path Type: min

  Des/Clust/Port     Wire Load Model       Library
  ------------------------------------------------
  rop3_smart         Large                 slow_vdd1v2

  Point                                    Incr       Path
  -----------------------------------------------------------
  clock clk (rise edge)                    0.00       0.00
  clock network delay (ideal)              0.00       0.00
  stage1_din_reg_32_/CK (DFFQXL)           0.00       0.00 r
  stage1_din_reg_32_/Q (DFFQXL)            0.10       0.10 r
  U1210/Y (AOI22XL)                        0.06       0.16 f
  U912/Y (AND2XL)                          0.06       0.22 f
  U1029/Y (MXI4XL)                         0.10       0.32 f
  result_reg_0_/D (DFFQXL)                 0.03       0.35 f
  data arrival time                                   0.35

  clock clk (rise edge)                    0.00       0.00
  clock network delay (ideal)              0.00       0.00
  result_reg_0_/CK (DFFQXL)                0.00       0.00 r
  library hold time                        0.00       0.00
  data required time                                  0.00
  -----------------------------------------------------------
  data required time                                  0.00
  data arrival time                                  -0.35
  -----------------------------------------------------------
  slack (MET)                                         0.35


  Startpoint: stage1_din_reg_2_
              (rising edge-triggered flip-flop clocked by clk)
  Endpoint: result_reg_2_
            (rising edge-triggered flip-flop clocked by clk)
  Path Group: clk
  Path Type: min

  Des/Clust/Port     Wire Load Model       Library
  ------------------------------------------------
  rop3_smart         Large                 slow_vdd1v2

  Point                                    Incr       Path
  -----------------------------------------------------------
  clock clk (rise edge)                    0.00       0.00
  clock network delay (ideal)              0.00       0.00
  stage1_din_reg_2_/CK (DFFQXL)            0.00       0.00 r
  stage1_din_reg_2_/Q (DFFQXL)             0.10       0.10 r
  U1113/Y (AOI22XL)                        0.06       0.16 f
  U916/Y (AND2XL)                          0.06       0.22 f
  U1033/Y (MXI4XL)                         0.10       0.32 f
  result_reg_2_/D (DFFQXL)                 0.03       0.35 f
  data arrival time                                   0.35

  clock clk (rise edge)                    0.00       0.00
  clock network delay (ideal)              0.00       0.00
  result_reg_2_/CK (DFFQXL)                0.00       0.00 r
  library hold time                        0.00       0.00
  data required time                                  0.00
  -----------------------------------------------------------
  data required time                                  0.00
  data arrival time                                  -0.35
  -----------------------------------------------------------
  slack (MET)                                         0.35


  Startpoint: stage1_din_reg_1_
              (rising edge-triggered flip-flop clocked by clk)
  Endpoint: result_reg_1_
            (rising edge-triggered flip-flop clocked by clk)
  Path Group: clk
  Path Type: min

  Des/Clust/Port     Wire Load Model       Library
  ------------------------------------------------
  rop3_smart         Large                 slow_vdd1v2

  Point                                    Incr       Path
  -----------------------------------------------------------
  clock clk (rise edge)                    0.00       0.00
  clock network delay (ideal)              0.00       0.00
  stage1_din_reg_1_/CK (DFFQXL)            0.00       0.00 r
  stage1_din_reg_1_/Q (DFFQXL)             0.10       0.10 r
  U1114/Y (AOI22XL)                        0.06       0.16 f
  U914/Y (AND2XL)                          0.06       0.22 f
  U1031/Y (MXI4XL)                         0.10       0.32 f
  result_reg_1_/D (DFFQXL)                 0.03       0.35 f
  data arrival time                                   0.35

  clock clk (rise edge)                    0.00       0.00
  clock network delay (ideal)              0.00       0.00
  result_reg_1_/CK (DFFQXL)                0.00       0.00 r
  library hold time                        0.00       0.00
  data required time                                  0.00
  -----------------------------------------------------------
  data required time                                  0.00
  data arrival time                                  -0.35
  -----------------------------------------------------------
  slack (MET)                                         0.35


1
