 
****************************************
Report : timing
        -path full
        -delay max
        -max_paths 1
Design : rop3_smart
Version: R-2020.09-SP5
Date   : Tue Oct 21 13:29:27 2025
****************************************

Operating Conditions: PVT_1P08V_125C   Library: slow_vdd1v2
Wire Load Model Mode: enclosed

  Startpoint: stage1_sel_reg_2_
              (rising edge-triggered flip-flop clocked by clk)
  Endpoint: result_reg_6_
            (rising edge-triggered flip-flop clocked by clk)
  Path Group: clk
  Path Type: max

  Des/Clust/Port     Wire Load Model       Library
  ------------------------------------------------
  rop3_smart         Large                 slow_vdd1v2

  Point                                    Incr       Path
  -----------------------------------------------------------
  clock clk (rise edge)                  0.0000     0.0000
  clock network delay (ideal)            0.0000     0.0000
  stage1_sel_reg_2_/CK (DFFQXL)          0.0000     0.0000 r
  stage1_sel_reg_2_/Q (DFFQXL)           0.1047     0.1047 r
  U892/Y (INVXL)                         0.0701     0.1749 f
  U1009/Y (NAND2XL)                      0.0595     0.2344 r
  U1020/Y (INVXL)                        0.0671     0.3015 f
  U1013/Y (NAND2XL)                      0.0491     0.3506 r
  U1012/Y (NOR2XL)                       0.0612     0.4118 f
  U833/Y (AOI221XL)                      0.0968     0.5086 r
  U1219/Y (OAI32X1)                      0.2036     0.7122 f
  U1200/Y (BUFX2)                        0.1243     0.8365 f
  U875/Y (AOI22XL)                       0.0672     0.9037 r
  U887/Y (OAI211XL)                      0.1901     1.0938 f
  U1263/Y (MXI2XL)                       0.1239     1.2177 f
  U1041/Y (MXI4XL)                       0.1666     1.3843 r
  result_reg_6_/D (DFFQXL)               0.0310     1.4154 r
  data arrival time                                 1.4154

  clock clk (rise edge)                  1.8000     1.8000
  clock network delay (ideal)            0.0000     1.8000
  result_reg_6_/CK (DFFQXL)              0.0000     1.8000 r
  library setup time                    -0.0583     1.7417
  data required time                                1.7417
  -----------------------------------------------------------
  data required time                                1.7417
  data arrival time                                -1.4154
  -----------------------------------------------------------
  slack (MET)                                       0.3264


1
