 
****************************************
Report : timing
        -path full
        -delay min
        -max_paths 4
Design : enigma_part1
Version: R-2020.09-SP5
Date   : Thu Oct  9 23:46:52 2025
****************************************

Operating Conditions: PVT_1P08V_125C   Library: slow_vdd1v2
Wire Load Model Mode: enclosed

  Startpoint: G_ROTOR_7__G_OTHER_u_cellk/clk_gate_shift_o_reg/latch
              (negative level-sensitive latch clocked by clk)
  Endpoint: G_ROTOR_7__G_OTHER_u_cellk/clk_gate_shift_o_reg/main_gate
            (gating element for clock clk)
  Path Group: clk
  Path Type: min

  Des/Clust/Port     Wire Load Model       Library
  ------------------------------------------------
  enigma_part1       Large                 slow_vdd1v2
  SNPS_CLOCK_GATE_HIGH_RotorA_cell_mydesign_0_mydesign_7
                     Small                 slow_vdd1v2

  Point                                                   Incr       Path
  --------------------------------------------------------------------------
  clock clk (fall edge)                                   5.00       5.00
  clock network delay (ideal)                             0.00       5.00
  G_ROTOR_7__G_OTHER_u_cellk/clk_gate_shift_o_reg/latch/GN (TLATNXL)
                                                          0.00       5.00 f
  G_ROTOR_7__G_OTHER_u_cellk/clk_gate_shift_o_reg/latch/Q (TLATNXL)
                                                          0.11       5.11 r
  G_ROTOR_7__G_OTHER_u_cellk/clk_gate_shift_o_reg/main_gate/A (AND2XL)
                                                          0.01       5.12 r
  data arrival time                                                  5.12

  clock clk (fall edge)                                   5.00       5.00
  clock network delay (ideal)                             0.00       5.00
  G_ROTOR_7__G_OTHER_u_cellk/clk_gate_shift_o_reg/main_gate/B (AND2XL)
                                                          0.00       5.00 f
  clock gating hold time                                  0.00       5.00
  data required time                                                 5.00
  --------------------------------------------------------------------------
  data required time                                                 5.00
  data arrival time                                                 -5.12
  --------------------------------------------------------------------------
  slack (MET)                                                        0.12


  Startpoint: G_ROTOR_4__G_OTHER_u_cellk/clk_gate_shift_o_reg/latch
              (negative level-sensitive latch clocked by clk)
  Endpoint: G_ROTOR_4__G_OTHER_u_cellk/clk_gate_shift_o_reg/main_gate
            (gating element for clock clk)
  Path Group: clk
  Path Type: min

  Des/Clust/Port     Wire Load Model       Library
  ------------------------------------------------
  enigma_part1       Large                 slow_vdd1v2
  SNPS_CLOCK_GATE_HIGH_RotorA_cell_mydesign_0_mydesign_4
                     Small                 slow_vdd1v2

  Point                                                   Incr       Path
  --------------------------------------------------------------------------
  clock clk (fall edge)                                   5.00       5.00
  clock network delay (ideal)                             0.00       5.00
  G_ROTOR_4__G_OTHER_u_cellk/clk_gate_shift_o_reg/latch/GN (TLATNXL)
                                                          0.00       5.00 f
  G_ROTOR_4__G_OTHER_u_cellk/clk_gate_shift_o_reg/latch/Q (TLATNXL)
                                                          0.11       5.11 r
  G_ROTOR_4__G_OTHER_u_cellk/clk_gate_shift_o_reg/main_gate/A (AND2XL)
                                                          0.01       5.12 r
  data arrival time                                                  5.12

  clock clk (fall edge)                                   5.00       5.00
  clock network delay (ideal)                             0.00       5.00
  G_ROTOR_4__G_OTHER_u_cellk/clk_gate_shift_o_reg/main_gate/B (AND2XL)
                                                          0.00       5.00 f
  clock gating hold time                                  0.00       5.00
  data required time                                                 5.00
  --------------------------------------------------------------------------
  data required time                                                 5.00
  data arrival time                                                 -5.12
  --------------------------------------------------------------------------
  slack (MET)                                                        0.12


  Startpoint: G_ROTOR_2__G_OTHER_u_cellk/clk_gate_shift_o_reg/latch
              (negative level-sensitive latch clocked by clk)
  Endpoint: G_ROTOR_2__G_OTHER_u_cellk/clk_gate_shift_o_reg/main_gate
            (gating element for clock clk)
  Path Group: clk
  Path Type: min

  Des/Clust/Port     Wire Load Model       Library
  ------------------------------------------------
  enigma_part1       Large                 slow_vdd1v2
  SNPS_CLOCK_GATE_HIGH_RotorA_cell_mydesign_0_mydesign_2
                     Small                 slow_vdd1v2

  Point                                                   Incr       Path
  --------------------------------------------------------------------------
  clock clk (fall edge)                                   5.00       5.00
  clock network delay (ideal)                             0.00       5.00
  G_ROTOR_2__G_OTHER_u_cellk/clk_gate_shift_o_reg/latch/GN (TLATNXL)
                                                          0.00       5.00 f
  G_ROTOR_2__G_OTHER_u_cellk/clk_gate_shift_o_reg/latch/Q (TLATNXL)
                                                          0.11       5.11 r
  G_ROTOR_2__G_OTHER_u_cellk/clk_gate_shift_o_reg/main_gate/A (AND2XL)
                                                          0.01       5.12 r
  data arrival time                                                  5.12

  clock clk (fall edge)                                   5.00       5.00
  clock network delay (ideal)                             0.00       5.00
  G_ROTOR_2__G_OTHER_u_cellk/clk_gate_shift_o_reg/main_gate/B (AND2XL)
                                                          0.00       5.00 f
  clock gating hold time                                  0.00       5.00
  data required time                                                 5.00
  --------------------------------------------------------------------------
  data required time                                                 5.00
  data arrival time                                                 -5.12
  --------------------------------------------------------------------------
  slack (MET)                                                        0.12


  Startpoint: G_ROTOR_0__G_OTHER_u_cellk/clk_gate_shift_o_reg/latch
              (negative level-sensitive latch clocked by clk)
  Endpoint: G_ROTOR_0__G_OTHER_u_cellk/clk_gate_shift_o_reg/main_gate
            (gating element for clock clk)
  Path Group: clk
  Path Type: min

  Des/Clust/Port     Wire Load Model       Library
  ------------------------------------------------
  enigma_part1       Large                 slow_vdd1v2
  SNPS_CLOCK_GATE_HIGH_RotorA_cell_mydesign_0_mydesign_0
                     Small                 slow_vdd1v2

  Point                                                   Incr       Path
  --------------------------------------------------------------------------
  clock clk (fall edge)                                   5.00       5.00
  clock network delay (ideal)                             0.00       5.00
  G_ROTOR_0__G_OTHER_u_cellk/clk_gate_shift_o_reg/latch/GN (TLATNXL)
                                                          0.00       5.00 f
  G_ROTOR_0__G_OTHER_u_cellk/clk_gate_shift_o_reg/latch/Q (TLATNXL)
                                                          0.11       5.11 r
  G_ROTOR_0__G_OTHER_u_cellk/clk_gate_shift_o_reg/main_gate/A (AND2XL)
                                                          0.01       5.12 r
  data arrival time                                                  5.12

  clock clk (fall edge)                                   5.00       5.00
  clock network delay (ideal)                             0.00       5.00
  G_ROTOR_0__G_OTHER_u_cellk/clk_gate_shift_o_reg/main_gate/B (AND2XL)
                                                          0.00       5.00 f
  clock gating hold time                                  0.00       5.00
  data required time                                                 5.00
  --------------------------------------------------------------------------
  data required time                                                 5.00
  data arrival time                                                 -5.12
  --------------------------------------------------------------------------
  slack (MET)                                                        0.12


1
