 
****************************************
Report : resources
Design : enigma_part1
Version: R-2020.09-SP5
Date   : Thu Oct  9 23:46:53 2025
****************************************


No resource sharing information to report.

No implementations to report

No resource sharing information to report.
 
****************************************
Design : onehot2binary
****************************************

No implementations to report

No resource sharing information to report.
 
****************************************
Design : RotorA_cell_mydesign_0
****************************************

No implementations to report

No resource sharing information to report.
 
****************************************
Design : RotorA_cell_mydesign_1
****************************************

No implementations to report

No resource sharing information to report.
 
****************************************
Design : RotorA_cell_mydesign_2
****************************************

No implementations to report

No resource sharing information to report.
 
****************************************
Design : RotorA_cell_mydesign_3
****************************************

No implementations to report

No resource sharing information to report.
 
****************************************
Design : RotorA_cell_mydesign_4
****************************************

No implementations to report

No resource sharing information to report.
 
****************************************
Design : RotorA_cell_mydesign_5
****************************************

No implementations to report

No resource sharing information to report.
 
****************************************
Design : RotorA_cell_mydesign_6
****************************************

No implementations to report

No resource sharing information to report.
 
****************************************
Design : RotorA_cell_mydesign_7
****************************************

No implementations to report

No resource sharing information to report.
 
****************************************
Design : RotorA_cell_mydesign_8
****************************************

No implementations to report

No resource sharing information to report.
 
****************************************
Design : RotorA_cell_mydesign_9
****************************************

No implementations to report

No resource sharing information to report.
 
****************************************
Design : RotorA_cell_mydesign_10
****************************************

No implementations to report

No resource sharing information to report.
 
****************************************
Design : RotorA_cell_mydesign_11
****************************************

No implementations to report

No resource sharing information to report.
 
****************************************
Design : RotorA_cell_mydesign_12
****************************************

No implementations to report

No resource sharing information to report.
 
****************************************
Design : RotorA_cell_mydesign_13
****************************************

No implementations to report

No resource sharing information to report.
 
****************************************
Design : RotorA_cell_mydesign_14
****************************************

No implementations to report

No resource sharing information to report.
 
****************************************
Design : RotorA_cell_mydesign_15
****************************************

No implementations to report

No resource sharing information to report.
 
****************************************
Design : RotorA_cell_mydesign_16
****************************************

No implementations to report

No resource sharing information to report.
 
****************************************
Design : RotorA_cell_mydesign_17
****************************************

No implementations to report

No resource sharing information to report.
 
****************************************
Design : RotorA_cell_mydesign_18
****************************************

No implementations to report

No resource sharing information to report.
 
****************************************
Design : RotorA_cell_mydesign_19
****************************************

No implementations to report

No resource sharing information to report.
 
****************************************
Design : RotorA_cell_mydesign_20
****************************************

No implementations to report

No resource sharing information to report.
 
****************************************
Design : RotorA_cell_mydesign_21
****************************************

No implementations to report

No resource sharing information to report.
 
****************************************
Design : RotorA_cell_mydesign_22
****************************************

No implementations to report

No resource sharing information to report.
 
****************************************
Design : RotorA_cell_mydesign_23
****************************************

No implementations to report

No resource sharing information to report.
 
****************************************
Design : RotorA_cell_mydesign_24
****************************************

No implementations to report

No resource sharing information to report.
 
****************************************
Design : RotorA_cell_mydesign_25
****************************************

No implementations to report

No resource sharing information to report.
 
****************************************
Design : RotorA_cell_mydesign_26
****************************************

No implementations to report

No resource sharing information to report.
 
****************************************
Design : RotorA_cell_mydesign_27
****************************************

No implementations to report

No resource sharing information to report.
 
****************************************
Design : RotorA_cell_mydesign_28
****************************************

No implementations to report

No resource sharing information to report.
 
****************************************
Design : RotorA_cell_mydesign_29
****************************************

No implementations to report

No resource sharing information to report.
 
****************************************
Design : RotorA_cell_mydesign_30
****************************************

No implementations to report

No resource sharing information to report.
 
****************************************
Design : RotorA_cell_mydesign_31
****************************************

No implementations to report

No resource sharing information to report.
 
****************************************
Design : RotorA_cell_mydesign_32
****************************************

No implementations to report

No resource sharing information to report.
 
****************************************
Design : RotorA_cell_mydesign_33
****************************************

No implementations to report

No resource sharing information to report.
 
****************************************
Design : RotorA_cell_mydesign_34
****************************************

No implementations to report

No resource sharing information to report.
 
****************************************
Design : RotorA_cell_mydesign_35
****************************************

No implementations to report

No resource sharing information to report.
 
****************************************
Design : RotorA_cell_mydesign_36
****************************************

No implementations to report

No resource sharing information to report.
 
****************************************
Design : RotorA_cell_mydesign_37
****************************************

No implementations to report

No resource sharing information to report.
 
****************************************
Design : RotorA_cell_mydesign_38
****************************************

No implementations to report

No resource sharing information to report.
 
****************************************
Design : RotorA_cell_mydesign_39
****************************************

No implementations to report

No resource sharing information to report.
 
****************************************
Design : RotorA_cell_mydesign_40
****************************************

No implementations to report

No resource sharing information to report.
 
****************************************
Design : RotorA_cell_mydesign_41
****************************************

No implementations to report

No resource sharing information to report.
 
****************************************
Design : RotorA_cell_mydesign_42
****************************************

No implementations to report

No resource sharing information to report.
 
****************************************
Design : RotorA_cell_mydesign_43
****************************************

No implementations to report

No resource sharing information to report.
 
****************************************
Design : RotorA_cell_mydesign_44
****************************************

No implementations to report

No resource sharing information to report.
 
****************************************
Design : RotorA_cell_mydesign_45
****************************************

No implementations to report

No resource sharing information to report.
 
****************************************
Design : RotorA_cell_mydesign_46
****************************************

No implementations to report

No resource sharing information to report.
 
****************************************
Design : RotorA_cell_mydesign_47
****************************************

No implementations to report

No resource sharing information to report.
 
****************************************
Design : RotorA_cell_mydesign_48
****************************************

No implementations to report

No resource sharing information to report.
 
****************************************
Design : RotorA_cell_mydesign_49
****************************************

No implementations to report

No resource sharing information to report.
 
****************************************
Design : RotorA_cell_mydesign_50
****************************************

No implementations to report

No resource sharing information to report.
 
****************************************
Design : RotorA_cell_mydesign_51
****************************************

No implementations to report

No resource sharing information to report.
 
****************************************
Design : RotorA_cell_mydesign_52
****************************************

No implementations to report

No resource sharing information to report.
 
****************************************
Design : RotorA_cell_mydesign_53
****************************************

No implementations to report

No resource sharing information to report.
 
****************************************
Design : RotorA_cell_mydesign_54
****************************************

No implementations to report

No resource sharing information to report.
 
****************************************
Design : RotorA_cell_mydesign_55
****************************************

No implementations to report

No resource sharing information to report.
 
****************************************
Design : RotorA_cell_mydesign_56
****************************************

No implementations to report

No resource sharing information to report.
 
****************************************
Design : RotorA_cell_mydesign_57
****************************************

No implementations to report

No resource sharing information to report.
 
****************************************
Design : RotorA_cell_mydesign_58
****************************************

No implementations to report

No resource sharing information to report.
 
****************************************
Design : RotorA_cell_mydesign_59
****************************************

No implementations to report

No resource sharing information to report.
 
****************************************
Design : RotorA_cell_mydesign_60
****************************************

No implementations to report

No resource sharing information to report.
 
****************************************
Design : RotorA_cell_mydesign_61
****************************************

No implementations to report

No resource sharing information to report.
 
****************************************
Design : RotorA_cell_mydesign_62
****************************************

No implementations to report

No resource sharing information to report.
 
****************************************
Design : RotorA_cell_mydesign_63
****************************************

No implementations to report
1
