Information: Checking out the license 'DesignWare'. (SEC-104)
Information: Changed wire load model for 'DW01_sub_width40' from '(none)' to 'Small'. (OPT-170)
Information: Changed wire load model for '*SUB_UNS_OP_40_39_40' from '(none)' to 'Small'. (OPT-170)
Information: Changed wire load model for 'DW01_sub_width40' from '(none)' to 'Small'. (OPT-170)
Information: Changed wire load model for '*SUB_UNS_OP_40_39_40' from '(none)' to 'Small'. (OPT-170)
Information: Changed wire load model for 'DW01_sub_width40' from '(none)' to 'Small'. (OPT-170)
Information: Changed wire load model for '*SUB_UNS_OP_40_39_40' from '(none)' to 'Small'. (OPT-170)
Information: Changed wire load model for 'DW01_sub_width40' from '(none)' to 'Small'. (OPT-170)
Information: Changed wire load model for '*SUB_UNS_OP_40_39_40' from '(none)' to 'Small'. (OPT-170)
Information: Changed wire load model for 'DW01_sub_width40' from '(none)' to 'Small'. (OPT-170)
Information: Changed wire load model for '*SUB_UNS_OP_40_39_40' from '(none)' to 'Small'. (OPT-170)
Information: Changed wire load model for 'DW01_sub_width40' from '(none)' to 'Small'. (OPT-170)
Information: Changed wire load model for '*SUB_UNS_OP_40_39_40' from '(none)' to 'Small'. (OPT-170)
Information: Changed wire load model for 'DW01_sub_width40' from '(none)' to 'Small'. (OPT-170)
Information: Changed wire load model for '*SUB_UNS_OP_40_39_40' from '(none)' to 'Small'. (OPT-170)
Information: Changed wire load model for 'DW01_sub_width40' from '(none)' to 'Small'. (OPT-170)
Information: Changed wire load model for '*SUB_UNS_OP_40_39_40' from '(none)' to 'Small'. (OPT-170)
Information: Changed wire load model for 'DW01_sub_width40' from '(none)' to 'Small'. (OPT-170)
Information: Changed wire load model for '*SUB_UNS_OP_40_39_40' from '(none)' to 'Small'. (OPT-170)
Information: Changed wire load model for 'DW01_sub_width40' from '(none)' to 'Small'. (OPT-170)
Information: Changed wire load model for '*SUB_UNS_OP_40_39_40' from '(none)' to 'Small'. (OPT-170)
Information: Changed wire load model for 'DW01_sub_width40' from '(none)' to 'Small'. (OPT-170)
Information: Changed wire load model for '*SUB_UNS_OP_40_39_40' from '(none)' to 'Small'. (OPT-170)
Information: Changed wire load model for 'DW01_sub_width40' from '(none)' to 'Small'. (OPT-170)
Information: Changed wire load model for '*SUB_UNS_OP_40_39_40' from '(none)' to 'Small'. (OPT-170)
Information: Changed wire load model for 'DW01_sub_width40' from '(none)' to 'Small'. (OPT-170)
Information: Changed wire load model for '*SUB_UNS_OP_40_39_40' from '(none)' to 'Small'. (OPT-170)
Information: Changed wire load model for 'DW01_sub_width40' from '(none)' to 'Small'. (OPT-170)
Information: Changed wire load model for '*SUB_UNS_OP_40_39_40' from '(none)' to 'Small'. (OPT-170)
Information: Changed wire load model for 'DW01_sub_width40' from '(none)' to 'Small'. (OPT-170)
Information: Changed wire load model for '*SUB_UNS_OP_40_39_40' from '(none)' to 'Small'. (OPT-170)
Information: Changed wire load model for 'DW01_sub_width40' from '(none)' to 'Small'. (OPT-170)
Information: Changed wire load model for '*SUB_UNS_OP_40_39_40' from '(none)' to 'Small'. (OPT-170)
Information: Changed wire load model for 'DW01_sub_width40' from '(none)' to 'Small'. (OPT-170)
Information: Changed wire load model for '*SUB_UNS_OP_40_39_40' from '(none)' to 'Small'. (OPT-170)
Information: Changed wire load model for 'DW01_sub_width40' from '(none)' to 'Small'. (OPT-170)
Information: Changed wire load model for '*SUB_UNS_OP_40_39_40' from '(none)' to 'Small'. (OPT-170)
Information: Changed wire load model for 'DW01_sub_width40' from '(none)' to 'Small'. (OPT-170)
Information: Changed wire load model for '*SUB_UNS_OP_40_39_40' from '(none)' to 'Small'. (OPT-170)
Information: Changed wire load model for 'DW01_sub_width40' from '(none)' to 'Small'. (OPT-170)
Information: Changed wire load model for '*SUB_UNS_OP_40_39_40' from '(none)' to 'Small'. (OPT-170)
Information: Changed wire load model for 'DW01_sub_width40' from '(none)' to 'Small'. (OPT-170)
Information: Changed wire load model for '*SUB_UNS_OP_40_39_40' from '(none)' to 'Small'. (OPT-170)
Information: Changed wire load model for 'DW01_sub_width40' from '(none)' to 'Small'. (OPT-170)
Information: Changed wire load model for '*SUB_UNS_OP_40_39_40' from '(none)' to 'Small'. (OPT-170)
Information: Changed wire load model for 'DW01_sub_width40' from '(none)' to 'Small'. (OPT-170)
Information: Changed wire load model for '*SUB_UNS_OP_40_39_40' from '(none)' to 'Small'. (OPT-170)
Information: Changed wire load model for 'DW01_sub_width40' from '(none)' to 'Small'. (OPT-170)
Information: Changed wire load model for '*SUB_UNS_OP_40_39_40' from '(none)' to 'Small'. (OPT-170)
Information: Changed wire load model for 'DW01_sub_width40' from '(none)' to 'Small'. (OPT-170)
Information: Changed wire load model for '*SUB_UNS_OP_40_39_40' from '(none)' to 'Small'. (OPT-170)
Information: Changed wire load model for 'DW01_sub_width40' from '(none)' to 'Small'. (OPT-170)
Information: Changed wire load model for '*SUB_UNS_OP_40_39_40' from '(none)' to 'Small'. (OPT-170)
Information: Changed wire load model for 'DW01_sub_width40' from '(none)' to 'Small'. (OPT-170)
Information: Changed wire load model for '*SUB_UNS_OP_40_39_40' from '(none)' to 'Small'. (OPT-170)
Information: Changed wire load model for 'DW01_sub_width40' from '(none)' to 'Small'. (OPT-170)
Information: Changed wire load model for '*SUB_UNS_OP_40_39_40' from '(none)' to 'Small'. (OPT-170)
Information: Changed wire load model for 'DW01_sub_width40' from '(none)' to 'Small'. (OPT-170)
Information: Changed wire load model for '*SUB_UNS_OP_40_39_40' from '(none)' to 'Small'. (OPT-170)
Information: Changed wire load model for 'DW01_sub_width40' from '(none)' to 'Small'. (OPT-170)
Information: Changed wire load model for '*SUB_UNS_OP_40_39_40' from '(none)' to 'Small'. (OPT-170)
Information: Changed wire load model for 'DW01_sub_width40' from '(none)' to 'Small'. (OPT-170)
Information: Changed wire load model for '*SUB_UNS_OP_40_39_40' from '(none)' to 'Small'. (OPT-170)
Information: Changed wire load model for 'DW01_sub_width40' from '(none)' to 'Small'. (OPT-170)
Information: Changed wire load model for '*SUB_UNS_OP_40_39_40' from '(none)' to 'Small'. (OPT-170)
Information: Changed wire load model for 'DW01_sub_width40' from '(none)' to 'Small'. (OPT-170)
Information: Changed wire load model for '*SUB_UNS_OP_1_39_40' from '(none)' to 'Small'. (OPT-170)
Information: Changed wire load model for 'DW01_sub_width40' from '(none)' to 'Small'. (OPT-170)
Information: Changed wire load model for '*SUB_UNS_OP_40_39_40' from '(none)' to 'Small'. (OPT-170)
Information: Changed wire load model for 'DW01_sub_width40' from '(none)' to 'Small'. (OPT-170)
Information: Changed wire load model for '*SUB_UNS_OP_40_39_40' from '(none)' to 'Small'. (OPT-170)
Information: Changed wire load model for 'DW01_sub_width40' from '(none)' to 'Small'. (OPT-170)
Information: Changed wire load model for '*SUB_UNS_OP_40_39_40' from '(none)' to 'Small'. (OPT-170)
Information: Changed wire load model for 'DW01_sub_width40' from '(none)' to 'Small'. (OPT-170)
Information: Changed wire load model for '*SUB_UNS_OP_40_39_40' from '(none)' to 'Small'. (OPT-170)
Information: Changed wire load model for 'DW01_sub_width40' from '(none)' to 'Small'. (OPT-170)
Information: Changed wire load model for '*SUB_UNS_OP_40_39_40' from '(none)' to 'Small'. (OPT-170)
Information: Changed wire load model for 'DW01_sub_width40' from '(none)' to 'Small'. (OPT-170)
Information: Changed wire load model for '*SUB_UNS_OP_40_39_40' from '(none)' to 'Small'. (OPT-170)
Information: Updating design information... (UID-85)
Warning: Design 'div' contains 1 high-fanout nets. A fanout number of 1000 will be used for delay calculations involving these nets. (TIM-134)

Information: Checking generated_clocks...

Information: Checking loops...

Information: Checking no_input_delay...

Information: Checking unconstrained_endpoints...

Information: Checking pulse_clock_cell_type...

Information: Checking no_driving_cell...

Information: Checking partial_input_delay...
1
