 
****************************************
Report : timing
        -path full
        -delay max
        -max_paths 4
Design : div
Version: R-2020.09-SP5
Date   : Mon Nov 24 15:09:50 2025
****************************************

Operating Conditions: PVT_1P08V_125C   Library: slow_vdd1v2
Wire Load Model Mode: enclosed

  Startpoint: divisor_t_reg_14__0_
              (rising edge-triggered flip-flop clocked by clk)
  Endpoint: remainder_t_reg_21__13_
            (rising edge-triggered flip-flop clocked by clk)
  Path Group: clk
  Path Type: max

  Des/Clust/Port     Wire Load Model       Library
  ------------------------------------------------
  div                Large                 slow_vdd1v2

  Point                                    Incr       Path
  -----------------------------------------------------------
  clock clk (rise edge)                    0.00       0.00
  clock network delay (ideal)              0.00       0.00
  divisor_t_reg_14__0_/CK (DFFQX1)         0.00       0.00 r
  divisor_t_reg_14__0_/Q (DFFQX1)          0.11       0.11 f
  U5743/Y (INVXL)                          0.04       0.15 r
  U5744/Y (NOR2XL)                         0.05       0.19 f
  U5748/Y (OAI21XL)                        0.07       0.26 r
  U5752/Y (AOI21XL)                        0.09       0.35 f
  U5760/Y (OAI21XL)                        0.08       0.43 r
  U5776/Y (AOI21XL)                        0.09       0.52 f
  U5808/Y (OAI21XL)                        0.08       0.60 r
  U5824/Y (AOI21XL)                        0.09       0.69 f
  U2898/Y (XNOR2X1)                        0.14       0.84 r
  U1950/Y (INVX1)                          0.07       0.90 f
  U1965/Y (OAI2BB2X1)                      0.07       0.98 r
  U6196/Y (NAND2XL)                        0.09       1.06 f
  U6198/Y (OAI21XL)                        0.08       1.14 r
  U6202/Y (AOI21XL)                        0.09       1.23 f
  U6210/Y (OAI21XL)                        0.08       1.31 r
  U6226/Y (AOI21XL)                        0.08       1.40 f
  U6227/Y (OAI21XL)                        0.06       1.46 r
  U2897/Y (AOI21XL)                        0.10       1.56 f
  U2003/Y (XNOR2X2)                        0.18       1.73 r
  U3067/Y (MXI2XL)                         0.10       1.83 r
  U6418/Y (NAND2XL)                        0.09       1.92 f
  U6420/Y (OAI21XL)                        0.08       2.00 r
  U6424/Y (AOI21XL)                        0.09       2.09 f
  U6432/Y (OAI21XL)                        0.08       2.17 r
  U6433/Y (AOI21XL)                        0.06       2.23 f
  U6598/Y (OAI21XL)                        0.08       2.31 r
  U6614/Y (AOI21XL)                        0.09       2.40 f
  U6615/Y (CLKXOR2X1)                      0.14       2.55 r
  U1940/Y (INVXL)                          0.06       2.61 f
  U3526/Y (MXI2XL)                         0.10       2.72 f
  U6730/Y (NOR2XL)                         0.09       2.80 r
  U6731/Y (NOR2XL)                         0.07       2.87 f
  U6963/Y (AOI21XL)                        0.07       2.94 r
  U6964/Y (OAI21XL)                        0.09       3.03 f
  U6980/Y (AOI21XL)                        0.07       3.10 r
  U6981/Y (OAI21XL)                        0.10       3.19 f
  U2044/Y (AOI21XL)                        0.09       3.28 r
  U1942/Y (CLKXOR2X2)                      0.17       3.45 r
  U2018/Y (MX2XL)                          0.12       3.58 f
  U2009/Y (NOR2BXL)                        0.06       3.64 r
  U7365/Y (OAI21XL)                        0.09       3.73 f
  U7369/Y (AOI21XL)                        0.07       3.80 r
  U7370/Y (OAI21XL)                        0.08       3.88 f
  U7371/Y (AOI21XL)                        0.07       3.95 r
  U7372/Y (OAI21XL)                        0.09       4.04 f
  U7388/Y (AOI21XL)                        0.09       4.13 r
  U2932/Y (CLKXOR2X1)                      0.15       4.28 f
  U2926/Y (INVXL)                          0.05       4.33 r
  U7919/Y (OAI22XL)                        0.10       4.43 f
  U7920/Y (NOR2XL)                         0.09       4.52 r
  U8186/Y (OAI21XL)                        0.09       4.61 f
  U8190/Y (AOI21XL)                        0.08       4.69 r
  U8198/Y (OAI21XL)                        0.08       4.77 f
  U8214/Y (AOI21XL)                        0.07       4.84 r
  U8215/Y (OAI21XL)                        0.10       4.94 f
  U8229/Y (AOI21XL)                        0.09       5.02 r
  U2097/Y (CLKXOR2X2)                      0.17       5.19 r
  U2069/Y (MX2XL)                          0.12       5.32 f
  U8749/Y (NOR2XL)                         0.06       5.38 r
  U8977/Y (OAI21XL)                        0.09       5.47 f
  U8981/Y (AOI21XL)                        0.07       5.54 r
  U8982/Y (OAI21XL)                        0.09       5.63 f
  U8998/Y (AOI21XL)                        0.07       5.70 r
  U8999/Y (OAI21XL)                        0.09       5.79 f
  U9015/Y (AOI21XL)                        0.09       5.88 r
  U3521/Y (CLKXOR2X2)                      0.19       6.06 r
  U3609/Y (MXI2XL)                         0.09       6.16 r
  remainder_t_reg_21__13_/D (DFFQXL)       0.03       6.19 r
  data arrival time                                   6.19

  clock clk (rise edge)                    3.00       3.00
  clock network delay (ideal)              0.00       3.00
  remainder_t_reg_21__13_/CK (DFFQXL)      0.00       3.00 r
  library setup time                      -0.07       2.93
  data required time                                  2.93
  -----------------------------------------------------------
  data required time                                  2.93
  data arrival time                                  -6.19
  -----------------------------------------------------------
  slack (VIOLATED)                                   -3.26


  Startpoint: divisor_t_reg_14__0_
              (rising edge-triggered flip-flop clocked by clk)
  Endpoint: remainder_t_reg_21__12_
            (rising edge-triggered flip-flop clocked by clk)
  Path Group: clk
  Path Type: max

  Des/Clust/Port     Wire Load Model       Library
  ------------------------------------------------
  div                Large                 slow_vdd1v2

  Point                                    Incr       Path
  -----------------------------------------------------------
  clock clk (rise edge)                    0.00       0.00
  clock network delay (ideal)              0.00       0.00
  divisor_t_reg_14__0_/CK (DFFQX1)         0.00       0.00 r
  divisor_t_reg_14__0_/Q (DFFQX1)          0.11       0.11 f
  U5743/Y (INVXL)                          0.04       0.15 r
  U5744/Y (NOR2XL)                         0.05       0.19 f
  U5748/Y (OAI21XL)                        0.07       0.26 r
  U5752/Y (AOI21XL)                        0.09       0.35 f
  U5760/Y (OAI21XL)                        0.08       0.43 r
  U5776/Y (AOI21XL)                        0.09       0.52 f
  U5808/Y (OAI21XL)                        0.08       0.60 r
  U5824/Y (AOI21XL)                        0.09       0.69 f
  U2898/Y (XNOR2X1)                        0.14       0.84 r
  U1950/Y (INVX1)                          0.07       0.90 f
  U1965/Y (OAI2BB2X1)                      0.07       0.98 r
  U6196/Y (NAND2XL)                        0.09       1.06 f
  U6198/Y (OAI21XL)                        0.08       1.14 r
  U6202/Y (AOI21XL)                        0.09       1.23 f
  U6210/Y (OAI21XL)                        0.08       1.31 r
  U6226/Y (AOI21XL)                        0.08       1.40 f
  U6227/Y (OAI21XL)                        0.06       1.46 r
  U2897/Y (AOI21XL)                        0.10       1.56 f
  U2003/Y (XNOR2X2)                        0.18       1.73 r
  U3067/Y (MXI2XL)                         0.10       1.83 r
  U6418/Y (NAND2XL)                        0.09       1.92 f
  U6420/Y (OAI21XL)                        0.08       2.00 r
  U6424/Y (AOI21XL)                        0.09       2.09 f
  U6432/Y (OAI21XL)                        0.08       2.17 r
  U6433/Y (AOI21XL)                        0.06       2.23 f
  U6598/Y (OAI21XL)                        0.08       2.31 r
  U6614/Y (AOI21XL)                        0.09       2.40 f
  U6615/Y (CLKXOR2X1)                      0.14       2.55 r
  U1940/Y (INVXL)                          0.06       2.61 f
  U3526/Y (MXI2XL)                         0.10       2.72 f
  U6730/Y (NOR2XL)                         0.09       2.80 r
  U6731/Y (NOR2XL)                         0.07       2.87 f
  U6963/Y (AOI21XL)                        0.07       2.94 r
  U6964/Y (OAI21XL)                        0.09       3.03 f
  U6980/Y (AOI21XL)                        0.07       3.10 r
  U6981/Y (OAI21XL)                        0.10       3.19 f
  U2044/Y (AOI21XL)                        0.09       3.28 r
  U1942/Y (CLKXOR2X2)                      0.17       3.45 r
  U2018/Y (MX2XL)                          0.12       3.58 f
  U2009/Y (NOR2BXL)                        0.06       3.64 r
  U7365/Y (OAI21XL)                        0.09       3.73 f
  U7369/Y (AOI21XL)                        0.07       3.80 r
  U7370/Y (OAI21XL)                        0.08       3.88 f
  U7371/Y (AOI21XL)                        0.07       3.95 r
  U7372/Y (OAI21XL)                        0.09       4.04 f
  U7388/Y (AOI21XL)                        0.09       4.13 r
  U2932/Y (CLKXOR2X1)                      0.15       4.28 f
  U2926/Y (INVXL)                          0.05       4.33 r
  U7919/Y (OAI22XL)                        0.10       4.43 f
  U7920/Y (NOR2XL)                         0.09       4.52 r
  U8186/Y (OAI21XL)                        0.09       4.61 f
  U8190/Y (AOI21XL)                        0.08       4.69 r
  U8198/Y (OAI21XL)                        0.08       4.77 f
  U8214/Y (AOI21XL)                        0.07       4.84 r
  U8215/Y (OAI21XL)                        0.10       4.94 f
  U8229/Y (AOI21XL)                        0.09       5.02 r
  U2097/Y (CLKXOR2X2)                      0.17       5.19 r
  U2069/Y (MX2XL)                          0.12       5.32 f
  U8749/Y (NOR2XL)                         0.06       5.38 r
  U8977/Y (OAI21XL)                        0.09       5.47 f
  U8981/Y (AOI21XL)                        0.07       5.54 r
  U8982/Y (OAI21XL)                        0.09       5.63 f
  U8998/Y (AOI21XL)                        0.07       5.70 r
  U8999/Y (OAI21XL)                        0.09       5.79 f
  U9015/Y (AOI21XL)                        0.09       5.88 r
  U3521/Y (CLKXOR2X2)                      0.19       6.06 r
  U3774/Y (MXI2XL)                         0.09       6.16 r
  remainder_t_reg_21__12_/D (DFFQXL)       0.03       6.19 r
  data arrival time                                   6.19

  clock clk (rise edge)                    3.00       3.00
  clock network delay (ideal)              0.00       3.00
  remainder_t_reg_21__12_/CK (DFFQXL)      0.00       3.00 r
  library setup time                      -0.07       2.93
  data required time                                  2.93
  -----------------------------------------------------------
  data required time                                  2.93
  data arrival time                                  -6.19
  -----------------------------------------------------------
  slack (VIOLATED)                                   -3.26


  Startpoint: divisor_t_reg_14__0_
              (rising edge-triggered flip-flop clocked by clk)
  Endpoint: remainder_t_reg_21__4_
            (rising edge-triggered flip-flop clocked by clk)
  Path Group: clk
  Path Type: max

  Des/Clust/Port     Wire Load Model       Library
  ------------------------------------------------
  div                Large                 slow_vdd1v2

  Point                                    Incr       Path
  -----------------------------------------------------------
  clock clk (rise edge)                    0.00       0.00
  clock network delay (ideal)              0.00       0.00
  divisor_t_reg_14__0_/CK (DFFQX1)         0.00       0.00 r
  divisor_t_reg_14__0_/Q (DFFQX1)          0.11       0.11 f
  U5743/Y (INVXL)                          0.04       0.15 r
  U5744/Y (NOR2XL)                         0.05       0.19 f
  U5748/Y (OAI21XL)                        0.07       0.26 r
  U5752/Y (AOI21XL)                        0.09       0.35 f
  U5760/Y (OAI21XL)                        0.08       0.43 r
  U5776/Y (AOI21XL)                        0.09       0.52 f
  U5808/Y (OAI21XL)                        0.08       0.60 r
  U5824/Y (AOI21XL)                        0.09       0.69 f
  U2898/Y (XNOR2X1)                        0.14       0.84 r
  U1950/Y (INVX1)                          0.07       0.90 f
  U1965/Y (OAI2BB2X1)                      0.07       0.98 r
  U6196/Y (NAND2XL)                        0.09       1.06 f
  U6198/Y (OAI21XL)                        0.08       1.14 r
  U6202/Y (AOI21XL)                        0.09       1.23 f
  U6210/Y (OAI21XL)                        0.08       1.31 r
  U6226/Y (AOI21XL)                        0.08       1.40 f
  U6227/Y (OAI21XL)                        0.06       1.46 r
  U2897/Y (AOI21XL)                        0.10       1.56 f
  U2003/Y (XNOR2X2)                        0.18       1.73 r
  U3067/Y (MXI2XL)                         0.10       1.83 r
  U6418/Y (NAND2XL)                        0.09       1.92 f
  U6420/Y (OAI21XL)                        0.08       2.00 r
  U6424/Y (AOI21XL)                        0.09       2.09 f
  U6432/Y (OAI21XL)                        0.08       2.17 r
  U6433/Y (AOI21XL)                        0.06       2.23 f
  U6598/Y (OAI21XL)                        0.08       2.31 r
  U6614/Y (AOI21XL)                        0.09       2.40 f
  U6615/Y (CLKXOR2X1)                      0.14       2.55 r
  U1940/Y (INVXL)                          0.06       2.61 f
  U3526/Y (MXI2XL)                         0.10       2.72 f
  U6730/Y (NOR2XL)                         0.09       2.80 r
  U6731/Y (NOR2XL)                         0.07       2.87 f
  U6963/Y (AOI21XL)                        0.07       2.94 r
  U6964/Y (OAI21XL)                        0.09       3.03 f
  U6980/Y (AOI21XL)                        0.07       3.10 r
  U6981/Y (OAI21XL)                        0.10       3.19 f
  U2044/Y (AOI21XL)                        0.09       3.28 r
  U1942/Y (CLKXOR2X2)                      0.17       3.45 r
  U2018/Y (MX2XL)                          0.12       3.58 f
  U2009/Y (NOR2BXL)                        0.06       3.64 r
  U7365/Y (OAI21XL)                        0.09       3.73 f
  U7369/Y (AOI21XL)                        0.07       3.80 r
  U7370/Y (OAI21XL)                        0.08       3.88 f
  U7371/Y (AOI21XL)                        0.07       3.95 r
  U7372/Y (OAI21XL)                        0.09       4.04 f
  U7388/Y (AOI21XL)                        0.09       4.13 r
  U2932/Y (CLKXOR2X1)                      0.15       4.28 f
  U2926/Y (INVXL)                          0.05       4.33 r
  U7919/Y (OAI22XL)                        0.10       4.43 f
  U7920/Y (NOR2XL)                         0.09       4.52 r
  U8186/Y (OAI21XL)                        0.09       4.61 f
  U8190/Y (AOI21XL)                        0.08       4.69 r
  U8198/Y (OAI21XL)                        0.08       4.77 f
  U8214/Y (AOI21XL)                        0.07       4.84 r
  U8215/Y (OAI21XL)                        0.10       4.94 f
  U8229/Y (AOI21XL)                        0.09       5.02 r
  U2097/Y (CLKXOR2X2)                      0.17       5.19 r
  U2069/Y (MX2XL)                          0.12       5.32 f
  U8749/Y (NOR2XL)                         0.06       5.38 r
  U8977/Y (OAI21XL)                        0.09       5.47 f
  U8981/Y (AOI21XL)                        0.07       5.54 r
  U8982/Y (OAI21XL)                        0.09       5.63 f
  U8998/Y (AOI21XL)                        0.07       5.70 r
  U8999/Y (OAI21XL)                        0.09       5.79 f
  U9015/Y (AOI21XL)                        0.09       5.88 r
  U3521/Y (CLKXOR2X2)                      0.19       6.06 r
  U3608/Y (MXI2XL)                         0.09       6.16 r
  remainder_t_reg_21__4_/D (DFFQXL)        0.03       6.19 r
  data arrival time                                   6.19

  clock clk (rise edge)                    3.00       3.00
  clock network delay (ideal)              0.00       3.00
  remainder_t_reg_21__4_/CK (DFFQXL)       0.00       3.00 r
  library setup time                      -0.07       2.93
  data required time                                  2.93
  -----------------------------------------------------------
  data required time                                  2.93
  data arrival time                                  -6.19
  -----------------------------------------------------------
  slack (VIOLATED)                                   -3.26


  Startpoint: divisor_t_reg_14__0_
              (rising edge-triggered flip-flop clocked by clk)
  Endpoint: remainder_t_reg_21__0_
            (rising edge-triggered flip-flop clocked by clk)
  Path Group: clk
  Path Type: max

  Des/Clust/Port     Wire Load Model       Library
  ------------------------------------------------
  div                Large                 slow_vdd1v2

  Point                                    Incr       Path
  -----------------------------------------------------------
  clock clk (rise edge)                    0.00       0.00
  clock network delay (ideal)              0.00       0.00
  divisor_t_reg_14__0_/CK (DFFQX1)         0.00       0.00 r
  divisor_t_reg_14__0_/Q (DFFQX1)          0.11       0.11 f
  U5743/Y (INVXL)                          0.04       0.15 r
  U5744/Y (NOR2XL)                         0.05       0.19 f
  U5748/Y (OAI21XL)                        0.07       0.26 r
  U5752/Y (AOI21XL)                        0.09       0.35 f
  U5760/Y (OAI21XL)                        0.08       0.43 r
  U5776/Y (AOI21XL)                        0.09       0.52 f
  U5808/Y (OAI21XL)                        0.08       0.60 r
  U5824/Y (AOI21XL)                        0.09       0.69 f
  U2898/Y (XNOR2X1)                        0.14       0.84 r
  U1950/Y (INVX1)                          0.07       0.90 f
  U1965/Y (OAI2BB2X1)                      0.07       0.98 r
  U6196/Y (NAND2XL)                        0.09       1.06 f
  U6198/Y (OAI21XL)                        0.08       1.14 r
  U6202/Y (AOI21XL)                        0.09       1.23 f
  U6210/Y (OAI21XL)                        0.08       1.31 r
  U6226/Y (AOI21XL)                        0.08       1.40 f
  U6227/Y (OAI21XL)                        0.06       1.46 r
  U2897/Y (AOI21XL)                        0.10       1.56 f
  U2003/Y (XNOR2X2)                        0.18       1.73 r
  U3067/Y (MXI2XL)                         0.10       1.83 r
  U6418/Y (NAND2XL)                        0.09       1.92 f
  U6420/Y (OAI21XL)                        0.08       2.00 r
  U6424/Y (AOI21XL)                        0.09       2.09 f
  U6432/Y (OAI21XL)                        0.08       2.17 r
  U6433/Y (AOI21XL)                        0.06       2.23 f
  U6598/Y (OAI21XL)                        0.08       2.31 r
  U6614/Y (AOI21XL)                        0.09       2.40 f
  U6615/Y (CLKXOR2X1)                      0.14       2.55 r
  U1940/Y (INVXL)                          0.06       2.61 f
  U3526/Y (MXI2XL)                         0.10       2.72 f
  U6730/Y (NOR2XL)                         0.09       2.80 r
  U6731/Y (NOR2XL)                         0.07       2.87 f
  U6963/Y (AOI21XL)                        0.07       2.94 r
  U6964/Y (OAI21XL)                        0.09       3.03 f
  U6980/Y (AOI21XL)                        0.07       3.10 r
  U6981/Y (OAI21XL)                        0.10       3.19 f
  U2044/Y (AOI21XL)                        0.09       3.28 r
  U1942/Y (CLKXOR2X2)                      0.17       3.45 r
  U2018/Y (MX2XL)                          0.12       3.58 f
  U2009/Y (NOR2BXL)                        0.06       3.64 r
  U7365/Y (OAI21XL)                        0.09       3.73 f
  U7369/Y (AOI21XL)                        0.07       3.80 r
  U7370/Y (OAI21XL)                        0.08       3.88 f
  U7371/Y (AOI21XL)                        0.07       3.95 r
  U7372/Y (OAI21XL)                        0.09       4.04 f
  U7388/Y (AOI21XL)                        0.09       4.13 r
  U2932/Y (CLKXOR2X1)                      0.15       4.28 f
  U2926/Y (INVXL)                          0.05       4.33 r
  U7919/Y (OAI22XL)                        0.10       4.43 f
  U7920/Y (NOR2XL)                         0.09       4.52 r
  U8186/Y (OAI21XL)                        0.09       4.61 f
  U8190/Y (AOI21XL)                        0.08       4.69 r
  U8198/Y (OAI21XL)                        0.08       4.77 f
  U8214/Y (AOI21XL)                        0.07       4.84 r
  U8215/Y (OAI21XL)                        0.10       4.94 f
  U8229/Y (AOI21XL)                        0.09       5.02 r
  U2097/Y (CLKXOR2X2)                      0.17       5.19 r
  U2069/Y (MX2XL)                          0.12       5.32 f
  U8749/Y (NOR2XL)                         0.06       5.38 r
  U8977/Y (OAI21XL)                        0.09       5.47 f
  U8981/Y (AOI21XL)                        0.07       5.54 r
  U8982/Y (OAI21XL)                        0.09       5.63 f
  U8998/Y (AOI21XL)                        0.07       5.70 r
  U8999/Y (OAI21XL)                        0.09       5.79 f
  U9015/Y (AOI21XL)                        0.09       5.88 r
  U3521/Y (CLKXOR2X2)                      0.19       6.06 r
  U10461/Y (MXI2XL)                        0.09       6.16 r
  remainder_t_reg_21__0_/D (DFFQXL)        0.03       6.19 r
  data arrival time                                   6.19

  clock clk (rise edge)                    3.00       3.00
  clock network delay (ideal)              0.00       3.00
  remainder_t_reg_21__0_/CK (DFFQXL)       0.00       3.00 r
  library setup time                      -0.07       2.93
  data required time                                  2.93
  -----------------------------------------------------------
  data required time                                  2.93
  data arrival time                                  -6.19
  -----------------------------------------------------------
  slack (VIOLATED)                                   -3.26


1
