 
****************************************
Report : timing
        -path full
        -delay max
        -nworst 2
        -max_paths 4
Design : div
Version: R-2020.09-SP5
Date   : Mon Nov 24 15:09:50 2025
****************************************

Operating Conditions: PVT_1P08V_125C   Library: slow_vdd1v2
Wire Load Model Mode: enclosed

  Startpoint: divisor_t_reg_14__0_
              (rising edge-triggered flip-flop clocked by clk)
  Endpoint: remainder_t_reg_21__13_
            (rising edge-triggered flip-flop clocked by clk)
  Path Group: clk
  Path Type: max

  Des/Clust/Port     Wire Load Model       Library
  ------------------------------------------------
  div                Large                 slow_vdd1v2

  Point                                    Incr       Path
  -----------------------------------------------------------
  clock clk (rise edge)                  0.0000     0.0000
  clock network delay (ideal)            0.0000     0.0000
  divisor_t_reg_14__0_/CK (DFFQX1)       0.0000     0.0000 r
  divisor_t_reg_14__0_/Q (DFFQX1)        0.1074     0.1074 f
  U5743/Y (INVXL)                        0.0381     0.1455 r
  U5744/Y (NOR2XL)                       0.0462     0.1917 f
  U5748/Y (OAI21XL)                      0.0714     0.2631 r
  U5752/Y (AOI21XL)                      0.0891     0.3522 f
  U5760/Y (OAI21XL)                      0.0802     0.4324 r
  U5776/Y (AOI21XL)                      0.0905     0.5229 f
  U5808/Y (OAI21XL)                      0.0803     0.6032 r
  U5824/Y (AOI21XL)                      0.0904     0.6936 f
  U2898/Y (XNOR2X1)                      0.1432     0.8368 r
  U1950/Y (INVX1)                        0.0650     0.9018 f
  U1965/Y (OAI2BB2X1)                    0.0732     0.9750 r
  U6196/Y (NAND2XL)                      0.0881     1.0631 f
  U6198/Y (OAI21XL)                      0.0785     1.1417 r
  U6202/Y (AOI21XL)                      0.0906     1.2322 f
  U6210/Y (OAI21XL)                      0.0803     1.3126 r
  U6226/Y (AOI21XL)                      0.0840     1.3965 f
  U6227/Y (OAI21XL)                      0.0628     1.4593 r
  U2897/Y (AOI21XL)                      0.0962     1.5555 f
  U2003/Y (XNOR2X2)                      0.1776     1.7331 r
  U3067/Y (MXI2XL)                       0.0993     1.8324 r
  U6418/Y (NAND2XL)                      0.0875     1.9199 f
  U6420/Y (OAI21XL)                      0.0785     1.9984 r
  U6424/Y (AOI21XL)                      0.0905     2.0890 f
  U6432/Y (OAI21XL)                      0.0803     2.1693 r
  U6433/Y (AOI21XL)                      0.0607     2.2300 f
  U6598/Y (OAI21XL)                      0.0832     2.3133 r
  U6614/Y (AOI21XL)                      0.0899     2.4032 f
  U6615/Y (CLKXOR2X1)                    0.1447     2.5479 r
  U1940/Y (INVXL)                        0.0650     2.6129 f
  U3526/Y (MXI2XL)                       0.1025     2.7154 f
  U6730/Y (NOR2XL)                       0.0879     2.8033 r
  U6731/Y (NOR2XL)                       0.0670     2.8703 f
  U6963/Y (AOI21XL)                      0.0669     2.9372 r
  U6964/Y (OAI21XL)                      0.0891     3.0264 f
  U6980/Y (AOI21XL)                      0.0709     3.0972 r
  U6981/Y (OAI21XL)                      0.0956     3.1928 f
  U2044/Y (AOI21XL)                      0.0914     3.2842 r
  U1942/Y (CLKXOR2X2)                    0.1701     3.4543 r
  U2018/Y (MX2XL)                        0.1216     3.5759 f
  U2009/Y (NOR2BXL)                      0.0604     3.6362 r
  U7365/Y (OAI21XL)                      0.0912     3.7274 f
  U7369/Y (AOI21XL)                      0.0708     3.7982 r
  U7370/Y (OAI21XL)                      0.0827     3.8809 f
  U7371/Y (AOI21XL)                      0.0712     3.9521 r
  U7372/Y (OAI21XL)                      0.0891     4.0412 f
  U7388/Y (AOI21XL)                      0.0892     4.1305 r
  U2932/Y (CLKXOR2X1)                    0.1494     4.2798 f
  U2926/Y (INVXL)                        0.0479     4.3277 r
  U7919/Y (OAI22XL)                      0.1043     4.4321 f
  U7920/Y (NOR2XL)                       0.0853     4.5173 r
  U8186/Y (OAI21XL)                      0.0935     4.6109 f
  U8190/Y (AOI21XL)                      0.0772     4.6881 r
  U8198/Y (OAI21XL)                      0.0811     4.7692 f
  U8214/Y (AOI21XL)                      0.0709     4.8400 r
  U8215/Y (OAI21XL)                      0.0956     4.9356 f
  U8229/Y (AOI21XL)                      0.0854     5.0210 r
  U2097/Y (CLKXOR2X2)                    0.1720     5.1930 r
  U2069/Y (MX2XL)                        0.1235     5.3165 f
  U8749/Y (NOR2XL)                       0.0604     5.3768 r
  U8977/Y (OAI21XL)                      0.0911     5.4680 f
  U8981/Y (AOI21XL)                      0.0707     5.5387 r
  U8982/Y (OAI21XL)                      0.0891     5.6278 f
  U8998/Y (AOI21XL)                      0.0709     5.6987 r
  U8999/Y (OAI21XL)                      0.0891     5.7878 f
  U9015/Y (AOI21XL)                      0.0892     5.8770 r
  U3521/Y (CLKXOR2X2)                    0.1880     6.0650 r
  U3609/Y (MXI2XL)                       0.0921     6.1571 r
  remainder_t_reg_21__13_/D (DFFQXL)     0.0310     6.1881 r
  data arrival time                                 6.1881

  clock clk (rise edge)                  3.0000     3.0000
  clock network delay (ideal)            0.0000     3.0000
  remainder_t_reg_21__13_/CK (DFFQXL)    0.0000     3.0000 r
  library setup time                    -0.0701     2.9299
  data required time                                2.9299
  -----------------------------------------------------------
  data required time                                2.9299
  data arrival time                                -6.1881
  -----------------------------------------------------------
  slack (VIOLATED)                                 -3.2582


  Startpoint: divisor_t_reg_14__0_
              (rising edge-triggered flip-flop clocked by clk)
  Endpoint: remainder_t_reg_21__12_
            (rising edge-triggered flip-flop clocked by clk)
  Path Group: clk
  Path Type: max

  Des/Clust/Port     Wire Load Model       Library
  ------------------------------------------------
  div                Large                 slow_vdd1v2

  Point                                    Incr       Path
  -----------------------------------------------------------
  clock clk (rise edge)                  0.0000     0.0000
  clock network delay (ideal)            0.0000     0.0000
  divisor_t_reg_14__0_/CK (DFFQX1)       0.0000     0.0000 r
  divisor_t_reg_14__0_/Q (DFFQX1)        0.1074     0.1074 f
  U5743/Y (INVXL)                        0.0381     0.1455 r
  U5744/Y (NOR2XL)                       0.0462     0.1917 f
  U5748/Y (OAI21XL)                      0.0714     0.2631 r
  U5752/Y (AOI21XL)                      0.0891     0.3522 f
  U5760/Y (OAI21XL)                      0.0802     0.4324 r
  U5776/Y (AOI21XL)                      0.0905     0.5229 f
  U5808/Y (OAI21XL)                      0.0803     0.6032 r
  U5824/Y (AOI21XL)                      0.0904     0.6936 f
  U2898/Y (XNOR2X1)                      0.1432     0.8368 r
  U1950/Y (INVX1)                        0.0650     0.9018 f
  U1965/Y (OAI2BB2X1)                    0.0732     0.9750 r
  U6196/Y (NAND2XL)                      0.0881     1.0631 f
  U6198/Y (OAI21XL)                      0.0785     1.1417 r
  U6202/Y (AOI21XL)                      0.0906     1.2322 f
  U6210/Y (OAI21XL)                      0.0803     1.3126 r
  U6226/Y (AOI21XL)                      0.0840     1.3965 f
  U6227/Y (OAI21XL)                      0.0628     1.4593 r
  U2897/Y (AOI21XL)                      0.0962     1.5555 f
  U2003/Y (XNOR2X2)                      0.1776     1.7331 r
  U3067/Y (MXI2XL)                       0.0993     1.8324 r
  U6418/Y (NAND2XL)                      0.0875     1.9199 f
  U6420/Y (OAI21XL)                      0.0785     1.9984 r
  U6424/Y (AOI21XL)                      0.0905     2.0890 f
  U6432/Y (OAI21XL)                      0.0803     2.1693 r
  U6433/Y (AOI21XL)                      0.0607     2.2300 f
  U6598/Y (OAI21XL)                      0.0832     2.3133 r
  U6614/Y (AOI21XL)                      0.0899     2.4032 f
  U6615/Y (CLKXOR2X1)                    0.1447     2.5479 r
  U1940/Y (INVXL)                        0.0650     2.6129 f
  U3526/Y (MXI2XL)                       0.1025     2.7154 f
  U6730/Y (NOR2XL)                       0.0879     2.8033 r
  U6731/Y (NOR2XL)                       0.0670     2.8703 f
  U6963/Y (AOI21XL)                      0.0669     2.9372 r
  U6964/Y (OAI21XL)                      0.0891     3.0264 f
  U6980/Y (AOI21XL)                      0.0709     3.0972 r
  U6981/Y (OAI21XL)                      0.0956     3.1928 f
  U2044/Y (AOI21XL)                      0.0914     3.2842 r
  U1942/Y (CLKXOR2X2)                    0.1701     3.4543 r
  U2018/Y (MX2XL)                        0.1216     3.5759 f
  U2009/Y (NOR2BXL)                      0.0604     3.6362 r
  U7365/Y (OAI21XL)                      0.0912     3.7274 f
  U7369/Y (AOI21XL)                      0.0708     3.7982 r
  U7370/Y (OAI21XL)                      0.0827     3.8809 f
  U7371/Y (AOI21XL)                      0.0712     3.9521 r
  U7372/Y (OAI21XL)                      0.0891     4.0412 f
  U7388/Y (AOI21XL)                      0.0892     4.1305 r
  U2932/Y (CLKXOR2X1)                    0.1494     4.2798 f
  U2926/Y (INVXL)                        0.0479     4.3277 r
  U7919/Y (OAI22XL)                      0.1043     4.4321 f
  U7920/Y (NOR2XL)                       0.0853     4.5173 r
  U8186/Y (OAI21XL)                      0.0935     4.6109 f
  U8190/Y (AOI21XL)                      0.0772     4.6881 r
  U8198/Y (OAI21XL)                      0.0811     4.7692 f
  U8214/Y (AOI21XL)                      0.0709     4.8400 r
  U8215/Y (OAI21XL)                      0.0956     4.9356 f
  U8229/Y (AOI21XL)                      0.0854     5.0210 r
  U2097/Y (CLKXOR2X2)                    0.1720     5.1930 r
  U2069/Y (MX2XL)                        0.1235     5.3165 f
  U8749/Y (NOR2XL)                       0.0604     5.3768 r
  U8977/Y (OAI21XL)                      0.0911     5.4680 f
  U8981/Y (AOI21XL)                      0.0707     5.5387 r
  U8982/Y (OAI21XL)                      0.0891     5.6278 f
  U8998/Y (AOI21XL)                      0.0709     5.6987 r
  U8999/Y (OAI21XL)                      0.0891     5.7878 f
  U9015/Y (AOI21XL)                      0.0892     5.8770 r
  U3521/Y (CLKXOR2X2)                    0.1880     6.0650 r
  U3774/Y (MXI2XL)                       0.0921     6.1571 r
  remainder_t_reg_21__12_/D (DFFQXL)     0.0310     6.1881 r
  data arrival time                                 6.1881

  clock clk (rise edge)                  3.0000     3.0000
  clock network delay (ideal)            0.0000     3.0000
  remainder_t_reg_21__12_/CK (DFFQXL)    0.0000     3.0000 r
  library setup time                    -0.0701     2.9299
  data required time                                2.9299
  -----------------------------------------------------------
  data required time                                2.9299
  data arrival time                                -6.1881
  -----------------------------------------------------------
  slack (VIOLATED)                                 -3.2582


  Startpoint: divisor_t_reg_14__0_
              (rising edge-triggered flip-flop clocked by clk)
  Endpoint: remainder_t_reg_21__4_
            (rising edge-triggered flip-flop clocked by clk)
  Path Group: clk
  Path Type: max

  Des/Clust/Port     Wire Load Model       Library
  ------------------------------------------------
  div                Large                 slow_vdd1v2

  Point                                    Incr       Path
  -----------------------------------------------------------
  clock clk (rise edge)                  0.0000     0.0000
  clock network delay (ideal)            0.0000     0.0000
  divisor_t_reg_14__0_/CK (DFFQX1)       0.0000     0.0000 r
  divisor_t_reg_14__0_/Q (DFFQX1)        0.1074     0.1074 f
  U5743/Y (INVXL)                        0.0381     0.1455 r
  U5744/Y (NOR2XL)                       0.0462     0.1917 f
  U5748/Y (OAI21XL)                      0.0714     0.2631 r
  U5752/Y (AOI21XL)                      0.0891     0.3522 f
  U5760/Y (OAI21XL)                      0.0802     0.4324 r
  U5776/Y (AOI21XL)                      0.0905     0.5229 f
  U5808/Y (OAI21XL)                      0.0803     0.6032 r
  U5824/Y (AOI21XL)                      0.0904     0.6936 f
  U2898/Y (XNOR2X1)                      0.1432     0.8368 r
  U1950/Y (INVX1)                        0.0650     0.9018 f
  U1965/Y (OAI2BB2X1)                    0.0732     0.9750 r
  U6196/Y (NAND2XL)                      0.0881     1.0631 f
  U6198/Y (OAI21XL)                      0.0785     1.1417 r
  U6202/Y (AOI21XL)                      0.0906     1.2322 f
  U6210/Y (OAI21XL)                      0.0803     1.3126 r
  U6226/Y (AOI21XL)                      0.0840     1.3965 f
  U6227/Y (OAI21XL)                      0.0628     1.4593 r
  U2897/Y (AOI21XL)                      0.0962     1.5555 f
  U2003/Y (XNOR2X2)                      0.1776     1.7331 r
  U3067/Y (MXI2XL)                       0.0993     1.8324 r
  U6418/Y (NAND2XL)                      0.0875     1.9199 f
  U6420/Y (OAI21XL)                      0.0785     1.9984 r
  U6424/Y (AOI21XL)                      0.0905     2.0890 f
  U6432/Y (OAI21XL)                      0.0803     2.1693 r
  U6433/Y (AOI21XL)                      0.0607     2.2300 f
  U6598/Y (OAI21XL)                      0.0832     2.3133 r
  U6614/Y (AOI21XL)                      0.0899     2.4032 f
  U6615/Y (CLKXOR2X1)                    0.1447     2.5479 r
  U1940/Y (INVXL)                        0.0650     2.6129 f
  U3526/Y (MXI2XL)                       0.1025     2.7154 f
  U6730/Y (NOR2XL)                       0.0879     2.8033 r
  U6731/Y (NOR2XL)                       0.0670     2.8703 f
  U6963/Y (AOI21XL)                      0.0669     2.9372 r
  U6964/Y (OAI21XL)                      0.0891     3.0264 f
  U6980/Y (AOI21XL)                      0.0709     3.0972 r
  U6981/Y (OAI21XL)                      0.0956     3.1928 f
  U2044/Y (AOI21XL)                      0.0914     3.2842 r
  U1942/Y (CLKXOR2X2)                    0.1701     3.4543 r
  U2018/Y (MX2XL)                        0.1216     3.5759 f
  U2009/Y (NOR2BXL)                      0.0604     3.6362 r
  U7365/Y (OAI21XL)                      0.0912     3.7274 f
  U7369/Y (AOI21XL)                      0.0708     3.7982 r
  U7370/Y (OAI21XL)                      0.0827     3.8809 f
  U7371/Y (AOI21XL)                      0.0712     3.9521 r
  U7372/Y (OAI21XL)                      0.0891     4.0412 f
  U7388/Y (AOI21XL)                      0.0892     4.1305 r
  U2932/Y (CLKXOR2X1)                    0.1494     4.2798 f
  U2926/Y (INVXL)                        0.0479     4.3277 r
  U7919/Y (OAI22XL)                      0.1043     4.4321 f
  U7920/Y (NOR2XL)                       0.0853     4.5173 r
  U8186/Y (OAI21XL)                      0.0935     4.6109 f
  U8190/Y (AOI21XL)                      0.0772     4.6881 r
  U8198/Y (OAI21XL)                      0.0811     4.7692 f
  U8214/Y (AOI21XL)                      0.0709     4.8400 r
  U8215/Y (OAI21XL)                      0.0956     4.9356 f
  U8229/Y (AOI21XL)                      0.0854     5.0210 r
  U2097/Y (CLKXOR2X2)                    0.1720     5.1930 r
  U2069/Y (MX2XL)                        0.1235     5.3165 f
  U8749/Y (NOR2XL)                       0.0604     5.3768 r
  U8977/Y (OAI21XL)                      0.0911     5.4680 f
  U8981/Y (AOI21XL)                      0.0707     5.5387 r
  U8982/Y (OAI21XL)                      0.0891     5.6278 f
  U8998/Y (AOI21XL)                      0.0709     5.6987 r
  U8999/Y (OAI21XL)                      0.0891     5.7878 f
  U9015/Y (AOI21XL)                      0.0892     5.8770 r
  U3521/Y (CLKXOR2X2)                    0.1880     6.0650 r
  U3608/Y (MXI2XL)                       0.0921     6.1571 r
  remainder_t_reg_21__4_/D (DFFQXL)      0.0310     6.1881 r
  data arrival time                                 6.1881

  clock clk (rise edge)                  3.0000     3.0000
  clock network delay (ideal)            0.0000     3.0000
  remainder_t_reg_21__4_/CK (DFFQXL)     0.0000     3.0000 r
  library setup time                    -0.0701     2.9299
  data required time                                2.9299
  -----------------------------------------------------------
  data required time                                2.9299
  data arrival time                                -6.1881
  -----------------------------------------------------------
  slack (VIOLATED)                                 -3.2582


  Startpoint: divisor_t_reg_14__0_
              (rising edge-triggered flip-flop clocked by clk)
  Endpoint: remainder_t_reg_21__0_
            (rising edge-triggered flip-flop clocked by clk)
  Path Group: clk
  Path Type: max

  Des/Clust/Port     Wire Load Model       Library
  ------------------------------------------------
  div                Large                 slow_vdd1v2

  Point                                    Incr       Path
  -----------------------------------------------------------
  clock clk (rise edge)                  0.0000     0.0000
  clock network delay (ideal)            0.0000     0.0000
  divisor_t_reg_14__0_/CK (DFFQX1)       0.0000     0.0000 r
  divisor_t_reg_14__0_/Q (DFFQX1)        0.1074     0.1074 f
  U5743/Y (INVXL)                        0.0381     0.1455 r
  U5744/Y (NOR2XL)                       0.0462     0.1917 f
  U5748/Y (OAI21XL)                      0.0714     0.2631 r
  U5752/Y (AOI21XL)                      0.0891     0.3522 f
  U5760/Y (OAI21XL)                      0.0802     0.4324 r
  U5776/Y (AOI21XL)                      0.0905     0.5229 f
  U5808/Y (OAI21XL)                      0.0803     0.6032 r
  U5824/Y (AOI21XL)                      0.0904     0.6936 f
  U2898/Y (XNOR2X1)                      0.1432     0.8368 r
  U1950/Y (INVX1)                        0.0650     0.9018 f
  U1965/Y (OAI2BB2X1)                    0.0732     0.9750 r
  U6196/Y (NAND2XL)                      0.0881     1.0631 f
  U6198/Y (OAI21XL)                      0.0785     1.1417 r
  U6202/Y (AOI21XL)                      0.0906     1.2322 f
  U6210/Y (OAI21XL)                      0.0803     1.3126 r
  U6226/Y (AOI21XL)                      0.0840     1.3965 f
  U6227/Y (OAI21XL)                      0.0628     1.4593 r
  U2897/Y (AOI21XL)                      0.0962     1.5555 f
  U2003/Y (XNOR2X2)                      0.1776     1.7331 r
  U3067/Y (MXI2XL)                       0.0993     1.8324 r
  U6418/Y (NAND2XL)                      0.0875     1.9199 f
  U6420/Y (OAI21XL)                      0.0785     1.9984 r
  U6424/Y (AOI21XL)                      0.0905     2.0890 f
  U6432/Y (OAI21XL)                      0.0803     2.1693 r
  U6433/Y (AOI21XL)                      0.0607     2.2300 f
  U6598/Y (OAI21XL)                      0.0832     2.3133 r
  U6614/Y (AOI21XL)                      0.0899     2.4032 f
  U6615/Y (CLKXOR2X1)                    0.1447     2.5479 r
  U1940/Y (INVXL)                        0.0650     2.6129 f
  U3526/Y (MXI2XL)                       0.1025     2.7154 f
  U6730/Y (NOR2XL)                       0.0879     2.8033 r
  U6731/Y (NOR2XL)                       0.0670     2.8703 f
  U6963/Y (AOI21XL)                      0.0669     2.9372 r
  U6964/Y (OAI21XL)                      0.0891     3.0264 f
  U6980/Y (AOI21XL)                      0.0709     3.0972 r
  U6981/Y (OAI21XL)                      0.0956     3.1928 f
  U2044/Y (AOI21XL)                      0.0914     3.2842 r
  U1942/Y (CLKXOR2X2)                    0.1701     3.4543 r
  U2018/Y (MX2XL)                        0.1216     3.5759 f
  U2009/Y (NOR2BXL)                      0.0604     3.6362 r
  U7365/Y (OAI21XL)                      0.0912     3.7274 f
  U7369/Y (AOI21XL)                      0.0708     3.7982 r
  U7370/Y (OAI21XL)                      0.0827     3.8809 f
  U7371/Y (AOI21XL)                      0.0712     3.9521 r
  U7372/Y (OAI21XL)                      0.0891     4.0412 f
  U7388/Y (AOI21XL)                      0.0892     4.1305 r
  U2932/Y (CLKXOR2X1)                    0.1494     4.2798 f
  U2926/Y (INVXL)                        0.0479     4.3277 r
  U7919/Y (OAI22XL)                      0.1043     4.4321 f
  U7920/Y (NOR2XL)                       0.0853     4.5173 r
  U8186/Y (OAI21XL)                      0.0935     4.6109 f
  U8190/Y (AOI21XL)                      0.0772     4.6881 r
  U8198/Y (OAI21XL)                      0.0811     4.7692 f
  U8214/Y (AOI21XL)                      0.0709     4.8400 r
  U8215/Y (OAI21XL)                      0.0956     4.9356 f
  U8229/Y (AOI21XL)                      0.0854     5.0210 r
  U2097/Y (CLKXOR2X2)                    0.1720     5.1930 r
  U2069/Y (MX2XL)                        0.1235     5.3165 f
  U8749/Y (NOR2XL)                       0.0604     5.3768 r
  U8977/Y (OAI21XL)                      0.0911     5.4680 f
  U8981/Y (AOI21XL)                      0.0707     5.5387 r
  U8982/Y (OAI21XL)                      0.0891     5.6278 f
  U8998/Y (AOI21XL)                      0.0709     5.6987 r
  U8999/Y (OAI21XL)                      0.0891     5.7878 f
  U9015/Y (AOI21XL)                      0.0892     5.8770 r
  U3521/Y (CLKXOR2X2)                    0.1880     6.0650 r
  U10461/Y (MXI2XL)                      0.0921     6.1571 r
  remainder_t_reg_21__0_/D (DFFQXL)      0.0310     6.1881 r
  data arrival time                                 6.1881

  clock clk (rise edge)                  3.0000     3.0000
  clock network delay (ideal)            0.0000     3.0000
  remainder_t_reg_21__0_/CK (DFFQXL)     0.0000     3.0000 r
  library setup time                    -0.0701     2.9299
  data required time                                2.9299
  -----------------------------------------------------------
  data required time                                2.9299
  data arrival time                                -6.1881
  -----------------------------------------------------------
  slack (VIOLATED)                                 -3.2582


1
